Running Gradle task 'assembleDebug'...                          
Warning: Flutter support for your project's Gradle version (8.12.0) will soon be dropped. Please upgrade your Gradle version to a version of at least 8.14.0 soon.
Alternatively, use the flag "--android-skip-build-dependency-validation" to bypass this check.

Potential fix: Your project's gradle version is typically defined in the gradle wrapper file. By default, this can be found at /home/rhyn/ITD103/tawi-tawi-frontend/android/gradle/wrapper/gradle-wrapper.properties. 
For more information, see https://docs.gradle.org/current/userguide/gradle_wrapper.html.

Warning: Flutter support for your project's Android Gradle Plugin version (Android Gradle Plugin version 8.7.3) will soon be dropped. Please upgrade your Android Gradle Plugin version to a version of at least Android Gradle Plugin version 8.11.1 soon.
Alternatively, use the flag "--android-skip-build-dependency-validation" to bypass this check.

Potential fix: Your project's AGP version is typically defined in the plugins block of the `settings.gradle` file (/home/rhyn/ITD103/tawi-tawi-frontend/android/settings.gradle), by a plugin with the id of com.android.application. 
If you don't see a plugins block, your project was likely created with an older template version. In this case it is most likely defined in the top-level build.gradle file (/home/rhyn/ITD103/tawi-tawi-frontend/android/build.gradle) by the following line in the dependencies block of the buildscript: "classpath 'com.android.tools.build:gradle:<version>'".

Warning: Flutter support for your project's Kotlin version (2.1.0) will soon be dropped. Please upgrade your Kotlin version to a version of at least 2.2.20 soon.
Alternatively, use the flag "--android-skip-build-dependency-validation" to bypass this check.

Potential fix: Your project's KGP version is typically defined in the plugins block of the `settings.gradle` file (/home/rhyn/ITD103/tawi-tawi-frontend/android/settings.gradle), by a plugin with the id of org.jetbrains.kotlin.android. 
If you don't see a plugins block, your project was likely created with an older template version, in which case it is most likely defined in the top-level build.gradle file (/home/rhyn/ITD103/tawi-tawi-frontend/android/build.gradle) by the ext.kotlin_version property.

WARNING: Your Android app project: app located at: /home/rhyn/ITD103/tawi-tawi-frontend/android/app/build.gradle.kts
applies the Kotlin Gradle Plugin, which will cause build failures in future versions of Flutter. 
Please migrate your app to Built-in Kotlin using this guide: https://docs.flutter.dev/release/breaking-changes/migrate-to-built-in-kotlin/for-app-developers

WARNING: Your app uses the following plugins that apply Kotlin Gradle Plugin (KGP): audioplayers_android, device_info_plus, flutter_webrtc, google_sign_in_android, livekit_client, record_android, shared_preferences_android, video_compress
Future versions of Flutter will fail to build if your app uses plugins that apply KGP.

Please check the changelogs of these plugins and upgrade to a version that supports Built-in Kotlin.
If no such version exists, report the issue to the plugin. If necessary, here is a guide on filing 
an issue against a plugin: https://docs.flutter.dev/release/breaking-changes/migrate-to-built-in-kotlin/for-app-developers#report-incompatible-kotlin-gradle-plugin-usage-to-plugin-authors

If you are a plugin author, please migrate your plugin to Built-in Kotlin using this guide: https://docs.flutter.dev/release/breaking-changes/migrate-to-built-in-kotlin/for-plugin-authors
e: file:///home/rhyn/ITD103/tawi-tawi-frontend/android/app/src/main/kotlin/com/rhyn/MainActivity.kt:14:26 Unresolved reference 'compose'.
e: file:///home/rhyn/ITD103/tawi-tawi-frontend/android/app/src/main/kotlin/com/rhyn/MainActivity.kt:16:17 Unresolved reference 'compose'.
e: file:///home/rhyn/ITD103/tawi-tawi-frontend/android/app/src/main/kotlin/com/rhyn/MainActivity.kt:17:17 Unresolved reference 'compose'.
e: file:///home/rhyn/ITD103/tawi-tawi-frontend/android/app/src/main/kotlin/com/rhyn/MainActivity.kt:23:8 Unresolved reference 'dagger'.
e: file:///home/rhyn/ITD103/tawi-tawi-frontend/android/app/src/main/kotlin/com/rhyn/MainActivity.kt:25:12 Unresolved reference 'bouncycastle'.
e: file:///home/rhyn/ITD103/tawi-tawi-frontend/android/app/src/main/kotlin/com/rhyn/MainActivity.kt:28:2 Unresolved reference 'AndroidEntryPoint'.
e: file:///home/rhyn/ITD103/tawi-tawi-frontend/android/app/src/main/kotlin/com/rhyn/MainActivity.kt:29:7 Redeclaration:
class MainActivity : ComponentActivity
e: file:///home/rhyn/ITD103/tawi-tawi-frontend/android/app/src/main/kotlin/com/rhyn/MainActivity.kt:59:39 Unresolved reference 'BouncyCastleProvider'.
e: file:///home/rhyn/ITD103/tawi-tawi-frontend/android/app/src/main/kotlin/com/rhyn/MainActivity.kt:71:9 Unresolved reference 'setContent'.
e: file:///home/rhyn/ITD103/tawi-tawi-frontend/android/app/src/main/kotlin/com/rhyn/MainActivity.kt:72:31 Unresolved reference 'isSystemInDarkTheme'.
e: file:///home/rhyn/ITD103/tawi-tawi-frontend/android/app/src/main/kotlin/com/rhyn/MainActivity.kt:76:13 Unresolved reference 'DisposableEffect'.
e: file:///home/rhyn/ITD103/tawi-tawi-frontend/android/app/src/main/kotlin/com/rhyn/MainActivity.kt:87:17 Unresolved reference 'onDispose'.
e: file:///home/rhyn/ITD103/tawi-tawi-frontend/android/app/src/main/kotlin/com/rhyn/MainActivity.kt:91:17 Overload resolution ambiguity between candidates:
fun ReachApp(navController: <ERROR TYPE REF: Symbol not found for NavHostController> = ..., authViewModel: AuthViewModel = ..., chatViewModel: ChatViewModel = ..., accountViewModel: AccountViewModel = ...): Unit
fun ReachApp(navController: <ERROR TYPE REF: Symbol not found for NavHostController> = ..., authViewModel: AuthViewModel = ..., chatViewModel: ChatViewModel = ..., accountViewModel: AccountViewModel = ...): Unit
e: file:///home/rhyn/ITD103/tawi-tawi-frontend/android/app/src/main/kotlin/com/rhyn/ReachApplication.kt:4:8 Unresolved reference 'dagger'.
e: file:///home/rhyn/ITD103/tawi-tawi-frontend/android/app/src/main/kotlin/com/rhyn/ReachApplication.kt:6:2 Unresolved reference 'HiltAndroidApp'.
e: file:///home/rhyn/ITD103/tawi-tawi-frontend/android/app/src/main/kotlin/com/rhyn/ReachApplication.kt:7:7 Redeclaration:
class ReachApplication : Application
e: file:///home/rhyn/ITD103/tawi-tawi-frontend/android/app/src/main/kotlin/com/rhyn/core/crypto/CryptoManager.kt:22:14 Unresolved reference 'inject'.
e: file:///home/rhyn/ITD103/tawi-tawi-frontend/android/app/src/main/kotlin/com/rhyn/core/crypto/CryptoManager.kt:23:14 Unresolved reference 'inject'.
e: file:///home/rhyn/ITD103/tawi-tawi-frontend/android/app/src/main/kotlin/com/rhyn/core/crypto/CryptoManager.kt:25:2 Unresolved reference 'Singleton'.
e: file:///home/rhyn/ITD103/tawi-tawi-frontend/android/app/src/main/kotlin/com/rhyn/core/crypto/CryptoManager.kt:26:7 Redeclaration:
class CryptoManager : Any
e: file:///home/rhyn/ITD103/tawi-tawi-frontend/android/app/src/main/kotlin/com/rhyn/core/crypto/CryptoManager.kt:26:22 Unresolved reference 'Inject'.
e: file:///home/rhyn/ITD103/tawi-tawi-frontend/android/app/src/main/kotlin/com/rhyn/core/crypto/CryptoManager.kt:264:48 Unresolved reference 'bouncycastle'.
e: file:///home/rhyn/ITD103/tawi-tawi-frontend/android/app/src/main/kotlin/com/rhyn/core/nearby/MeshRelayBroadcaster.kt:10:16 Unresolved reference 'serialization'.
e: file:///home/rhyn/ITD103/tawi-tawi-frontend/android/app/src/main/kotlin/com/rhyn/core/nearby/MeshRelayBroadcaster.kt:11:16 Unresolved reference 'serialization'.
e: file:///home/rhyn/ITD103/tawi-tawi-frontend/android/app/src/main/kotlin/com/rhyn/core/nearby/MeshRelayBroadcaster.kt:12:14 Unresolved reference 'inject'.
e: file:///home/rhyn/ITD103/tawi-tawi-frontend/android/app/src/main/kotlin/com/rhyn/core/nearby/MeshRelayBroadcaster.kt:13:14 Unresolved reference 'inject'.
e: file:///home/rhyn/ITD103/tawi-tawi-frontend/android/app/src/main/kotlin/com/rhyn/core/nearby/MeshRelayBroadcaster.kt:16:2 Unresolved reference 'Singleton'.
e: file:///home/rhyn/ITD103/tawi-tawi-frontend/android/app/src/main/kotlin/com/rhyn/core/nearby/MeshRelayBroadcaster.kt:17:7 Redeclaration:
class MeshRelayBroadcaster : Any
e: file:///home/rhyn/ITD103/tawi-tawi-frontend/android/app/src/main/kotlin/com/rhyn/core/nearby/MeshRelayBroadcaster.kt:17:29 Unresolved reference 'Inject'.
e: file:///home/rhyn/ITD103/tawi-tawi-frontend/android/app/src/main/kotlin/com/rhyn/core/nearby/MeshRelayBroadcaster.kt:18:32 Unresolved reference 'dagger'.
e: file:///home/rhyn/ITD103/tawi-tawi-frontend/android/app/src/main/kotlin/com/rhyn/core/nearby/MeshRelayBroadcaster.kt:19:29 Unresolved reference 'dagger'.
e: file:///home/rhyn/ITD103/tawi-tawi-frontend/android/app/src/main/kotlin/com/rhyn/core/nearby/MeshRelayBroadcaster.kt:23:30 Unresolved reference 'Json'.
e: file:///home/rhyn/ITD103/tawi-tawi-frontend/android/app/src/main/kotlin/com/rhyn/core/nearby/MeshRelayBroadcaster.kt:23:37 Unresolved reference 'ignoreUnknownKeys'.
e: file:///home/rhyn/ITD103/tawi-tawi-frontend/android/app/src/main/kotlin/com/rhyn/core/nearby/MeshRelayBroadcaster.kt:91:56 No value passed for parameter 'name'.
e: file:///home/rhyn/ITD103/tawi-tawi-frontend/android/app/src/main/kotlin/com/rhyn/core/nearby/MeshRelayBroadcaster.kt:91:59 Unresolved reference 'getActiveEndpointId'.
e: file:///home/rhyn/ITD103/tawi-tawi-frontend/android/app/src/main/kotlin/com/rhyn/core/nearby/MeshRelayBroadcaster.kt:94:42 No value passed for parameter 'name'.
e: file:///home/rhyn/ITD103/tawi-tawi-frontend/android/app/src/main/kotlin/com/rhyn/core/nearby/MeshRelayBroadcaster.kt:94:45 Unresolved reference 'sendMessage'.
e: file:///home/rhyn/ITD103/tawi-tawi-frontend/android/app/src/main/kotlin/com/rhyn/core/nearby/MeshRelayBroadcaster.kt:110:38 No value passed for parameter 'name'.
e: file:///home/rhyn/ITD103/tawi-tawi-frontend/android/app/src/main/kotlin/com/rhyn/core/nearby/MeshRelayBroadcaster.kt:110:41 Unresolved reference 'getActiveIpAddress'.
e: file:///home/rhyn/ITD103/tawi-tawi-frontend/android/app/src/main/kotlin/com/rhyn/core/nearby/MeshRelayBroadcaster.kt:114:31 No value passed for parameter 'name'.
e: file:///home/rhyn/ITD103/tawi-tawi-frontend/android/app/src/main/kotlin/com/rhyn/core/nearby/MeshRelayBroadcaster.kt:114:34 Unresolved reference 'sendMessage'.
e: file:///home/rhyn/ITD103/tawi-tawi-frontend/android/app/src/main/kotlin/com/rhyn/core/nearby/MeshRelayBroadcaster.kt:124:26 No value passed for parameter 'name'.
e: file:///home/rhyn/ITD103/tawi-tawi-frontend/android/app/src/main/kotlin/com/rhyn/core/nearby/MeshRelayBroadcaster.kt:124:29 Unresolved reference 'broadcastToAllNeighborsExcept'.
e: file:///home/rhyn/ITD103/tawi-tawi-frontend/android/app/src/main/kotlin/com/rhyn/core/nearby/MeshRelayBroadcaster.kt:127:27 No value passed for parameter 'name'.
e: file:///home/rhyn/ITD103/tawi-tawi-frontend/android/app/src/main/kotlin/com/rhyn/core/nearby/MeshRelayBroadcaster.kt:127:30 Unresolved reference 'broadcastToAllNeighbors'.
e: file:///home/rhyn/ITD103/tawi-tawi-frontend/android/app/src/main/kotlin/com/rhyn/core/nearby/MeshService.kt:14:23 Unresolved reference 'R'.
e: file:///home/rhyn/ITD103/tawi-tawi-frontend/android/app/src/main/kotlin/com/rhyn/core/nearby/MeshService.kt:28:8 Unresolved reference 'dagger'.
e: file:///home/rhyn/ITD103/tawi-tawi-frontend/android/app/src/main/kotlin/com/rhyn/core/nearby/MeshService.kt:32:16 Unresolved reference 'serialization'.
e: file:///home/rhyn/ITD103/tawi-tawi-frontend/android/app/src/main/kotlin/com/rhyn/core/nearby/MeshService.kt:35:14 Unresolved reference 'inject'.
e: file:///home/rhyn/ITD103/tawi-tawi-frontend/android/app/src/main/kotlin/com/rhyn/core/nearby/MeshService.kt:37:2 Unresolved reference 'AndroidEntryPoint'.
e: file:///home/rhyn/ITD103/tawi-tawi-frontend/android/app/src/main/kotlin/com/rhyn/core/nearby/MeshService.kt:38:7 Redeclaration:
class MeshService : Service
e: file:///home/rhyn/ITD103/tawi-tawi-frontend/android/app/src/main/kotlin/com/rhyn/core/nearby/MeshService.kt:40:6 Unresolved reference 'Inject'.
e: file:///home/rhyn/ITD103/tawi-tawi-frontend/android/app/src/main/kotlin/com/rhyn/core/nearby/MeshService.kt:41:6 Unresolved reference 'Inject'.
e: file:///home/rhyn/ITD103/tawi-tawi-frontend/android/app/src/main/kotlin/com/rhyn/core/nearby/MeshService.kt:42:6 Unresolved reference 'Inject'.
e: file:///home/rhyn/ITD103/tawi-tawi-frontend/android/app/src/main/kotlin/com/rhyn/core/nearby/MeshService.kt:45:6 Unresolved reference 'Inject'.
e: file:///home/rhyn/ITD103/tawi-tawi-frontend/android/app/src/main/kotlin/com/rhyn/core/nearby/MeshService.kt:46:6 Unresolved reference 'Inject'.
e: file:///home/rhyn/ITD103/tawi-tawi-frontend/android/app/src/main/kotlin/com/rhyn/core/nearby/MeshService.kt:47:6 Unresolved reference 'Inject'.
e: file:///home/rhyn/ITD103/tawi-tawi-frontend/android/app/src/main/kotlin/com/rhyn/core/nearby/MeshService.kt:48:6 Unresolved reference 'Inject'.
e: file:///home/rhyn/ITD103/tawi-tawi-frontend/android/app/src/main/kotlin/com/rhyn/core/nearby/MeshService.kt:49:6 Unresolved reference 'Inject'.
e: file:///home/rhyn/ITD103/tawi-tawi-frontend/android/app/src/main/kotlin/com/rhyn/core/nearby/MeshService.kt:182:44 Unresolved reference 'Json'.
e: file:///home/rhyn/ITD103/tawi-tawi-frontend/android/app/src/main/kotlin/com/rhyn/core/nearby/MeshService.kt:182:51 Unresolved reference 'ignoreUnknownKeys'.
e: file:///home/rhyn/ITD103/tawi-tawi-frontend/android/app/src/main/kotlin/com/rhyn/core/nearby/MeshService.kt:286:27 Unresolved reference 'R'.
e: file:///home/rhyn/ITD103/tawi-tawi-frontend/android/app/src/main/kotlin/com/rhyn/core/nearby/MeshService.kt:287:14 Unresolved reference 'setContentIntent'.
e: file:///home/rhyn/ITD103/tawi-tawi-frontend/android/app/src/main/kotlin/com/rhyn/core/notifications/MessagingService.kt:5:19 Unresolved reference 'firebase'.
e: file:///home/rhyn/ITD103/tawi-tawi-frontend/android/app/src/main/kotlin/com/rhyn/core/notifications/MessagingService.kt:6:19 Unresolved reference 'firebase'.
e: file:///home/rhyn/ITD103/tawi-tawi-frontend/android/app/src/main/kotlin/com/rhyn/core/notifications/MessagingService.kt:13:8 Unresolved reference 'dagger'.
e: file:///home/rhyn/ITD103/tawi-tawi-frontend/android/app/src/main/kotlin/com/rhyn/core/notifications/MessagingService.kt:16:14 Unresolved reference 'inject'.
e: file:///home/rhyn/ITD103/tawi-tawi-frontend/android/app/src/main/kotlin/com/rhyn/core/notifications/MessagingService.kt:18:2 Unresolved reference 'AndroidEntryPoint'.
e: file:///home/rhyn/ITD103/tawi-tawi-frontend/android/app/src/main/kotlin/com/rhyn/core/notifications/MessagingService.kt:19:7 Redeclaration:
class MessagingService : <ERROR TYPE REF: Symbol not found for FirebaseMessagingService>
e: file:///home/rhyn/ITD103/tawi-tawi-frontend/android/app/src/main/kotlin/com/rhyn/core/notifications/MessagingService.kt:19:26 Unresolved reference 'FirebaseMessagingService'.
e: file:///home/rhyn/ITD103/tawi-tawi-frontend/android/app/src/main/kotlin/com/rhyn/core/notifications/MessagingService.kt:21:6 Unresolved reference 'Inject'.
e: file:///home/rhyn/ITD103/tawi-tawi-frontend/android/app/src/main/kotlin/com/rhyn/core/notifications/MessagingService.kt:24:6 Unresolved reference 'Inject'.
e: file:///home/rhyn/ITD103/tawi-tawi-frontend/android/app/src/main/kotlin/com/rhyn/core/notifications/MessagingService.kt:27:6 Unresolved reference 'Inject'.
e: file:///home/rhyn/ITD103/tawi-tawi-frontend/android/app/src/main/kotlin/com/rhyn/core/notifications/MessagingService.kt:30:6 Unresolved reference 'Inject'.
e: file:///home/rhyn/ITD103/tawi-tawi-frontend/android/app/src/main/kotlin/com/rhyn/core/notifications/MessagingService.kt:33:5 'onNewToken' overrides nothing.
e: file:///home/rhyn/ITD103/tawi-tawi-frontend/android/app/src/main/kotlin/com/rhyn/core/notifications/MessagingService.kt:34:9 Unresolved reference 'FirebaseMessagingService'.
e: file:///home/rhyn/ITD103/tawi-tawi-frontend/android/app/src/main/kotlin/com/rhyn/core/notifications/MessagingService.kt:34:15 Unresolved reference 'onNewToken'.
e: file:///home/rhyn/ITD103/tawi-tawi-frontend/android/app/src/main/kotlin/com/rhyn/core/notifications/MessagingService.kt:38:5 'onMessageReceived' overrides nothing.
e: file:///home/rhyn/ITD103/tawi-tawi-frontend/android/app/src/main/kotlin/com/rhyn/core/notifications/MessagingService.kt:38:51 Unresolved reference 'RemoteMessage'.
e: file:///home/rhyn/ITD103/tawi-tawi-frontend/android/app/src/main/kotlin/com/rhyn/core/notifications/MessagingService.kt:39:9 Unresolved reference 'FirebaseMessagingService'.
e: file:///home/rhyn/ITD103/tawi-tawi-frontend/android/app/src/main/kotlin/com/rhyn/core/notifications/MessagingService.kt:39:15 Unresolved reference 'onMessageReceived'.
e: file:///home/rhyn/ITD103/tawi-tawi-frontend/android/app/src/main/kotlin/com/rhyn/core/notifications/MessagingService.kt:41:34 Unresolved reference 'data'.
e: file:///home/rhyn/ITD103/tawi-tawi-frontend/android/app/src/main/kotlin/com/rhyn/core/notifications/MessagingService.kt:60:33 Operator '!=' cannot be applied to 'kotlin.text.MatchGroup' and 'kotlin.String'.
e: file:///home/rhyn/ITD103/tawi-tawi-frontend/android/app/src/main/kotlin/com/rhyn/core/notifications/MessagingService.kt:60:53 Operator '!=' cannot be applied to 'kotlin.text.MatchGroup?' and 'kotlin.String'.
e: file:///home/rhyn/ITD103/tawi-tawi-frontend/android/app/src/main/kotlin/com/rhyn/core/notifications/MessagingService.kt:65:33 Operator '==' cannot be applied to 'kotlin.text.MatchGroup' and 'kotlin.String'.
e: file:///home/rhyn/ITD103/tawi-tawi-frontend/android/app/src/main/kotlin/com/rhyn/core/notifications/MessagingService.kt:73:57 Unresolved reference 'isNotEmpty'.
e: file:///home/rhyn/ITD103/tawi-tawi-frontend/android/app/src/main/kotlin/com/rhyn/core/notifications/MessagingService.kt:75:46 Argument type mismatch: actual type is 'kotlin.text.MatchGroup', but 'kotlin.String' was expected.
e: file:///home/rhyn/ITD103/tawi-tawi-frontend/android/app/src/main/kotlin/com/rhyn/core/notifications/MessagingService.kt:91:53 Argument type mismatch: actual type is 'kotlin.text.MatchGroup', but 'kotlin.String' was expected.
e: file:///home/rhyn/ITD103/tawi-tawi-frontend/android/app/src/main/kotlin/com/rhyn/core/notifications/MessagingService.kt:103:66 Argument type mismatch: actual type is 'kotlin.text.MatchGroup', but 'kotlin.String' was expected.
e: file:///home/rhyn/ITD103/tawi-tawi-frontend/android/app/src/main/kotlin/com/rhyn/core/notifications/MessagingService.kt:106:42 Argument type mismatch: actual type is 'kotlin.text.MatchGroup', but 'kotlin.String' was expected.
e: file:///home/rhyn/ITD103/tawi-tawi-frontend/android/app/src/main/kotlin/com/rhyn/core/notifications/MessagingService.kt:108:44 Argument type mismatch: actual type is 'kotlin.Any', but 'kotlin.String' was expected.
e: file:///home/rhyn/ITD103/tawi-tawi-frontend/android/app/src/main/kotlin/com/rhyn/core/notifications/MessagingService.kt:116:48 Operator '==' cannot be applied to 'kotlin.text.MatchGroup?' and 'kotlin.String'.
e: file:///home/rhyn/ITD103/tawi-tawi-frontend/android/app/src/main/kotlin/com/rhyn/core/notifications/MessagingService.kt:120:56 Unresolved reference 'toLongOrNull'.
e: file:///home/rhyn/ITD103/tawi-tawi-frontend/android/app/src/main/kotlin/com/rhyn/core/notifications/MessagingService.kt:123:37 Argument type mismatch: actual type is 'kotlin.Any', but 'kotlin.String' was expected.
e: file:///home/rhyn/ITD103/tawi-tawi-frontend/android/app/src/main/kotlin/com/rhyn/core/notifications/MessagingService.kt:125:36 Argument type mismatch: actual type is 'kotlin.text.MatchGroup', but 'kotlin.String' was expected.
e: file:///home/rhyn/ITD103/tawi-tawi-frontend/android/app/src/main/kotlin/com/rhyn/core/notifications/MessagingService.kt:126:36 Argument type mismatch: actual type is 'kotlin.text.MatchGroup', but 'kotlin.String' was expected.
e: file:///home/rhyn/ITD103/tawi-tawi-frontend/android/app/src/main/kotlin/com/rhyn/core/notifications/MessagingService.kt:139:31 Unresolved reference 'applicationContext'.
e: file:///home/rhyn/ITD103/tawi-tawi-frontend/android/app/src/main/kotlin/com/rhyn/core/notifications/MessagingService.kt:140:29 Argument type mismatch: actual type is 'kotlin.Any', but 'kotlin.String' was expected.
e: file:///home/rhyn/ITD103/tawi-tawi-frontend/android/app/src/main/kotlin/com/rhyn/core/notifications/MessagingService.kt:142:32 Argument type mismatch: actual type is 'kotlin.text.MatchGroup', but 'kotlin.String?' was expected.
e: file:///home/rhyn/ITD103/tawi-tawi-frontend/android/app/src/main/kotlin/com/rhyn/core/notifications/NotificationHelper.kt:11:8 Redeclaration:
object NotificationHelper : Any
e: file:///home/rhyn/ITD103/tawi-tawi-frontend/android/app/src/main/kotlin/com/rhyn/core/notifications/NotificationHelper.kt:38:42 Unresolved reference 'R'.
e: file:///home/rhyn/ITD103/tawi-tawi-frontend/android/app/src/main/kotlin/com/rhyn/core/notifications/NotificationHelper.kt:39:14 Unresolved reference 'setAutoCancel'.
e: file:///home/rhyn/ITD103/tawi-tawi-frontend/android/app/src/main/kotlin/com/rhyn/core/utils/FileHelper.kt:7:8 Unresolved reference 'dagger'.
e: file:///home/rhyn/ITD103/tawi-tawi-frontend/android/app/src/main/kotlin/com/rhyn/core/utils/FileHelper.kt:11:14 Unresolved reference 'inject'.
e: file:///home/rhyn/ITD103/tawi-tawi-frontend/android/app/src/main/kotlin/com/rhyn/core/utils/FileHelper.kt:12:14 Unresolved reference 'inject'.
e: file:///home/rhyn/ITD103/tawi-tawi-frontend/android/app/src/main/kotlin/com/rhyn/core/utils/FileHelper.kt:15:2 Unresolved reference 'Singleton'.
e: file:///home/rhyn/ITD103/tawi-tawi-frontend/android/app/src/main/kotlin/com/rhyn/core/utils/FileHelper.kt:16:7 Redeclaration:
class FileHelper : Any
e: file:///home/rhyn/ITD103/tawi-tawi-frontend/android/app/src/main/kotlin/com/rhyn/core/utils/FileHelper.kt:16:19 Unresolved reference 'Inject'.
e: file:///home/rhyn/ITD103/tawi-tawi-frontend/android/app/src/main/kotlin/com/rhyn/core/utils/FileHelper.kt:17:6 Unresolved reference 'ApplicationContext'.
e: file:///home/rhyn/ITD103/tawi-tawi-frontend/android/app/src/main/kotlin/com/rhyn/core/utils/PortraitCaptureActivity.kt:3:12 Unresolved reference 'journeyapps'.
e: file:///home/rhyn/ITD103/tawi-tawi-frontend/android/app/src/main/kotlin/com/rhyn/core/utils/PortraitCaptureActivity.kt:10:7 Redeclaration:
class PortraitCaptureActivity : <ERROR TYPE REF: Symbol not found for CaptureActivity>
e: file:///home/rhyn/ITD103/tawi-tawi-frontend/android/app/src/main/kotlin/com/rhyn/core/utils/PortraitCaptureActivity.kt:10:33 Unresolved reference 'CaptureActivity'.
e: file:///home/rhyn/ITD103/tawi-tawi-frontend/android/app/src/main/kotlin/com/rhyn/core/utils/QrCodeGenerator.kt:6:19 Unresolved reference 'zxing'.
e: file:///home/rhyn/ITD103/tawi-tawi-frontend/android/app/src/main/kotlin/com/rhyn/core/utils/QrCodeGenerator.kt:7:19 Unresolved reference 'zxing'.
e: file:///home/rhyn/ITD103/tawi-tawi-frontend/android/app/src/main/kotlin/com/rhyn/core/utils/QrCodeGenerator.kt:11:8 Redeclaration:
object QrCodeGenerator : Any
e: file:///home/rhyn/ITD103/tawi-tawi-frontend/android/app/src/main/kotlin/com/rhyn/core/utils/QrCodeGenerator.kt:18:29 Unresolved reference 'QRCodeWriter'.
e: file:///home/rhyn/ITD103/tawi-tawi-frontend/android/app/src/main/kotlin/com/rhyn/core/utils/QrCodeGenerator.kt:18:60 Unresolved reference 'BarcodeFormat'.
e: file:///home/rhyn/ITD103/tawi-tawi-frontend/android/app/src/main/kotlin/com/rhyn/core/utils/QrCodeGenerator.kt:25:40 Condition type mismatch: inferred type is 'kotlin.text.MatchGroup?' but 'Boolean' was expected.
e: file:///home/rhyn/ITD103/tawi-tawi-frontend/android/app/src/main/kotlin/com/rhyn/core/utils/isInternetAvailable.kt:7:1 Conflicting overloads:
fun isInternetAvailable(context: Context): Boolean
e: file:///home/rhyn/ITD103/tawi-tawi-frontend/android/app/src/main/kotlin/com/rhyn/data/local/Converters.kt:4:17 Unresolved reference 'room'.
e: file:///home/rhyn/ITD103/tawi-tawi-frontend/android/app/src/main/kotlin/com/rhyn/data/local/Converters.kt:6:7 Redeclaration:
class Converters : Any
e: file:///home/rhyn/ITD103/tawi-tawi-frontend/android/app/src/main/kotlin/com/rhyn/data/local/Converters.kt:7:6 Unresolved reference 'TypeConverter'.
e: file:///home/rhyn/ITD103/tawi-tawi-frontend/android/app/src/main/kotlin/com/rhyn/data/local/Converters.kt:10:6 Unresolved reference 'TypeConverter'.
e: file:///home/rhyn/ITD103/tawi-tawi-frontend/android/app/src/main/kotlin/com/rhyn/data/local/Converters.kt:13:6 Unresolved reference 'TypeConverter'.
e: file:///home/rhyn/ITD103/tawi-tawi-frontend/android/app/src/main/kotlin/com/rhyn/data/local/Converters.kt:16:6 Unresolved reference 'TypeConverter'.
e: file:///home/rhyn/ITD103/tawi-tawi-frontend/android/app/src/main/kotlin/com/rhyn/data/local/Converters.kt:20:6 Unresolved reference 'TypeConverter'.
e: file:///home/rhyn/ITD103/tawi-tawi-frontend/android/app/src/main/kotlin/com/rhyn/data/local/Converters.kt:23:6 Unresolved reference 'TypeConverter'.
e: file:///home/rhyn/ITD103/tawi-tawi-frontend/android/app/src/main/kotlin/com/rhyn/data/local/Database.kt:3:17 Unresolved reference 'room'.
e: file:///home/rhyn/ITD103/tawi-tawi-frontend/android/app/src/main/kotlin/com/rhyn/data/local/Database.kt:4:17 Unresolved reference 'room'.
e: file:///home/rhyn/ITD103/tawi-tawi-frontend/android/app/src/main/kotlin/com/rhyn/data/local/Database.kt:5:17 Unresolved reference 'room'.
e: file:///home/rhyn/ITD103/tawi-tawi-frontend/android/app/src/main/kotlin/com/rhyn/data/local/Database.kt:12:2 Illegal annotation class 'Database'.
e: file:///home/rhyn/ITD103/tawi-tawi-frontend/android/app/src/main/kotlin/com/rhyn/data/local/Database.kt:23:2 Unresolved reference 'TypeConverters'.
e: file:///home/rhyn/ITD103/tawi-tawi-frontend/android/app/src/main/kotlin/com/rhyn/data/local/Database.kt:24:16 Redeclaration:
class Database : <ERROR TYPE REF: Symbol not found for RoomDatabase>
e: file:///home/rhyn/ITD103/tawi-tawi-frontend/android/app/src/main/kotlin/com/rhyn/data/local/Database.kt:24:27 Unresolved reference 'RoomDatabase'.
e: file:///home/rhyn/ITD103/tawi-tawi-frontend/android/app/src/main/kotlin/com/rhyn/data/local/Entities.kt:3:17 Unresolved reference 'room'.
e: file:///home/rhyn/ITD103/tawi-tawi-frontend/android/app/src/main/kotlin/com/rhyn/data/local/Entities.kt:4:17 Unresolved reference 'room'.
e: file:///home/rhyn/ITD103/tawi-tawi-frontend/android/app/src/main/kotlin/com/rhyn/data/local/Entities.kt:5:17 Unresolved reference 'room'.
e: file:///home/rhyn/ITD103/tawi-tawi-frontend/android/app/src/main/kotlin/com/rhyn/data/local/Entities.kt:9:12 Redeclaration:
enum class MessageType : Enum<MessageType>
e: file:///home/rhyn/ITD103/tawi-tawi-frontend/android/app/src/main/kotlin/com/rhyn/data/local/Entities.kt:11:12 Redeclaration:
enum class DeliveryState : Enum<DeliveryState>
e: file:///home/rhyn/ITD103/tawi-tawi-frontend/android/app/src/main/kotlin/com/rhyn/data/local/Entities.kt:15:12 Redeclaration:
enum class SyncStatus : Enum<SyncStatus>
e: file:///home/rhyn/ITD103/tawi-tawi-frontend/android/app/src/main/kotlin/com/rhyn/data/local/Entities.kt:21:12 Redeclaration:
enum class SyncState : Enum<SyncState>
e: file:///home/rhyn/ITD103/tawi-tawi-frontend/android/app/src/main/kotlin/com/rhyn/data/local/Entities.kt:29:2 Unresolved reference 'Entity'.
e: file:///home/rhyn/ITD103/tawi-tawi-frontend/android/app/src/main/kotlin/com/rhyn/data/local/Entities.kt:33:12 Redeclaration:
data class LocalMessageEntity : Any
e: file:///home/rhyn/ITD103/tawi-tawi-frontend/android/app/src/main/kotlin/com/rhyn/data/local/Entities.kt:47:2 Unresolved reference 'Entity'.
e: file:///home/rhyn/ITD103/tawi-tawi-frontend/android/app/src/main/kotlin/com/rhyn/data/local/Entities.kt:51:12 Redeclaration:
data class LocalUserEntity : Any
e: file:///home/rhyn/ITD103/tawi-tawi-frontend/android/app/src/main/kotlin/com/rhyn/data/local/Entities.kt:61:2 Unresolved reference 'Entity'.
e: file:///home/rhyn/ITD103/tawi-tawi-frontend/android/app/src/main/kotlin/com/rhyn/data/local/Entities.kt:63:16 Unresolved reference 'Index'.
e: file:///home/rhyn/ITD103/tawi-tawi-frontend/android/app/src/main/kotlin/com/rhyn/data/local/Entities.kt:65:12 Redeclaration:
data class DeviceRegistryEntity : Any
e: file:///home/rhyn/ITD103/tawi-tawi-frontend/android/app/src/main/kotlin/com/rhyn/data/local/Entities.kt:66:6 Unresolved reference 'PrimaryKey'.
e: file:///home/rhyn/ITD103/tawi-tawi-frontend/android/app/src/main/kotlin/com/rhyn/data/local/Entities.kt:72:2 Unresolved reference 'Entity'.
e: file:///home/rhyn/ITD103/tawi-tawi-frontend/android/app/src/main/kotlin/com/rhyn/data/local/Entities.kt:74:16 Unresolved reference 'Index'.
e: file:///home/rhyn/ITD103/tawi-tawi-frontend/android/app/src/main/kotlin/com/rhyn/data/local/Entities.kt:76:12 Redeclaration:
data class MeshRelayQueueEntity : Any
e: file:///home/rhyn/ITD103/tawi-tawi-frontend/android/app/src/main/kotlin/com/rhyn/data/local/Entities.kt:77:6 Unresolved reference 'PrimaryKey'.
e: file:///home/rhyn/ITD103/tawi-tawi-frontend/android/app/src/main/kotlin/com/rhyn/data/local/MeshEdgeEntity.kt:3:17 Unresolved reference 'room'.
e: file:///home/rhyn/ITD103/tawi-tawi-frontend/android/app/src/main/kotlin/com/rhyn/data/local/MeshEdgeEntity.kt:5:2 Unresolved reference 'Entity'.
e: file:///home/rhyn/ITD103/tawi-tawi-frontend/android/app/src/main/kotlin/com/rhyn/data/local/MeshEdgeEntity.kt:6:12 Redeclaration:
data class MeshEdgeEntity : Any
e: file:///home/rhyn/ITD103/tawi-tawi-frontend/android/app/src/main/kotlin/com/rhyn/data/local/dao/DeviceDao.kt:3:17 Unresolved reference 'room'.
e: file:///home/rhyn/ITD103/tawi-tawi-frontend/android/app/src/main/kotlin/com/rhyn/data/local/dao/DeviceDao.kt:4:17 Unresolved reference 'room'.
e: file:///home/rhyn/ITD103/tawi-tawi-frontend/android/app/src/main/kotlin/com/rhyn/data/local/dao/DeviceDao.kt:5:17 Unresolved reference 'room'.
e: file:///home/rhyn/ITD103/tawi-tawi-frontend/android/app/src/main/kotlin/com/rhyn/data/local/dao/DeviceDao.kt:6:17 Unresolved reference 'room'.
e: file:///home/rhyn/ITD103/tawi-tawi-frontend/android/app/src/main/kotlin/com/rhyn/data/local/dao/DeviceDao.kt:9:2 Unresolved reference 'Dao'.
e: file:///home/rhyn/ITD103/tawi-tawi-frontend/android/app/src/main/kotlin/com/rhyn/data/local/dao/DeviceDao.kt:10:11 Redeclaration:
interface DeviceDao : Any
e: file:///home/rhyn/ITD103/tawi-tawi-frontend/android/app/src/main/kotlin/com/rhyn/data/local/dao/DeviceDao.kt:11:6 Unresolved reference 'Insert'.
e: file:///home/rhyn/ITD103/tawi-tawi-frontend/android/app/src/main/kotlin/com/rhyn/data/local/dao/DeviceDao.kt:11:26 Unresolved reference 'OnConflictStrategy'.
e: file:///home/rhyn/ITD103/tawi-tawi-frontend/android/app/src/main/kotlin/com/rhyn/data/local/dao/DeviceDao.kt:14:6 Unresolved reference 'Query'.
e: file:///home/rhyn/ITD103/tawi-tawi-frontend/android/app/src/main/kotlin/com/rhyn/data/local/dao/MeshEdgeDao.kt:3:17 Unresolved reference 'room'.
e: file:///home/rhyn/ITD103/tawi-tawi-frontend/android/app/src/main/kotlin/com/rhyn/data/local/dao/MeshEdgeDao.kt:4:17 Unresolved reference 'room'.
e: file:///home/rhyn/ITD103/tawi-tawi-frontend/android/app/src/main/kotlin/com/rhyn/data/local/dao/MeshEdgeDao.kt:5:17 Unresolved reference 'room'.
e: file:///home/rhyn/ITD103/tawi-tawi-frontend/android/app/src/main/kotlin/com/rhyn/data/local/dao/MeshEdgeDao.kt:6:17 Unresolved reference 'room'.
e: file:///home/rhyn/ITD103/tawi-tawi-frontend/android/app/src/main/kotlin/com/rhyn/data/local/dao/MeshEdgeDao.kt:9:2 Unresolved reference 'Dao'.
e: file:///home/rhyn/ITD103/tawi-tawi-frontend/android/app/src/main/kotlin/com/rhyn/data/local/dao/MeshEdgeDao.kt:10:11 Redeclaration:
interface MeshEdgeDao : Any
e: file:///home/rhyn/ITD103/tawi-tawi-frontend/android/app/src/main/kotlin/com/rhyn/data/local/dao/MeshEdgeDao.kt:11:6 Unresolved reference 'Insert'.
e: file:///home/rhyn/ITD103/tawi-tawi-frontend/android/app/src/main/kotlin/com/rhyn/data/local/dao/MeshEdgeDao.kt:11:26 Unresolved reference 'OnConflictStrategy'.
e: file:///home/rhyn/ITD103/tawi-tawi-frontend/android/app/src/main/kotlin/com/rhyn/data/local/dao/MeshEdgeDao.kt:14:6 Unresolved reference 'Query'.
e: file:///home/rhyn/ITD103/tawi-tawi-frontend/android/app/src/main/kotlin/com/rhyn/data/local/dao/MeshEdgeDao.kt:17:6 Unresolved reference 'Query'.
e: file:///home/rhyn/ITD103/tawi-tawi-frontend/android/app/src/main/kotlin/com/rhyn/data/local/dao/MeshEdgeDao.kt:20:6 Unresolved reference 'Query'.
e: file:///home/rhyn/ITD103/tawi-tawi-frontend/android/app/src/main/kotlin/com/rhyn/data/local/dao/MeshRelayDao.kt:3:17 Unresolved reference 'room'.
e: file:///home/rhyn/ITD103/tawi-tawi-frontend/android/app/src/main/kotlin/com/rhyn/data/local/dao/MeshRelayDao.kt:4:17 Unresolved reference 'room'.
e: file:///home/rhyn/ITD103/tawi-tawi-frontend/android/app/src/main/kotlin/com/rhyn/data/local/dao/MeshRelayDao.kt:5:17 Unresolved reference 'room'.
e: file:///home/rhyn/ITD103/tawi-tawi-frontend/android/app/src/main/kotlin/com/rhyn/data/local/dao/MeshRelayDao.kt:6:17 Unresolved reference 'room'.
e: file:///home/rhyn/ITD103/tawi-tawi-frontend/android/app/src/main/kotlin/com/rhyn/data/local/dao/MeshRelayDao.kt:9:2 Unresolved reference 'Dao'.
e: file:///home/rhyn/ITD103/tawi-tawi-frontend/android/app/src/main/kotlin/com/rhyn/data/local/dao/MeshRelayDao.kt:10:11 Redeclaration:
interface MeshRelayDao : Any
e: file:///home/rhyn/ITD103/tawi-tawi-frontend/android/app/src/main/kotlin/com/rhyn/data/local/dao/MeshRelayDao.kt:11:6 Unresolved reference 'Insert'.
e: file:///home/rhyn/ITD103/tawi-tawi-frontend/android/app/src/main/kotlin/com/rhyn/data/local/dao/MeshRelayDao.kt:11:26 Unresolved reference 'OnConflictStrategy'.
e: file:///home/rhyn/ITD103/tawi-tawi-frontend/android/app/src/main/kotlin/com/rhyn/data/local/dao/MeshRelayDao.kt:14:6 Unresolved reference 'Query'.
e: file:///home/rhyn/ITD103/tawi-tawi-frontend/android/app/src/main/kotlin/com/rhyn/data/local/dao/MeshRelayDao.kt:17:6 Unresolved reference 'Query'.
e: file:///home/rhyn/ITD103/tawi-tawi-frontend/android/app/src/main/kotlin/com/rhyn/data/local/dao/MessageDao.kt:3:17 Unresolved reference 'room'.
e: file:///home/rhyn/ITD103/tawi-tawi-frontend/android/app/src/main/kotlin/com/rhyn/data/local/dao/MessageDao.kt:4:17 Unresolved reference 'room'.
e: file:///home/rhyn/ITD103/tawi-tawi-frontend/android/app/src/main/kotlin/com/rhyn/data/local/dao/MessageDao.kt:5:17 Unresolved reference 'room'.
e: file:///home/rhyn/ITD103/tawi-tawi-frontend/android/app/src/main/kotlin/com/rhyn/data/local/dao/MessageDao.kt:6:17 Unresolved reference 'room'.
e: file:///home/rhyn/ITD103/tawi-tawi-frontend/android/app/src/main/kotlin/com/rhyn/data/local/dao/MessageDao.kt:12:2 Unresolved reference 'Dao'.
e: file:///home/rhyn/ITD103/tawi-tawi-frontend/android/app/src/main/kotlin/com/rhyn/data/local/dao/MessageDao.kt:13:11 Redeclaration:
interface MessageDao : Any
e: file:///home/rhyn/ITD103/tawi-tawi-frontend/android/app/src/main/kotlin/com/rhyn/data/local/dao/MessageDao.kt:14:6 Unresolved reference 'Insert'.
e: file:///home/rhyn/ITD103/tawi-tawi-frontend/android/app/src/main/kotlin/com/rhyn/data/local/dao/MessageDao.kt:14:26 Unresolved reference 'OnConflictStrategy'.
e: file:///home/rhyn/ITD103/tawi-tawi-frontend/android/app/src/main/kotlin/com/rhyn/data/local/dao/MessageDao.kt:17:6 Unresolved reference 'Query'.
e: file:///home/rhyn/ITD103/tawi-tawi-frontend/android/app/src/main/kotlin/com/rhyn/data/local/dao/MessageDao.kt:20:6 Unresolved reference 'Query'.
e: file:///home/rhyn/ITD103/tawi-tawi-frontend/android/app/src/main/kotlin/com/rhyn/data/local/dao/MessageDao.kt:23:6 Unresolved reference 'Query'.
e: file:///home/rhyn/ITD103/tawi-tawi-frontend/android/app/src/main/kotlin/com/rhyn/data/local/dao/MessageDao.kt:33:6 Unresolved reference 'Query'.
e: file:///home/rhyn/ITD103/tawi-tawi-frontend/android/app/src/main/kotlin/com/rhyn/data/local/dao/MessageDao.kt:36:6 Unresolved reference 'Query'.
e: file:///home/rhyn/ITD103/tawi-tawi-frontend/android/app/src/main/kotlin/com/rhyn/data/local/dao/MessageDao.kt:43:6 Unresolved reference 'Query'.
e: file:///home/rhyn/ITD103/tawi-tawi-frontend/android/app/src/main/kotlin/com/rhyn/data/local/dao/MessageDao.kt:46:6 Unresolved reference 'Query'.
e: file:///home/rhyn/ITD103/tawi-tawi-frontend/android/app/src/main/kotlin/com/rhyn/data/local/dao/MessageDao.kt:51:6 Unresolved reference 'Query'.
e: file:///home/rhyn/ITD103/tawi-tawi-frontend/android/app/src/main/kotlin/com/rhyn/data/local/dao/MessageDao.kt:54:6 Unresolved reference 'Query'.
e: file:///home/rhyn/ITD103/tawi-tawi-frontend/android/app/src/main/kotlin/com/rhyn/data/local/dao/MessageDao.kt:58:6 Unresolved reference 'Query'.
e: file:///home/rhyn/ITD103/tawi-tawi-frontend/android/app/src/main/kotlin/com/rhyn/data/local/dao/MessageDao.kt:62:6 Unresolved reference 'Query'.
e: file:///home/rhyn/ITD103/tawi-tawi-frontend/android/app/src/main/kotlin/com/rhyn/data/local/dao/MessageDao.kt:65:6 Unresolved reference 'Query'.
e: file:///home/rhyn/ITD103/tawi-tawi-frontend/android/app/src/main/kotlin/com/rhyn/data/local/dao/MessageDao.kt:69:6 Unresolved reference 'Query'.
e: file:///home/rhyn/ITD103/tawi-tawi-frontend/android/app/src/main/kotlin/com/rhyn/data/local/dao/MessageDao.kt:72:6 Unresolved reference 'Query'.
e: file:///home/rhyn/ITD103/tawi-tawi-frontend/android/app/src/main/kotlin/com/rhyn/data/local/dao/MessageDao.kt:75:6 Unresolved reference 'Query'.
e: file:///home/rhyn/ITD103/tawi-tawi-frontend/android/app/src/main/kotlin/com/rhyn/data/local/dao/UserDao.kt:3:17 Unresolved reference 'room'.
e: file:///home/rhyn/ITD103/tawi-tawi-frontend/android/app/src/main/kotlin/com/rhyn/data/local/dao/UserDao.kt:4:17 Unresolved reference 'room'.
e: file:///home/rhyn/ITD103/tawi-tawi-frontend/android/app/src/main/kotlin/com/rhyn/data/local/dao/UserDao.kt:5:17 Unresolved reference 'room'.
e: file:///home/rhyn/ITD103/tawi-tawi-frontend/android/app/src/main/kotlin/com/rhyn/data/local/dao/UserDao.kt:6:17 Unresolved reference 'room'.
e: file:///home/rhyn/ITD103/tawi-tawi-frontend/android/app/src/main/kotlin/com/rhyn/data/local/dao/UserDao.kt:10:2 Unresolved reference 'Dao'.
e: file:///home/rhyn/ITD103/tawi-tawi-frontend/android/app/src/main/kotlin/com/rhyn/data/local/dao/UserDao.kt:11:11 Redeclaration:
interface UserDao : Any
e: file:///home/rhyn/ITD103/tawi-tawi-frontend/android/app/src/main/kotlin/com/rhyn/data/local/dao/UserDao.kt:12:6 Unresolved reference 'Insert'.
e: file:///home/rhyn/ITD103/tawi-tawi-frontend/android/app/src/main/kotlin/com/rhyn/data/local/dao/UserDao.kt:12:26 Unresolved reference 'OnConflictStrategy'.
e: file:///home/rhyn/ITD103/tawi-tawi-frontend/android/app/src/main/kotlin/com/rhyn/data/local/dao/UserDao.kt:16:6 Unresolved reference 'Query'.
e: file:///home/rhyn/ITD103/tawi-tawi-frontend/android/app/src/main/kotlin/com/rhyn/data/local/dao/UserDao.kt:19:6 Unresolved reference 'Query'.
e: file:///home/rhyn/ITD103/tawi-tawi-frontend/android/app/src/main/kotlin/com/rhyn/data/local/dao/UserDao.kt:22:6 Unresolved reference 'Query'.
e: file:///home/rhyn/ITD103/tawi-tawi-frontend/android/app/src/main/kotlin/com/rhyn/data/local/dao/UserDao.kt:25:6 Unresolved reference 'Query'.
e: file:///home/rhyn/ITD103/tawi-tawi-frontend/android/app/src/main/kotlin/com/rhyn/data/local/dao/UserDao.kt:29:6 Unresolved reference 'Query'.
e: file:///home/rhyn/ITD103/tawi-tawi-frontend/android/app/src/main/kotlin/com/rhyn/data/local/dao/UserDao.kt:32:6 Unresolved reference 'Query'.
e: file:///home/rhyn/ITD103/tawi-tawi-frontend/android/app/src/main/kotlin/com/rhyn/data/local/dao/UserDao.kt:37:6 Unresolved reference 'Query'.
e: file:///home/rhyn/ITD103/tawi-tawi-frontend/android/app/src/main/kotlin/com/rhyn/data/local/dao/UserDao.kt:41:6 Unresolved reference 'Query'.
e: file:///home/rhyn/ITD103/tawi-tawi-frontend/android/app/src/main/kotlin/com/rhyn/data/local/dao/UserDao.kt:45:6 Unresolved reference 'Query'.
e: file:///home/rhyn/ITD103/tawi-tawi-frontend/android/app/src/main/kotlin/com/rhyn/data/local/prefs/SessionManager.kt:5:8 Unresolved reference 'dagger'.
e: file:///home/rhyn/ITD103/tawi-tawi-frontend/android/app/src/main/kotlin/com/rhyn/data/local/prefs/SessionManager.kt:6:14 Unresolved reference 'inject'.
e: file:///home/rhyn/ITD103/tawi-tawi-frontend/android/app/src/main/kotlin/com/rhyn/data/local/prefs/SessionManager.kt:7:14 Unresolved reference 'inject'.
e: file:///home/rhyn/ITD103/tawi-tawi-frontend/android/app/src/main/kotlin/com/rhyn/data/local/prefs/SessionManager.kt:9:2 Unresolved reference 'Singleton'.
e: file:///home/rhyn/ITD103/tawi-tawi-frontend/android/app/src/main/kotlin/com/rhyn/data/local/prefs/SessionManager.kt:10:7 Redeclaration:
class SessionManager : Any
e: file:///home/rhyn/ITD103/tawi-tawi-frontend/android/app/src/main/kotlin/com/rhyn/data/local/prefs/SessionManager.kt:10:23 Unresolved reference 'Inject'.
e: file:///home/rhyn/ITD103/tawi-tawi-frontend/android/app/src/main/kotlin/com/rhyn/data/local/prefs/SessionManager.kt:11:6 Unresolved reference 'ApplicationContext'.
e: file:///home/rhyn/ITD103/tawi-tawi-frontend/android/app/src/main/kotlin/com/rhyn/data/remote/ApiService.kt:5:11 Unresolved reference 'ktor'.
e: file:///home/rhyn/ITD103/tawi-tawi-frontend/android/app/src/main/kotlin/com/rhyn/data/remote/ApiService.kt:6:11 Unresolved reference 'ktor'.
e: file:///home/rhyn/ITD103/tawi-tawi-frontend/android/app/src/main/kotlin/com/rhyn/data/remote/ApiService.kt:7:11 Unresolved reference 'ktor'.
e: file:///home/rhyn/ITD103/tawi-tawi-frontend/android/app/src/main/kotlin/com/rhyn/data/remote/ApiService.kt:8:11 Unresolved reference 'ktor'.
e: file:///home/rhyn/ITD103/tawi-tawi-frontend/android/app/src/main/kotlin/com/rhyn/data/remote/ApiService.kt:9:11 Unresolved reference 'ktor'.
e: file:///home/rhyn/ITD103/tawi-tawi-frontend/android/app/src/main/kotlin/com/rhyn/data/remote/ApiService.kt:10:11 Unresolved reference 'ktor'.
e: file:///home/rhyn/ITD103/tawi-tawi-frontend/android/app/src/main/kotlin/com/rhyn/data/remote/ApiService.kt:11:11 Unresolved reference 'ktor'.
e: file:///home/rhyn/ITD103/tawi-tawi-frontend/android/app/src/main/kotlin/com/rhyn/data/remote/ApiService.kt:12:14 Unresolved reference 'inject'.
e: file:///home/rhyn/ITD103/tawi-tawi-frontend/android/app/src/main/kotlin/com/rhyn/data/remote/ApiService.kt:13:14 Unresolved reference 'inject'.
e: file:///home/rhyn/ITD103/tawi-tawi-frontend/android/app/src/main/kotlin/com/rhyn/data/remote/ApiService.kt:14:11 Unresolved reference 'ktor'.
e: file:///home/rhyn/ITD103/tawi-tawi-frontend/android/app/src/main/kotlin/com/rhyn/data/remote/ApiService.kt:15:11 Unresolved reference 'ktor'.
e: file:///home/rhyn/ITD103/tawi-tawi-frontend/android/app/src/main/kotlin/com/rhyn/data/remote/ApiService.kt:17:16 Unresolved reference 'serialization'.
e: file:///home/rhyn/ITD103/tawi-tawi-frontend/android/app/src/main/kotlin/com/rhyn/data/remote/ApiService.kt:20:2 Cannot access 'typealias Serializable = Serializable': it is internal in file.
e: file:///home/rhyn/ITD103/tawi-tawi-frontend/android/app/src/main/kotlin/com/rhyn/data/remote/ApiService.kt:20:2 Illegal annotation class 'Serializable'.
e: file:///home/rhyn/ITD103/tawi-tawi-frontend/android/app/src/main/kotlin/com/rhyn/data/remote/ApiService.kt:21:12 Redeclaration:
data class MediaUploadResponse : Any
e: file:///home/rhyn/ITD103/tawi-tawi-frontend/android/app/src/main/kotlin/com/rhyn/data/remote/ApiService.kt:23:2 Unresolved reference 'Singleton'.
e: file:///home/rhyn/ITD103/tawi-tawi-frontend/android/app/src/main/kotlin/com/rhyn/data/remote/ApiService.kt:24:7 Redeclaration:
class ApiService : Any
e: file:///home/rhyn/ITD103/tawi-tawi-frontend/android/app/src/main/kotlin/com/rhyn/data/remote/ApiService.kt:24:19 Unresolved reference 'Inject'.
e: file:///home/rhyn/ITD103/tawi-tawi-frontend/android/app/src/main/kotlin/com/rhyn/data/remote/ApiService.kt:25:25 Unresolved reference 'HttpClient'.
e: file:///home/rhyn/ITD103/tawi-tawi-frontend/android/app/src/main/kotlin/com/rhyn/data/remote/ApiService.kt:32:31 Unresolved reference 'post'.
e: file:///home/rhyn/ITD103/tawi-tawi-frontend/android/app/src/main/kotlin/com/rhyn/data/remote/ApiService.kt:33:13 Unresolved reference 'header'.
e: file:///home/rhyn/ITD103/tawi-tawi-frontend/android/app/src/main/kotlin/com/rhyn/data/remote/ApiService.kt:34:13 Unresolved reference 'contentType'.
e: file:///home/rhyn/ITD103/tawi-tawi-frontend/android/app/src/main/kotlin/com/rhyn/data/remote/ApiService.kt:34:25 Unresolved reference 'ContentType'.
e: file:///home/rhyn/ITD103/tawi-tawi-frontend/android/app/src/main/kotlin/com/rhyn/data/remote/ApiService.kt:35:13 Unresolved reference 'setBody'.
e: file:///home/rhyn/ITD103/tawi-tawi-frontend/android/app/src/main/kotlin/com/rhyn/data/remote/ApiService.kt:47:31 Unresolved reference 'post'.
e: file:///home/rhyn/ITD103/tawi-tawi-frontend/android/app/src/main/kotlin/com/rhyn/data/remote/ApiService.kt:48:13 Unresolved reference 'header'.
e: file:///home/rhyn/ITD103/tawi-tawi-frontend/android/app/src/main/kotlin/com/rhyn/data/remote/ApiService.kt:49:13 Unresolved reference 'contentType'.
e: file:///home/rhyn/ITD103/tawi-tawi-frontend/android/app/src/main/kotlin/com/rhyn/data/remote/ApiService.kt:49:25 Unresolved reference 'ContentType'.
e: file:///home/rhyn/ITD103/tawi-tawi-frontend/android/app/src/main/kotlin/com/rhyn/data/remote/ApiService.kt:50:13 Unresolved reference 'setBody'.
e: file:///home/rhyn/ITD103/tawi-tawi-frontend/android/app/src/main/kotlin/com/rhyn/data/remote/ApiService.kt:61:51 Unresolved reference 'DefaultClientWebSocketSession'.
e: file:///home/rhyn/ITD103/tawi-tawi-frontend/android/app/src/main/kotlin/com/rhyn/data/remote/ApiService.kt:62:23 Unresolved reference 'webSocketSession'.
e: file:///home/rhyn/ITD103/tawi-tawi-frontend/android/app/src/main/kotlin/com/rhyn/data/remote/ApiService.kt:63:13 Unresolved reference 'url'.
e: file:///home/rhyn/ITD103/tawi-tawi-frontend/android/app/src/main/kotlin/com/rhyn/data/remote/ApiService.kt:64:13 Unresolved reference 'header'.
e: file:///home/rhyn/ITD103/tawi-tawi-frontend/android/app/src/main/kotlin/com/rhyn/data/remote/ApiService.kt:69:72 Too many arguments for 'fun MatchGroupCollection.get(name: String): MatchGroup?'.
e: file:///home/rhyn/ITD103/tawi-tawi-frontend/android/app/src/main/kotlin/com/rhyn/data/remote/ApiService.kt:70:13 Unresolved reference 'header'.
e: file:///home/rhyn/ITD103/tawi-tawi-frontend/android/app/src/main/kotlin/com/rhyn/data/remote/ApiService.kt:73:22 Unresolved reference 'status'.
e: file:///home/rhyn/ITD103/tawi-tawi-frontend/android/app/src/main/kotlin/com/rhyn/data/remote/ApiService.kt:74:29 Unresolved reference 'body'.
e: file:///home/rhyn/ITD103/tawi-tawi-frontend/android/app/src/main/kotlin/com/rhyn/data/remote/ApiService.kt:81:31 Unresolved reference 'post'.
e: file:///home/rhyn/ITD103/tawi-tawi-frontend/android/app/src/main/kotlin/com/rhyn/data/remote/ApiService.kt:82:13 Unresolved reference 'header'.
e: file:///home/rhyn/ITD103/tawi-tawi-frontend/android/app/src/main/kotlin/com/rhyn/data/remote/ApiService.kt:83:13 Unresolved reference 'header'.
e: file:///home/rhyn/ITD103/tawi-tawi-frontend/android/app/src/main/kotlin/com/rhyn/data/remote/ApiService.kt:84:13 Unresolved reference 'contentType'.
e: file:///home/rhyn/ITD103/tawi-tawi-frontend/android/app/src/main/kotlin/com/rhyn/data/remote/ApiService.kt:84:25 Unresolved reference 'ContentType'.
e: file:///home/rhyn/ITD103/tawi-tawi-frontend/android/app/src/main/kotlin/com/rhyn/data/remote/ApiService.kt:85:13 Unresolved reference 'setBody'.
e: file:///home/rhyn/ITD103/tawi-tawi-frontend/android/app/src/main/kotlin/com/rhyn/data/remote/ApiService.kt:97:31 Unresolved reference 'post'.
e: file:///home/rhyn/ITD103/tawi-tawi-frontend/android/app/src/main/kotlin/com/rhyn/data/remote/ApiService.kt:98:13 Unresolved reference 'header'.
e: file:///home/rhyn/ITD103/tawi-tawi-frontend/android/app/src/main/kotlin/com/rhyn/data/remote/ApiService.kt:99:13 Unresolved reference 'header'.
e: file:///home/rhyn/ITD103/tawi-tawi-frontend/android/app/src/main/kotlin/com/rhyn/data/remote/ApiService.kt:100:13 Unresolved reference 'contentType'.
e: file:///home/rhyn/ITD103/tawi-tawi-frontend/android/app/src/main/kotlin/com/rhyn/data/remote/ApiService.kt:100:25 Unresolved reference 'ContentType'.
e: file:///home/rhyn/ITD103/tawi-tawi-frontend/android/app/src/main/kotlin/com/rhyn/data/remote/ApiService.kt:101:13 Unresolved reference 'setBody'.
e: file:///home/rhyn/ITD103/tawi-tawi-frontend/android/app/src/main/kotlin/com/rhyn/data/remote/ApiService.kt:109:82 Too many arguments for 'fun MatchGroupCollection.get(name: String): MatchGroup?'.
e: file:///home/rhyn/ITD103/tawi-tawi-frontend/android/app/src/main/kotlin/com/rhyn/data/remote/ApiService.kt:110:13 Unresolved reference 'header'.
e: file:///home/rhyn/ITD103/tawi-tawi-frontend/android/app/src/main/kotlin/com/rhyn/data/remote/ApiService.kt:113:22 Unresolved reference 'status'.
e: file:///home/rhyn/ITD103/tawi-tawi-frontend/android/app/src/main/kotlin/com/rhyn/data/remote/ApiService.kt:114:29 Unresolved reference 'body'.
e: file:///home/rhyn/ITD103/tawi-tawi-frontend/android/app/src/main/kotlin/com/rhyn/data/remote/ApiService.kt:116:38 Unresolved reference 'bodyAsText'.
e: file:///home/rhyn/ITD103/tawi-tawi-frontend/android/app/src/main/kotlin/com/rhyn/data/remote/ApiService.kt:117:69 Unresolved reference 'status'.
e: file:///home/rhyn/ITD103/tawi-tawi-frontend/android/app/src/main/kotlin/com/rhyn/data/remote/ApiService.kt:121:87 Unresolved reference 'HttpResponse'.
e: file:///home/rhyn/ITD103/tawi-tawi-frontend/android/app/src/main/kotlin/com/rhyn/data/remote/ApiService.kt:122:23 Unresolved reference 'post'.
e: file:///home/rhyn/ITD103/tawi-tawi-frontend/android/app/src/main/kotlin/com/rhyn/data/remote/ApiService.kt:123:13 Unresolved reference 'header'.
e: file:///home/rhyn/ITD103/tawi-tawi-frontend/android/app/src/main/kotlin/com/rhyn/data/remote/ApiService.kt:124:13 Unresolved reference 'header'.
e: file:///home/rhyn/ITD103/tawi-tawi-frontend/android/app/src/main/kotlin/com/rhyn/data/remote/ApiService.kt:125:13 Unresolved reference 'contentType'.
e: file:///home/rhyn/ITD103/tawi-tawi-frontend/android/app/src/main/kotlin/com/rhyn/data/remote/ApiService.kt:125:25 Unresolved reference 'ContentType'.
e: file:///home/rhyn/ITD103/tawi-tawi-frontend/android/app/src/main/kotlin/com/rhyn/data/remote/ApiService.kt:126:13 Unresolved reference 'setBody'.
e: file:///home/rhyn/ITD103/tawi-tawi-frontend/android/app/src/main/kotlin/com/rhyn/data/remote/ApiService.kt:130:71 Unresolved reference 'HttpResponse'.
e: file:///home/rhyn/ITD103/tawi-tawi-frontend/android/app/src/main/kotlin/com/rhyn/data/remote/ApiService.kt:131:23 Unresolved reference 'delete'.
e: file:///home/rhyn/ITD103/tawi-tawi-frontend/android/app/src/main/kotlin/com/rhyn/data/remote/ApiService.kt:132:13 Unresolved reference 'header'.
e: file:///home/rhyn/ITD103/tawi-tawi-frontend/android/app/src/main/kotlin/com/rhyn/data/remote/ApiService.kt:133:13 Unresolved reference 'header'.
e: file:///home/rhyn/ITD103/tawi-tawi-frontend/android/app/src/main/kotlin/com/rhyn/data/remote/ApiService.kt:137:43 Unresolved reference 'HttpResponse'.
e: file:///home/rhyn/ITD103/tawi-tawi-frontend/android/app/src/main/kotlin/com/rhyn/data/remote/ApiService.kt:138:60 Too many arguments for 'fun MatchGroupCollection.get(name: String): MatchGroup?'.
e: file:///home/rhyn/ITD103/tawi-tawi-frontend/android/app/src/main/kotlin/com/rhyn/data/remote/ApiService.kt:139:13 Unresolved reference 'header'.
e: file:///home/rhyn/ITD103/tawi-tawi-frontend/android/app/src/main/kotlin/com/rhyn/data/remote/ApiService.kt:140:13 Unresolved reference 'header'.
e: file:///home/rhyn/ITD103/tawi-tawi-frontend/android/app/src/main/kotlin/com/rhyn/data/remote/ApiService.kt:144:55 Unresolved reference 'HttpResponse'.
e: file:///home/rhyn/ITD103/tawi-tawi-frontend/android/app/src/main/kotlin/com/rhyn/data/remote/ApiService.kt:145:65 Too many arguments for 'fun MatchGroupCollection.get(name: String): MatchGroup?'.
e: file:///home/rhyn/ITD103/tawi-tawi-frontend/android/app/src/main/kotlin/com/rhyn/data/remote/ApiService.kt:146:13 Unresolved reference 'header'.
e: file:///home/rhyn/ITD103/tawi-tawi-frontend/android/app/src/main/kotlin/com/rhyn/data/remote/ApiService.kt:147:13 Unresolved reference 'header'.
e: file:///home/rhyn/ITD103/tawi-tawi-frontend/android/app/src/main/kotlin/com/rhyn/data/remote/ApiService.kt:153:31 Unresolved reference 'post'.
e: file:///home/rhyn/ITD103/tawi-tawi-frontend/android/app/src/main/kotlin/com/rhyn/data/remote/ApiService.kt:154:13 Unresolved reference 'header'.
e: file:///home/rhyn/ITD103/tawi-tawi-frontend/android/app/src/main/kotlin/com/rhyn/data/remote/ApiService.kt:155:13 Unresolved reference 'header'.
e: file:///home/rhyn/ITD103/tawi-tawi-frontend/android/app/src/main/kotlin/com/rhyn/data/remote/ApiService.kt:156:13 Unresolved reference 'setBody'.
e: file:///home/rhyn/ITD103/tawi-tawi-frontend/android/app/src/main/kotlin/com/rhyn/data/remote/ApiService.kt:157:17 Unresolved reference 'MultiPartFormDataContent'.
e: file:///home/rhyn/ITD103/tawi-tawi-frontend/android/app/src/main/kotlin/com/rhyn/data/remote/ApiService.kt:158:21 Unresolved reference 'formData'.
e: file:///home/rhyn/ITD103/tawi-tawi-frontend/android/app/src/main/kotlin/com/rhyn/data/remote/ApiService.kt:159:25 Unresolved reference. None of the following candidates is applicable because of a receiver type mismatch:
fun <T : Appendable> T.append(vararg value: CharSequence?): T
e: file:///home/rhyn/ITD103/tawi-tawi-frontend/android/app/src/main/kotlin/com/rhyn/data/remote/ApiService.kt:159:58 Unresolved reference 'Headers'.
e: file:///home/rhyn/ITD103/tawi-tawi-frontend/android/app/src/main/kotlin/com/rhyn/data/remote/ApiService.kt:160:29 Unresolved reference. None of the following candidates is applicable because of a receiver type mismatch:
fun <T : Appendable> T.append(vararg value: CharSequence?): T
e: file:///home/rhyn/ITD103/tawi-tawi-frontend/android/app/src/main/kotlin/com/rhyn/data/remote/ApiService.kt:160:36 Unresolved reference 'HttpHeaders'.
e: file:///home/rhyn/ITD103/tawi-tawi-frontend/android/app/src/main/kotlin/com/rhyn/data/remote/ApiService.kt:162:29 Unresolved reference 'set'.
e: file:///home/rhyn/ITD103/tawi-tawi-frontend/android/app/src/main/kotlin/com/rhyn/data/remote/ApiService.kt:162:33 Unresolved reference 'HttpHeaders'.
e: file:///home/rhyn/ITD103/tawi-tawi-frontend/android/app/src/main/kotlin/com/rhyn/data/remote/ApiService.kt:178:31 Unresolved reference 'post'.
e: file:///home/rhyn/ITD103/tawi-tawi-frontend/android/app/src/main/kotlin/com/rhyn/data/remote/ApiService.kt:179:13 Unresolved reference 'header'.
e: file:///home/rhyn/ITD103/tawi-tawi-frontend/android/app/src/main/kotlin/com/rhyn/data/remote/ApiService.kt:180:13 Unresolved reference 'contentType'.
e: file:///home/rhyn/ITD103/tawi-tawi-frontend/android/app/src/main/kotlin/com/rhyn/data/remote/ApiService.kt:180:25 Unresolved reference 'ContentType'.
e: file:///home/rhyn/ITD103/tawi-tawi-frontend/android/app/src/main/kotlin/com/rhyn/data/remote/ApiService.kt:181:13 Unresolved reference 'setBody'.
e: file:///home/rhyn/ITD103/tawi-tawi-frontend/android/app/src/main/kotlin/com/rhyn/data/remote/ApiService.kt:191:31 Unresolved reference 'post'.
e: file:///home/rhyn/ITD103/tawi-tawi-frontend/android/app/src/main/kotlin/com/rhyn/data/remote/ApiService.kt:192:13 Unresolved reference 'header'.
e: file:///home/rhyn/ITD103/tawi-tawi-frontend/android/app/src/main/kotlin/com/rhyn/data/remote/ApiService.kt:193:13 Unresolved reference 'contentType'.
e: file:///home/rhyn/ITD103/tawi-tawi-frontend/android/app/src/main/kotlin/com/rhyn/data/remote/ApiService.kt:193:25 Unresolved reference 'ContentType'.
e: file:///home/rhyn/ITD103/tawi-tawi-frontend/android/app/src/main/kotlin/com/rhyn/data/remote/ApiService.kt:194:13 Unresolved reference 'setBody'.
e: file:///home/rhyn/ITD103/tawi-tawi-frontend/android/app/src/main/kotlin/com/rhyn/data/remote/model/NetworkModels.kt:3:16 Unresolved reference 'serialization'.
e: file:///home/rhyn/ITD103/tawi-tawi-frontend/android/app/src/main/kotlin/com/rhyn/data/remote/model/NetworkModels.kt:5:2 Cannot access 'typealias Serializable = Serializable': it is internal in file.
e: file:///home/rhyn/ITD103/tawi-tawi-frontend/android/app/src/main/kotlin/com/rhyn/data/remote/model/NetworkModels.kt:5:2 Illegal annotation class 'Serializable'.
e: file:///home/rhyn/ITD103/tawi-tawi-frontend/android/app/src/main/kotlin/com/rhyn/data/remote/model/NetworkModels.kt:6:12 Redeclaration:
data class UserCreateRequest : Any
e: file:///home/rhyn/ITD103/tawi-tawi-frontend/android/app/src/main/kotlin/com/rhyn/data/remote/model/NetworkModels.kt:15:2 Cannot access 'typealias Serializable = Serializable': it is internal in file.
e: file:///home/rhyn/ITD103/tawi-tawi-frontend/android/app/src/main/kotlin/com/rhyn/data/remote/model/NetworkModels.kt:15:2 Illegal annotation class 'Serializable'.
e: file:///home/rhyn/ITD103/tawi-tawi-frontend/android/app/src/main/kotlin/com/rhyn/data/remote/model/NetworkModels.kt:16:12 Redeclaration:
data class UserLoginRequest : Any
e: file:///home/rhyn/ITD103/tawi-tawi-frontend/android/app/src/main/kotlin/com/rhyn/data/remote/model/NetworkModels.kt:22:2 Cannot access 'typealias Serializable = Serializable': it is internal in file.
e: file:///home/rhyn/ITD103/tawi-tawi-frontend/android/app/src/main/kotlin/com/rhyn/data/remote/model/NetworkModels.kt:22:2 Illegal annotation class 'Serializable'.
e: file:///home/rhyn/ITD103/tawi-tawi-frontend/android/app/src/main/kotlin/com/rhyn/data/remote/model/NetworkModels.kt:23:12 Redeclaration:
data class LoginResponse : Any
e: file:///home/rhyn/ITD103/tawi-tawi-frontend/android/app/src/main/kotlin/com/rhyn/data/remote/model/NetworkModels.kt:31:2 Cannot access 'typealias Serializable = Serializable': it is internal in file.
e: file:///home/rhyn/ITD103/tawi-tawi-frontend/android/app/src/main/kotlin/com/rhyn/data/remote/model/NetworkModels.kt:31:2 Illegal annotation class 'Serializable'.
e: file:///home/rhyn/ITD103/tawi-tawi-frontend/android/app/src/main/kotlin/com/rhyn/data/remote/model/NetworkModels.kt:32:12 Redeclaration:
data class UserResponse : Any
e: file:///home/rhyn/ITD103/tawi-tawi-frontend/android/app/src/main/kotlin/com/rhyn/data/remote/model/NetworkModels.kt:39:2 Cannot access 'typealias Serializable = Serializable': it is internal in file.
e: file:///home/rhyn/ITD103/tawi-tawi-frontend/android/app/src/main/kotlin/com/rhyn/data/remote/model/NetworkModels.kt:39:2 Illegal annotation class 'Serializable'.
e: file:///home/rhyn/ITD103/tawi-tawi-frontend/android/app/src/main/kotlin/com/rhyn/data/remote/model/NetworkModels.kt:40:12 Redeclaration:
data class CloudMessageResponse : Any
e: file:///home/rhyn/ITD103/tawi-tawi-frontend/android/app/src/main/kotlin/com/rhyn/data/remote/model/NetworkModels.kt:51:2 Cannot access 'typealias Serializable = Serializable': it is internal in file.
e: file:///home/rhyn/ITD103/tawi-tawi-frontend/android/app/src/main/kotlin/com/rhyn/data/remote/model/NetworkModels.kt:51:2 Illegal annotation class 'Serializable'.
e: file:///home/rhyn/ITD103/tawi-tawi-frontend/android/app/src/main/kotlin/com/rhyn/data/remote/model/NetworkModels.kt:52:12 Redeclaration:
data class GroupCreateRequest : Any
e: file:///home/rhyn/ITD103/tawi-tawi-frontend/android/app/src/main/kotlin/com/rhyn/data/remote/model/NetworkModels.kt:58:2 Cannot access 'typealias Serializable = Serializable': it is internal in file.
e: file:///home/rhyn/ITD103/tawi-tawi-frontend/android/app/src/main/kotlin/com/rhyn/data/remote/model/NetworkModels.kt:58:2 Illegal annotation class 'Serializable'.
e: file:///home/rhyn/ITD103/tawi-tawi-frontend/android/app/src/main/kotlin/com/rhyn/data/remote/model/NetworkModels.kt:59:12 Redeclaration:
data class GroupResponse : Any
e: file:///home/rhyn/ITD103/tawi-tawi-frontend/android/app/src/main/kotlin/com/rhyn/data/remote/model/NetworkModels.kt:68:2 Cannot access 'typealias Serializable = Serializable': it is internal in file.
e: file:///home/rhyn/ITD103/tawi-tawi-frontend/android/app/src/main/kotlin/com/rhyn/data/remote/model/NetworkModels.kt:68:2 Illegal annotation class 'Serializable'.
e: file:///home/rhyn/ITD103/tawi-tawi-frontend/android/app/src/main/kotlin/com/rhyn/data/remote/model/NetworkModels.kt:69:12 Redeclaration:
data class FCMTokenRequest : Any
e: file:///home/rhyn/ITD103/tawi-tawi-frontend/android/app/src/main/kotlin/com/rhyn/data/remote/model/NetworkModels.kt:73:2 Cannot access 'typealias Serializable = Serializable': it is internal in file.
e: file:///home/rhyn/ITD103/tawi-tawi-frontend/android/app/src/main/kotlin/com/rhyn/data/remote/model/NetworkModels.kt:73:2 Illegal annotation class 'Serializable'.
e: file:///home/rhyn/ITD103/tawi-tawi-frontend/android/app/src/main/kotlin/com/rhyn/data/remote/model/NetworkModels.kt:74:12 Redeclaration:
data class OutgoingCloudMessage : Any
e: file:///home/rhyn/ITD103/tawi-tawi-frontend/android/app/src/main/kotlin/com/rhyn/data/remote/model/NetworkModels.kt:84:2 Cannot access 'typealias Serializable = Serializable': it is internal in file.
e: file:///home/rhyn/ITD103/tawi-tawi-frontend/android/app/src/main/kotlin/com/rhyn/data/remote/model/NetworkModels.kt:84:2 Illegal annotation class 'Serializable'.
e: file:///home/rhyn/ITD103/tawi-tawi-frontend/android/app/src/main/kotlin/com/rhyn/data/remote/model/NetworkModels.kt:85:12 Redeclaration:
data class PublicKeyResponse : Any
e: file:///home/rhyn/ITD103/tawi-tawi-frontend/android/app/src/main/kotlin/com/rhyn/data/remote/model/NetworkModels.kt:91:2 Cannot access 'typealias Serializable = Serializable': it is internal in file.
e: file:///home/rhyn/ITD103/tawi-tawi-frontend/android/app/src/main/kotlin/com/rhyn/data/remote/model/NetworkModels.kt:91:2 Illegal annotation class 'Serializable'.
e: file:///home/rhyn/ITD103/tawi-tawi-frontend/android/app/src/main/kotlin/com/rhyn/data/remote/model/NetworkModels.kt:92:12 Redeclaration:
data class BackupMessageDto : Any
e: file:///home/rhyn/ITD103/tawi-tawi-frontend/android/app/src/main/kotlin/com/rhyn/data/remote/model/NetworkModels.kt:101:2 Cannot access 'typealias Serializable = Serializable': it is internal in file.
e: file:///home/rhyn/ITD103/tawi-tawi-frontend/android/app/src/main/kotlin/com/rhyn/data/remote/model/NetworkModels.kt:101:2 Illegal annotation class 'Serializable'.
e: file:///home/rhyn/ITD103/tawi-tawi-frontend/android/app/src/main/kotlin/com/rhyn/data/remote/model/NetworkModels.kt:102:12 Redeclaration:
data class SyncInboxResponse : Any
e: file:///home/rhyn/ITD103/tawi-tawi-frontend/android/app/src/main/kotlin/com/rhyn/data/remote/model/NetworkModels.kt:107:2 Cannot access 'typealias Serializable = Serializable': it is internal in file.
e: file:///home/rhyn/ITD103/tawi-tawi-frontend/android/app/src/main/kotlin/com/rhyn/data/remote/model/NetworkModels.kt:107:2 Illegal annotation class 'Serializable'.
e: file:///home/rhyn/ITD103/tawi-tawi-frontend/android/app/src/main/kotlin/com/rhyn/data/remote/model/NetworkModels.kt:108:12 Redeclaration:
data class MeshEnvelope : Any
e: file:///home/rhyn/ITD103/tawi-tawi-frontend/android/app/src/main/kotlin/com/rhyn/data/remote/model/NetworkModels.kt:124:2 Cannot access 'typealias Serializable = Serializable': it is internal in file.
e: file:///home/rhyn/ITD103/tawi-tawi-frontend/android/app/src/main/kotlin/com/rhyn/data/remote/model/NetworkModels.kt:124:2 Illegal annotation class 'Serializable'.
e: file:///home/rhyn/ITD103/tawi-tawi-frontend/android/app/src/main/kotlin/com/rhyn/data/remote/model/NetworkModels.kt:125:12 Redeclaration:
data class GoogleBackupRequest : Any
e: file:///home/rhyn/ITD103/tawi-tawi-frontend/android/app/src/main/kotlin/com/rhyn/data/remote/model/NetworkModels.kt:131:2 Cannot access 'typealias Serializable = Serializable': it is internal in file.
e: file:///home/rhyn/ITD103/tawi-tawi-frontend/android/app/src/main/kotlin/com/rhyn/data/remote/model/NetworkModels.kt:131:2 Illegal annotation class 'Serializable'.
e: file:///home/rhyn/ITD103/tawi-tawi-frontend/android/app/src/main/kotlin/com/rhyn/data/remote/model/NetworkModels.kt:132:12 Redeclaration:
data class GoogleAuthRequest : Any
e: file:///home/rhyn/ITD103/tawi-tawi-frontend/android/app/src/main/kotlin/com/rhyn/data/remote/model/NetworkModels.kt:139:2 Cannot access 'typealias Serializable = Serializable': it is internal in file.
e: file:///home/rhyn/ITD103/tawi-tawi-frontend/android/app/src/main/kotlin/com/rhyn/data/remote/model/NetworkModels.kt:139:2 Illegal annotation class 'Serializable'.
e: file:///home/rhyn/ITD103/tawi-tawi-frontend/android/app/src/main/kotlin/com/rhyn/data/remote/model/NetworkModels.kt:140:12 Redeclaration:
data class GoogleAuthResponse : Any
e: file:///home/rhyn/ITD103/tawi-tawi-frontend/android/app/src/main/kotlin/com/rhyn/data/repository/ChatRepositoryImpl.kt:6:19 Unresolved reference 'firebase'.
e: file:///home/rhyn/ITD103/tawi-tawi-frontend/android/app/src/main/kotlin/com/rhyn/data/repository/ChatRepositoryImpl.kt:27:8 Unresolved reference 'dagger'.
e: file:///home/rhyn/ITD103/tawi-tawi-frontend/android/app/src/main/kotlin/com/rhyn/data/repository/ChatRepositoryImpl.kt:28:11 Unresolved reference 'ktor'.
e: file:///home/rhyn/ITD103/tawi-tawi-frontend/android/app/src/main/kotlin/com/rhyn/data/repository/ChatRepositoryImpl.kt:32:27 Unresolved reference 'tasks'.
e: file:///home/rhyn/ITD103/tawi-tawi-frontend/android/app/src/main/kotlin/com/rhyn/data/repository/ChatRepositoryImpl.kt:35:14 Unresolved reference 'inject'.
e: file:///home/rhyn/ITD103/tawi-tawi-frontend/android/app/src/main/kotlin/com/rhyn/data/repository/ChatRepositoryImpl.kt:38:16 Unresolved reference 'serialization'.
e: file:///home/rhyn/ITD103/tawi-tawi-frontend/android/app/src/main/kotlin/com/rhyn/data/repository/ChatRepositoryImpl.kt:43:7 Redeclaration:
class ChatRepositoryImpl : ChatRepository
e: file:///home/rhyn/ITD103/tawi-tawi-frontend/android/app/src/main/kotlin/com/rhyn/data/repository/ChatRepositoryImpl.kt:43:27 Unresolved reference 'Inject'.
e: file:///home/rhyn/ITD103/tawi-tawi-frontend/android/app/src/main/kotlin/com/rhyn/data/repository/ChatRepositoryImpl.kt:44:6 Unresolved reference 'ApplicationContext'.
e: file:///home/rhyn/ITD103/tawi-tawi-frontend/android/app/src/main/kotlin/com/rhyn/data/repository/ChatRepositoryImpl.kt:54:43 Unresolved reference 'dagger'.
e: file:///home/rhyn/ITD103/tawi-tawi-frontend/android/app/src/main/kotlin/com/rhyn/data/repository/ChatRepositoryImpl.kt:338:13 Unresolved reference 'FirebaseMessaging'.
e: file:///home/rhyn/ITD103/tawi-tawi-frontend/android/app/src/main/kotlin/com/rhyn/data/repository/ChatRepositoryImpl.kt:433:34 Unresolved reference 'status'.
e: file:///home/rhyn/ITD103/tawi-tawi-frontend/android/app/src/main/kotlin/com/rhyn/data/repository/ChatRepositoryImpl.kt:446:32 Unresolved reference 'Json'.
e: file:///home/rhyn/ITD103/tawi-tawi-frontend/android/app/src/main/kotlin/com/rhyn/data/repository/ChatRepositoryImpl.kt:480:73 Argument type mismatch: actual type is 'kotlin.Any', but 'kotlin.String' was expected.
e: file:///home/rhyn/ITD103/tawi-tawi-frontend/android/app/src/main/kotlin/com/rhyn/data/repository/ChatRepositoryImpl.kt:481:43 Assignment type mismatch: actual type is 'kotlin.Any', but 'kotlin.String' was expected.
e: file:///home/rhyn/ITD103/tawi-tawi-frontend/android/app/src/main/kotlin/com/rhyn/data/repository/ChatRepositoryImpl.kt:506:49 No value passed for parameter 'name'.
e: file:///home/rhyn/ITD103/tawi-tawi-frontend/android/app/src/main/kotlin/com/rhyn/data/repository/ChatRepositoryImpl.kt:506:52 Unresolved reference 'processIncomingRelay'.
e: file:///home/rhyn/ITD103/tawi-tawi-frontend/android/app/src/main/kotlin/com/rhyn/data/repository/cloud/CloudSyncManager.kt:5:19 Unresolved reference 'firebase'.
e: file:///home/rhyn/ITD103/tawi-tawi-frontend/android/app/src/main/kotlin/com/rhyn/data/repository/cloud/CloudSyncManager.kt:15:8 Unresolved reference 'dagger'.
e: file:///home/rhyn/ITD103/tawi-tawi-frontend/android/app/src/main/kotlin/com/rhyn/data/repository/cloud/CloudSyncManager.kt:16:11 Unresolved reference 'ktor'.
e: file:///home/rhyn/ITD103/tawi-tawi-frontend/android/app/src/main/kotlin/com/rhyn/data/repository/cloud/CloudSyncManager.kt:17:11 Unresolved reference 'ktor'.
e: file:///home/rhyn/ITD103/tawi-tawi-frontend/android/app/src/main/kotlin/com/rhyn/data/repository/cloud/CloudSyncManager.kt:18:11 Unresolved reference 'ktor'.
e: file:///home/rhyn/ITD103/tawi-tawi-frontend/android/app/src/main/kotlin/com/rhyn/data/repository/cloud/CloudSyncManager.kt:19:11 Unresolved reference 'ktor'.
e: file:///home/rhyn/ITD103/tawi-tawi-frontend/android/app/src/main/kotlin/com/rhyn/data/repository/cloud/CloudSyncManager.kt:20:11 Unresolved reference 'ktor'.
e: file:///home/rhyn/ITD103/tawi-tawi-frontend/android/app/src/main/kotlin/com/rhyn/data/repository/cloud/CloudSyncManager.kt:29:27 Unresolved reference 'tasks'.
e: file:///home/rhyn/ITD103/tawi-tawi-frontend/android/app/src/main/kotlin/com/rhyn/data/repository/cloud/CloudSyncManager.kt:31:16 Unresolved reference 'serialization'.
e: file:///home/rhyn/ITD103/tawi-tawi-frontend/android/app/src/main/kotlin/com/rhyn/data/repository/cloud/CloudSyncManager.kt:32:14 Unresolved reference 'inject'.
e: file:///home/rhyn/ITD103/tawi-tawi-frontend/android/app/src/main/kotlin/com/rhyn/data/repository/cloud/CloudSyncManager.kt:33:14 Unresolved reference 'inject'.
e: file:///home/rhyn/ITD103/tawi-tawi-frontend/android/app/src/main/kotlin/com/rhyn/data/repository/cloud/CloudSyncManager.kt:35:2 Unresolved reference 'Singleton'.
e: file:///home/rhyn/ITD103/tawi-tawi-frontend/android/app/src/main/kotlin/com/rhyn/data/repository/cloud/CloudSyncManager.kt:36:7 Redeclaration:
class CloudSyncManager : Any
e: file:///home/rhyn/ITD103/tawi-tawi-frontend/android/app/src/main/kotlin/com/rhyn/data/repository/cloud/CloudSyncManager.kt:36:25 Unresolved reference 'Inject'.
e: file:///home/rhyn/ITD103/tawi-tawi-frontend/android/app/src/main/kotlin/com/rhyn/data/repository/cloud/CloudSyncManager.kt:43:6 Unresolved reference 'ApplicationContext'.
e: file:///home/rhyn/ITD103/tawi-tawi-frontend/android/app/src/main/kotlin/com/rhyn/data/repository/cloud/CloudSyncManager.kt:45:33 Unresolved reference 'DefaultClientWebSocketSession'.
e: file:///home/rhyn/ITD103/tawi-tawi-frontend/android/app/src/main/kotlin/com/rhyn/data/repository/cloud/CloudSyncManager.kt:55:33 Cannot infer type for this parameter. Please specify it explicitly.
e: file:///home/rhyn/ITD103/tawi-tawi-frontend/android/app/src/main/kotlin/com/rhyn/data/repository/cloud/CloudSyncManager.kt:55:33 Unresolved reference. None of the following candidates is applicable because of a receiver type mismatch:
fun <T, R> T.let(block: (T) -> R): R
    [R|Contract description]
     <
        CallsInPlace(block, EXACTLY_ONCE)
    >
e: file:///home/rhyn/ITD103/tawi-tawi-frontend/android/app/src/main/kotlin/com/rhyn/data/repository/cloud/CloudSyncManager.kt:55:39 Cannot infer type for this parameter. Please specify it explicitly.
e: file:///home/rhyn/ITD103/tawi-tawi-frontend/android/app/src/main/kotlin/com/rhyn/data/repository/cloud/CloudSyncManager.kt:57:25 Unresolved reference 'send'.
e: file:///home/rhyn/ITD103/tawi-tawi-frontend/android/app/src/main/kotlin/com/rhyn/data/repository/cloud/CloudSyncManager.kt:57:30 Unresolved reference 'Frame'.
e: file:///home/rhyn/ITD103/tawi-tawi-frontend/android/app/src/main/kotlin/com/rhyn/data/repository/cloud/CloudSyncManager.kt:75:36 Unresolved reference 'FirebaseMessaging'.
e: file:///home/rhyn/ITD103/tawi-tawi-frontend/android/app/src/main/kotlin/com/rhyn/data/repository/cloud/CloudSyncManager.kt:101:34 Unresolved reference 'Json'.
e: file:///home/rhyn/ITD103/tawi-tawi-frontend/android/app/src/main/kotlin/com/rhyn/data/repository/cloud/CloudSyncManager.kt:101:41 Unresolved reference 'ignoreUnknownKeys'.
e: file:///home/rhyn/ITD103/tawi-tawi-frontend/android/app/src/main/kotlin/com/rhyn/data/repository/cloud/CloudSyncManager.kt:102:56 Method 'iterator()' is ambiguous for this expression. Applicable candidates:
fun <T> Enumeration<T>.iterator(): Iterator<T>
fun <T> Iterator<T>.iterator(): Iterator<T>
fun <K, V> Map<out K, V>.iterator(): Iterator<Map.Entry<K, V>>
fun <K, V> MutableMap<K, V>.iterator(): MutableIterator<MutableMap.MutableEntry<K, V>>
fun CharSequence.iterator(): CharIterator
fun BufferedInputStream.iterator(): ByteIterator
e: file:///home/rhyn/ITD103/tawi-tawi-frontend/android/app/src/main/kotlin/com/rhyn/data/repository/cloud/CloudSyncManager.kt:102:56 Unresolved reference 'incoming'.
e: file:///home/rhyn/ITD103/tawi-tawi-frontend/android/app/src/main/kotlin/com/rhyn/data/repository/cloud/CloudSyncManager.kt:103:31 Unresolved reference 'Frame'.
e: file:///home/rhyn/ITD103/tawi-tawi-frontend/android/app/src/main/kotlin/com/rhyn/data/repository/cloud/CloudSyncManager.kt:104:50 Unresolved reference 'readText'.
e: file:///home/rhyn/ITD103/tawi-tawi-frontend/android/app/src/main/kotlin/com/rhyn/data/repository/cloud/CloudSyncManager.kt:125:26 Unresolved reference 'status'.
e: file:///home/rhyn/ITD103/tawi-tawi-frontend/android/app/src/main/kotlin/com/rhyn/data/repository/cloud/CloudSyncManager.kt:126:42 Unresolved reference 'body'.
e: file:///home/rhyn/ITD103/tawi-tawi-frontend/android/app/src/main/kotlin/com/rhyn/data/repository/cloud/CloudSyncManager.kt:129:46 Cannot infer type for this parameter. Please specify it explicitly.
e: file:///home/rhyn/ITD103/tawi-tawi-frontend/android/app/src/main/kotlin/com/rhyn/data/repository/cloud/CloudSyncManager.kt:131:34 Unresolved reference 'target_id'.
e: file:///home/rhyn/ITD103/tawi-tawi-frontend/android/app/src/main/kotlin/com/rhyn/data/repository/cloud/CloudSyncManager.kt:131:64 Unresolved reference 'sender_id'.
e: file:///home/rhyn/ITD103/tawi-tawi-frontend/android/app/src/main/kotlin/com/rhyn/data/repository/cloud/CloudSyncManager.kt:132:91 Unresolved reference 'target_id'.
e: file:///home/rhyn/ITD103/tawi-tawi-frontend/android/app/src/main/kotlin/com/rhyn/data/repository/cloud/CloudSyncManager.kt:133:25 Return type mismatch: expected 'ERROR CLASS: Cannot infer type variable TypeVariable(_L)', actual 'kotlin.Unit'.
e: file:///home/rhyn/ITD103/tawi-tawi-frontend/android/app/src/main/kotlin/com/rhyn/data/repository/cloud/CloudSyncManager.kt:136:57 Unresolved reference 'sender_id'.
e: file:///home/rhyn/ITD103/tawi-tawi-frontend/android/app/src/main/kotlin/com/rhyn/data/repository/cloud/CloudSyncManager.kt:136:85 Unresolved reference 'self_payload'.
e: file:///home/rhyn/ITD103/tawi-tawi-frontend/android/app/src/main/kotlin/com/rhyn/data/repository/cloud/CloudSyncManager.kt:136:112 Unresolved reference 'target_payload'.
e: file:///home/rhyn/ITD103/tawi-tawi-frontend/android/app/src/main/kotlin/com/rhyn/data/repository/cloud/CloudSyncManager.kt:144:21 Suspension functions can only be called within coroutine body.
e: file:///home/rhyn/ITD103/tawi-tawi-frontend/android/app/src/main/kotlin/com/rhyn/data/repository/cloud/CloudSyncManager.kt:144:46 Unresolved reference 'sender_id'.
e: file:///home/rhyn/ITD103/tawi-tawi-frontend/android/app/src/main/kotlin/com/rhyn/data/repository/cloud/CloudSyncManager.kt:144:66 Unresolved reference 'sender_username'.
e: file:///home/rhyn/ITD103/tawi-tawi-frontend/android/app/src/main/kotlin/com/rhyn/data/repository/cloud/CloudSyncManager.kt:146:57 Unresolved reference 'target_id'.
e: file:///home/rhyn/ITD103/tawi-tawi-frontend/android/app/src/main/kotlin/com/rhyn/data/repository/cloud/CloudSyncManager.kt:146:85 Unresolved reference 'sender_id'.
e: file:///home/rhyn/ITD103/tawi-tawi-frontend/android/app/src/main/kotlin/com/rhyn/data/repository/cloud/CloudSyncManager.kt:146:109 Unresolved reference 'target_id'.
e: file:///home/rhyn/ITD103/tawi-tawi-frontend/android/app/src/main/kotlin/com/rhyn/data/repository/cloud/CloudSyncManager.kt:147:45 Unresolved reference 'sender_id'.
e: file:///home/rhyn/ITD103/tawi-tawi-frontend/android/app/src/main/kotlin/com/rhyn/data/repository/cloud/CloudSyncManager.kt:149:32 Suspension functions can only be called within coroutine body.
e: file:///home/rhyn/ITD103/tawi-tawi-frontend/android/app/src/main/kotlin/com/rhyn/data/repository/cloud/CloudSyncManager.kt:151:50 Unresolved reference 'message_id'.
e: file:///home/rhyn/ITD103/tawi-tawi-frontend/android/app/src/main/kotlin/com/rhyn/data/repository/cloud/CloudSyncManager.kt:154:49 Unresolved reference 'sender_id'.
e: file:///home/rhyn/ITD103/tawi-tawi-frontend/android/app/src/main/kotlin/com/rhyn/data/repository/cloud/CloudSyncManager.kt:156:50 Unresolved reference 'timestamp'.
e: file:///home/rhyn/ITD103/tawi-tawi-frontend/android/app/src/main/kotlin/com/rhyn/data/repository/cloud/CloudSyncManager.kt:179:30 Unresolved reference 'status'.
e: file:///home/rhyn/ITD103/tawi-tawi-frontend/android/app/src/main/kotlin/com/rhyn/data/repository/cloud/CloudSyncManager.kt:180:48 Unresolved reference 'body'.
e: file:///home/rhyn/ITD103/tawi-tawi-frontend/android/app/src/main/kotlin/com/rhyn/data/repository/cloud/CloudSyncManager.kt:182:75 Cannot infer type for this parameter. Please specify it explicitly.
e: file:///home/rhyn/ITD103/tawi-tawi-frontend/android/app/src/main/kotlin/com/rhyn/data/repository/cloud/CloudSyncManager.kt:184:38 Unresolved reference 'target_id'.
e: file:///home/rhyn/ITD103/tawi-tawi-frontend/android/app/src/main/kotlin/com/rhyn/data/repository/cloud/CloudSyncManager.kt:184:68 Unresolved reference 'sender_id'.
e: file:///home/rhyn/ITD103/tawi-tawi-frontend/android/app/src/main/kotlin/com/rhyn/data/repository/cloud/CloudSyncManager.kt:188:61 Unresolved reference 'sender_id'.
e: file:///home/rhyn/ITD103/tawi-tawi-frontend/android/app/src/main/kotlin/com/rhyn/data/repository/cloud/CloudSyncManager.kt:188:89 Unresolved reference 'self_payload'.
e: file:///home/rhyn/ITD103/tawi-tawi-frontend/android/app/src/main/kotlin/com/rhyn/data/repository/cloud/CloudSyncManager.kt:188:116 Unresolved reference 'target_payload'.
e: file:///home/rhyn/ITD103/tawi-tawi-frontend/android/app/src/main/kotlin/com/rhyn/data/repository/cloud/CloudSyncManager.kt:196:25 Suspension functions can only be called within coroutine body.
e: file:///home/rhyn/ITD103/tawi-tawi-frontend/android/app/src/main/kotlin/com/rhyn/data/repository/cloud/CloudSyncManager.kt:196:50 Unresolved reference 'sender_id'.
e: file:///home/rhyn/ITD103/tawi-tawi-frontend/android/app/src/main/kotlin/com/rhyn/data/repository/cloud/CloudSyncManager.kt:196:70 Unresolved reference 'sender_username'.
e: file:///home/rhyn/ITD103/tawi-tawi-frontend/android/app/src/main/kotlin/com/rhyn/data/repository/cloud/CloudSyncManager.kt:198:61 Unresolved reference 'target_id'.
e: file:///home/rhyn/ITD103/tawi-tawi-frontend/android/app/src/main/kotlin/com/rhyn/data/repository/cloud/CloudSyncManager.kt:198:89 Unresolved reference 'sender_id'.
e: file:///home/rhyn/ITD103/tawi-tawi-frontend/android/app/src/main/kotlin/com/rhyn/data/repository/cloud/CloudSyncManager.kt:198:113 Unresolved reference 'target_id'.
e: file:///home/rhyn/ITD103/tawi-tawi-frontend/android/app/src/main/kotlin/com/rhyn/data/repository/cloud/CloudSyncManager.kt:199:49 Unresolved reference 'sender_id'.
e: file:///home/rhyn/ITD103/tawi-tawi-frontend/android/app/src/main/kotlin/com/rhyn/data/repository/cloud/CloudSyncManager.kt:202:50 Unresolved reference 'message_id'.
e: file:///home/rhyn/ITD103/tawi-tawi-frontend/android/app/src/main/kotlin/com/rhyn/data/repository/cloud/CloudSyncManager.kt:205:49 Unresolved reference 'sender_id'.
e: file:///home/rhyn/ITD103/tawi-tawi-frontend/android/app/src/main/kotlin/com/rhyn/data/repository/cloud/CloudSyncManager.kt:207:50 Unresolved reference 'timestamp'.
e: file:///home/rhyn/ITD103/tawi-tawi-frontend/android/app/src/main/kotlin/com/rhyn/data/repository/cloud/CloudSyncManager.kt:214:45 Cannot infer type for this parameter. Please specify it explicitly.
e: file:///home/rhyn/ITD103/tawi-tawi-frontend/android/app/src/main/kotlin/com/rhyn/data/repository/cloud/CloudSyncManager.kt:215:36 Suspension functions can only be called within coroutine body.
e: file:///home/rhyn/ITD103/tawi-tawi-frontend/android/app/src/main/kotlin/com/rhyn/data/repository/cloud/CloudSyncManager.kt:218:78 Unresolved reference 'size'.
e: file:///home/rhyn/ITD103/tawi-tawi-frontend/android/app/src/main/kotlin/com/rhyn/data/repository/cloud/CloudSyncManager.kt:231:21 Unresolved reference 'Json'.
e: file:///home/rhyn/ITD103/tawi-tawi-frontend/android/app/src/main/kotlin/com/rhyn/data/repository/cloud/CloudSyncManager.kt:235:39 Unresolved reference 'decodeFromString'.
e: file:///home/rhyn/ITD103/tawi-tawi-frontend/android/app/src/main/kotlin/com/rhyn/data/repository/cloud/CloudSyncManager.kt:336:30 Unresolved reference 'status'.
e: file:///home/rhyn/ITD103/tawi-tawi-frontend/android/app/src/main/kotlin/com/rhyn/data/repository/routing/MessageRouter.kt:15:11 Unresolved reference 'ktor'.
e: file:///home/rhyn/ITD103/tawi-tawi-frontend/android/app/src/main/kotlin/com/rhyn/data/repository/routing/MessageRouter.kt:16:11 Unresolved reference 'ktor'.
e: file:///home/rhyn/ITD103/tawi-tawi-frontend/android/app/src/main/kotlin/com/rhyn/data/repository/routing/MessageRouter.kt:21:16 Unresolved reference 'serialization'.
e: file:///home/rhyn/ITD103/tawi-tawi-frontend/android/app/src/main/kotlin/com/rhyn/data/repository/routing/MessageRouter.kt:22:16 Unresolved reference 'serialization'.
e: file:///home/rhyn/ITD103/tawi-tawi-frontend/android/app/src/main/kotlin/com/rhyn/data/repository/routing/MessageRouter.kt:23:14 Unresolved reference 'inject'.
e: file:///home/rhyn/ITD103/tawi-tawi-frontend/android/app/src/main/kotlin/com/rhyn/data/repository/routing/MessageRouter.kt:24:14 Unresolved reference 'inject'.
e: file:///home/rhyn/ITD103/tawi-tawi-frontend/android/app/src/main/kotlin/com/rhyn/data/repository/routing/MessageRouter.kt:28:2 Unresolved reference 'Singleton'.
e: file:///home/rhyn/ITD103/tawi-tawi-frontend/android/app/src/main/kotlin/com/rhyn/data/repository/routing/MessageRouter.kt:29:7 Redeclaration:
class MessageRouter : Any
e: file:///home/rhyn/ITD103/tawi-tawi-frontend/android/app/src/main/kotlin/com/rhyn/data/repository/routing/MessageRouter.kt:29:22 Unresolved reference 'Inject'.
e: file:///home/rhyn/ITD103/tawi-tawi-frontend/android/app/src/main/kotlin/com/rhyn/data/repository/routing/MessageRouter.kt:71:59 Unresolved reference 'DefaultClientWebSocketSession'.
e: file:///home/rhyn/ITD103/tawi-tawi-frontend/android/app/src/main/kotlin/com/rhyn/data/repository/routing/MessageRouter.kt:83:78 Unresolved reference 'DefaultClientWebSocketSession'.
e: file:///home/rhyn/ITD103/tawi-tawi-frontend/android/app/src/main/kotlin/com/rhyn/data/repository/routing/MessageRouter.kt:163:47 Unresolved reference 'Json'.
e: file:///home/rhyn/ITD103/tawi-tawi-frontend/android/app/src/main/kotlin/com/rhyn/data/repository/routing/MessageRouter.kt:215:59 Unresolved reference 'Json'.
e: file:///home/rhyn/ITD103/tawi-tawi-frontend/android/app/src/main/kotlin/com/rhyn/data/repository/routing/MessageRouter.kt:241:54 Unresolved reference 'send'.
e: file:///home/rhyn/ITD103/tawi-tawi-frontend/android/app/src/main/kotlin/com/rhyn/data/repository/routing/MessageRouter.kt:241:59 Unresolved reference 'Frame'.
e: file:///home/rhyn/ITD103/tawi-tawi-frontend/android/app/src/main/kotlin/com/rhyn/data/repository/routing/MessageRouter.kt:288:27 Unresolved reference 'DefaultClientWebSocketSession'.
e: file:///home/rhyn/ITD103/tawi-tawi-frontend/android/app/src/main/kotlin/com/rhyn/data/repository/routing/MessageRouter.kt:305:36 Unresolved reference 'Json'.
e: file:///home/rhyn/ITD103/tawi-tawi-frontend/android/app/src/main/kotlin/com/rhyn/data/repository/routing/MessageRouter.kt:366:54 Unresolved reference 'send'.
e: file:///home/rhyn/ITD103/tawi-tawi-frontend/android/app/src/main/kotlin/com/rhyn/data/repository/routing/MessageRouter.kt:366:59 Unresolved reference 'Frame'.
e: file:///home/rhyn/ITD103/tawi-tawi-frontend/android/app/src/main/kotlin/com/rhyn/data/repository/routing/MessageRouter.kt:410:43 Unresolved reference 'Json'.
e: file:///home/rhyn/ITD103/tawi-tawi-frontend/android/app/src/main/kotlin/com/rhyn/data/repository/routing/MessageRouter.kt:420:59 Unresolved reference 'DefaultClientWebSocketSession'.
e: file:///home/rhyn/ITD103/tawi-tawi-frontend/android/app/src/main/kotlin/com/rhyn/data/repository/routing/MessageRouter.kt:448:46 Unresolved reference 'send'.
e: file:///home/rhyn/ITD103/tawi-tawi-frontend/android/app/src/main/kotlin/com/rhyn/data/repository/routing/MessageRouter.kt:448:51 Unresolved reference 'Frame'.
e: file:///home/rhyn/ITD103/tawi-tawi-frontend/android/app/src/main/kotlin/com/rhyn/data/repository/routing/MessageRouter.kt:476:39 Unresolved reference 'Json'.
e: file:///home/rhyn/ITD103/tawi-tawi-frontend/android/app/src/main/kotlin/com/rhyn/data/repository/routing/RoutePlanner.kt:5:14 Unresolved reference 'inject'.
e: file:///home/rhyn/ITD103/tawi-tawi-frontend/android/app/src/main/kotlin/com/rhyn/data/repository/routing/RoutePlanner.kt:7:7 Redeclaration:
class RoutePlanner : Any
e: file:///home/rhyn/ITD103/tawi-tawi-frontend/android/app/src/main/kotlin/com/rhyn/data/repository/routing/RoutePlanner.kt:7:21 Unresolved reference 'Inject'.
e: file:///home/rhyn/ITD103/tawi-tawi-frontend/android/app/src/main/kotlin/com/rhyn/di/CryptoModule.kt:4:8 Unresolved reference 'dagger'.
e: file:///home/rhyn/ITD103/tawi-tawi-frontend/android/app/src/main/kotlin/com/rhyn/di/CryptoModule.kt:5:8 Unresolved reference 'dagger'.
e: file:///home/rhyn/ITD103/tawi-tawi-frontend/android/app/src/main/kotlin/com/rhyn/di/CryptoModule.kt:6:8 Unresolved reference 'dagger'.
e: file:///home/rhyn/ITD103/tawi-tawi-frontend/android/app/src/main/kotlin/com/rhyn/di/CryptoModule.kt:7:8 Unresolved reference 'dagger'.
e: file:///home/rhyn/ITD103/tawi-tawi-frontend/android/app/src/main/kotlin/com/rhyn/di/CryptoModule.kt:8:14 Unresolved reference 'inject'.
e: file:///home/rhyn/ITD103/tawi-tawi-frontend/android/app/src/main/kotlin/com/rhyn/di/CryptoModule.kt:10:2 Unresolved reference 'Module'.
e: file:///home/rhyn/ITD103/tawi-tawi-frontend/android/app/src/main/kotlin/com/rhyn/di/CryptoModule.kt:11:2 Unresolved reference 'InstallIn'.
e: file:///home/rhyn/ITD103/tawi-tawi-frontend/android/app/src/main/kotlin/com/rhyn/di/CryptoModule.kt:11:12 Unresolved reference 'SingletonComponent'.
e: file:///home/rhyn/ITD103/tawi-tawi-frontend/android/app/src/main/kotlin/com/rhyn/di/CryptoModule.kt:12:8 Redeclaration:
object CryptoModule : Any
e: file:///home/rhyn/ITD103/tawi-tawi-frontend/android/app/src/main/kotlin/com/rhyn/di/CryptoModule.kt:14:6 Unresolved reference 'Provides'.
e: file:///home/rhyn/ITD103/tawi-tawi-frontend/android/app/src/main/kotlin/com/rhyn/di/CryptoModule.kt:15:6 Unresolved reference 'Singleton'.
e: file:///home/rhyn/ITD103/tawi-tawi-frontend/android/app/src/main/kotlin/com/rhyn/di/DatabaseModule.kt:4:17 Unresolved reference 'room'.
e: file:///home/rhyn/ITD103/tawi-tawi-frontend/android/app/src/main/kotlin/com/rhyn/di/DatabaseModule.kt:11:8 Unresolved reference 'dagger'.
e: file:///home/rhyn/ITD103/tawi-tawi-frontend/android/app/src/main/kotlin/com/rhyn/di/DatabaseModule.kt:12:8 Unresolved reference 'dagger'.
e: file:///home/rhyn/ITD103/tawi-tawi-frontend/android/app/src/main/kotlin/com/rhyn/di/DatabaseModule.kt:13:8 Unresolved reference 'dagger'.
e: file:///home/rhyn/ITD103/tawi-tawi-frontend/android/app/src/main/kotlin/com/rhyn/di/DatabaseModule.kt:14:8 Unresolved reference 'dagger'.
e: file:///home/rhyn/ITD103/tawi-tawi-frontend/android/app/src/main/kotlin/com/rhyn/di/DatabaseModule.kt:15:8 Unresolved reference 'dagger'.
e: file:///home/rhyn/ITD103/tawi-tawi-frontend/android/app/src/main/kotlin/com/rhyn/di/DatabaseModule.kt:16:14 Unresolved reference 'inject'.
e: file:///home/rhyn/ITD103/tawi-tawi-frontend/android/app/src/main/kotlin/com/rhyn/di/DatabaseModule.kt:18:2 Unresolved reference 'Module'.
e: file:///home/rhyn/ITD103/tawi-tawi-frontend/android/app/src/main/kotlin/com/rhyn/di/DatabaseModule.kt:19:2 Unresolved reference 'InstallIn'.
e: file:///home/rhyn/ITD103/tawi-tawi-frontend/android/app/src/main/kotlin/com/rhyn/di/DatabaseModule.kt:19:12 Unresolved reference 'SingletonComponent'.
e: file:///home/rhyn/ITD103/tawi-tawi-frontend/android/app/src/main/kotlin/com/rhyn/di/DatabaseModule.kt:20:8 Redeclaration:
object DatabaseModule : Any
e: file:///home/rhyn/ITD103/tawi-tawi-frontend/android/app/src/main/kotlin/com/rhyn/di/DatabaseModule.kt:23:6 Unresolved reference 'Provides'.
e: file:///home/rhyn/ITD103/tawi-tawi-frontend/android/app/src/main/kotlin/com/rhyn/di/DatabaseModule.kt:24:6 Unresolved reference 'Singleton'.
e: file:///home/rhyn/ITD103/tawi-tawi-frontend/android/app/src/main/kotlin/com/rhyn/di/DatabaseModule.kt:25:35 Unresolved reference 'ApplicationContext'.
e: file:///home/rhyn/ITD103/tawi-tawi-frontend/android/app/src/main/kotlin/com/rhyn/di/DatabaseModule.kt:30:6 Unresolved reference 'Provides'.
e: file:///home/rhyn/ITD103/tawi-tawi-frontend/android/app/src/main/kotlin/com/rhyn/di/DatabaseModule.kt:31:6 Unresolved reference 'Singleton'.
e: file:///home/rhyn/ITD103/tawi-tawi-frontend/android/app/src/main/kotlin/com/rhyn/di/DatabaseModule.kt:33:10 Unresolved reference 'ApplicationContext'.
e: file:///home/rhyn/ITD103/tawi-tawi-frontend/android/app/src/main/kotlin/com/rhyn/di/DatabaseModule.kt:35:16 Unresolved reference 'Room'.
e: file:///home/rhyn/ITD103/tawi-tawi-frontend/android/app/src/main/kotlin/com/rhyn/di/DatabaseModule.kt:44:6 Unresolved reference 'Provides'.
e: file:///home/rhyn/ITD103/tawi-tawi-frontend/android/app/src/main/kotlin/com/rhyn/di/DatabaseModule.kt:45:6 Unresolved reference 'Singleton'.
e: file:///home/rhyn/ITD103/tawi-tawi-frontend/android/app/src/main/kotlin/com/rhyn/di/DatabaseModule.kt:50:6 Unresolved reference 'Provides'.
e: file:///home/rhyn/ITD103/tawi-tawi-frontend/android/app/src/main/kotlin/com/rhyn/di/DatabaseModule.kt:51:6 Unresolved reference 'Singleton'.
e: file:///home/rhyn/ITD103/tawi-tawi-frontend/android/app/src/main/kotlin/com/rhyn/di/DatabaseModule.kt:56:6 Unresolved reference 'Provides'.
e: file:///home/rhyn/ITD103/tawi-tawi-frontend/android/app/src/main/kotlin/com/rhyn/di/DatabaseModule.kt:57:6 Unresolved reference 'Singleton'.
e: file:///home/rhyn/ITD103/tawi-tawi-frontend/android/app/src/main/kotlin/com/rhyn/di/DatabaseModule.kt:62:6 Unresolved reference 'Provides'.
e: file:///home/rhyn/ITD103/tawi-tawi-frontend/android/app/src/main/kotlin/com/rhyn/di/DatabaseModule.kt:67:6 Unresolved reference 'Provides'.
e: file:///home/rhyn/ITD103/tawi-tawi-frontend/android/app/src/main/kotlin/com/rhyn/di/DatabaseModule.kt:68:6 Unresolved reference 'Singleton'.
e: file:///home/rhyn/ITD103/tawi-tawi-frontend/android/app/src/main/kotlin/com/rhyn/di/NetworkModule.kt:3:11 Unresolved reference 'ktor'.
e: file:///home/rhyn/ITD103/tawi-tawi-frontend/android/app/src/main/kotlin/com/rhyn/di/NetworkModule.kt:4:11 Unresolved reference 'ktor'.
e: file:///home/rhyn/ITD103/tawi-tawi-frontend/android/app/src/main/kotlin/com/rhyn/di/NetworkModule.kt:5:11 Unresolved reference 'ktor'.
e: file:///home/rhyn/ITD103/tawi-tawi-frontend/android/app/src/main/kotlin/com/rhyn/di/NetworkModule.kt:6:11 Unresolved reference 'ktor'.
e: file:///home/rhyn/ITD103/tawi-tawi-frontend/android/app/src/main/kotlin/com/rhyn/di/NetworkModule.kt:7:11 Unresolved reference 'ktor'.
e: file:///home/rhyn/ITD103/tawi-tawi-frontend/android/app/src/main/kotlin/com/rhyn/di/NetworkModule.kt:8:16 Unresolved reference 'serialization'.
e: file:///home/rhyn/ITD103/tawi-tawi-frontend/android/app/src/main/kotlin/com/rhyn/di/NetworkModule.kt:9:8 Unresolved reference 'dagger'.
e: file:///home/rhyn/ITD103/tawi-tawi-frontend/android/app/src/main/kotlin/com/rhyn/di/NetworkModule.kt:10:8 Unresolved reference 'dagger'.
e: file:///home/rhyn/ITD103/tawi-tawi-frontend/android/app/src/main/kotlin/com/rhyn/di/NetworkModule.kt:11:8 Unresolved reference 'dagger'.
e: file:///home/rhyn/ITD103/tawi-tawi-frontend/android/app/src/main/kotlin/com/rhyn/di/NetworkModule.kt:12:8 Unresolved reference 'dagger'.
e: file:///home/rhyn/ITD103/tawi-tawi-frontend/android/app/src/main/kotlin/com/rhyn/di/NetworkModule.kt:13:14 Unresolved reference 'inject'.
e: file:///home/rhyn/ITD103/tawi-tawi-frontend/android/app/src/main/kotlin/com/rhyn/di/NetworkModule.kt:15:2 Unresolved reference 'Module'.
e: file:///home/rhyn/ITD103/tawi-tawi-frontend/android/app/src/main/kotlin/com/rhyn/di/NetworkModule.kt:16:2 Unresolved reference 'InstallIn'.
e: file:///home/rhyn/ITD103/tawi-tawi-frontend/android/app/src/main/kotlin/com/rhyn/di/NetworkModule.kt:16:12 Unresolved reference 'SingletonComponent'.
e: file:///home/rhyn/ITD103/tawi-tawi-frontend/android/app/src/main/kotlin/com/rhyn/di/NetworkModule.kt:17:8 Redeclaration:
object NetworkModule : Any
e: file:///home/rhyn/ITD103/tawi-tawi-frontend/android/app/src/main/kotlin/com/rhyn/di/NetworkModule.kt:19:6 Unresolved reference 'Provides'.
e: file:///home/rhyn/ITD103/tawi-tawi-frontend/android/app/src/main/kotlin/com/rhyn/di/NetworkModule.kt:20:6 Unresolved reference 'Singleton'.
e: file:///home/rhyn/ITD103/tawi-tawi-frontend/android/app/src/main/kotlin/com/rhyn/di/NetworkModule.kt:21:30 Unresolved reference 'HttpClient'.
e: file:///home/rhyn/ITD103/tawi-tawi-frontend/android/app/src/main/kotlin/com/rhyn/di/NetworkModule.kt:22:16 Unresolved reference 'HttpClient'.
e: file:///home/rhyn/ITD103/tawi-tawi-frontend/android/app/src/main/kotlin/com/rhyn/di/NetworkModule.kt:22:27 Unresolved reference 'CIO'.
e: file:///home/rhyn/ITD103/tawi-tawi-frontend/android/app/src/main/kotlin/com/rhyn/di/NetworkModule.kt:23:13 Unresolved reference 'engine'.
e: file:///home/rhyn/ITD103/tawi-tawi-frontend/android/app/src/main/kotlin/com/rhyn/di/NetworkModule.kt:25:17 Unresolved reference 'requestTimeout'.
e: file:///home/rhyn/ITD103/tawi-tawi-frontend/android/app/src/main/kotlin/com/rhyn/di/NetworkModule.kt:27:13 Unresolved reference 'install'.
e: file:///home/rhyn/ITD103/tawi-tawi-frontend/android/app/src/main/kotlin/com/rhyn/di/NetworkModule.kt:27:21 Unresolved reference 'ContentNegotiation'.
e: file:///home/rhyn/ITD103/tawi-tawi-frontend/android/app/src/main/kotlin/com/rhyn/di/NetworkModule.kt:28:17 Unresolved reference 'json'.
e: file:///home/rhyn/ITD103/tawi-tawi-frontend/android/app/src/main/kotlin/com/rhyn/di/NetworkModule.kt:28:22 Unresolved reference 'Json'.
e: file:///home/rhyn/ITD103/tawi-tawi-frontend/android/app/src/main/kotlin/com/rhyn/di/NetworkModule.kt:29:21 Unresolved reference 'ignoreUnknownKeys'.
e: file:///home/rhyn/ITD103/tawi-tawi-frontend/android/app/src/main/kotlin/com/rhyn/di/NetworkModule.kt:30:21 Unresolved reference 'prettyPrint'.
e: file:///home/rhyn/ITD103/tawi-tawi-frontend/android/app/src/main/kotlin/com/rhyn/di/NetworkModule.kt:33:13 Unresolved reference 'install'.
e: file:///home/rhyn/ITD103/tawi-tawi-frontend/android/app/src/main/kotlin/com/rhyn/di/NetworkModule.kt:33:21 Unresolved reference 'WebSockets'.
e: file:///home/rhyn/ITD103/tawi-tawi-frontend/android/app/src/main/kotlin/com/rhyn/di/NetworkModule.kt:36:17 Unresolved reference 'pingInterval'.
e: file:///home/rhyn/ITD103/tawi-tawi-frontend/android/app/src/main/kotlin/com/rhyn/di/RepositoryModule.kt:5:8 Unresolved reference 'dagger'.
e: file:///home/rhyn/ITD103/tawi-tawi-frontend/android/app/src/main/kotlin/com/rhyn/di/RepositoryModule.kt:6:8 Unresolved reference 'dagger'.
e: file:///home/rhyn/ITD103/tawi-tawi-frontend/android/app/src/main/kotlin/com/rhyn/di/RepositoryModule.kt:7:8 Unresolved reference 'dagger'.
e: file:///home/rhyn/ITD103/tawi-tawi-frontend/android/app/src/main/kotlin/com/rhyn/di/RepositoryModule.kt:8:8 Unresolved reference 'dagger'.
e: file:///home/rhyn/ITD103/tawi-tawi-frontend/android/app/src/main/kotlin/com/rhyn/di/RepositoryModule.kt:9:14 Unresolved reference 'inject'.
e: file:///home/rhyn/ITD103/tawi-tawi-frontend/android/app/src/main/kotlin/com/rhyn/di/RepositoryModule.kt:11:2 Unresolved reference 'Module'.
e: file:///home/rhyn/ITD103/tawi-tawi-frontend/android/app/src/main/kotlin/com/rhyn/di/RepositoryModule.kt:12:2 Unresolved reference 'InstallIn'.
e: file:///home/rhyn/ITD103/tawi-tawi-frontend/android/app/src/main/kotlin/com/rhyn/di/RepositoryModule.kt:12:12 Unresolved reference 'SingletonComponent'.
e: file:///home/rhyn/ITD103/tawi-tawi-frontend/android/app/src/main/kotlin/com/rhyn/di/RepositoryModule.kt:14:16 Redeclaration:
class RepositoryModule : Any
e: file:///home/rhyn/ITD103/tawi-tawi-frontend/android/app/src/main/kotlin/com/rhyn/di/RepositoryModule.kt:16:6 Unresolved reference 'Binds'.
e: file:///home/rhyn/ITD103/tawi-tawi-frontend/android/app/src/main/kotlin/com/rhyn/di/RepositoryModule.kt:17:6 Unresolved reference 'Singleton'.
e: file:///home/rhyn/ITD103/tawi-tawi-frontend/android/app/src/main/kotlin/com/rhyn/domain/repository/ChatRepository.kt:9:11 Redeclaration:
interface ChatRepository : Any
e: file:///home/rhyn/ITD103/tawi-tawi-frontend/android/app/src/main/kotlin/com/rhyn/presentation/feature/account/AccountScreen.kt:4:17 Unresolved reference 'compose'.
e: file:///home/rhyn/ITD103/tawi-tawi-frontend/android/app/src/main/kotlin/com/rhyn/presentation/feature/account/AccountScreen.kt:5:17 Unresolved reference 'compose'.
e: file:///home/rhyn/ITD103/tawi-tawi-frontend/android/app/src/main/kotlin/com/rhyn/presentation/feature/account/AccountScreen.kt:6:17 Unresolved reference 'compose'.
e: file:///home/rhyn/ITD103/tawi-tawi-frontend/android/app/src/main/kotlin/com/rhyn/presentation/feature/account/AccountScreen.kt:7:17 Unresolved reference 'compose'.
e: file:///home/rhyn/ITD103/tawi-tawi-frontend/android/app/src/main/kotlin/com/rhyn/presentation/feature/account/AccountScreen.kt:8:17 Unresolved reference 'compose'.
e: file:///home/rhyn/ITD103/tawi-tawi-frontend/android/app/src/main/kotlin/com/rhyn/presentation/feature/account/AccountScreen.kt:9:17 Unresolved reference 'compose'.
e: file:///home/rhyn/ITD103/tawi-tawi-frontend/android/app/src/main/kotlin/com/rhyn/presentation/feature/account/AccountScreen.kt:10:17 Unresolved reference 'compose'.
e: file:///home/rhyn/ITD103/tawi-tawi-frontend/android/app/src/main/kotlin/com/rhyn/presentation/feature/account/AccountScreen.kt:11:17 Unresolved reference 'compose'.
e: file:///home/rhyn/ITD103/tawi-tawi-frontend/android/app/src/main/kotlin/com/rhyn/presentation/feature/account/AccountScreen.kt:12:17 Unresolved reference 'compose'.
e: file:///home/rhyn/ITD103/tawi-tawi-frontend/android/app/src/main/kotlin/com/rhyn/presentation/feature/account/AccountScreen.kt:13:17 Unresolved reference 'compose'.
e: file:///home/rhyn/ITD103/tawi-tawi-frontend/android/app/src/main/kotlin/com/rhyn/presentation/feature/account/AccountScreen.kt:14:17 Unresolved reference 'compose'.
e: file:///home/rhyn/ITD103/tawi-tawi-frontend/android/app/src/main/kotlin/com/rhyn/presentation/feature/account/AccountScreen.kt:15:17 Unresolved reference 'compose'.
e: file:///home/rhyn/ITD103/tawi-tawi-frontend/android/app/src/main/kotlin/com/rhyn/presentation/feature/account/AccountScreen.kt:16:17 Unresolved reference 'compose'.
e: file:///home/rhyn/ITD103/tawi-tawi-frontend/android/app/src/main/kotlin/com/rhyn/presentation/feature/account/AccountScreen.kt:17:17 Unresolved reference 'compose'.
e: file:///home/rhyn/ITD103/tawi-tawi-frontend/android/app/src/main/kotlin/com/rhyn/presentation/feature/account/AccountScreen.kt:18:17 Unresolved reference 'compose'.
e: file:///home/rhyn/ITD103/tawi-tawi-frontend/android/app/src/main/kotlin/com/rhyn/presentation/feature/account/AccountScreen.kt:19:17 Unresolved reference 'compose'.
e: file:///home/rhyn/ITD103/tawi-tawi-frontend/android/app/src/main/kotlin/com/rhyn/presentation/feature/account/AccountScreen.kt:20:17 Unresolved reference 'compose'.
e: file:///home/rhyn/ITD103/tawi-tawi-frontend/android/app/src/main/kotlin/com/rhyn/presentation/feature/account/AccountScreen.kt:21:17 Unresolved reference 'compose'.
e: file:///home/rhyn/ITD103/tawi-tawi-frontend/android/app/src/main/kotlin/com/rhyn/presentation/feature/account/AccountScreen.kt:22:17 Unresolved reference 'compose'.
e: file:///home/rhyn/ITD103/tawi-tawi-frontend/android/app/src/main/kotlin/com/rhyn/presentation/feature/account/AccountScreen.kt:23:17 Unresolved reference 'compose'.
e: file:///home/rhyn/ITD103/tawi-tawi-frontend/android/app/src/main/kotlin/com/rhyn/presentation/feature/account/AccountScreen.kt:25:17 Unresolved reference 'hilt'.
e: file:///home/rhyn/ITD103/tawi-tawi-frontend/android/app/src/main/kotlin/com/rhyn/presentation/feature/account/AccountScreen.kt:28:8 Unresolved reference 'ExperimentalMaterial3Api'.
e: file:///home/rhyn/ITD103/tawi-tawi-frontend/android/app/src/main/kotlin/com/rhyn/presentation/feature/account/AccountScreen.kt:28:8 Annotation argument must be a compile-time constant.
e: file:///home/rhyn/ITD103/tawi-tawi-frontend/android/app/src/main/kotlin/com/rhyn/presentation/feature/account/AccountScreen.kt:29:2 Unresolved reference 'Composable'.
e: file:///home/rhyn/ITD103/tawi-tawi-frontend/android/app/src/main/kotlin/com/rhyn/presentation/feature/account/AccountScreen.kt:30:1 Conflicting overloads:
fun AccountScreen(viewModel: AccountViewModel = ..., onLogoutClick: () -> Unit): Unit
e: file:///home/rhyn/ITD103/tawi-tawi-frontend/android/app/src/main/kotlin/com/rhyn/presentation/feature/account/AccountScreen.kt:31:35 Unresolved reference 'hiltViewModel'.
e: file:///home/rhyn/ITD103/tawi-tawi-frontend/android/app/src/main/kotlin/com/rhyn/presentation/feature/account/AccountScreen.kt:34:38 Unresolved reference 'collectAsState'.
e: file:///home/rhyn/ITD103/tawi-tawi-frontend/android/app/src/main/kotlin/com/rhyn/presentation/feature/account/AccountScreen.kt:37:20 Unresolved reference 'remember'.
e: file:///home/rhyn/ITD103/tawi-tawi-frontend/android/app/src/main/kotlin/com/rhyn/presentation/feature/account/AccountScreen.kt:37:37 Unresolved reference 'qrPayload'.
e: file:///home/rhyn/ITD103/tawi-tawi-frontend/android/app/src/main/kotlin/com/rhyn/presentation/feature/account/AccountScreen.kt:38:48 Unresolved reference 'qrPayload'.
e: file:///home/rhyn/ITD103/tawi-tawi-frontend/android/app/src/main/kotlin/com/rhyn/presentation/feature/account/AccountScreen.kt:41:5 Unresolved reference 'Scaffold'.
e: file:///home/rhyn/ITD103/tawi-tawi-frontend/android/app/src/main/kotlin/com/rhyn/presentation/feature/account/AccountScreen.kt:42:26 Unresolved reference 'MaterialTheme'.
e: file:///home/rhyn/ITD103/tawi-tawi-frontend/android/app/src/main/kotlin/com/rhyn/presentation/feature/account/AccountScreen.kt:44:13 Unresolved reference 'TopAppBar'.
e: file:///home/rhyn/ITD103/tawi-tawi-frontend/android/app/src/main/kotlin/com/rhyn/presentation/feature/account/AccountScreen.kt:45:27 Unresolved reference 'Text'.
e: file:///home/rhyn/ITD103/tawi-tawi-frontend/android/app/src/main/kotlin/com/rhyn/presentation/feature/account/AccountScreen.kt:45:59 Unresolved reference 'MaterialTheme'.
e: file:///home/rhyn/ITD103/tawi-tawi-frontend/android/app/src/main/kotlin/com/rhyn/presentation/feature/account/AccountScreen.kt:46:26 Unresolved reference 'TopAppBarDefaults'.
e: file:///home/rhyn/ITD103/tawi-tawi-frontend/android/app/src/main/kotlin/com/rhyn/presentation/feature/account/AccountScreen.kt:47:38 Unresolved reference 'MaterialTheme'.
e: file:///home/rhyn/ITD103/tawi-tawi-frontend/android/app/src/main/kotlin/com/rhyn/presentation/feature/account/AccountScreen.kt:48:41 Unresolved reference 'MaterialTheme'.
e: file:///home/rhyn/ITD103/tawi-tawi-frontend/android/app/src/main/kotlin/com/rhyn/presentation/feature/account/AccountScreen.kt:50:32 Unresolved reference 'WindowInsets'.
e: file:///home/rhyn/ITD103/tawi-tawi-frontend/android/app/src/main/kotlin/com/rhyn/presentation/feature/account/AccountScreen.kt:53:9 Cannot infer type for this parameter. Please specify it explicitly.
e: file:///home/rhyn/ITD103/tawi-tawi-frontend/android/app/src/main/kotlin/com/rhyn/presentation/feature/account/AccountScreen.kt:54:9 Unresolved reference 'Column'.
e: file:///home/rhyn/ITD103/tawi-tawi-frontend/android/app/src/main/kotlin/com/rhyn/presentation/feature/account/AccountScreen.kt:55:24 Unresolved reference 'Modifier'.
e: file:///home/rhyn/ITD103/tawi-tawi-frontend/android/app/src/main/kotlin/com/rhyn/presentation/feature/account/AccountScreen.kt:58:33 Unresolved reference 'rememberScrollState'.
e: file:///home/rhyn/ITD103/tawi-tawi-frontend/android/app/src/main/kotlin/com/rhyn/presentation/feature/account/AccountScreen.kt:59:29 Unresolved reference 'dp'.
e: file:///home/rhyn/ITD103/tawi-tawi-frontend/android/app/src/main/kotlin/com/rhyn/presentation/feature/account/AccountScreen.kt:60:35 Unresolved reference 'Alignment'.
e: file:///home/rhyn/ITD103/tawi-tawi-frontend/android/app/src/main/kotlin/com/rhyn/presentation/feature/account/AccountScreen.kt:62:13 Unresolved reference 'Surface'.
e: file:///home/rhyn/ITD103/tawi-tawi-frontend/android/app/src/main/kotlin/com/rhyn/presentation/feature/account/AccountScreen.kt:63:28 Unresolved reference 'Modifier'.
e: file:///home/rhyn/ITD103/tawi-tawi-frontend/android/app/src/main/kotlin/com/rhyn/presentation/feature/account/AccountScreen.kt:63:46 Unresolved reference 'dp'.
e: file:///home/rhyn/ITD103/tawi-tawi-frontend/android/app/src/main/kotlin/com/rhyn/presentation/feature/account/AccountScreen.kt:64:25 Unresolved reference 'CircleShape'.
e: file:///home/rhyn/ITD103/tawi-tawi-frontend/android/app/src/main/kotlin/com/rhyn/presentation/feature/account/AccountScreen.kt:65:25 Unresolved reference 'MaterialTheme'.
e: file:///home/rhyn/ITD103/tawi-tawi-frontend/android/app/src/main/kotlin/com/rhyn/presentation/feature/account/AccountScreen.kt:66:37 Unresolved reference 'dp'.
e: file:///home/rhyn/ITD103/tawi-tawi-frontend/android/app/src/main/kotlin/com/rhyn/presentation/feature/account/AccountScreen.kt:68:17 Unresolved reference 'Box'.
e: file:///home/rhyn/ITD103/tawi-tawi-frontend/android/app/src/main/kotlin/com/rhyn/presentation/feature/account/AccountScreen.kt:68:40 Unresolved reference 'Alignment'.
e: file:///home/rhyn/ITD103/tawi-tawi-frontend/android/app/src/main/kotlin/com/rhyn/presentation/feature/account/AccountScreen.kt:69:21 Unresolved reference 'Icon'.
e: file:///home/rhyn/ITD103/tawi-tawi-frontend/android/app/src/main/kotlin/com/rhyn/presentation/feature/account/AccountScreen.kt:70:39 Unresolved reference 'Icons'.
e: file:///home/rhyn/ITD103/tawi-tawi-frontend/android/app/src/main/kotlin/com/rhyn/presentation/feature/account/AccountScreen.kt:72:36 Unresolved reference 'Modifier'.
e: file:///home/rhyn/ITD103/tawi-tawi-frontend/android/app/src/main/kotlin/com/rhyn/presentation/feature/account/AccountScreen.kt:72:53 Unresolved reference 'dp'.
e: file:///home/rhyn/ITD103/tawi-tawi-frontend/android/app/src/main/kotlin/com/rhyn/presentation/feature/account/AccountScreen.kt:73:32 Unresolved reference 'MaterialTheme'.
e: file:///home/rhyn/ITD103/tawi-tawi-frontend/android/app/src/main/kotlin/com/rhyn/presentation/feature/account/AccountScreen.kt:78:13 Unresolved reference 'Spacer'.
e: file:///home/rhyn/ITD103/tawi-tawi-frontend/android/app/src/main/kotlin/com/rhyn/presentation/feature/account/AccountScreen.kt:78:31 Unresolved reference 'Modifier'.
e: file:///home/rhyn/ITD103/tawi-tawi-frontend/android/app/src/main/kotlin/com/rhyn/presentation/feature/account/AccountScreen.kt:78:50 Unresolved reference 'dp'.
e: file:///home/rhyn/ITD103/tawi-tawi-frontend/android/app/src/main/kotlin/com/rhyn/presentation/feature/account/AccountScreen.kt:80:13 Unresolved reference 'Text'.
e: file:///home/rhyn/ITD103/tawi-tawi-frontend/android/app/src/main/kotlin/com/rhyn/presentation/feature/account/AccountScreen.kt:81:32 Unresolved reference 'username'.
e: file:///home/rhyn/ITD103/tawi-tawi-frontend/android/app/src/main/kotlin/com/rhyn/presentation/feature/account/AccountScreen.kt:82:25 Unresolved reference 'MaterialTheme'.
e: file:///home/rhyn/ITD103/tawi-tawi-frontend/android/app/src/main/kotlin/com/rhyn/presentation/feature/account/AccountScreen.kt:83:30 Unresolved reference 'FontWeight'.
e: file:///home/rhyn/ITD103/tawi-tawi-frontend/android/app/src/main/kotlin/com/rhyn/presentation/feature/account/AccountScreen.kt:86:13 Unresolved reference 'AssistChip'.
e: file:///home/rhyn/ITD103/tawi-tawi-frontend/android/app/src/main/kotlin/com/rhyn/presentation/feature/account/AccountScreen.kt:88:27 Unresolved reference 'Text'.
e: file:///home/rhyn/ITD103/tawi-tawi-frontend/android/app/src/main/kotlin/com/rhyn/presentation/feature/account/AccountScreen.kt:89:26 Unresolved reference 'AssistChipDefaults'.
e: file:///home/rhyn/ITD103/tawi-tawi-frontend/android/app/src/main/kotlin/com/rhyn/presentation/feature/account/AccountScreen.kt:89:79 Unresolved reference 'MaterialTheme'.
e: file:///home/rhyn/ITD103/tawi-tawi-frontend/android/app/src/main/kotlin/com/rhyn/presentation/feature/account/AccountScreen.kt:92:13 Unresolved reference 'Spacer'.
e: file:///home/rhyn/ITD103/tawi-tawi-frontend/android/app/src/main/kotlin/com/rhyn/presentation/feature/account/AccountScreen.kt:92:31 Unresolved reference 'Modifier'.
e: file:///home/rhyn/ITD103/tawi-tawi-frontend/android/app/src/main/kotlin/com/rhyn/presentation/feature/account/AccountScreen.kt:92:50 Unresolved reference 'dp'.
e: file:///home/rhyn/ITD103/tawi-tawi-frontend/android/app/src/main/kotlin/com/rhyn/presentation/feature/account/AccountScreen.kt:95:13 Unresolved reference 'OutlinedCard'.
e: file:///home/rhyn/ITD103/tawi-tawi-frontend/android/app/src/main/kotlin/com/rhyn/presentation/feature/account/AccountScreen.kt:96:28 Unresolved reference 'Modifier'.
e: file:///home/rhyn/ITD103/tawi-tawi-frontend/android/app/src/main/kotlin/com/rhyn/presentation/feature/account/AccountScreen.kt:97:25 Unresolved reference 'RoundedCornerShape'.
e: file:///home/rhyn/ITD103/tawi-tawi-frontend/android/app/src/main/kotlin/com/rhyn/presentation/feature/account/AccountScreen.kt:97:47 Unresolved reference 'dp'.
e: file:///home/rhyn/ITD103/tawi-tawi-frontend/android/app/src/main/kotlin/com/rhyn/presentation/feature/account/AccountScreen.kt:98:26 Unresolved reference 'CardDefaults'.
e: file:///home/rhyn/ITD103/tawi-tawi-frontend/android/app/src/main/kotlin/com/rhyn/presentation/feature/account/AccountScreen.kt:98:75 Unresolved reference 'MaterialTheme'.
e: file:///home/rhyn/ITD103/tawi-tawi-frontend/android/app/src/main/kotlin/com/rhyn/presentation/feature/account/AccountScreen.kt:100:17 Unresolved reference 'Row'.
e: file:///home/rhyn/ITD103/tawi-tawi-frontend/android/app/src/main/kotlin/com/rhyn/presentation/feature/account/AccountScreen.kt:101:32 Unresolved reference 'Modifier'.
e: file:///home/rhyn/ITD103/tawi-tawi-frontend/android/app/src/main/kotlin/com/rhyn/presentation/feature/account/AccountScreen.kt:103:37 Unresolved reference 'dp'.
e: file:///home/rhyn/ITD103/tawi-tawi-frontend/android/app/src/main/kotlin/com/rhyn/presentation/feature/account/AccountScreen.kt:104:41 Unresolved reference 'Alignment'.
e: file:///home/rhyn/ITD103/tawi-tawi-frontend/android/app/src/main/kotlin/com/rhyn/presentation/feature/account/AccountScreen.kt:105:45 Unresolved reference 'Arrangement'.
e: file:///home/rhyn/ITD103/tawi-tawi-frontend/android/app/src/main/kotlin/com/rhyn/presentation/feature/account/AccountScreen.kt:107:21 Unresolved reference 'Column'.
e: file:///home/rhyn/ITD103/tawi-tawi-frontend/android/app/src/main/kotlin/com/rhyn/presentation/feature/account/AccountScreen.kt:108:25 Unresolved reference 'Text'.
e: file:///home/rhyn/ITD103/tawi-tawi-frontend/android/app/src/main/kotlin/com/rhyn/presentation/feature/account/AccountScreen.kt:108:59 Unresolved reference 'FontWeight'.
e: file:///home/rhyn/ITD103/tawi-tawi-frontend/android/app/src/main/kotlin/com/rhyn/presentation/feature/account/AccountScreen.kt:109:25 Unresolved reference 'Text'.
e: file:///home/rhyn/ITD103/tawi-tawi-frontend/android/app/src/main/kotlin/com/rhyn/presentation/feature/account/AccountScreen.kt:109:71 Unresolved reference 'MaterialTheme'.
e: file:///home/rhyn/ITD103/tawi-tawi-frontend/android/app/src/main/kotlin/com/rhyn/presentation/feature/account/AccountScreen.kt:111:21 Unresolved reference 'Switch'.
e: file:///home/rhyn/ITD103/tawi-tawi-frontend/android/app/src/main/kotlin/com/rhyn/presentation/feature/account/AccountScreen.kt:112:43 Unresolved reference 'isBackupEnabled'.
e: file:///home/rhyn/ITD103/tawi-tawi-frontend/android/app/src/main/kotlin/com/rhyn/presentation/feature/account/AccountScreen.kt:113:68 Unresolved reference 'it'.
e: file:///home/rhyn/ITD103/tawi-tawi-frontend/android/app/src/main/kotlin/com/rhyn/presentation/feature/account/AccountScreen.kt:118:13 Unresolved reference 'Spacer'.
e: file:///home/rhyn/ITD103/tawi-tawi-frontend/android/app/src/main/kotlin/com/rhyn/presentation/feature/account/AccountScreen.kt:118:31 Unresolved reference 'Modifier'.
e: file:///home/rhyn/ITD103/tawi-tawi-frontend/android/app/src/main/kotlin/com/rhyn/presentation/feature/account/AccountScreen.kt:118:50 Unresolved reference 'dp'.
e: file:///home/rhyn/ITD103/tawi-tawi-frontend/android/app/src/main/kotlin/com/rhyn/presentation/feature/account/AccountScreen.kt:121:13 Unresolved reference 'OutlinedCard'.
e: file:///home/rhyn/ITD103/tawi-tawi-frontend/android/app/src/main/kotlin/com/rhyn/presentation/feature/account/AccountScreen.kt:122:28 Unresolved reference 'Modifier'.
e: file:///home/rhyn/ITD103/tawi-tawi-frontend/android/app/src/main/kotlin/com/rhyn/presentation/feature/account/AccountScreen.kt:123:25 Unresolved reference 'RoundedCornerShape'.
e: file:///home/rhyn/ITD103/tawi-tawi-frontend/android/app/src/main/kotlin/com/rhyn/presentation/feature/account/AccountScreen.kt:123:47 Unresolved reference 'dp'.
e: file:///home/rhyn/ITD103/tawi-tawi-frontend/android/app/src/main/kotlin/com/rhyn/presentation/feature/account/AccountScreen.kt:124:26 Unresolved reference 'CardDefaults'.
e: file:///home/rhyn/ITD103/tawi-tawi-frontend/android/app/src/main/kotlin/com/rhyn/presentation/feature/account/AccountScreen.kt:124:75 Unresolved reference 'MaterialTheme'.
e: file:///home/rhyn/ITD103/tawi-tawi-frontend/android/app/src/main/kotlin/com/rhyn/presentation/feature/account/AccountScreen.kt:126:17 Unresolved reference 'Column'.
e: file:///home/rhyn/ITD103/tawi-tawi-frontend/android/app/src/main/kotlin/com/rhyn/presentation/feature/account/AccountScreen.kt:127:32 Unresolved reference 'Modifier'.
e: file:///home/rhyn/ITD103/tawi-tawi-frontend/android/app/src/main/kotlin/com/rhyn/presentation/feature/account/AccountScreen.kt:127:52 Unresolved reference 'dp'.
e: file:///home/rhyn/ITD103/tawi-tawi-frontend/android/app/src/main/kotlin/com/rhyn/presentation/feature/account/AccountScreen.kt:128:43 Unresolved reference 'Alignment'.
e: file:///home/rhyn/ITD103/tawi-tawi-frontend/android/app/src/main/kotlin/com/rhyn/presentation/feature/account/AccountScreen.kt:130:21 Unresolved reference 'Text'.
e: file:///home/rhyn/ITD103/tawi-tawi-frontend/android/app/src/main/kotlin/com/rhyn/presentation/feature/account/AccountScreen.kt:132:33 Unresolved reference 'MaterialTheme'.
e: file:///home/rhyn/ITD103/tawi-tawi-frontend/android/app/src/main/kotlin/com/rhyn/presentation/feature/account/AccountScreen.kt:133:33 Unresolved reference 'MaterialTheme'.
e: file:///home/rhyn/ITD103/tawi-tawi-frontend/android/app/src/main/kotlin/com/rhyn/presentation/feature/account/AccountScreen.kt:134:38 Unresolved reference 'FontWeight'.
e: file:///home/rhyn/ITD103/tawi-tawi-frontend/android/app/src/main/kotlin/com/rhyn/presentation/feature/account/AccountScreen.kt:136:21 Unresolved reference 'Spacer'.
e: file:///home/rhyn/ITD103/tawi-tawi-frontend/android/app/src/main/kotlin/com/rhyn/presentation/feature/account/AccountScreen.kt:136:39 Unresolved reference 'Modifier'.
e: file:///home/rhyn/ITD103/tawi-tawi-frontend/android/app/src/main/kotlin/com/rhyn/presentation/feature/account/AccountScreen.kt:136:58 Unresolved reference 'dp'.
e: file:///home/rhyn/ITD103/tawi-tawi-frontend/android/app/src/main/kotlin/com/rhyn/presentation/feature/account/AccountScreen.kt:139:25 Unresolved reference 'Surface'.
e: file:///home/rhyn/ITD103/tawi-tawi-frontend/android/app/src/main/kotlin/com/rhyn/presentation/feature/account/AccountScreen.kt:140:40 Unresolved reference 'Modifier'.
e: file:///home/rhyn/ITD103/tawi-tawi-frontend/android/app/src/main/kotlin/com/rhyn/presentation/feature/account/AccountScreen.kt:140:58 Unresolved reference 'dp'.
e: file:///home/rhyn/ITD103/tawi-tawi-frontend/android/app/src/main/kotlin/com/rhyn/presentation/feature/account/AccountScreen.kt:141:37 Unresolved reference 'RoundedCornerShape'.
e: file:///home/rhyn/ITD103/tawi-tawi-frontend/android/app/src/main/kotlin/com/rhyn/presentation/feature/account/AccountScreen.kt:141:59 Unresolved reference 'dp'.
e: file:///home/rhyn/ITD103/tawi-tawi-frontend/android/app/src/main/kotlin/com/rhyn/presentation/feature/account/AccountScreen.kt:142:37 Unresolved reference 'Color'.
e: file:///home/rhyn/ITD103/tawi-tawi-frontend/android/app/src/main/kotlin/com/rhyn/presentation/feature/account/AccountScreen.kt:144:29 Unresolved reference 'Image'.
e: file:///home/rhyn/ITD103/tawi-tawi-frontend/android/app/src/main/kotlin/com/rhyn/presentation/feature/account/AccountScreen.kt:145:51 Unresolved reference 'asImageBitmap'.
e: file:///home/rhyn/ITD103/tawi-tawi-frontend/android/app/src/main/kotlin/com/rhyn/presentation/feature/account/AccountScreen.kt:147:44 Unresolved reference 'Modifier'.
e: file:///home/rhyn/ITD103/tawi-tawi-frontend/android/app/src/main/kotlin/com/rhyn/presentation/feature/account/AccountScreen.kt:147:63 Unresolved reference 'dp'.
e: file:///home/rhyn/ITD103/tawi-tawi-frontend/android/app/src/main/kotlin/com/rhyn/presentation/feature/account/AccountScreen.kt:151:25 Unresolved reference 'CircularProgressIndicator'.
e: file:///home/rhyn/ITD103/tawi-tawi-frontend/android/app/src/main/kotlin/com/rhyn/presentation/feature/account/AccountScreen.kt:156:13 Unresolved reference 'Spacer'.
e: file:///home/rhyn/ITD103/tawi-tawi-frontend/android/app/src/main/kotlin/com/rhyn/presentation/feature/account/AccountScreen.kt:156:31 Unresolved reference 'Modifier'.
e: file:///home/rhyn/ITD103/tawi-tawi-frontend/android/app/src/main/kotlin/com/rhyn/presentation/feature/account/AccountScreen.kt:156:50 Unresolved reference 'dp'.
e: file:///home/rhyn/ITD103/tawi-tawi-frontend/android/app/src/main/kotlin/com/rhyn/presentation/feature/account/AccountScreen.kt:158:13 Unresolved reference 'Button'.
e: file:///home/rhyn/ITD103/tawi-tawi-frontend/android/app/src/main/kotlin/com/rhyn/presentation/feature/account/AccountScreen.kt:160:28 Unresolved reference 'Modifier'.
e: file:///home/rhyn/ITD103/tawi-tawi-frontend/android/app/src/main/kotlin/com/rhyn/presentation/feature/account/AccountScreen.kt:160:62 Unresolved reference 'dp'.
e: file:///home/rhyn/ITD103/tawi-tawi-frontend/android/app/src/main/kotlin/com/rhyn/presentation/feature/account/AccountScreen.kt:161:26 Unresolved reference 'ButtonDefaults'.
e: file:///home/rhyn/ITD103/tawi-tawi-frontend/android/app/src/main/kotlin/com/rhyn/presentation/feature/account/AccountScreen.kt:161:71 Unresolved reference 'MaterialTheme'.
e: file:///home/rhyn/ITD103/tawi-tawi-frontend/android/app/src/main/kotlin/com/rhyn/presentation/feature/account/AccountScreen.kt:163:17 Unresolved reference 'Icon'.
e: file:///home/rhyn/ITD103/tawi-tawi-frontend/android/app/src/main/kotlin/com/rhyn/presentation/feature/account/AccountScreen.kt:163:22 Unresolved reference 'Icons'.
e: file:///home/rhyn/ITD103/tawi-tawi-frontend/android/app/src/main/kotlin/com/rhyn/presentation/feature/account/AccountScreen.kt:164:17 Unresolved reference 'Spacer'.
e: file:///home/rhyn/ITD103/tawi-tawi-frontend/android/app/src/main/kotlin/com/rhyn/presentation/feature/account/AccountScreen.kt:164:35 Unresolved reference 'Modifier'.
e: file:///home/rhyn/ITD103/tawi-tawi-frontend/android/app/src/main/kotlin/com/rhyn/presentation/feature/account/AccountScreen.kt:164:52 Unresolved reference 'dp'.
e: file:///home/rhyn/ITD103/tawi-tawi-frontend/android/app/src/main/kotlin/com/rhyn/presentation/feature/account/AccountScreen.kt:165:17 Unresolved reference 'Text'.
e: file:///home/rhyn/ITD103/tawi-tawi-frontend/android/app/src/main/kotlin/com/rhyn/presentation/feature/account/AccountViewModel.kt:7:27 Unresolved reference 'viewModelScope'.
e: file:///home/rhyn/ITD103/tawi-tawi-frontend/android/app/src/main/kotlin/com/rhyn/presentation/feature/account/AccountViewModel.kt:11:8 Unresolved reference 'dagger'.
e: file:///home/rhyn/ITD103/tawi-tawi-frontend/android/app/src/main/kotlin/com/rhyn/presentation/feature/account/AccountViewModel.kt:19:14 Unresolved reference 'inject'.
e: file:///home/rhyn/ITD103/tawi-tawi-frontend/android/app/src/main/kotlin/com/rhyn/presentation/feature/account/AccountViewModel.kt:21:12 Redeclaration:
data class AccountUiState : Any
e: file:///home/rhyn/ITD103/tawi-tawi-frontend/android/app/src/main/kotlin/com/rhyn/presentation/feature/account/AccountViewModel.kt:29:2 Unresolved reference 'HiltViewModel'.
e: file:///home/rhyn/ITD103/tawi-tawi-frontend/android/app/src/main/kotlin/com/rhyn/presentation/feature/account/AccountViewModel.kt:30:7 Redeclaration:
class AccountViewModel : ViewModel
e: file:///home/rhyn/ITD103/tawi-tawi-frontend/android/app/src/main/kotlin/com/rhyn/presentation/feature/account/AccountViewModel.kt:30:25 Unresolved reference 'Inject'.
e: file:///home/rhyn/ITD103/tawi-tawi-frontend/android/app/src/main/kotlin/com/rhyn/presentation/feature/account/AccountViewModel.kt:80:9 Unresolved reference 'viewModelScope'.
e: file:///home/rhyn/ITD103/tawi-tawi-frontend/android/app/src/main/kotlin/com/rhyn/presentation/feature/account/AccountViewModel.kt:121:9 Unresolved reference 'viewModelScope'.
e: file:///home/rhyn/ITD103/tawi-tawi-frontend/android/app/src/main/kotlin/com/rhyn/presentation/feature/auth/AuthScreen.kt:6:17 Unresolved reference 'compose'.
e: file:///home/rhyn/ITD103/tawi-tawi-frontend/android/app/src/main/kotlin/com/rhyn/presentation/feature/auth/AuthScreen.kt:7:17 Unresolved reference 'compose'.
e: file:///home/rhyn/ITD103/tawi-tawi-frontend/android/app/src/main/kotlin/com/rhyn/presentation/feature/auth/AuthScreen.kt:8:17 Unresolved reference 'compose'.
e: file:///home/rhyn/ITD103/tawi-tawi-frontend/android/app/src/main/kotlin/com/rhyn/presentation/feature/auth/AuthScreen.kt:9:17 Unresolved reference 'compose'.
e: file:///home/rhyn/ITD103/tawi-tawi-frontend/android/app/src/main/kotlin/com/rhyn/presentation/feature/auth/AuthScreen.kt:10:17 Unresolved reference 'compose'.
e: file:///home/rhyn/ITD103/tawi-tawi-frontend/android/app/src/main/kotlin/com/rhyn/presentation/feature/auth/AuthScreen.kt:11:17 Unresolved reference 'compose'.
e: file:///home/rhyn/ITD103/tawi-tawi-frontend/android/app/src/main/kotlin/com/rhyn/presentation/feature/auth/AuthScreen.kt:12:17 Unresolved reference 'compose'.
e: file:///home/rhyn/ITD103/tawi-tawi-frontend/android/app/src/main/kotlin/com/rhyn/presentation/feature/auth/AuthScreen.kt:13:17 Unresolved reference 'compose'.
e: file:///home/rhyn/ITD103/tawi-tawi-frontend/android/app/src/main/kotlin/com/rhyn/presentation/feature/auth/AuthScreen.kt:14:17 Unresolved reference 'compose'.
e: file:///home/rhyn/ITD103/tawi-tawi-frontend/android/app/src/main/kotlin/com/rhyn/presentation/feature/auth/AuthScreen.kt:15:17 Unresolved reference 'compose'.
e: file:///home/rhyn/ITD103/tawi-tawi-frontend/android/app/src/main/kotlin/com/rhyn/presentation/feature/auth/AuthScreen.kt:16:17 Unresolved reference 'compose'.
e: file:///home/rhyn/ITD103/tawi-tawi-frontend/android/app/src/main/kotlin/com/rhyn/presentation/feature/auth/AuthScreen.kt:17:17 Unresolved reference 'compose'.
e: file:///home/rhyn/ITD103/tawi-tawi-frontend/android/app/src/main/kotlin/com/rhyn/presentation/feature/auth/AuthScreen.kt:18:17 Unresolved reference 'compose'.
e: file:///home/rhyn/ITD103/tawi-tawi-frontend/android/app/src/main/kotlin/com/rhyn/presentation/feature/auth/AuthScreen.kt:19:17 Unresolved reference 'compose'.
e: file:///home/rhyn/ITD103/tawi-tawi-frontend/android/app/src/main/kotlin/com/rhyn/presentation/feature/auth/AuthScreen.kt:20:17 Unresolved reference 'compose'.
e: file:///home/rhyn/ITD103/tawi-tawi-frontend/android/app/src/main/kotlin/com/rhyn/presentation/feature/auth/AuthScreen.kt:21:17 Unresolved reference 'compose'.
e: file:///home/rhyn/ITD103/tawi-tawi-frontend/android/app/src/main/kotlin/com/rhyn/presentation/feature/auth/AuthScreen.kt:22:17 Unresolved reference 'compose'.
e: file:///home/rhyn/ITD103/tawi-tawi-frontend/android/app/src/main/kotlin/com/rhyn/presentation/feature/auth/AuthScreen.kt:23:17 Unresolved reference 'compose'.
e: file:///home/rhyn/ITD103/tawi-tawi-frontend/android/app/src/main/kotlin/com/rhyn/presentation/feature/auth/AuthScreen.kt:24:17 Unresolved reference 'compose'.
e: file:///home/rhyn/ITD103/tawi-tawi-frontend/android/app/src/main/kotlin/com/rhyn/presentation/feature/auth/AuthScreen.kt:25:17 Unresolved reference 'compose'.
e: file:///home/rhyn/ITD103/tawi-tawi-frontend/android/app/src/main/kotlin/com/rhyn/presentation/feature/auth/AuthScreen.kt:26:17 Unresolved reference 'compose'.
e: file:///home/rhyn/ITD103/tawi-tawi-frontend/android/app/src/main/kotlin/com/rhyn/presentation/feature/auth/AuthScreen.kt:27:17 Unresolved reference 'compose'.
e: file:///home/rhyn/ITD103/tawi-tawi-frontend/android/app/src/main/kotlin/com/rhyn/presentation/feature/auth/AuthScreen.kt:28:17 Unresolved reference 'compose'.
e: file:///home/rhyn/ITD103/tawi-tawi-frontend/android/app/src/main/kotlin/com/rhyn/presentation/feature/auth/AuthScreen.kt:29:17 Unresolved reference 'compose'.
e: file:///home/rhyn/ITD103/tawi-tawi-frontend/android/app/src/main/kotlin/com/rhyn/presentation/feature/auth/AuthScreen.kt:30:17 Unresolved reference 'compose'.
e: file:///home/rhyn/ITD103/tawi-tawi-frontend/android/app/src/main/kotlin/com/rhyn/presentation/feature/auth/AuthScreen.kt:31:17 Unresolved reference 'compose'.
e: file:///home/rhyn/ITD103/tawi-tawi-frontend/android/app/src/main/kotlin/com/rhyn/presentation/feature/auth/AuthScreen.kt:32:17 Unresolved reference 'compose'.
e: file:///home/rhyn/ITD103/tawi-tawi-frontend/android/app/src/main/kotlin/com/rhyn/presentation/feature/auth/AuthScreen.kt:33:17 Unresolved reference 'compose'.
e: file:///home/rhyn/ITD103/tawi-tawi-frontend/android/app/src/main/kotlin/com/rhyn/presentation/feature/auth/AuthScreen.kt:34:17 Unresolved reference 'compose'.
e: file:///home/rhyn/ITD103/tawi-tawi-frontend/android/app/src/main/kotlin/com/rhyn/presentation/feature/auth/AuthScreen.kt:35:17 Unresolved reference 'compose'.
e: file:///home/rhyn/ITD103/tawi-tawi-frontend/android/app/src/main/kotlin/com/rhyn/presentation/feature/auth/AuthScreen.kt:36:17 Unresolved reference 'compose'.
e: file:///home/rhyn/ITD103/tawi-tawi-frontend/android/app/src/main/kotlin/com/rhyn/presentation/feature/auth/AuthScreen.kt:37:29 Unresolved reference 'CredentialManager'.
e: file:///home/rhyn/ITD103/tawi-tawi-frontend/android/app/src/main/kotlin/com/rhyn/presentation/feature/auth/AuthScreen.kt:38:29 Unresolved reference 'CustomCredential'.
e: file:///home/rhyn/ITD103/tawi-tawi-frontend/android/app/src/main/kotlin/com/rhyn/presentation/feature/auth/AuthScreen.kt:39:29 Unresolved reference 'GetCredentialRequest'.
e: file:///home/rhyn/ITD103/tawi-tawi-frontend/android/app/src/main/kotlin/com/rhyn/presentation/feature/auth/AuthScreen.kt:40:17 Unresolved reference 'hilt'.
e: file:///home/rhyn/ITD103/tawi-tawi-frontend/android/app/src/main/kotlin/com/rhyn/presentation/feature/auth/AuthScreen.kt:41:55 Unresolved reference 'GetGoogleIdOption'.
e: file:///home/rhyn/ITD103/tawi-tawi-frontend/android/app/src/main/kotlin/com/rhyn/presentation/feature/auth/AuthScreen.kt:42:55 Unresolved reference 'GoogleIdTokenCredential'.
e: file:///home/rhyn/ITD103/tawi-tawi-frontend/android/app/src/main/kotlin/com/rhyn/presentation/feature/auth/AuthScreen.kt:43:23 Unresolved reference 'R'.
e: file:///home/rhyn/ITD103/tawi-tawi-frontend/android/app/src/main/kotlin/com/rhyn/presentation/feature/auth/AuthScreen.kt:46:2 Unresolved reference 'Composable'.
e: file:///home/rhyn/ITD103/tawi-tawi-frontend/android/app/src/main/kotlin/com/rhyn/presentation/feature/auth/AuthScreen.kt:47:1 Conflicting overloads:
fun AuthScreen(viewModel: AuthViewModel = ..., onAuthSuccess: () -> Unit): Unit
e: file:///home/rhyn/ITD103/tawi-tawi-frontend/android/app/src/main/kotlin/com/rhyn/presentation/feature/auth/AuthScreen.kt:48:32 Unresolved reference 'hiltViewModel'.
e: file:///home/rhyn/ITD103/tawi-tawi-frontend/android/app/src/main/kotlin/com/rhyn/presentation/feature/auth/AuthScreen.kt:51:21 Unresolved reference 'remember'.
e: file:///home/rhyn/ITD103/tawi-tawi-frontend/android/app/src/main/kotlin/com/rhyn/presentation/feature/auth/AuthScreen.kt:51:32 Unresolved reference 'mutableStateOf'.
e: file:///home/rhyn/ITD103/tawi-tawi-frontend/android/app/src/main/kotlin/com/rhyn/presentation/feature/auth/AuthScreen.kt:52:21 Unresolved reference 'remember'.
e: file:///home/rhyn/ITD103/tawi-tawi-frontend/android/app/src/main/kotlin/com/rhyn/presentation/feature/auth/AuthScreen.kt:52:32 Unresolved reference 'mutableStateOf'.
e: file:///home/rhyn/ITD103/tawi-tawi-frontend/android/app/src/main/kotlin/com/rhyn/presentation/feature/auth/AuthScreen.kt:54:22 Unresolved reference 'remember'.
e: file:///home/rhyn/ITD103/tawi-tawi-frontend/android/app/src/main/kotlin/com/rhyn/presentation/feature/auth/AuthScreen.kt:54:33 Unresolved reference 'mutableStateOf'.
e: file:///home/rhyn/ITD103/tawi-tawi-frontend/android/app/src/main/kotlin/com/rhyn/presentation/feature/auth/AuthScreen.kt:55:25 Unresolved reference 'remember'.
e: file:///home/rhyn/ITD103/tawi-tawi-frontend/android/app/src/main/kotlin/com/rhyn/presentation/feature/auth/AuthScreen.kt:55:36 Unresolved reference 'mutableStateOf'.
e: file:///home/rhyn/ITD103/tawi-tawi-frontend/android/app/src/main/kotlin/com/rhyn/presentation/feature/auth/AuthScreen.kt:56:28 Unresolved reference 'remember'.
e: file:///home/rhyn/ITD103/tawi-tawi-frontend/android/app/src/main/kotlin/com/rhyn/presentation/feature/auth/AuthScreen.kt:56:39 Unresolved reference 'mutableStateOf'.
e: file:///home/rhyn/ITD103/tawi-tawi-frontend/android/app/src/main/kotlin/com/rhyn/presentation/feature/auth/AuthScreen.kt:59:21 Unresolved reference 'remember'.
e: file:///home/rhyn/ITD103/tawi-tawi-frontend/android/app/src/main/kotlin/com/rhyn/presentation/feature/auth/AuthScreen.kt:59:32 Unresolved reference 'mutableStateOf'.
e: file:///home/rhyn/ITD103/tawi-tawi-frontend/android/app/src/main/kotlin/com/rhyn/presentation/feature/auth/AuthScreen.kt:60:25 Unresolved reference 'remember'.
e: file:///home/rhyn/ITD103/tawi-tawi-frontend/android/app/src/main/kotlin/com/rhyn/presentation/feature/auth/AuthScreen.kt:60:36 Unresolved reference 'mutableStateOf'.
e: file:///home/rhyn/ITD103/tawi-tawi-frontend/android/app/src/main/kotlin/com/rhyn/presentation/feature/auth/AuthScreen.kt:62:24 Unresolved reference 'LocalFocusManager'.
e: file:///home/rhyn/ITD103/tawi-tawi-frontend/android/app/src/main/kotlin/com/rhyn/presentation/feature/auth/AuthScreen.kt:63:19 Unresolved reference 'LocalContext'.
e: file:///home/rhyn/ITD103/tawi-tawi-frontend/android/app/src/main/kotlin/com/rhyn/presentation/feature/auth/AuthScreen.kt:64:26 Unresolved reference 'rememberCoroutineScope'.
e: file:///home/rhyn/ITD103/tawi-tawi-frontend/android/app/src/main/kotlin/com/rhyn/presentation/feature/auth/AuthScreen.kt:66:20 Unresolved reference 'remember'.
e: file:///home/rhyn/ITD103/tawi-tawi-frontend/android/app/src/main/kotlin/com/rhyn/presentation/feature/auth/AuthScreen.kt:108:5 Unresolved reference 'Scaffold'.
e: file:///home/rhyn/ITD103/tawi-tawi-frontend/android/app/src/main/kotlin/com/rhyn/presentation/feature/auth/AuthScreen.kt:109:20 Unresolved reference 'Modifier'.
e: file:///home/rhyn/ITD103/tawi-tawi-frontend/android/app/src/main/kotlin/com/rhyn/presentation/feature/auth/AuthScreen.kt:112:26 Unresolved reference 'MaterialTheme'.
e: file:///home/rhyn/ITD103/tawi-tawi-frontend/android/app/src/main/kotlin/com/rhyn/presentation/feature/auth/AuthScreen.kt:113:9 Cannot infer type for this parameter. Please specify it explicitly.
e: file:///home/rhyn/ITD103/tawi-tawi-frontend/android/app/src/main/kotlin/com/rhyn/presentation/feature/auth/AuthScreen.kt:114:9 Unresolved reference 'Column'.
e: file:///home/rhyn/ITD103/tawi-tawi-frontend/android/app/src/main/kotlin/com/rhyn/presentation/feature/auth/AuthScreen.kt:115:24 Unresolved reference 'Modifier'.
e: file:///home/rhyn/ITD103/tawi-tawi-frontend/android/app/src/main/kotlin/com/rhyn/presentation/feature/auth/AuthScreen.kt:118:42 Unresolved reference 'dp'.
e: file:///home/rhyn/ITD103/tawi-tawi-frontend/android/app/src/main/kotlin/com/rhyn/presentation/feature/auth/AuthScreen.kt:119:33 Unresolved reference 'rememberScrollState'.
e: file:///home/rhyn/ITD103/tawi-tawi-frontend/android/app/src/main/kotlin/com/rhyn/presentation/feature/auth/AuthScreen.kt:120:35 Unresolved reference 'Alignment'.
e: file:///home/rhyn/ITD103/tawi-tawi-frontend/android/app/src/main/kotlin/com/rhyn/presentation/feature/auth/AuthScreen.kt:121:35 Unresolved reference 'Arrangement'.
e: file:///home/rhyn/ITD103/tawi-tawi-frontend/android/app/src/main/kotlin/com/rhyn/presentation/feature/auth/AuthScreen.kt:124:13 Unresolved reference 'Icon'.
e: file:///home/rhyn/ITD103/tawi-tawi-frontend/android/app/src/main/kotlin/com/rhyn/presentation/feature/auth/AuthScreen.kt:125:27 Unresolved reference 'painterResource'.
e: file:///home/rhyn/ITD103/tawi-tawi-frontend/android/app/src/main/kotlin/com/rhyn/presentation/feature/auth/AuthScreen.kt:125:48 Unresolved reference 'R'.
e: file:///home/rhyn/ITD103/tawi-tawi-frontend/android/app/src/main/kotlin/com/rhyn/presentation/feature/auth/AuthScreen.kt:127:28 Unresolved reference 'Modifier'.
e: file:///home/rhyn/ITD103/tawi-tawi-frontend/android/app/src/main/kotlin/com/rhyn/presentation/feature/auth/AuthScreen.kt:127:45 Unresolved reference 'dp'.
e: file:///home/rhyn/ITD103/tawi-tawi-frontend/android/app/src/main/kotlin/com/rhyn/presentation/feature/auth/AuthScreen.kt:128:24 Unresolved reference 'MaterialTheme'.
e: file:///home/rhyn/ITD103/tawi-tawi-frontend/android/app/src/main/kotlin/com/rhyn/presentation/feature/auth/AuthScreen.kt:130:13 Unresolved reference 'Spacer'.
e: file:///home/rhyn/ITD103/tawi-tawi-frontend/android/app/src/main/kotlin/com/rhyn/presentation/feature/auth/AuthScreen.kt:130:31 Unresolved reference 'Modifier'.
e: file:///home/rhyn/ITD103/tawi-tawi-frontend/android/app/src/main/kotlin/com/rhyn/presentation/feature/auth/AuthScreen.kt:130:50 Unresolved reference 'dp'.
e: file:///home/rhyn/ITD103/tawi-tawi-frontend/android/app/src/main/kotlin/com/rhyn/presentation/feature/auth/AuthScreen.kt:131:13 Unresolved reference 'Text'.
e: file:///home/rhyn/ITD103/tawi-tawi-frontend/android/app/src/main/kotlin/com/rhyn/presentation/feature/auth/AuthScreen.kt:133:25 Unresolved reference 'MaterialTheme'.
e: file:///home/rhyn/ITD103/tawi-tawi-frontend/android/app/src/main/kotlin/com/rhyn/presentation/feature/auth/AuthScreen.kt:134:30 Unresolved reference 'FontWeight'.
e: file:///home/rhyn/ITD103/tawi-tawi-frontend/android/app/src/main/kotlin/com/rhyn/presentation/feature/auth/AuthScreen.kt:135:25 Unresolved reference 'MaterialTheme'.
e: file:///home/rhyn/ITD103/tawi-tawi-frontend/android/app/src/main/kotlin/com/rhyn/presentation/feature/auth/AuthScreen.kt:137:13 Unresolved reference 'Text'.
e: file:///home/rhyn/ITD103/tawi-tawi-frontend/android/app/src/main/kotlin/com/rhyn/presentation/feature/auth/AuthScreen.kt:139:25 Unresolved reference 'MaterialTheme'.
e: file:///home/rhyn/ITD103/tawi-tawi-frontend/android/app/src/main/kotlin/com/rhyn/presentation/feature/auth/AuthScreen.kt:140:25 Unresolved reference 'MaterialTheme'.
e: file:///home/rhyn/ITD103/tawi-tawi-frontend/android/app/src/main/kotlin/com/rhyn/presentation/feature/auth/AuthScreen.kt:141:28 Unresolved reference 'Modifier'.
e: file:///home/rhyn/ITD103/tawi-tawi-frontend/android/app/src/main/kotlin/com/rhyn/presentation/feature/auth/AuthScreen.kt:141:57 Unresolved reference 'dp'.
e: file:///home/rhyn/ITD103/tawi-tawi-frontend/android/app/src/main/kotlin/com/rhyn/presentation/feature/auth/AuthScreen.kt:146:17 Unresolved reference 'Surface'.
e: file:///home/rhyn/ITD103/tawi-tawi-frontend/android/app/src/main/kotlin/com/rhyn/presentation/feature/auth/AuthScreen.kt:147:29 Unresolved reference 'MaterialTheme'.
e: file:///home/rhyn/ITD103/tawi-tawi-frontend/android/app/src/main/kotlin/com/rhyn/presentation/feature/auth/AuthScreen.kt:148:29 Unresolved reference 'RoundedCornerShape'.
e: file:///home/rhyn/ITD103/tawi-tawi-frontend/android/app/src/main/kotlin/com/rhyn/presentation/feature/auth/AuthScreen.kt:148:50 Unresolved reference 'dp'.
e: file:///home/rhyn/ITD103/tawi-tawi-frontend/android/app/src/main/kotlin/com/rhyn/presentation/feature/auth/AuthScreen.kt:149:32 Unresolved reference 'Modifier'.
e: file:///home/rhyn/ITD103/tawi-tawi-frontend/android/app/src/main/kotlin/com/rhyn/presentation/feature/auth/AuthScreen.kt:151:46 Unresolved reference 'dp'.
e: file:///home/rhyn/ITD103/tawi-tawi-frontend/android/app/src/main/kotlin/com/rhyn/presentation/feature/auth/AuthScreen.kt:153:21 Unresolved reference 'Text'.
e: file:///home/rhyn/ITD103/tawi-tawi-frontend/android/app/src/main/kotlin/com/rhyn/presentation/feature/auth/AuthScreen.kt:154:32 Smart cast to 'TypeVariable(K)?' is impossible, because 'errorMessage' is a delegated property.
e: file:///home/rhyn/ITD103/tawi-tawi-frontend/android/app/src/main/kotlin/com/rhyn/presentation/feature/auth/AuthScreen.kt:155:33 Unresolved reference 'MaterialTheme'.
e: file:///home/rhyn/ITD103/tawi-tawi-frontend/android/app/src/main/kotlin/com/rhyn/presentation/feature/auth/AuthScreen.kt:156:33 Unresolved reference 'MaterialTheme'.
e: file:///home/rhyn/ITD103/tawi-tawi-frontend/android/app/src/main/kotlin/com/rhyn/presentation/feature/auth/AuthScreen.kt:157:36 Unresolved reference 'Modifier'.
e: file:///home/rhyn/ITD103/tawi-tawi-frontend/android/app/src/main/kotlin/com/rhyn/presentation/feature/auth/AuthScreen.kt:157:56 Unresolved reference 'dp'.
e: file:///home/rhyn/ITD103/tawi-tawi-frontend/android/app/src/main/kotlin/com/rhyn/presentation/feature/auth/AuthScreen.kt:158:37 Unresolved reference 'TextAlign'.
e: file:///home/rhyn/ITD103/tawi-tawi-frontend/android/app/src/main/kotlin/com/rhyn/presentation/feature/auth/AuthScreen.kt:164:13 Unresolved reference 'Crossfade'.
e: file:///home/rhyn/ITD103/tawi-tawi-frontend/android/app/src/main/kotlin/com/rhyn/presentation/feature/auth/AuthScreen.kt:167:17 Cannot infer type for this parameter. Please specify it explicitly.
e: file:///home/rhyn/ITD103/tawi-tawi-frontend/android/app/src/main/kotlin/com/rhyn/presentation/feature/auth/AuthScreen.kt:170:21 Unresolved reference 'Column'.
e: file:///home/rhyn/ITD103/tawi-tawi-frontend/android/app/src/main/kotlin/com/rhyn/presentation/feature/auth/AuthScreen.kt:171:36 Unresolved reference 'Modifier'.
e: file:///home/rhyn/ITD103/tawi-tawi-frontend/android/app/src/main/kotlin/com/rhyn/presentation/feature/auth/AuthScreen.kt:172:47 Unresolved reference 'Alignment'.
e: file:///home/rhyn/ITD103/tawi-tawi-frontend/android/app/src/main/kotlin/com/rhyn/presentation/feature/auth/AuthScreen.kt:174:25 Unresolved reference 'Icon'.
e: file:///home/rhyn/ITD103/tawi-tawi-frontend/android/app/src/main/kotlin/com/rhyn/presentation/feature/auth/AuthScreen.kt:175:43 Unresolved reference 'Icons'.
e: file:///home/rhyn/ITD103/tawi-tawi-frontend/android/app/src/main/kotlin/com/rhyn/presentation/feature/auth/AuthScreen.kt:177:40 Unresolved reference 'Modifier'.
e: file:///home/rhyn/ITD103/tawi-tawi-frontend/android/app/src/main/kotlin/com/rhyn/presentation/feature/auth/AuthScreen.kt:178:42 Unresolved reference 'dp'.
e: file:///home/rhyn/ITD103/tawi-tawi-frontend/android/app/src/main/kotlin/com/rhyn/presentation/feature/auth/AuthScreen.kt:179:54 Unresolved reference 'dp'.
e: file:///home/rhyn/ITD103/tawi-tawi-frontend/android/app/src/main/kotlin/com/rhyn/presentation/feature/auth/AuthScreen.kt:180:36 Unresolved reference 'MaterialTheme'.
e: file:///home/rhyn/ITD103/tawi-tawi-frontend/android/app/src/main/kotlin/com/rhyn/presentation/feature/auth/AuthScreen.kt:183:25 Unresolved reference 'Text'.
e: file:///home/rhyn/ITD103/tawi-tawi-frontend/android/app/src/main/kotlin/com/rhyn/presentation/feature/auth/AuthScreen.kt:185:37 Unresolved reference 'MaterialTheme'.
e: file:///home/rhyn/ITD103/tawi-tawi-frontend/android/app/src/main/kotlin/com/rhyn/presentation/feature/auth/AuthScreen.kt:186:42 Unresolved reference 'FontWeight'.
e: file:///home/rhyn/ITD103/tawi-tawi-frontend/android/app/src/main/kotlin/com/rhyn/presentation/feature/auth/AuthScreen.kt:187:37 Unresolved reference 'MaterialTheme'.
e: file:///home/rhyn/ITD103/tawi-tawi-frontend/android/app/src/main/kotlin/com/rhyn/presentation/feature/auth/AuthScreen.kt:190:25 Unresolved reference 'Spacer'.
e: file:///home/rhyn/ITD103/tawi-tawi-frontend/android/app/src/main/kotlin/com/rhyn/presentation/feature/auth/AuthScreen.kt:190:43 Unresolved reference 'Modifier'.
e: file:///home/rhyn/ITD103/tawi-tawi-frontend/android/app/src/main/kotlin/com/rhyn/presentation/feature/auth/AuthScreen.kt:190:61 Unresolved reference 'dp'.
e: file:///home/rhyn/ITD103/tawi-tawi-frontend/android/app/src/main/kotlin/com/rhyn/presentation/feature/auth/AuthScreen.kt:192:25 Unresolved reference 'Text'.
e: file:///home/rhyn/ITD103/tawi-tawi-frontend/android/app/src/main/kotlin/com/rhyn/presentation/feature/auth/AuthScreen.kt:194:37 Unresolved reference 'MaterialTheme'.
e: file:///home/rhyn/ITD103/tawi-tawi-frontend/android/app/src/main/kotlin/com/rhyn/presentation/feature/auth/AuthScreen.kt:195:37 Unresolved reference 'MaterialTheme'.
e: file:///home/rhyn/ITD103/tawi-tawi-frontend/android/app/src/main/kotlin/com/rhyn/presentation/feature/auth/AuthScreen.kt:196:41 Unresolved reference 'TextAlign'.
e: file:///home/rhyn/ITD103/tawi-tawi-frontend/android/app/src/main/kotlin/com/rhyn/presentation/feature/auth/AuthScreen.kt:197:40 Unresolved reference 'Modifier'.
e: file:///home/rhyn/ITD103/tawi-tawi-frontend/android/app/src/main/kotlin/com/rhyn/presentation/feature/auth/AuthScreen.kt:197:73 Unresolved reference 'dp'.
e: file:///home/rhyn/ITD103/tawi-tawi-frontend/android/app/src/main/kotlin/com/rhyn/presentation/feature/auth/AuthScreen.kt:200:25 Unresolved reference 'Spacer'.
e: file:///home/rhyn/ITD103/tawi-tawi-frontend/android/app/src/main/kotlin/com/rhyn/presentation/feature/auth/AuthScreen.kt:200:43 Unresolved reference 'Modifier'.
e: file:///home/rhyn/ITD103/tawi-tawi-frontend/android/app/src/main/kotlin/com/rhyn/presentation/feature/auth/AuthScreen.kt:200:62 Unresolved reference 'dp'.
e: file:///home/rhyn/ITD103/tawi-tawi-frontend/android/app/src/main/kotlin/com/rhyn/presentation/feature/auth/AuthScreen.kt:202:25 Unresolved reference 'OutlinedTextField'.
e: file:///home/rhyn/ITD103/tawi-tawi-frontend/android/app/src/main/kotlin/com/rhyn/presentation/feature/auth/AuthScreen.kt:204:51 Unresolved reference 'it'.
e: file:///home/rhyn/ITD103/tawi-tawi-frontend/android/app/src/main/kotlin/com/rhyn/presentation/feature/auth/AuthScreen.kt:204:78 Unresolved reference 'it'.
e: file:///home/rhyn/ITD103/tawi-tawi-frontend/android/app/src/main/kotlin/com/rhyn/presentation/feature/auth/AuthScreen.kt:205:39 Unresolved reference 'Text'.
e: file:///home/rhyn/ITD103/tawi-tawi-frontend/android/app/src/main/kotlin/com/rhyn/presentation/feature/auth/AuthScreen.kt:207:47 Unresolved reference 'KeyboardOptions'.
e: file:///home/rhyn/ITD103/tawi-tawi-frontend/android/app/src/main/kotlin/com/rhyn/presentation/feature/auth/AuthScreen.kt:208:48 Unresolved reference 'KeyboardType'.
e: file:///home/rhyn/ITD103/tawi-tawi-frontend/android/app/src/main/kotlin/com/rhyn/presentation/feature/auth/AuthScreen.kt:209:45 Unresolved reference 'ImeAction'.
e: file:///home/rhyn/ITD103/tawi-tawi-frontend/android/app/src/main/kotlin/com/rhyn/presentation/feature/auth/AuthScreen.kt:211:52 Unresolved reference 'PasswordVisualTransformation'.
e: file:///home/rhyn/ITD103/tawi-tawi-frontend/android/app/src/main/kotlin/com/rhyn/presentation/feature/auth/AuthScreen.kt:212:37 Unresolved reference 'RoundedCornerShape'.
e: file:///home/rhyn/ITD103/tawi-tawi-frontend/android/app/src/main/kotlin/com/rhyn/presentation/feature/auth/AuthScreen.kt:212:59 Unresolved reference 'dp'.
e: file:///home/rhyn/ITD103/tawi-tawi-frontend/android/app/src/main/kotlin/com/rhyn/presentation/feature/auth/AuthScreen.kt:213:40 Unresolved reference 'Modifier'.
e: file:///home/rhyn/ITD103/tawi-tawi-frontend/android/app/src/main/kotlin/com/rhyn/presentation/feature/auth/AuthScreen.kt:216:25 Unresolved reference 'Spacer'.
e: file:///home/rhyn/ITD103/tawi-tawi-frontend/android/app/src/main/kotlin/com/rhyn/presentation/feature/auth/AuthScreen.kt:216:43 Unresolved reference 'Modifier'.
e: file:///home/rhyn/ITD103/tawi-tawi-frontend/android/app/src/main/kotlin/com/rhyn/presentation/feature/auth/AuthScreen.kt:216:62 Unresolved reference 'dp'.
e: file:///home/rhyn/ITD103/tawi-tawi-frontend/android/app/src/main/kotlin/com/rhyn/presentation/feature/auth/AuthScreen.kt:218:25 Unresolved reference 'Button'.
e: file:///home/rhyn/ITD103/tawi-tawi-frontend/android/app/src/main/kotlin/com/rhyn/presentation/feature/auth/AuthScreen.kt:234:40 Unresolved reference 'Modifier'.
e: file:///home/rhyn/ITD103/tawi-tawi-frontend/android/app/src/main/kotlin/com/rhyn/presentation/feature/auth/AuthScreen.kt:236:44 Unresolved reference 'dp'.
e: file:///home/rhyn/ITD103/tawi-tawi-frontend/android/app/src/main/kotlin/com/rhyn/presentation/feature/auth/AuthScreen.kt:237:37 Unresolved reference 'RoundedCornerShape'.
e: file:///home/rhyn/ITD103/tawi-tawi-frontend/android/app/src/main/kotlin/com/rhyn/presentation/feature/auth/AuthScreen.kt:237:59 Unresolved reference 'dp'.
e: file:///home/rhyn/ITD103/tawi-tawi-frontend/android/app/src/main/kotlin/com/rhyn/presentation/feature/auth/AuthScreen.kt:238:48 Unresolved reference 'length'.
e: file:///home/rhyn/ITD103/tawi-tawi-frontend/android/app/src/main/kotlin/com/rhyn/presentation/feature/auth/AuthScreen.kt:238:63 Unresolved reference 'not' for operator '!'.
e: file:///home/rhyn/ITD103/tawi-tawi-frontend/android/app/src/main/kotlin/com/rhyn/presentation/feature/auth/AuthScreen.kt:241:33 Unresolved reference 'CircularProgressIndicator'.
e: file:///home/rhyn/ITD103/tawi-tawi-frontend/android/app/src/main/kotlin/com/rhyn/presentation/feature/auth/AuthScreen.kt:242:48 Unresolved reference 'Modifier'.
e: file:///home/rhyn/ITD103/tawi-tawi-frontend/android/app/src/main/kotlin/com/rhyn/presentation/feature/auth/AuthScreen.kt:242:65 Unresolved reference 'dp'.
e: file:///home/rhyn/ITD103/tawi-tawi-frontend/android/app/src/main/kotlin/com/rhyn/presentation/feature/auth/AuthScreen.kt:243:45 Unresolved reference 'MaterialTheme'.
e: file:///home/rhyn/ITD103/tawi-tawi-frontend/android/app/src/main/kotlin/com/rhyn/presentation/feature/auth/AuthScreen.kt:244:53 Unresolved reference 'dp'.
e: file:///home/rhyn/ITD103/tawi-tawi-frontend/android/app/src/main/kotlin/com/rhyn/presentation/feature/auth/AuthScreen.kt:247:33 Unresolved reference 'Text'.
e: file:///home/rhyn/ITD103/tawi-tawi-frontend/android/app/src/main/kotlin/com/rhyn/presentation/feature/auth/AuthScreen.kt:247:67 Unresolved reference 'sp'.
e: file:///home/rhyn/ITD103/tawi-tawi-frontend/android/app/src/main/kotlin/com/rhyn/presentation/feature/auth/AuthScreen.kt:247:84 Unresolved reference 'FontWeight'.
e: file:///home/rhyn/ITD103/tawi-tawi-frontend/android/app/src/main/kotlin/com/rhyn/presentation/feature/auth/AuthScreen.kt:251:25 Unresolved reference 'Spacer'.
e: file:///home/rhyn/ITD103/tawi-tawi-frontend/android/app/src/main/kotlin/com/rhyn/presentation/feature/auth/AuthScreen.kt:251:43 Unresolved reference 'Modifier'.
e: file:///home/rhyn/ITD103/tawi-tawi-frontend/android/app/src/main/kotlin/com/rhyn/presentation/feature/auth/AuthScreen.kt:251:62 Unresolved reference 'dp'.
e: file:///home/rhyn/ITD103/tawi-tawi-frontend/android/app/src/main/kotlin/com/rhyn/presentation/feature/auth/AuthScreen.kt:253:25 Unresolved reference 'TextButton'.
e: file:///home/rhyn/ITD103/tawi-tawi-frontend/android/app/src/main/kotlin/com/rhyn/presentation/feature/auth/AuthScreen.kt:259:39 Unresolved reference 'not' for operator '!'.
e: file:///home/rhyn/ITD103/tawi-tawi-frontend/android/app/src/main/kotlin/com/rhyn/presentation/feature/auth/AuthScreen.kt:261:29 Unresolved reference 'Text'.
e: file:///home/rhyn/ITD103/tawi-tawi-frontend/android/app/src/main/kotlin/com/rhyn/presentation/feature/auth/AuthScreen.kt:261:52 Unresolved reference 'MaterialTheme'.
e: file:///home/rhyn/ITD103/tawi-tawi-frontend/android/app/src/main/kotlin/com/rhyn/presentation/feature/auth/AuthScreen.kt:266:21 Unresolved reference 'Column'.
e: file:///home/rhyn/ITD103/tawi-tawi-frontend/android/app/src/main/kotlin/com/rhyn/presentation/feature/auth/AuthScreen.kt:267:36 Unresolved reference 'Modifier'.
e: file:///home/rhyn/ITD103/tawi-tawi-frontend/android/app/src/main/kotlin/com/rhyn/presentation/feature/auth/AuthScreen.kt:268:47 Unresolved reference 'Alignment'.
e: file:///home/rhyn/ITD103/tawi-tawi-frontend/android/app/src/main/kotlin/com/rhyn/presentation/feature/auth/AuthScreen.kt:270:25 Unresolved reference 'OutlinedTextField'.
e: file:///home/rhyn/ITD103/tawi-tawi-frontend/android/app/src/main/kotlin/com/rhyn/presentation/feature/auth/AuthScreen.kt:273:44 Unresolved reference 'it'.
e: file:///home/rhyn/ITD103/tawi-tawi-frontend/android/app/src/main/kotlin/com/rhyn/presentation/feature/auth/AuthScreen.kt:276:39 Unresolved reference 'Text'.
e: file:///home/rhyn/ITD103/tawi-tawi-frontend/android/app/src/main/kotlin/com/rhyn/presentation/feature/auth/AuthScreen.kt:278:47 Unresolved reference 'KeyboardOptions'.
e: file:///home/rhyn/ITD103/tawi-tawi-frontend/android/app/src/main/kotlin/com/rhyn/presentation/feature/auth/AuthScreen.kt:278:75 Unresolved reference 'ImeAction'.
e: file:///home/rhyn/ITD103/tawi-tawi-frontend/android/app/src/main/kotlin/com/rhyn/presentation/feature/auth/AuthScreen.kt:279:47 Unresolved reference 'KeyboardActions'.
e: file:///home/rhyn/ITD103/tawi-tawi-frontend/android/app/src/main/kotlin/com/rhyn/presentation/feature/auth/AuthScreen.kt:280:67 Unresolved reference 'FocusDirection'.
e: file:///home/rhyn/ITD103/tawi-tawi-frontend/android/app/src/main/kotlin/com/rhyn/presentation/feature/auth/AuthScreen.kt:282:37 Unresolved reference 'RoundedCornerShape'.
e: file:///home/rhyn/ITD103/tawi-tawi-frontend/android/app/src/main/kotlin/com/rhyn/presentation/feature/auth/AuthScreen.kt:282:59 Unresolved reference 'dp'.
e: file:///home/rhyn/ITD103/tawi-tawi-frontend/android/app/src/main/kotlin/com/rhyn/presentation/feature/auth/AuthScreen.kt:283:40 Unresolved reference 'Modifier'.
e: file:///home/rhyn/ITD103/tawi-tawi-frontend/android/app/src/main/kotlin/com/rhyn/presentation/feature/auth/AuthScreen.kt:286:25 Unresolved reference 'Spacer'.
e: file:///home/rhyn/ITD103/tawi-tawi-frontend/android/app/src/main/kotlin/com/rhyn/presentation/feature/auth/AuthScreen.kt:286:43 Unresolved reference 'Modifier'.
e: file:///home/rhyn/ITD103/tawi-tawi-frontend/android/app/src/main/kotlin/com/rhyn/presentation/feature/auth/AuthScreen.kt:286:62 Unresolved reference 'dp'.
e: file:///home/rhyn/ITD103/tawi-tawi-frontend/android/app/src/main/kotlin/com/rhyn/presentation/feature/auth/AuthScreen.kt:288:25 Unresolved reference 'OutlinedTextField'.
e: file:///home/rhyn/ITD103/tawi-tawi-frontend/android/app/src/main/kotlin/com/rhyn/presentation/feature/auth/AuthScreen.kt:291:44 Unresolved reference 'it'.
e: file:///home/rhyn/ITD103/tawi-tawi-frontend/android/app/src/main/kotlin/com/rhyn/presentation/feature/auth/AuthScreen.kt:294:39 Unresolved reference 'Text'.
e: file:///home/rhyn/ITD103/tawi-tawi-frontend/android/app/src/main/kotlin/com/rhyn/presentation/feature/auth/AuthScreen.kt:296:73 Unresolved reference 'VisualTransformation'.
e: file:///home/rhyn/ITD103/tawi-tawi-frontend/android/app/src/main/kotlin/com/rhyn/presentation/feature/auth/AuthScreen.kt:296:104 Unresolved reference 'PasswordVisualTransformation'.
e: file:///home/rhyn/ITD103/tawi-tawi-frontend/android/app/src/main/kotlin/com/rhyn/presentation/feature/auth/AuthScreen.kt:297:47 Unresolved reference 'KeyboardOptions'.
e: file:///home/rhyn/ITD103/tawi-tawi-frontend/android/app/src/main/kotlin/com/rhyn/presentation/feature/auth/AuthScreen.kt:297:75 Unresolved reference 'ImeAction'.
e: file:///home/rhyn/ITD103/tawi-tawi-frontend/android/app/src/main/kotlin/com/rhyn/presentation/feature/auth/AuthScreen.kt:298:47 Unresolved reference 'KeyboardActions'.
e: file:///home/rhyn/ITD103/tawi-tawi-frontend/android/app/src/main/kotlin/com/rhyn/presentation/feature/auth/AuthScreen.kt:302:66 Unresolved reference 'Icons'.
e: file:///home/rhyn/ITD103/tawi-tawi-frontend/android/app/src/main/kotlin/com/rhyn/presentation/feature/auth/AuthScreen.kt:302:95 Unresolved reference 'Icons'.
e: file:///home/rhyn/ITD103/tawi-tawi-frontend/android/app/src/main/kotlin/com/rhyn/presentation/feature/auth/AuthScreen.kt:303:33 Unresolved reference 'IconButton'.
e: file:///home/rhyn/ITD103/tawi-tawi-frontend/android/app/src/main/kotlin/com/rhyn/presentation/feature/auth/AuthScreen.kt:303:74 Unresolved reference 'not' for operator '!'.
e: file:///home/rhyn/ITD103/tawi-tawi-frontend/android/app/src/main/kotlin/com/rhyn/presentation/feature/auth/AuthScreen.kt:304:37 Unresolved reference 'Icon'.
e: file:///home/rhyn/ITD103/tawi-tawi-frontend/android/app/src/main/kotlin/com/rhyn/presentation/feature/auth/AuthScreen.kt:307:37 Unresolved reference 'RoundedCornerShape'.
e: file:///home/rhyn/ITD103/tawi-tawi-frontend/android/app/src/main/kotlin/com/rhyn/presentation/feature/auth/AuthScreen.kt:307:59 Unresolved reference 'dp'.
e: file:///home/rhyn/ITD103/tawi-tawi-frontend/android/app/src/main/kotlin/com/rhyn/presentation/feature/auth/AuthScreen.kt:308:40 Unresolved reference 'Modifier'.
e: file:///home/rhyn/ITD103/tawi-tawi-frontend/android/app/src/main/kotlin/com/rhyn/presentation/feature/auth/AuthScreen.kt:311:25 Unresolved reference 'Spacer'.
e: file:///home/rhyn/ITD103/tawi-tawi-frontend/android/app/src/main/kotlin/com/rhyn/presentation/feature/auth/AuthScreen.kt:311:43 Unresolved reference 'Modifier'.
e: file:///home/rhyn/ITD103/tawi-tawi-frontend/android/app/src/main/kotlin/com/rhyn/presentation/feature/auth/AuthScreen.kt:311:62 Unresolved reference 'dp'.
e: file:///home/rhyn/ITD103/tawi-tawi-frontend/android/app/src/main/kotlin/com/rhyn/presentation/feature/auth/AuthScreen.kt:313:25 Unresolved reference 'Button'.
e: file:///home/rhyn/ITD103/tawi-tawi-frontend/android/app/src/main/kotlin/com/rhyn/presentation/feature/auth/AuthScreen.kt:315:40 Unresolved reference 'Modifier'.
e: file:///home/rhyn/ITD103/tawi-tawi-frontend/android/app/src/main/kotlin/com/rhyn/presentation/feature/auth/AuthScreen.kt:317:44 Unresolved reference 'dp'.
e: file:///home/rhyn/ITD103/tawi-tawi-frontend/android/app/src/main/kotlin/com/rhyn/presentation/feature/auth/AuthScreen.kt:318:37 Unresolved reference 'RoundedCornerShape'.
e: file:///home/rhyn/ITD103/tawi-tawi-frontend/android/app/src/main/kotlin/com/rhyn/presentation/feature/auth/AuthScreen.kt:318:59 Unresolved reference 'dp'.
e: file:///home/rhyn/ITD103/tawi-tawi-frontend/android/app/src/main/kotlin/com/rhyn/presentation/feature/auth/AuthScreen.kt:319:39 Unresolved reference 'not' for operator '!'.
e: file:///home/rhyn/ITD103/tawi-tawi-frontend/android/app/src/main/kotlin/com/rhyn/presentation/feature/auth/AuthScreen.kt:320:38 Unresolved reference 'ButtonDefaults'.
e: file:///home/rhyn/ITD103/tawi-tawi-frontend/android/app/src/main/kotlin/com/rhyn/presentation/feature/auth/AuthScreen.kt:321:50 Unresolved reference 'MaterialTheme'.
e: file:///home/rhyn/ITD103/tawi-tawi-frontend/android/app/src/main/kotlin/com/rhyn/presentation/feature/auth/AuthScreen.kt:322:48 Unresolved reference 'MaterialTheme'.
e: file:///home/rhyn/ITD103/tawi-tawi-frontend/android/app/src/main/kotlin/com/rhyn/presentation/feature/auth/AuthScreen.kt:326:33 Unresolved reference 'CircularProgressIndicator'.
e: file:///home/rhyn/ITD103/tawi-tawi-frontend/android/app/src/main/kotlin/com/rhyn/presentation/feature/auth/AuthScreen.kt:327:48 Unresolved reference 'Modifier'.
e: file:///home/rhyn/ITD103/tawi-tawi-frontend/android/app/src/main/kotlin/com/rhyn/presentation/feature/auth/AuthScreen.kt:327:65 Unresolved reference 'dp'.
e: file:///home/rhyn/ITD103/tawi-tawi-frontend/android/app/src/main/kotlin/com/rhyn/presentation/feature/auth/AuthScreen.kt:328:45 Unresolved reference 'MaterialTheme'.
e: file:///home/rhyn/ITD103/tawi-tawi-frontend/android/app/src/main/kotlin/com/rhyn/presentation/feature/auth/AuthScreen.kt:329:53 Unresolved reference 'dp'.
e: file:///home/rhyn/ITD103/tawi-tawi-frontend/android/app/src/main/kotlin/com/rhyn/presentation/feature/auth/AuthScreen.kt:332:33 Unresolved reference 'Text'.
e: file:///home/rhyn/ITD103/tawi-tawi-frontend/android/app/src/main/kotlin/com/rhyn/presentation/feature/auth/AuthScreen.kt:334:51 Unresolved reference 'sp'.
e: file:///home/rhyn/ITD103/tawi-tawi-frontend/android/app/src/main/kotlin/com/rhyn/presentation/feature/auth/AuthScreen.kt:335:50 Unresolved reference 'FontWeight'.
e: file:///home/rhyn/ITD103/tawi-tawi-frontend/android/app/src/main/kotlin/com/rhyn/presentation/feature/auth/AuthScreen.kt:340:25 Unresolved reference 'Spacer'.
e: file:///home/rhyn/ITD103/tawi-tawi-frontend/android/app/src/main/kotlin/com/rhyn/presentation/feature/auth/AuthScreen.kt:340:43 Unresolved reference 'Modifier'.
e: file:///home/rhyn/ITD103/tawi-tawi-frontend/android/app/src/main/kotlin/com/rhyn/presentation/feature/auth/AuthScreen.kt:340:62 Unresolved reference 'dp'.
e: file:///home/rhyn/ITD103/tawi-tawi-frontend/android/app/src/main/kotlin/com/rhyn/presentation/feature/auth/AuthScreen.kt:342:25 Unresolved reference 'Row'.
e: file:///home/rhyn/ITD103/tawi-tawi-frontend/android/app/src/main/kotlin/com/rhyn/presentation/feature/auth/AuthScreen.kt:343:40 Unresolved reference 'Modifier'.
e: file:///home/rhyn/ITD103/tawi-tawi-frontend/android/app/src/main/kotlin/com/rhyn/presentation/feature/auth/AuthScreen.kt:344:49 Unresolved reference 'Alignment'.
e: file:///home/rhyn/ITD103/tawi-tawi-frontend/android/app/src/main/kotlin/com/rhyn/presentation/feature/auth/AuthScreen.kt:346:29 Unresolved reference 'HorizontalDivider'.
e: file:///home/rhyn/ITD103/tawi-tawi-frontend/android/app/src/main/kotlin/com/rhyn/presentation/feature/auth/AuthScreen.kt:347:44 Unresolved reference 'Modifier'.
e: file:///home/rhyn/ITD103/tawi-tawi-frontend/android/app/src/main/kotlin/com/rhyn/presentation/feature/auth/AuthScreen.kt:348:41 Unresolved reference 'MaterialTheme'.
e: file:///home/rhyn/ITD103/tawi-tawi-frontend/android/app/src/main/kotlin/com/rhyn/presentation/feature/auth/AuthScreen.kt:350:29 Unresolved reference 'Text'.
e: file:///home/rhyn/ITD103/tawi-tawi-frontend/android/app/src/main/kotlin/com/rhyn/presentation/feature/auth/AuthScreen.kt:352:44 Unresolved reference 'Modifier'.
e: file:///home/rhyn/ITD103/tawi-tawi-frontend/android/app/src/main/kotlin/com/rhyn/presentation/feature/auth/AuthScreen.kt:352:77 Unresolved reference 'dp'.
e: file:///home/rhyn/ITD103/tawi-tawi-frontend/android/app/src/main/kotlin/com/rhyn/presentation/feature/auth/AuthScreen.kt:353:41 Unresolved reference 'MaterialTheme'.
e: file:///home/rhyn/ITD103/tawi-tawi-frontend/android/app/src/main/kotlin/com/rhyn/presentation/feature/auth/AuthScreen.kt:354:41 Unresolved reference 'MaterialTheme'.
e: file:///home/rhyn/ITD103/tawi-tawi-frontend/android/app/src/main/kotlin/com/rhyn/presentation/feature/auth/AuthScreen.kt:356:29 Unresolved reference 'HorizontalDivider'.
e: file:///home/rhyn/ITD103/tawi-tawi-frontend/android/app/src/main/kotlin/com/rhyn/presentation/feature/auth/AuthScreen.kt:357:44 Unresolved reference 'Modifier'.
e: file:///home/rhyn/ITD103/tawi-tawi-frontend/android/app/src/main/kotlin/com/rhyn/presentation/feature/auth/AuthScreen.kt:358:41 Unresolved reference 'MaterialTheme'.
e: file:///home/rhyn/ITD103/tawi-tawi-frontend/android/app/src/main/kotlin/com/rhyn/presentation/feature/auth/AuthScreen.kt:362:25 Unresolved reference 'Spacer'.
e: file:///home/rhyn/ITD103/tawi-tawi-frontend/android/app/src/main/kotlin/com/rhyn/presentation/feature/auth/AuthScreen.kt:362:43 Unresolved reference 'Modifier'.
e: file:///home/rhyn/ITD103/tawi-tawi-frontend/android/app/src/main/kotlin/com/rhyn/presentation/feature/auth/AuthScreen.kt:362:62 Unresolved reference 'dp'.
e: file:///home/rhyn/ITD103/tawi-tawi-frontend/android/app/src/main/kotlin/com/rhyn/presentation/feature/auth/AuthScreen.kt:365:25 Unresolved reference 'OutlinedButton'.
e: file:///home/rhyn/ITD103/tawi-tawi-frontend/android/app/src/main/kotlin/com/rhyn/presentation/feature/auth/AuthScreen.kt:367:40 Unresolved reference 'Modifier'.
e: file:///home/rhyn/ITD103/tawi-tawi-frontend/android/app/src/main/kotlin/com/rhyn/presentation/feature/auth/AuthScreen.kt:369:44 Unresolved reference 'dp'.
e: file:///home/rhyn/ITD103/tawi-tawi-frontend/android/app/src/main/kotlin/com/rhyn/presentation/feature/auth/AuthScreen.kt:370:37 Unresolved reference 'RoundedCornerShape'.
e: file:///home/rhyn/ITD103/tawi-tawi-frontend/android/app/src/main/kotlin/com/rhyn/presentation/feature/auth/AuthScreen.kt:370:59 Unresolved reference 'dp'.
e: file:///home/rhyn/ITD103/tawi-tawi-frontend/android/app/src/main/kotlin/com/rhyn/presentation/feature/auth/AuthScreen.kt:371:39 Unresolved reference 'not' for operator '!'.
e: file:///home/rhyn/ITD103/tawi-tawi-frontend/android/app/src/main/kotlin/com/rhyn/presentation/feature/auth/AuthScreen.kt:372:38 Unresolved reference 'BorderStroke'.
e: file:///home/rhyn/ITD103/tawi-tawi-frontend/android/app/src/main/kotlin/com/rhyn/presentation/feature/auth/AuthScreen.kt:372:53 Unresolved reference 'dp'.
e: file:///home/rhyn/ITD103/tawi-tawi-frontend/android/app/src/main/kotlin/com/rhyn/presentation/feature/auth/AuthScreen.kt:372:57 Unresolved reference 'MaterialTheme'.
e: file:///home/rhyn/ITD103/tawi-tawi-frontend/android/app/src/main/kotlin/com/rhyn/presentation/feature/auth/AuthScreen.kt:373:38 Unresolved reference 'ButtonDefaults'.
e: file:///home/rhyn/ITD103/tawi-tawi-frontend/android/app/src/main/kotlin/com/rhyn/presentation/feature/auth/AuthScreen.kt:374:50 Unresolved reference 'MaterialTheme'.
e: file:///home/rhyn/ITD103/tawi-tawi-frontend/android/app/src/main/kotlin/com/rhyn/presentation/feature/auth/AuthScreen.kt:375:48 Unresolved reference 'MaterialTheme'.
e: file:///home/rhyn/ITD103/tawi-tawi-frontend/android/app/src/main/kotlin/com/rhyn/presentation/feature/auth/AuthScreen.kt:378:29 Unresolved reference 'Icon'.
e: file:///home/rhyn/ITD103/tawi-tawi-frontend/android/app/src/main/kotlin/com/rhyn/presentation/feature/auth/AuthScreen.kt:379:43 Unresolved reference 'painterResource'.
e: file:///home/rhyn/ITD103/tawi-tawi-frontend/android/app/src/main/kotlin/com/rhyn/presentation/feature/auth/AuthScreen.kt:379:64 Unresolved reference 'R'.
e: file:///home/rhyn/ITD103/tawi-tawi-frontend/android/app/src/main/kotlin/com/rhyn/presentation/feature/auth/AuthScreen.kt:381:40 Unresolved reference 'Color'.
e: file:///home/rhyn/ITD103/tawi-tawi-frontend/android/app/src/main/kotlin/com/rhyn/presentation/feature/auth/AuthScreen.kt:382:44 Unresolved reference 'Modifier'.
e: file:///home/rhyn/ITD103/tawi-tawi-frontend/android/app/src/main/kotlin/com/rhyn/presentation/feature/auth/AuthScreen.kt:383:46 Unresolved reference 'dp'.
e: file:///home/rhyn/ITD103/tawi-tawi-frontend/android/app/src/main/kotlin/com/rhyn/presentation/feature/auth/AuthScreen.kt:386:29 Unresolved reference 'Spacer'.
e: file:///home/rhyn/ITD103/tawi-tawi-frontend/android/app/src/main/kotlin/com/rhyn/presentation/feature/auth/AuthScreen.kt:386:47 Unresolved reference 'Modifier'.
e: file:///home/rhyn/ITD103/tawi-tawi-frontend/android/app/src/main/kotlin/com/rhyn/presentation/feature/auth/AuthScreen.kt:386:65 Unresolved reference 'dp'.
e: file:///home/rhyn/ITD103/tawi-tawi-frontend/android/app/src/main/kotlin/com/rhyn/presentation/feature/auth/AuthScreen.kt:387:29 Unresolved reference 'Text'.
e: file:///home/rhyn/ITD103/tawi-tawi-frontend/android/app/src/main/kotlin/com/rhyn/presentation/feature/auth/AuthScreen.kt:389:47 Unresolved reference 'sp'.
e: file:///home/rhyn/ITD103/tawi-tawi-frontend/android/app/src/main/kotlin/com/rhyn/presentation/feature/auth/AuthScreen.kt:390:46 Unresolved reference 'FontWeight'.
e: file:///home/rhyn/ITD103/tawi-tawi-frontend/android/app/src/main/kotlin/com/rhyn/presentation/feature/auth/AuthScreen.kt:401:1 Conflicting overloads:
fun isInternetAvailable(context: Context): Boolean
e: file:///home/rhyn/ITD103/tawi-tawi-frontend/android/app/src/main/kotlin/com/rhyn/presentation/feature/auth/AuthScreen.kt:413:9 Conflicting overloads:
suspend fun fetchGoogleIdToken(context: Context): String
e: file:///home/rhyn/ITD103/tawi-tawi-frontend/android/app/src/main/kotlin/com/rhyn/presentation/feature/auth/AuthScreen.kt:414:29 Unresolved reference 'CredentialManager'.
e: file:///home/rhyn/ITD103/tawi-tawi-frontend/android/app/src/main/kotlin/com/rhyn/presentation/feature/auth/AuthScreen.kt:416:26 Unresolved reference 'GetGoogleIdOption'.
e: file:///home/rhyn/ITD103/tawi-tawi-frontend/android/app/src/main/kotlin/com/rhyn/presentation/feature/auth/AuthScreen.kt:422:19 Unresolved reference 'GetCredentialRequest'.
e: file:///home/rhyn/ITD103/tawi-tawi-frontend/android/app/src/main/kotlin/com/rhyn/presentation/feature/auth/AuthScreen.kt:429:23 Unresolved reference 'CustomCredential'.
e: file:///home/rhyn/ITD103/tawi-tawi-frontend/android/app/src/main/kotlin/com/rhyn/presentation/feature/auth/AuthScreen.kt:429:54 Unresolved reference 'type'.
e: file:///home/rhyn/ITD103/tawi-tawi-frontend/android/app/src/main/kotlin/com/rhyn/presentation/feature/auth/AuthScreen.kt:429:62 Unresolved reference 'GoogleIdTokenCredential'.
e: file:///home/rhyn/ITD103/tawi-tawi-frontend/android/app/src/main/kotlin/com/rhyn/presentation/feature/auth/AuthScreen.kt:430:39 Unresolved reference 'GoogleIdTokenCredential'.
e: file:///home/rhyn/ITD103/tawi-tawi-frontend/android/app/src/main/kotlin/com/rhyn/presentation/feature/auth/AuthScreen.kt:430:85 Unresolved reference 'data'.
e: file:///home/rhyn/ITD103/tawi-tawi-frontend/android/app/src/main/kotlin/com/rhyn/presentation/feature/auth/AuthViewModel.kt:4:17 Unresolved reference 'compose'.
e: file:///home/rhyn/ITD103/tawi-tawi-frontend/android/app/src/main/kotlin/com/rhyn/presentation/feature/auth/AuthViewModel.kt:5:17 Unresolved reference 'compose'.
e: file:///home/rhyn/ITD103/tawi-tawi-frontend/android/app/src/main/kotlin/com/rhyn/presentation/feature/auth/AuthViewModel.kt:6:17 Unresolved reference 'compose'.
e: file:///home/rhyn/ITD103/tawi-tawi-frontend/android/app/src/main/kotlin/com/rhyn/presentation/feature/auth/AuthViewModel.kt:8:27 Unresolved reference 'viewModelScope'.
e: file:///home/rhyn/ITD103/tawi-tawi-frontend/android/app/src/main/kotlin/com/rhyn/presentation/feature/auth/AuthViewModel.kt:10:8 Unresolved reference 'dagger'.
e: file:///home/rhyn/ITD103/tawi-tawi-frontend/android/app/src/main/kotlin/com/rhyn/presentation/feature/auth/AuthViewModel.kt:12:14 Unresolved reference 'inject'.
e: file:///home/rhyn/ITD103/tawi-tawi-frontend/android/app/src/main/kotlin/com/rhyn/presentation/feature/auth/AuthViewModel.kt:14:2 Unresolved reference 'HiltViewModel'.
e: file:///home/rhyn/ITD103/tawi-tawi-frontend/android/app/src/main/kotlin/com/rhyn/presentation/feature/auth/AuthViewModel.kt:15:7 Redeclaration:
class AuthViewModel : ViewModel
e: file:///home/rhyn/ITD103/tawi-tawi-frontend/android/app/src/main/kotlin/com/rhyn/presentation/feature/auth/AuthViewModel.kt:15:22 Unresolved reference 'Inject'.
e: file:///home/rhyn/ITD103/tawi-tawi-frontend/android/app/src/main/kotlin/com/rhyn/presentation/feature/auth/AuthViewModel.kt:22:33 Unresolved reference 'mutableStateOf'.
e: file:///home/rhyn/ITD103/tawi-tawi-frontend/android/app/src/main/kotlin/com/rhyn/presentation/feature/auth/AuthViewModel.kt:25:26 Unresolved reference 'mutableStateOf'.
e: file:///home/rhyn/ITD103/tawi-tawi-frontend/android/app/src/main/kotlin/com/rhyn/presentation/feature/auth/AuthViewModel.kt:39:9 Unresolved reference 'viewModelScope'.
e: file:///home/rhyn/ITD103/tawi-tawi-frontend/android/app/src/main/kotlin/com/rhyn/presentation/feature/auth/AuthViewModel.kt:96:9 Unresolved reference 'viewModelScope'.
e: file:///home/rhyn/ITD103/tawi-tawi-frontend/android/app/src/main/kotlin/com/rhyn/presentation/feature/auth/AuthViewModel.kt:99:64 Argument type mismatch: actual type is 'kotlin.Any', but 'kotlin.String' was expected.
e: file:///home/rhyn/ITD103/tawi-tawi-frontend/android/app/src/main/kotlin/com/rhyn/presentation/feature/chat/ChatScreen.kt:9:26 Unresolved reference 'compose'.
e: file:///home/rhyn/ITD103/tawi-tawi-frontend/android/app/src/main/kotlin/com/rhyn/presentation/feature/chat/ChatScreen.kt:12:17 Unresolved reference 'compose'.
e: file:///home/rhyn/ITD103/tawi-tawi-frontend/android/app/src/main/kotlin/com/rhyn/presentation/feature/chat/ChatScreen.kt:13:17 Unresolved reference 'compose'.
e: file:///home/rhyn/ITD103/tawi-tawi-frontend/android/app/src/main/kotlin/com/rhyn/presentation/feature/chat/ChatScreen.kt:14:17 Unresolved reference 'compose'.
e: file:///home/rhyn/ITD103/tawi-tawi-frontend/android/app/src/main/kotlin/com/rhyn/presentation/feature/chat/ChatScreen.kt:15:17 Unresolved reference 'compose'.
e: file:///home/rhyn/ITD103/tawi-tawi-frontend/android/app/src/main/kotlin/com/rhyn/presentation/feature/chat/ChatScreen.kt:16:17 Unresolved reference 'compose'.
e: file:///home/rhyn/ITD103/tawi-tawi-frontend/android/app/src/main/kotlin/com/rhyn/presentation/feature/chat/ChatScreen.kt:17:17 Unresolved reference 'compose'.
e: file:///home/rhyn/ITD103/tawi-tawi-frontend/android/app/src/main/kotlin/com/rhyn/presentation/feature/chat/ChatScreen.kt:18:17 Unresolved reference 'compose'.
e: file:///home/rhyn/ITD103/tawi-tawi-frontend/android/app/src/main/kotlin/com/rhyn/presentation/feature/chat/ChatScreen.kt:19:17 Unresolved reference 'compose'.
e: file:///home/rhyn/ITD103/tawi-tawi-frontend/android/app/src/main/kotlin/com/rhyn/presentation/feature/chat/ChatScreen.kt:20:17 Unresolved reference 'compose'.
e: file:///home/rhyn/ITD103/tawi-tawi-frontend/android/app/src/main/kotlin/com/rhyn/presentation/feature/chat/ChatScreen.kt:21:17 Unresolved reference 'compose'.
e: file:///home/rhyn/ITD103/tawi-tawi-frontend/android/app/src/main/kotlin/com/rhyn/presentation/feature/chat/ChatScreen.kt:22:17 Unresolved reference 'compose'.
e: file:///home/rhyn/ITD103/tawi-tawi-frontend/android/app/src/main/kotlin/com/rhyn/presentation/feature/chat/ChatScreen.kt:23:17 Unresolved reference 'compose'.
e: file:///home/rhyn/ITD103/tawi-tawi-frontend/android/app/src/main/kotlin/com/rhyn/presentation/feature/chat/ChatScreen.kt:24:17 Unresolved reference 'compose'.
e: file:///home/rhyn/ITD103/tawi-tawi-frontend/android/app/src/main/kotlin/com/rhyn/presentation/feature/chat/ChatScreen.kt:25:17 Unresolved reference 'compose'.
e: file:///home/rhyn/ITD103/tawi-tawi-frontend/android/app/src/main/kotlin/com/rhyn/presentation/feature/chat/ChatScreen.kt:26:17 Unresolved reference 'compose'.
e: file:///home/rhyn/ITD103/tawi-tawi-frontend/android/app/src/main/kotlin/com/rhyn/presentation/feature/chat/ChatScreen.kt:27:17 Unresolved reference 'compose'.
e: file:///home/rhyn/ITD103/tawi-tawi-frontend/android/app/src/main/kotlin/com/rhyn/presentation/feature/chat/ChatScreen.kt:28:17 Unresolved reference 'compose'.
e: file:///home/rhyn/ITD103/tawi-tawi-frontend/android/app/src/main/kotlin/com/rhyn/presentation/feature/chat/ChatScreen.kt:29:17 Unresolved reference 'compose'.
e: file:///home/rhyn/ITD103/tawi-tawi-frontend/android/app/src/main/kotlin/com/rhyn/presentation/feature/chat/ChatScreen.kt:30:17 Unresolved reference 'compose'.
e: file:///home/rhyn/ITD103/tawi-tawi-frontend/android/app/src/main/kotlin/com/rhyn/presentation/feature/chat/ChatScreen.kt:31:17 Unresolved reference 'compose'.
e: file:///home/rhyn/ITD103/tawi-tawi-frontend/android/app/src/main/kotlin/com/rhyn/presentation/feature/chat/ChatScreen.kt:32:17 Unresolved reference 'compose'.
e: file:///home/rhyn/ITD103/tawi-tawi-frontend/android/app/src/main/kotlin/com/rhyn/presentation/feature/chat/ChatScreen.kt:33:17 Unresolved reference 'compose'.
e: file:///home/rhyn/ITD103/tawi-tawi-frontend/android/app/src/main/kotlin/com/rhyn/presentation/feature/chat/ChatScreen.kt:34:17 Unresolved reference 'compose'.
e: file:///home/rhyn/ITD103/tawi-tawi-frontend/android/app/src/main/kotlin/com/rhyn/presentation/feature/chat/ChatScreen.kt:35:17 Unresolved reference 'compose'.
e: file:///home/rhyn/ITD103/tawi-tawi-frontend/android/app/src/main/kotlin/com/rhyn/presentation/feature/chat/ChatScreen.kt:36:17 Unresolved reference 'compose'.
e: file:///home/rhyn/ITD103/tawi-tawi-frontend/android/app/src/main/kotlin/com/rhyn/presentation/feature/chat/ChatScreen.kt:37:17 Unresolved reference 'compose'.
e: file:///home/rhyn/ITD103/tawi-tawi-frontend/android/app/src/main/kotlin/com/rhyn/presentation/feature/chat/ChatScreen.kt:38:17 Unresolved reference 'compose'.
e: file:///home/rhyn/ITD103/tawi-tawi-frontend/android/app/src/main/kotlin/com/rhyn/presentation/feature/chat/ChatScreen.kt:39:17 Unresolved reference 'compose'.
e: file:///home/rhyn/ITD103/tawi-tawi-frontend/android/app/src/main/kotlin/com/rhyn/presentation/feature/chat/ChatScreen.kt:40:17 Unresolved reference 'compose'.
e: file:///home/rhyn/ITD103/tawi-tawi-frontend/android/app/src/main/kotlin/com/rhyn/presentation/feature/chat/ChatScreen.kt:41:17 Unresolved reference 'compose'.
e: file:///home/rhyn/ITD103/tawi-tawi-frontend/android/app/src/main/kotlin/com/rhyn/presentation/feature/chat/ChatScreen.kt:42:17 Unresolved reference 'compose'.
e: file:///home/rhyn/ITD103/tawi-tawi-frontend/android/app/src/main/kotlin/com/rhyn/presentation/feature/chat/ChatScreen.kt:43:17 Unresolved reference 'compose'.
e: file:///home/rhyn/ITD103/tawi-tawi-frontend/android/app/src/main/kotlin/com/rhyn/presentation/feature/chat/ChatScreen.kt:44:17 Unresolved reference 'compose'.
e: file:///home/rhyn/ITD103/tawi-tawi-frontend/android/app/src/main/kotlin/com/rhyn/presentation/feature/chat/ChatScreen.kt:45:17 Unresolved reference 'compose'.
e: file:///home/rhyn/ITD103/tawi-tawi-frontend/android/app/src/main/kotlin/com/rhyn/presentation/feature/chat/ChatScreen.kt:46:17 Unresolved reference 'compose'.
e: file:///home/rhyn/ITD103/tawi-tawi-frontend/android/app/src/main/kotlin/com/rhyn/presentation/feature/chat/ChatScreen.kt:47:17 Unresolved reference 'compose'.
e: file:///home/rhyn/ITD103/tawi-tawi-frontend/android/app/src/main/kotlin/com/rhyn/presentation/feature/chat/ChatScreen.kt:48:17 Unresolved reference 'compose'.
e: file:///home/rhyn/ITD103/tawi-tawi-frontend/android/app/src/main/kotlin/com/rhyn/presentation/feature/chat/ChatScreen.kt:49:17 Unresolved reference 'compose'.
e: file:///home/rhyn/ITD103/tawi-tawi-frontend/android/app/src/main/kotlin/com/rhyn/presentation/feature/chat/ChatScreen.kt:50:17 Unresolved reference 'compose'.
e: file:///home/rhyn/ITD103/tawi-tawi-frontend/android/app/src/main/kotlin/com/rhyn/presentation/feature/chat/ChatScreen.kt:51:17 Unresolved reference 'compose'.
e: file:///home/rhyn/ITD103/tawi-tawi-frontend/android/app/src/main/kotlin/com/rhyn/presentation/feature/chat/ChatScreen.kt:52:17 Unresolved reference 'compose'.
e: file:///home/rhyn/ITD103/tawi-tawi-frontend/android/app/src/main/kotlin/com/rhyn/presentation/feature/chat/ChatScreen.kt:53:17 Unresolved reference 'compose'.
e: file:///home/rhyn/ITD103/tawi-tawi-frontend/android/app/src/main/kotlin/com/rhyn/presentation/feature/chat/ChatScreen.kt:54:17 Unresolved reference 'compose'.
e: file:///home/rhyn/ITD103/tawi-tawi-frontend/android/app/src/main/kotlin/com/rhyn/presentation/feature/chat/ChatScreen.kt:55:17 Unresolved reference 'compose'.
e: file:///home/rhyn/ITD103/tawi-tawi-frontend/android/app/src/main/kotlin/com/rhyn/presentation/feature/chat/ChatScreen.kt:56:8 Unresolved reference 'coil'.
e: file:///home/rhyn/ITD103/tawi-tawi-frontend/android/app/src/main/kotlin/com/rhyn/presentation/feature/chat/ChatScreen.kt:65:8 Unresolved reference 'ExperimentalMaterial3Api'.
e: file:///home/rhyn/ITD103/tawi-tawi-frontend/android/app/src/main/kotlin/com/rhyn/presentation/feature/chat/ChatScreen.kt:65:8 Annotation argument must be a compile-time constant.
e: file:///home/rhyn/ITD103/tawi-tawi-frontend/android/app/src/main/kotlin/com/rhyn/presentation/feature/chat/ChatScreen.kt:65:41 Unresolved reference 'ExperimentalLayoutApi'.
e: file:///home/rhyn/ITD103/tawi-tawi-frontend/android/app/src/main/kotlin/com/rhyn/presentation/feature/chat/ChatScreen.kt:65:41 Annotation argument must be a compile-time constant.
e: file:///home/rhyn/ITD103/tawi-tawi-frontend/android/app/src/main/kotlin/com/rhyn/presentation/feature/chat/ChatScreen.kt:66:2 Unresolved reference 'Composable'.
e: file:///home/rhyn/ITD103/tawi-tawi-frontend/android/app/src/main/kotlin/com/rhyn/presentation/feature/chat/ChatScreen.kt:67:1 Conflicting overloads:
fun ChatScreen(viewModel: ChatViewModel, targetUserId: String, onNavigateBack: () -> Unit): Unit
e: file:///home/rhyn/ITD103/tawi-tawi-frontend/android/app/src/main/kotlin/com/rhyn/presentation/feature/chat/ChatScreen.kt:72:40 Unresolved reference 'collectAsState'.
e: file:///home/rhyn/ITD103/tawi-tawi-frontend/android/app/src/main/kotlin/com/rhyn/presentation/feature/chat/ChatScreen.kt:73:36 Unresolved reference 'collectAsState'.
e: file:///home/rhyn/ITD103/tawi-tawi-frontend/android/app/src/main/kotlin/com/rhyn/presentation/feature/chat/ChatScreen.kt:75:54 Unresolved reference 'collectAsState'.
e: file:///home/rhyn/ITD103/tawi-tawi-frontend/android/app/src/main/kotlin/com/rhyn/presentation/feature/chat/ChatScreen.kt:76:51 Unresolved reference 'it'.
e: file:///home/rhyn/ITD103/tawi-tawi-frontend/android/app/src/main/kotlin/com/rhyn/presentation/feature/chat/ChatScreen.kt:77:21 Unresolved reference 'remember'.
e: file:///home/rhyn/ITD103/tawi-tawi-frontend/android/app/src/main/kotlin/com/rhyn/presentation/feature/chat/ChatScreen.kt:77:32 Unresolved reference 'mutableStateOf'.
e: file:///home/rhyn/ITD103/tawi-tawi-frontend/android/app/src/main/kotlin/com/rhyn/presentation/feature/chat/ChatScreen.kt:78:45 Unresolved reference 'isBackupEnabled'.
e: file:///home/rhyn/ITD103/tawi-tawi-frontend/android/app/src/main/kotlin/com/rhyn/presentation/feature/chat/ChatScreen.kt:80:21 Unresolved reference 'rememberLazyListState'.
e: file:///home/rhyn/ITD103/tawi-tawi-frontend/android/app/src/main/kotlin/com/rhyn/presentation/feature/chat/ChatScreen.kt:81:26 Unresolved reference 'rememberCoroutineScope'.
e: file:///home/rhyn/ITD103/tawi-tawi-frontend/android/app/src/main/kotlin/com/rhyn/presentation/feature/chat/ChatScreen.kt:83:24 Unresolved reference 'WindowInsets'.
e: file:///home/rhyn/ITD103/tawi-tawi-frontend/android/app/src/main/kotlin/com/rhyn/presentation/feature/chat/ChatScreen.kt:85:5 Unresolved reference 'LaunchedEffect'.
e: file:///home/rhyn/ITD103/tawi-tawi-frontend/android/app/src/main/kotlin/com/rhyn/presentation/feature/chat/ChatScreen.kt:89:5 Unresolved reference 'LaunchedEffect'.
e: file:///home/rhyn/ITD103/tawi-tawi-frontend/android/app/src/main/kotlin/com/rhyn/presentation/feature/chat/ChatScreen.kt:89:29 Unresolved reference 'size'.
e: file:///home/rhyn/ITD103/tawi-tawi-frontend/android/app/src/main/kotlin/com/rhyn/presentation/feature/chat/ChatScreen.kt:95:5 Unresolved reference 'LaunchedEffect'.
e: file:///home/rhyn/ITD103/tawi-tawi-frontend/android/app/src/main/kotlin/com/rhyn/presentation/feature/chat/ChatScreen.kt:101:5 Unresolved reference 'Scaffold'.
e: file:///home/rhyn/ITD103/tawi-tawi-frontend/android/app/src/main/kotlin/com/rhyn/presentation/feature/chat/ChatScreen.kt:102:20 Unresolved reference 'Modifier'.
e: file:///home/rhyn/ITD103/tawi-tawi-frontend/android/app/src/main/kotlin/com/rhyn/presentation/feature/chat/ChatScreen.kt:103:26 Unresolved reference 'MaterialTheme'.
e: file:///home/rhyn/ITD103/tawi-tawi-frontend/android/app/src/main/kotlin/com/rhyn/presentation/feature/chat/ChatScreen.kt:105:13 Unresolved reference 'TopAppBar'.
e: file:///home/rhyn/ITD103/tawi-tawi-frontend/android/app/src/main/kotlin/com/rhyn/presentation/feature/chat/ChatScreen.kt:107:21 Unresolved reference 'Row'.
e: file:///home/rhyn/ITD103/tawi-tawi-frontend/android/app/src/main/kotlin/com/rhyn/presentation/feature/chat/ChatScreen.kt:107:45 Unresolved reference 'Alignment'.
e: file:///home/rhyn/ITD103/tawi-tawi-frontend/android/app/src/main/kotlin/com/rhyn/presentation/feature/chat/ChatScreen.kt:108:25 None of the following candidates is applicable:
fun ChatAvatar(name: String, size: <ERROR TYPE REF: Symbol not found for androidx.compose> = ...): Unit
fun ChatAvatar(name: String, size: <ERROR TYPE REF: Symbol not found for androidx.compose> = ...): Unit
e: file:///home/rhyn/ITD103/tawi-tawi-frontend/android/app/src/main/kotlin/com/rhyn/presentation/feature/chat/ChatScreen.kt:109:25 Unresolved reference 'Spacer'.
e: file:///home/rhyn/ITD103/tawi-tawi-frontend/android/app/src/main/kotlin/com/rhyn/presentation/feature/chat/ChatScreen.kt:109:43 Unresolved reference 'Modifier'.
e: file:///home/rhyn/ITD103/tawi-tawi-frontend/android/app/src/main/kotlin/com/rhyn/presentation/feature/chat/ChatScreen.kt:109:61 Unresolved reference 'dp'.
e: file:///home/rhyn/ITD103/tawi-tawi-frontend/android/app/src/main/kotlin/com/rhyn/presentation/feature/chat/ChatScreen.kt:110:25 Unresolved reference 'Text'.
e: file:///home/rhyn/ITD103/tawi-tawi-frontend/android/app/src/main/kotlin/com/rhyn/presentation/feature/chat/ChatScreen.kt:110:57 Unresolved reference 'FontWeight'.
e: file:///home/rhyn/ITD103/tawi-tawi-frontend/android/app/src/main/kotlin/com/rhyn/presentation/feature/chat/ChatScreen.kt:110:92 Unresolved reference 'sp'.
e: file:///home/rhyn/ITD103/tawi-tawi-frontend/android/app/src/main/kotlin/com/rhyn/presentation/feature/chat/ChatScreen.kt:114:21 Unresolved reference 'IconButton'.
e: file:///home/rhyn/ITD103/tawi-tawi-frontend/android/app/src/main/kotlin/com/rhyn/presentation/feature/chat/ChatScreen.kt:115:25 Unresolved reference 'Icon'.
e: file:///home/rhyn/ITD103/tawi-tawi-frontend/android/app/src/main/kotlin/com/rhyn/presentation/feature/chat/ChatScreen.kt:115:30 Unresolved reference 'Icons'.
e: file:///home/rhyn/ITD103/tawi-tawi-frontend/android/app/src/main/kotlin/com/rhyn/presentation/feature/chat/ChatScreen.kt:119:21 Unresolved reference 'IconButton'.
e: file:///home/rhyn/ITD103/tawi-tawi-frontend/android/app/src/main/kotlin/com/rhyn/presentation/feature/chat/ChatScreen.kt:119:55 Unresolved reference 'not' for operator '!'.
e: file:///home/rhyn/ITD103/tawi-tawi-frontend/android/app/src/main/kotlin/com/rhyn/presentation/feature/chat/ChatScreen.kt:120:25 Unresolved reference 'Icon'.
e: file:///home/rhyn/ITD103/tawi-tawi-frontend/android/app/src/main/kotlin/com/rhyn/presentation/feature/chat/ChatScreen.kt:120:30 Unresolved reference 'Icons'.
e: file:///home/rhyn/ITD103/tawi-tawi-frontend/android/app/src/main/kotlin/com/rhyn/presentation/feature/chat/ChatScreen.kt:122:21 Unresolved reference 'DropdownMenu'.
e: file:///home/rhyn/ITD103/tawi-tawi-frontend/android/app/src/main/kotlin/com/rhyn/presentation/feature/chat/ChatScreen.kt:125:36 Unresolved reference 'Modifier'.
e: file:///home/rhyn/ITD103/tawi-tawi-frontend/android/app/src/main/kotlin/com/rhyn/presentation/feature/chat/ChatScreen.kt:125:56 Unresolved reference 'MaterialTheme'.
e: file:///home/rhyn/ITD103/tawi-tawi-frontend/android/app/src/main/kotlin/com/rhyn/presentation/feature/chat/ChatScreen.kt:127:25 Unresolved reference 'DropdownMenuItem'.
e: file:///home/rhyn/ITD103/tawi-tawi-frontend/android/app/src/main/kotlin/com/rhyn/presentation/feature/chat/ChatScreen.kt:128:38 Unresolved reference 'Text'.
e: file:///home/rhyn/ITD103/tawi-tawi-frontend/android/app/src/main/kotlin/com/rhyn/presentation/feature/chat/ChatScreen.kt:130:33 Unresolved reference 'Switch'.
e: file:///home/rhyn/ITD103/tawi-tawi-frontend/android/app/src/main/kotlin/com/rhyn/presentation/feature/chat/ChatScreen.kt:132:57 Cannot infer type for this parameter. Please specify it explicitly.
e: file:///home/rhyn/ITD103/tawi-tawi-frontend/android/app/src/main/kotlin/com/rhyn/presentation/feature/chat/ChatScreen.kt:143:26 Unresolved reference 'TopAppBarDefaults'.
e: file:///home/rhyn/ITD103/tawi-tawi-frontend/android/app/src/main/kotlin/com/rhyn/presentation/feature/chat/ChatScreen.kt:144:38 Unresolved reference 'MaterialTheme'.
e: file:///home/rhyn/ITD103/tawi-tawi-frontend/android/app/src/main/kotlin/com/rhyn/presentation/feature/chat/ChatScreen.kt:145:41 Unresolved reference 'MaterialTheme'.
e: file:///home/rhyn/ITD103/tawi-tawi-frontend/android/app/src/main/kotlin/com/rhyn/presentation/feature/chat/ChatScreen.kt:146:50 Unresolved reference 'MaterialTheme'.
e: file:///home/rhyn/ITD103/tawi-tawi-frontend/android/app/src/main/kotlin/com/rhyn/presentation/feature/chat/ChatScreen.kt:152:35 Cannot infer type for this parameter. Please specify it explicitly.
e: file:///home/rhyn/ITD103/tawi-tawi-frontend/android/app/src/main/kotlin/com/rhyn/presentation/feature/chat/ChatScreen.kt:160:33 Cannot infer type for this parameter. Please specify it explicitly.
e: file:///home/rhyn/ITD103/tawi-tawi-frontend/android/app/src/main/kotlin/com/rhyn/presentation/feature/chat/ChatScreen.kt:168:32 Cannot infer type for this parameter. Please specify it explicitly.
e: file:///home/rhyn/ITD103/tawi-tawi-frontend/android/app/src/main/kotlin/com/rhyn/presentation/feature/chat/ChatScreen.kt:178:9 Cannot infer type for this parameter. Please specify it explicitly.
e: file:///home/rhyn/ITD103/tawi-tawi-frontend/android/app/src/main/kotlin/com/rhyn/presentation/feature/chat/ChatScreen.kt:179:9 Unresolved reference 'LazyColumn'.
e: file:///home/rhyn/ITD103/tawi-tawi-frontend/android/app/src/main/kotlin/com/rhyn/presentation/feature/chat/ChatScreen.kt:181:24 Unresolved reference 'Modifier'.
e: file:///home/rhyn/ITD103/tawi-tawi-frontend/android/app/src/main/kotlin/com/rhyn/presentation/feature/chat/ChatScreen.kt:184:29 Unresolved reference 'MaterialTheme'.
e: file:///home/rhyn/ITD103/tawi-tawi-frontend/android/app/src/main/kotlin/com/rhyn/presentation/feature/chat/ChatScreen.kt:185:30 Unresolved reference 'PaddingValues'.
e: file:///home/rhyn/ITD103/tawi-tawi-frontend/android/app/src/main/kotlin/com/rhyn/presentation/feature/chat/ChatScreen.kt:185:60 Unresolved reference 'dp'.
e: file:///home/rhyn/ITD103/tawi-tawi-frontend/android/app/src/main/kotlin/com/rhyn/presentation/feature/chat/ChatScreen.kt:185:78 Unresolved reference 'dp'.
e: file:///home/rhyn/ITD103/tawi-tawi-frontend/android/app/src/main/kotlin/com/rhyn/presentation/feature/chat/ChatScreen.kt:188:13 Unresolved reference 'items'.
e: file:///home/rhyn/ITD103/tawi-tawi-frontend/android/app/src/main/kotlin/com/rhyn/presentation/feature/chat/ChatScreen.kt:190:25 Unresolved reference 'it'.
e: file:///home/rhyn/ITD103/tawi-tawi-frontend/android/app/src/main/kotlin/com/rhyn/presentation/feature/chat/ChatScreen.kt:191:17 Cannot infer type for this parameter. Please specify it explicitly.
e: file:///home/rhyn/ITD103/tawi-tawi-frontend/android/app/src/main/kotlin/com/rhyn/presentation/feature/chat/ChatScreen.kt:195:66 Unresolved reference 'messageId'.
e: file:///home/rhyn/ITD103/tawi-tawi-frontend/android/app/src/main/kotlin/com/rhyn/presentation/feature/chat/ChatScreen.kt:202:8 Unresolved reference 'ExperimentalFoundationApi'.
e: file:///home/rhyn/ITD103/tawi-tawi-frontend/android/app/src/main/kotlin/com/rhyn/presentation/feature/chat/ChatScreen.kt:202:8 Annotation argument must be a compile-time constant.
e: file:///home/rhyn/ITD103/tawi-tawi-frontend/android/app/src/main/kotlin/com/rhyn/presentation/feature/chat/ChatScreen.kt:203:2 Unresolved reference 'Composable'.
e: file:///home/rhyn/ITD103/tawi-tawi-frontend/android/app/src/main/kotlin/com/rhyn/presentation/feature/chat/ChatScreen.kt:204:1 Conflicting overloads:
fun MessageBubble(message: LocalMessageEntity, users: Map<String, String>, onDelete: () -> Unit): Unit
e: file:///home/rhyn/ITD103/tawi-tawi-frontend/android/app/src/main/kotlin/com/rhyn/presentation/feature/chat/ChatScreen.kt:209:19 Unresolved reference 'LocalContext'.
e: file:///home/rhyn/ITD103/tawi-tawi-frontend/android/app/src/main/kotlin/com/rhyn/presentation/feature/chat/ChatScreen.kt:211:31 Unresolved reference 'Alignment'.
e: file:///home/rhyn/ITD103/tawi-tawi-frontend/android/app/src/main/kotlin/com/rhyn/presentation/feature/chat/ChatScreen.kt:211:50 Unresolved reference 'Alignment'.
e: file:///home/rhyn/ITD103/tawi-tawi-frontend/android/app/src/main/kotlin/com/rhyn/presentation/feature/chat/ChatScreen.kt:218:9 Unresolved reference 'RoundedCornerShape'.
e: file:///home/rhyn/ITD103/tawi-tawi-frontend/android/app/src/main/kotlin/com/rhyn/presentation/feature/chat/ChatScreen.kt:218:31 Unresolved reference 'dp'.
e: file:///home/rhyn/ITD103/tawi-tawi-frontend/android/app/src/main/kotlin/com/rhyn/presentation/feature/chat/ChatScreen.kt:218:38 Unresolved reference 'dp'.
e: file:///home/rhyn/ITD103/tawi-tawi-frontend/android/app/src/main/kotlin/com/rhyn/presentation/feature/chat/ChatScreen.kt:218:44 Unresolved reference 'dp'.
e: file:///home/rhyn/ITD103/tawi-tawi-frontend/android/app/src/main/kotlin/com/rhyn/presentation/feature/chat/ChatScreen.kt:218:51 Unresolved reference 'dp'.
e: file:///home/rhyn/ITD103/tawi-tawi-frontend/android/app/src/main/kotlin/com/rhyn/presentation/feature/chat/ChatScreen.kt:220:9 Unresolved reference 'RoundedCornerShape'.
e: file:///home/rhyn/ITD103/tawi-tawi-frontend/android/app/src/main/kotlin/com/rhyn/presentation/feature/chat/ChatScreen.kt:220:31 Unresolved reference 'dp'.
e: file:///home/rhyn/ITD103/tawi-tawi-frontend/android/app/src/main/kotlin/com/rhyn/presentation/feature/chat/ChatScreen.kt:220:38 Unresolved reference 'dp'.
e: file:///home/rhyn/ITD103/tawi-tawi-frontend/android/app/src/main/kotlin/com/rhyn/presentation/feature/chat/ChatScreen.kt:220:45 Unresolved reference 'dp'.
e: file:///home/rhyn/ITD103/tawi-tawi-frontend/android/app/src/main/kotlin/com/rhyn/presentation/feature/chat/ChatScreen.kt:220:51 Unresolved reference 'dp'.
e: file:///home/rhyn/ITD103/tawi-tawi-frontend/android/app/src/main/kotlin/com/rhyn/presentation/feature/chat/ChatScreen.kt:223:37 Unresolved reference 'MaterialTheme'.
e: file:///home/rhyn/ITD103/tawi-tawi-frontend/android/app/src/main/kotlin/com/rhyn/presentation/feature/chat/ChatScreen.kt:223:76 Unresolved reference 'MaterialTheme'.
e: file:///home/rhyn/ITD103/tawi-tawi-frontend/android/app/src/main/kotlin/com/rhyn/presentation/feature/chat/ChatScreen.kt:224:34 Unresolved reference 'MaterialTheme'.
e: file:///home/rhyn/ITD103/tawi-tawi-frontend/android/app/src/main/kotlin/com/rhyn/presentation/feature/chat/ChatScreen.kt:224:75 Unresolved reference 'MaterialTheme'.
e: file:///home/rhyn/ITD103/tawi-tawi-frontend/android/app/src/main/kotlin/com/rhyn/presentation/feature/chat/ChatScreen.kt:226:28 Unresolved reference 'remember'.
e: file:///home/rhyn/ITD103/tawi-tawi-frontend/android/app/src/main/kotlin/com/rhyn/presentation/feature/chat/ChatScreen.kt:226:39 Unresolved reference 'mutableStateOf'.
e: file:///home/rhyn/ITD103/tawi-tawi-frontend/android/app/src/main/kotlin/com/rhyn/presentation/feature/chat/ChatScreen.kt:227:26 Unresolved reference 'remember'.
e: file:///home/rhyn/ITD103/tawi-tawi-frontend/android/app/src/main/kotlin/com/rhyn/presentation/feature/chat/ChatScreen.kt:227:37 Unresolved reference 'mutableStateOf'.
e: file:///home/rhyn/ITD103/tawi-tawi-frontend/android/app/src/main/kotlin/com/rhyn/presentation/feature/chat/ChatScreen.kt:229:5 Unresolved reference 'Column'.
e: file:///home/rhyn/ITD103/tawi-tawi-frontend/android/app/src/main/kotlin/com/rhyn/presentation/feature/chat/ChatScreen.kt:230:20 Unresolved reference 'Modifier'.
e: file:///home/rhyn/ITD103/tawi-tawi-frontend/android/app/src/main/kotlin/com/rhyn/presentation/feature/chat/ChatScreen.kt:232:35 Unresolved reference 'dp'.
e: file:///home/rhyn/ITD103/tawi-tawi-frontend/android/app/src/main/kotlin/com/rhyn/presentation/feature/chat/ChatScreen.kt:235:9 Unresolved reference 'Row'.
e: file:///home/rhyn/ITD103/tawi-tawi-frontend/android/app/src/main/kotlin/com/rhyn/presentation/feature/chat/ChatScreen.kt:236:33 Unresolved reference 'Alignment'.
e: file:///home/rhyn/ITD103/tawi-tawi-frontend/android/app/src/main/kotlin/com/rhyn/presentation/feature/chat/ChatScreen.kt:237:47 Unresolved reference 'Arrangement'.
e: file:///home/rhyn/ITD103/tawi-tawi-frontend/android/app/src/main/kotlin/com/rhyn/presentation/feature/chat/ChatScreen.kt:237:68 Unresolved reference 'Arrangement'.
e: file:///home/rhyn/ITD103/tawi-tawi-frontend/android/app/src/main/kotlin/com/rhyn/presentation/feature/chat/ChatScreen.kt:238:24 Unresolved reference 'Modifier'.
e: file:///home/rhyn/ITD103/tawi-tawi-frontend/android/app/src/main/kotlin/com/rhyn/presentation/feature/chat/ChatScreen.kt:241:57 Unresolved reference 'dp'.
e: file:///home/rhyn/ITD103/tawi-tawi-frontend/android/app/src/main/kotlin/com/rhyn/presentation/feature/chat/ChatScreen.kt:242:17 Unresolved reference 'Spacer'.
e: file:///home/rhyn/ITD103/tawi-tawi-frontend/android/app/src/main/kotlin/com/rhyn/presentation/feature/chat/ChatScreen.kt:242:35 Unresolved reference 'Modifier'.
e: file:///home/rhyn/ITD103/tawi-tawi-frontend/android/app/src/main/kotlin/com/rhyn/presentation/feature/chat/ChatScreen.kt:242:52 Unresolved reference 'dp'.
e: file:///home/rhyn/ITD103/tawi-tawi-frontend/android/app/src/main/kotlin/com/rhyn/presentation/feature/chat/ChatScreen.kt:245:13 Unresolved reference 'Column'.
e: file:///home/rhyn/ITD103/tawi-tawi-frontend/android/app/src/main/kotlin/com/rhyn/presentation/feature/chat/ChatScreen.kt:246:17 Unresolved reference 'Box'.
e: file:///home/rhyn/ITD103/tawi-tawi-frontend/android/app/src/main/kotlin/com/rhyn/presentation/feature/chat/ChatScreen.kt:247:21 Unresolved reference 'Box'.
e: file:///home/rhyn/ITD103/tawi-tawi-frontend/android/app/src/main/kotlin/com/rhyn/presentation/feature/chat/ChatScreen.kt:248:36 Unresolved reference 'Modifier'.
e: file:///home/rhyn/ITD103/tawi-tawi-frontend/android/app/src/main/kotlin/com/rhyn/presentation/feature/chat/ChatScreen.kt:249:48 Unresolved reference 'dp'.
e: file:///home/rhyn/ITD103/tawi-tawi-frontend/android/app/src/main/kotlin/com/rhyn/presentation/feature/chat/ChatScreen.kt:261:25 Unresolved reference 'Column'.
e: file:///home/rhyn/ITD103/tawi-tawi-frontend/android/app/src/main/kotlin/com/rhyn/presentation/feature/chat/ChatScreen.kt:264:33 Unresolved reference 'AsyncImage'.
e: file:///home/rhyn/ITD103/tawi-tawi-frontend/android/app/src/main/kotlin/com/rhyn/presentation/feature/chat/ChatScreen.kt:267:48 Unresolved reference 'Modifier'.
e: file:///home/rhyn/ITD103/tawi-tawi-frontend/android/app/src/main/kotlin/com/rhyn/presentation/feature/chat/ChatScreen.kt:269:61 Unresolved reference 'dp'.
e: file:///home/rhyn/ITD103/tawi-tawi-frontend/android/app/src/main/kotlin/com/rhyn/presentation/feature/chat/ChatScreen.kt:270:53 Unresolved reference 'Color'.
e: file:///home/rhyn/ITD103/tawi-tawi-frontend/android/app/src/main/kotlin/com/rhyn/presentation/feature/chat/ChatScreen.kt:271:52 Unresolved reference 'ContentScale'.
e: file:///home/rhyn/ITD103/tawi-tawi-frontend/android/app/src/main/kotlin/com/rhyn/presentation/feature/chat/ChatScreen.kt:277:33 Unresolved reference 'Row'.
e: file:///home/rhyn/ITD103/tawi-tawi-frontend/android/app/src/main/kotlin/com/rhyn/presentation/feature/chat/ChatScreen.kt:278:48 Unresolved reference 'Modifier'.
e: file:///home/rhyn/ITD103/tawi-tawi-frontend/android/app/src/main/kotlin/com/rhyn/presentation/feature/chat/ChatScreen.kt:280:53 Unresolved reference 'Color'.
e: file:///home/rhyn/ITD103/tawi-tawi-frontend/android/app/src/main/kotlin/com/rhyn/presentation/feature/chat/ChatScreen.kt:281:53 Unresolved reference 'dp'.
e: file:///home/rhyn/ITD103/tawi-tawi-frontend/android/app/src/main/kotlin/com/rhyn/presentation/feature/chat/ChatScreen.kt:282:57 Unresolved reference 'Alignment'.
e: file:///home/rhyn/ITD103/tawi-tawi-frontend/android/app/src/main/kotlin/com/rhyn/presentation/feature/chat/ChatScreen.kt:284:37 Unresolved reference 'Icon'.
e: file:///home/rhyn/ITD103/tawi-tawi-frontend/android/app/src/main/kotlin/com/rhyn/presentation/feature/chat/ChatScreen.kt:285:55 Unresolved reference 'Icons'.
e: file:///home/rhyn/ITD103/tawi-tawi-frontend/android/app/src/main/kotlin/com/rhyn/presentation/feature/chat/ChatScreen.kt:288:52 Unresolved reference 'Modifier'.
e: file:///home/rhyn/ITD103/tawi-tawi-frontend/android/app/src/main/kotlin/com/rhyn/presentation/feature/chat/ChatScreen.kt:288:69 Unresolved reference 'dp'.
e: file:///home/rhyn/ITD103/tawi-tawi-frontend/android/app/src/main/kotlin/com/rhyn/presentation/feature/chat/ChatScreen.kt:290:37 Unresolved reference 'Spacer'.
e: file:///home/rhyn/ITD103/tawi-tawi-frontend/android/app/src/main/kotlin/com/rhyn/presentation/feature/chat/ChatScreen.kt:290:55 Unresolved reference 'Modifier'.
e: file:///home/rhyn/ITD103/tawi-tawi-frontend/android/app/src/main/kotlin/com/rhyn/presentation/feature/chat/ChatScreen.kt:290:72 Unresolved reference 'dp'.
e: file:///home/rhyn/ITD103/tawi-tawi-frontend/android/app/src/main/kotlin/com/rhyn/presentation/feature/chat/ChatScreen.kt:291:37 Unresolved reference 'Text'.
e: file:///home/rhyn/ITD103/tawi-tawi-frontend/android/app/src/main/kotlin/com/rhyn/presentation/feature/chat/ChatScreen.kt:294:49 Unresolved reference 'MaterialTheme'.
e: file:///home/rhyn/ITD103/tawi-tawi-frontend/android/app/src/main/kotlin/com/rhyn/presentation/feature/chat/ChatScreen.kt:295:54 Unresolved reference 'FontWeight'.
e: file:///home/rhyn/ITD103/tawi-tawi-frontend/android/app/src/main/kotlin/com/rhyn/presentation/feature/chat/ChatScreen.kt:296:52 Unresolved reference 'Modifier'.
e: file:///home/rhyn/ITD103/tawi-tawi-frontend/android/app/src/main/kotlin/com/rhyn/presentation/feature/chat/ChatScreen.kt:298:52 Unresolved reference 'TextOverflow'.
e: file:///home/rhyn/ITD103/tawi-tawi-frontend/android/app/src/main/kotlin/com/rhyn/presentation/feature/chat/ChatScreen.kt:300:37 Unresolved reference 'IconButton'.
e: file:///home/rhyn/ITD103/tawi-tawi-frontend/android/app/src/main/kotlin/com/rhyn/presentation/feature/chat/ChatScreen.kt:304:41 Unresolved reference 'Icon'.
e: file:///home/rhyn/ITD103/tawi-tawi-frontend/android/app/src/main/kotlin/com/rhyn/presentation/feature/chat/ChatScreen.kt:305:59 Unresolved reference 'Icons'.
e: file:///home/rhyn/ITD103/tawi-tawi-frontend/android/app/src/main/kotlin/com/rhyn/presentation/feature/chat/ChatScreen.kt:325:21 Unresolved reference 'DropdownMenu'.
e: file:///home/rhyn/ITD103/tawi-tawi-frontend/android/app/src/main/kotlin/com/rhyn/presentation/feature/chat/ChatScreen.kt:328:36 Unresolved reference 'Modifier'.
e: file:///home/rhyn/ITD103/tawi-tawi-frontend/android/app/src/main/kotlin/com/rhyn/presentation/feature/chat/ChatScreen.kt:328:56 Unresolved reference 'MaterialTheme'.
e: file:///home/rhyn/ITD103/tawi-tawi-frontend/android/app/src/main/kotlin/com/rhyn/presentation/feature/chat/ChatScreen.kt:330:25 Unresolved reference 'DropdownMenuItem'.
e: file:///home/rhyn/ITD103/tawi-tawi-frontend/android/app/src/main/kotlin/com/rhyn/presentation/feature/chat/ChatScreen.kt:331:38 Unresolved reference 'Text'.
e: file:///home/rhyn/ITD103/tawi-tawi-frontend/android/app/src/main/kotlin/com/rhyn/presentation/feature/chat/ChatScreen.kt:331:68 Unresolved reference 'MaterialTheme'.
e: file:///home/rhyn/ITD103/tawi-tawi-frontend/android/app/src/main/kotlin/com/rhyn/presentation/feature/chat/ChatScreen.kt:340:17 Unresolved reference 'Row'.
e: file:///home/rhyn/ITD103/tawi-tawi-frontend/android/app/src/main/kotlin/com/rhyn/presentation/feature/chat/ChatScreen.kt:341:32 Unresolved reference 'Modifier'.
e: file:///home/rhyn/ITD103/tawi-tawi-frontend/android/app/src/main/kotlin/com/rhyn/presentation/feature/chat/ChatScreen.kt:341:57 Unresolved reference 'dp'.
e: file:///home/rhyn/ITD103/tawi-tawi-frontend/android/app/src/main/kotlin/com/rhyn/presentation/feature/chat/ChatScreen.kt:341:71 Unresolved reference 'dp'.
e: file:///home/rhyn/ITD103/tawi-tawi-frontend/android/app/src/main/kotlin/com/rhyn/presentation/feature/chat/ChatScreen.kt:341:83 Unresolved reference 'dp'.
e: file:///home/rhyn/ITD103/tawi-tawi-frontend/android/app/src/main/kotlin/com/rhyn/presentation/feature/chat/ChatScreen.kt:342:41 Unresolved reference 'Alignment'.
e: file:///home/rhyn/ITD103/tawi-tawi-frontend/android/app/src/main/kotlin/com/rhyn/presentation/feature/chat/ChatScreen.kt:344:21 Unresolved reference 'Text'.
e: file:///home/rhyn/ITD103/tawi-tawi-frontend/android/app/src/main/kotlin/com/rhyn/presentation/feature/chat/ChatScreen.kt:346:33 Unresolved reference 'MaterialTheme'.
e: file:///home/rhyn/ITD103/tawi-tawi-frontend/android/app/src/main/kotlin/com/rhyn/presentation/feature/chat/ChatScreen.kt:347:33 Unresolved reference 'MaterialTheme'.
e: file:///home/rhyn/ITD103/tawi-tawi-frontend/android/app/src/main/kotlin/com/rhyn/presentation/feature/chat/ChatScreen.kt:351:25 Unresolved reference 'Spacer'.
e: file:///home/rhyn/ITD103/tawi-tawi-frontend/android/app/src/main/kotlin/com/rhyn/presentation/feature/chat/ChatScreen.kt:351:43 Unresolved reference 'Modifier'.
e: file:///home/rhyn/ITD103/tawi-tawi-frontend/android/app/src/main/kotlin/com/rhyn/presentation/feature/chat/ChatScreen.kt:351:60 Unresolved reference 'dp'.
e: file:///home/rhyn/ITD103/tawi-tawi-frontend/android/app/src/main/kotlin/com/rhyn/presentation/feature/chat/ChatScreen.kt:352:25 Unresolved reference 'Text'.
e: file:///home/rhyn/ITD103/tawi-tawi-frontend/android/app/src/main/kotlin/com/rhyn/presentation/feature/chat/ChatScreen.kt:354:37 Unresolved reference 'MaterialTheme'.
e: file:///home/rhyn/ITD103/tawi-tawi-frontend/android/app/src/main/kotlin/com/rhyn/presentation/feature/chat/ChatScreen.kt:355:37 Unresolved reference 'MaterialTheme'.
e: file:///home/rhyn/ITD103/tawi-tawi-frontend/android/app/src/main/kotlin/com/rhyn/presentation/feature/chat/ChatScreen.kt:357:25 Unresolved reference 'Spacer'.
e: file:///home/rhyn/ITD103/tawi-tawi-frontend/android/app/src/main/kotlin/com/rhyn/presentation/feature/chat/ChatScreen.kt:357:43 Unresolved reference 'Modifier'.
e: file:///home/rhyn/ITD103/tawi-tawi-frontend/android/app/src/main/kotlin/com/rhyn/presentation/feature/chat/ChatScreen.kt:357:60 Unresolved reference 'dp'.
e: file:///home/rhyn/ITD103/tawi-tawi-frontend/android/app/src/main/kotlin/com/rhyn/presentation/feature/chat/ChatScreen.kt:358:25 Unresolved reference 'Text'.
e: file:///home/rhyn/ITD103/tawi-tawi-frontend/android/app/src/main/kotlin/com/rhyn/presentation/feature/chat/ChatScreen.kt:360:37 Unresolved reference 'MaterialTheme'.
e: file:///home/rhyn/ITD103/tawi-tawi-frontend/android/app/src/main/kotlin/com/rhyn/presentation/feature/chat/ChatScreen.kt:361:37 Unresolved reference 'MaterialTheme'.
e: file:///home/rhyn/ITD103/tawi-tawi-frontend/android/app/src/main/kotlin/com/rhyn/presentation/feature/chat/ChatScreen.kt:371:9 Unresolved reference 'Dialog'.
e: file:///home/rhyn/ITD103/tawi-tawi-frontend/android/app/src/main/kotlin/com/rhyn/presentation/feature/chat/ChatScreen.kt:373:26 Unresolved reference 'DialogProperties'.
e: file:///home/rhyn/ITD103/tawi-tawi-frontend/android/app/src/main/kotlin/com/rhyn/presentation/feature/chat/ChatScreen.kt:379:13 Unresolved reference 'Box'.
e: file:///home/rhyn/ITD103/tawi-tawi-frontend/android/app/src/main/kotlin/com/rhyn/presentation/feature/chat/ChatScreen.kt:380:28 Unresolved reference 'Modifier'.
e: file:///home/rhyn/ITD103/tawi-tawi-frontend/android/app/src/main/kotlin/com/rhyn/presentation/feature/chat/ChatScreen.kt:382:33 Unresolved reference 'Color'.
e: file:///home/rhyn/ITD103/tawi-tawi-frontend/android/app/src/main/kotlin/com/rhyn/presentation/feature/chat/ChatScreen.kt:384:17 Unresolved reference 'AsyncImage'.
e: file:///home/rhyn/ITD103/tawi-tawi-frontend/android/app/src/main/kotlin/com/rhyn/presentation/feature/chat/ChatScreen.kt:387:32 Unresolved reference 'Modifier'.
e: file:///home/rhyn/ITD103/tawi-tawi-frontend/android/app/src/main/kotlin/com/rhyn/presentation/feature/chat/ChatScreen.kt:388:36 Unresolved reference 'ContentScale'.
e: file:///home/rhyn/ITD103/tawi-tawi-frontend/android/app/src/main/kotlin/com/rhyn/presentation/feature/chat/ChatScreen.kt:392:17 Unresolved reference 'Row'.
e: file:///home/rhyn/ITD103/tawi-tawi-frontend/android/app/src/main/kotlin/com/rhyn/presentation/feature/chat/ChatScreen.kt:393:32 Unresolved reference 'Modifier'.
e: file:///home/rhyn/ITD103/tawi-tawi-frontend/android/app/src/main/kotlin/com/rhyn/presentation/feature/chat/ChatScreen.kt:395:37 Unresolved reference 'dp'.
e: file:///home/rhyn/ITD103/tawi-tawi-frontend/android/app/src/main/kotlin/com/rhyn/presentation/feature/chat/ChatScreen.kt:397:45 Unresolved reference 'Arrangement'.
e: file:///home/rhyn/ITD103/tawi-tawi-frontend/android/app/src/main/kotlin/com/rhyn/presentation/feature/chat/ChatScreen.kt:398:41 Unresolved reference 'Alignment'.
e: file:///home/rhyn/ITD103/tawi-tawi-frontend/android/app/src/main/kotlin/com/rhyn/presentation/feature/chat/ChatScreen.kt:400:21 Unresolved reference 'IconButton'.
e: file:///home/rhyn/ITD103/tawi-tawi-frontend/android/app/src/main/kotlin/com/rhyn/presentation/feature/chat/ChatScreen.kt:402:36 Unresolved reference 'Modifier'.
e: file:///home/rhyn/ITD103/tawi-tawi-frontend/android/app/src/main/kotlin/com/rhyn/presentation/feature/chat/ChatScreen.kt:403:35 Unresolved reference 'CircleShape'.
e: file:///home/rhyn/ITD103/tawi-tawi-frontend/android/app/src/main/kotlin/com/rhyn/presentation/feature/chat/ChatScreen.kt:404:41 Unresolved reference 'Color'.
e: file:///home/rhyn/ITD103/tawi-tawi-frontend/android/app/src/main/kotlin/com/rhyn/presentation/feature/chat/ChatScreen.kt:406:25 Unresolved reference 'Icon'.
e: file:///home/rhyn/ITD103/tawi-tawi-frontend/android/app/src/main/kotlin/com/rhyn/presentation/feature/chat/ChatScreen.kt:407:43 Unresolved reference 'Icons'.
e: file:///home/rhyn/ITD103/tawi-tawi-frontend/android/app/src/main/kotlin/com/rhyn/presentation/feature/chat/ChatScreen.kt:409:36 Unresolved reference 'Color'.
e: file:///home/rhyn/ITD103/tawi-tawi-frontend/android/app/src/main/kotlin/com/rhyn/presentation/feature/chat/ChatScreen.kt:413:21 Unresolved reference 'IconButton'.
e: file:///home/rhyn/ITD103/tawi-tawi-frontend/android/app/src/main/kotlin/com/rhyn/presentation/feature/chat/ChatScreen.kt:417:36 Unresolved reference 'Modifier'.
e: file:///home/rhyn/ITD103/tawi-tawi-frontend/android/app/src/main/kotlin/com/rhyn/presentation/feature/chat/ChatScreen.kt:418:35 Unresolved reference 'CircleShape'.
e: file:///home/rhyn/ITD103/tawi-tawi-frontend/android/app/src/main/kotlin/com/rhyn/presentation/feature/chat/ChatScreen.kt:419:41 Unresolved reference 'Color'.
e: file:///home/rhyn/ITD103/tawi-tawi-frontend/android/app/src/main/kotlin/com/rhyn/presentation/feature/chat/ChatScreen.kt:421:25 Unresolved reference 'Icon'.
e: file:///home/rhyn/ITD103/tawi-tawi-frontend/android/app/src/main/kotlin/com/rhyn/presentation/feature/chat/ChatScreen.kt:422:43 Unresolved reference 'Icons'.
e: file:///home/rhyn/ITD103/tawi-tawi-frontend/android/app/src/main/kotlin/com/rhyn/presentation/feature/chat/ChatScreen.kt:424:36 Unresolved reference 'Color'.
e: file:///home/rhyn/ITD103/tawi-tawi-frontend/android/app/src/main/kotlin/com/rhyn/presentation/feature/chat/ChatScreen.kt:434:2 Unresolved reference 'Composable'.
e: file:///home/rhyn/ITD103/tawi-tawi-frontend/android/app/src/main/kotlin/com/rhyn/presentation/feature/chat/ChatScreen.kt:437:16 Unresolved reference 'Color'.
e: file:///home/rhyn/ITD103/tawi-tawi-frontend/android/app/src/main/kotlin/com/rhyn/presentation/feature/chat/ChatScreen.kt:440:22 Unresolved reference 'LocalUriHandler'.
e: file:///home/rhyn/ITD103/tawi-tawi-frontend/android/app/src/main/kotlin/com/rhyn/presentation/feature/chat/ChatScreen.kt:441:25 Unresolved reference 'remember'.
e: file:///home/rhyn/ITD103/tawi-tawi-frontend/android/app/src/main/kotlin/com/rhyn/presentation/feature/chat/ChatScreen.kt:441:36 Unresolved reference 'mutableStateOf'.
e: file:///home/rhyn/ITD103/tawi-tawi-frontend/android/app/src/main/kotlin/com/rhyn/presentation/feature/chat/ChatScreen.kt:441:51 Unresolved reference 'TextLayoutResult'.
e: file:///home/rhyn/ITD103/tawi-tawi-frontend/android/app/src/main/kotlin/com/rhyn/presentation/feature/chat/ChatScreen.kt:443:27 Unresolved reference 'remember'.
e: file:///home/rhyn/ITD103/tawi-tawi-frontend/android/app/src/main/kotlin/com/rhyn/presentation/feature/chat/ChatScreen.kt:444:9 Unresolved reference 'buildAnnotatedString'.
e: file:///home/rhyn/ITD103/tawi-tawi-frontend/android/app/src/main/kotlin/com/rhyn/presentation/feature/chat/ChatScreen.kt:445:13 Unresolved reference 'append'.
e: file:///home/rhyn/ITD103/tawi-tawi-frontend/android/app/src/main/kotlin/com/rhyn/presentation/feature/chat/ChatScreen.kt:452:17 Unresolved reference 'addStyle'.
e: file:///home/rhyn/ITD103/tawi-tawi-frontend/android/app/src/main/kotlin/com/rhyn/presentation/feature/chat/ChatScreen.kt:453:29 Unresolved reference 'SpanStyle'.
e: file:///home/rhyn/ITD103/tawi-tawi-frontend/android/app/src/main/kotlin/com/rhyn/presentation/feature/chat/ChatScreen.kt:455:42 Unresolved reference 'TextDecoration'.
e: file:///home/rhyn/ITD103/tawi-tawi-frontend/android/app/src/main/kotlin/com/rhyn/presentation/feature/chat/ChatScreen.kt:456:38 Unresolved reference 'FontWeight'.
e: file:///home/rhyn/ITD103/tawi-tawi-frontend/android/app/src/main/kotlin/com/rhyn/presentation/feature/chat/ChatScreen.kt:462:17 Unresolved reference 'addStringAnnotation'.
e: file:///home/rhyn/ITD103/tawi-tawi-frontend/android/app/src/main/kotlin/com/rhyn/presentation/feature/chat/ChatScreen.kt:472:5 Unresolved reference 'Text'.
e: file:///home/rhyn/ITD103/tawi-tawi-frontend/android/app/src/main/kotlin/com/rhyn/presentation/feature/chat/ChatScreen.kt:475:17 Unresolved reference 'MaterialTheme'.
e: file:///home/rhyn/ITD103/tawi-tawi-frontend/android/app/src/main/kotlin/com/rhyn/presentation/feature/chat/ChatScreen.kt:476:20 Unresolved reference 'Modifier'.
e: file:///home/rhyn/ITD103/tawi-tawi-frontend/android/app/src/main/kotlin/com/rhyn/presentation/feature/chat/ChatScreen.kt:477:38 Unresolved reference 'dp'.
e: file:///home/rhyn/ITD103/tawi-tawi-frontend/android/app/src/main/kotlin/com/rhyn/presentation/feature/chat/ChatScreen.kt:477:56 Unresolved reference 'dp'.
e: file:///home/rhyn/ITD103/tawi-tawi-frontend/android/app/src/main/kotlin/com/rhyn/presentation/feature/chat/ChatScreen.kt:479:17 Unresolved reference 'detectTapGestures'.
e: file:///home/rhyn/ITD103/tawi-tawi-frontend/android/app/src/main/kotlin/com/rhyn/presentation/feature/chat/ChatScreen.kt:481:31 Cannot infer type for this parameter. Please specify it explicitly.
e: file:///home/rhyn/ITD103/tawi-tawi-frontend/android/app/src/main/kotlin/com/rhyn/presentation/feature/chat/ChatScreen.kt:482:39 Cannot infer type for this parameter. Please specify it explicitly.
e: file:///home/rhyn/ITD103/tawi-tawi-frontend/android/app/src/main/kotlin/com/rhyn/presentation/feature/chat/ChatScreen.kt:482:39 Unresolved reference. None of the following candidates is applicable because of a receiver type mismatch:
fun <T, R> T.let(block: (T) -> R): R
    [R|Contract description]
     <
        CallsInPlace(block, EXACTLY_ONCE)
    >
e: file:///home/rhyn/ITD103/tawi-tawi-frontend/android/app/src/main/kotlin/com/rhyn/presentation/feature/chat/ChatScreen.kt:482:45 Cannot infer type for this parameter. Please specify it explicitly.
e: file:///home/rhyn/ITD103/tawi-tawi-frontend/android/app/src/main/kotlin/com/rhyn/presentation/feature/chat/ChatScreen.kt:483:49 Unresolved reference 'getOffsetForPosition'.
e: file:///home/rhyn/ITD103/tawi-tawi-frontend/android/app/src/main/kotlin/com/rhyn/presentation/feature/chat/ChatScreen.kt:485:49 Cannot infer type for this parameter. Please specify it explicitly.
e: file:///home/rhyn/ITD103/tawi-tawi-frontend/android/app/src/main/kotlin/com/rhyn/presentation/feature/chat/ChatScreen.kt:485:49 Unresolved reference. None of the following candidates is applicable because of a receiver type mismatch:
fun <T, R> T.let(block: (T) -> R): R
    [R|Contract description]
     <
        CallsInPlace(block, EXACTLY_ONCE)
    >
e: file:///home/rhyn/ITD103/tawi-tawi-frontend/android/app/src/main/kotlin/com/rhyn/presentation/feature/chat/ChatScreen.kt:485:55 Cannot infer type for this parameter. Please specify it explicitly.
e: file:///home/rhyn/ITD103/tawi-tawi-frontend/android/app/src/main/kotlin/com/rhyn/presentation/feature/chat/ChatScreen.kt:487:71 Unresolved reference 'item'.
e: file:///home/rhyn/ITD103/tawi-tawi-frontend/android/app/src/main/kotlin/com/rhyn/presentation/feature/chat/ChatScreen.kt:496:41 Unresolved reference 'it'.
e: file:///home/rhyn/ITD103/tawi-tawi-frontend/android/app/src/main/kotlin/com/rhyn/presentation/feature/chat/ChatScreen.kt:501:1 Conflicting overloads:
fun saveImageToGallery(context: Context, sourceUri: Uri): Unit
e: file:///home/rhyn/ITD103/tawi-tawi-frontend/android/app/src/main/kotlin/com/rhyn/presentation/feature/chat/ChatScreen.kt:529:1 Conflicting overloads:
fun saveDocumentToDownloads(context: Context, sourceUri: Uri, fileName: String): Unit
e: file:///home/rhyn/ITD103/tawi-tawi-frontend/android/app/src/main/kotlin/com/rhyn/presentation/feature/chat/ChatScreen.kt:555:2 Unresolved reference 'Composable'.
e: file:///home/rhyn/ITD103/tawi-tawi-frontend/android/app/src/main/kotlin/com/rhyn/presentation/feature/chat/ChatScreen.kt:556:45 Unresolved reference 'compose'.
e: file:///home/rhyn/ITD103/tawi-tawi-frontend/android/app/src/main/kotlin/com/rhyn/presentation/feature/chat/ChatScreen.kt:556:69 Unresolved reference 'dp'.
e: file:///home/rhyn/ITD103/tawi-tawi-frontend/android/app/src/main/kotlin/com/rhyn/presentation/feature/chat/ChatScreen.kt:558:5 Unresolved reference 'Box'.
e: file:///home/rhyn/ITD103/tawi-tawi-frontend/android/app/src/main/kotlin/com/rhyn/presentation/feature/chat/ChatScreen.kt:559:20 Unresolved reference 'Modifier'.
e: file:///home/rhyn/ITD103/tawi-tawi-frontend/android/app/src/main/kotlin/com/rhyn/presentation/feature/chat/ChatScreen.kt:561:19 Unresolved reference 'CircleShape'.
e: file:///home/rhyn/ITD103/tawi-tawi-frontend/android/app/src/main/kotlin/com/rhyn/presentation/feature/chat/ChatScreen.kt:562:25 Unresolved reference 'MaterialTheme'.
e: file:///home/rhyn/ITD103/tawi-tawi-frontend/android/app/src/main/kotlin/com/rhyn/presentation/feature/chat/ChatScreen.kt:563:28 Unresolved reference 'Alignment'.
e: file:///home/rhyn/ITD103/tawi-tawi-frontend/android/app/src/main/kotlin/com/rhyn/presentation/feature/chat/ChatScreen.kt:565:9 Unresolved reference 'Text'.
e: file:///home/rhyn/ITD103/tawi-tawi-frontend/android/app/src/main/kotlin/com/rhyn/presentation/feature/chat/ChatScreen.kt:567:26 Unresolved reference 'FontWeight'.
e: file:///home/rhyn/ITD103/tawi-tawi-frontend/android/app/src/main/kotlin/com/rhyn/presentation/feature/chat/ChatScreen.kt:568:30 Unresolved reference 'value'.
e: file:///home/rhyn/ITD103/tawi-tawi-frontend/android/app/src/main/kotlin/com/rhyn/presentation/feature/chat/ChatScreen.kt:568:44 Unresolved reference 'sp'.
e: file:///home/rhyn/ITD103/tawi-tawi-frontend/android/app/src/main/kotlin/com/rhyn/presentation/feature/chat/ChatScreen.kt:569:21 Unresolved reference 'MaterialTheme'.
e: file:///home/rhyn/ITD103/tawi-tawi-frontend/android/app/src/main/kotlin/com/rhyn/presentation/feature/chat/ChatScreen.kt:574:8 Unresolved reference 'ExperimentalLayoutApi'.
e: file:///home/rhyn/ITD103/tawi-tawi-frontend/android/app/src/main/kotlin/com/rhyn/presentation/feature/chat/ChatScreen.kt:574:8 Annotation argument must be a compile-time constant.
e: file:///home/rhyn/ITD103/tawi-tawi-frontend/android/app/src/main/kotlin/com/rhyn/presentation/feature/chat/ChatScreen.kt:575:2 Unresolved reference 'Composable'.
e: file:///home/rhyn/ITD103/tawi-tawi-frontend/android/app/src/main/kotlin/com/rhyn/presentation/feature/chat/ChatScreen.kt:576:1 Conflicting overloads:
fun ChatInputBar(onSendMessage: (String) -> Unit, onSendImage: (Uri) -> Unit = ..., onSendFile: (Uri) -> Unit = ...): Unit
e: file:///home/rhyn/ITD103/tawi-tawi-frontend/android/app/src/main/kotlin/com/rhyn/presentation/feature/chat/ChatScreen.kt:581:22 Unresolved reference 'remember'.
e: file:///home/rhyn/ITD103/tawi-tawi-frontend/android/app/src/main/kotlin/com/rhyn/presentation/feature/chat/ChatScreen.kt:581:33 Unresolved reference 'mutableStateOf'.
e: file:///home/rhyn/ITD103/tawi-tawi-frontend/android/app/src/main/kotlin/com/rhyn/presentation/feature/chat/ChatScreen.kt:584:24 Unresolved reference 'WindowInsets'.
e: file:///home/rhyn/ITD103/tawi-tawi-frontend/android/app/src/main/kotlin/com/rhyn/presentation/feature/chat/ChatScreen.kt:587:31 Unresolved reference 'rememberLauncherForActivityResult'.
e: file:///home/rhyn/ITD103/tawi-tawi-frontend/android/app/src/main/kotlin/com/rhyn/presentation/feature/chat/ChatScreen.kt:589:9 Cannot infer type for this parameter. Please specify it explicitly.
e: file:///home/rhyn/ITD103/tawi-tawi-frontend/android/app/src/main/kotlin/com/rhyn/presentation/feature/chat/ChatScreen.kt:591:25 Argument type mismatch: actual type is 'kotlin.Any', but 'android.net.Uri' was expected.
e: file:///home/rhyn/ITD103/tawi-tawi-frontend/android/app/src/main/kotlin/com/rhyn/presentation/feature/chat/ChatScreen.kt:595:34 Unresolved reference 'rememberLauncherForActivityResult'.
e: file:///home/rhyn/ITD103/tawi-tawi-frontend/android/app/src/main/kotlin/com/rhyn/presentation/feature/chat/ChatScreen.kt:597:9 Cannot infer type for this parameter. Please specify it explicitly.
e: file:///home/rhyn/ITD103/tawi-tawi-frontend/android/app/src/main/kotlin/com/rhyn/presentation/feature/chat/ChatScreen.kt:599:24 Argument type mismatch: actual type is 'kotlin.Any', but 'android.net.Uri' was expected.
e: file:///home/rhyn/ITD103/tawi-tawi-frontend/android/app/src/main/kotlin/com/rhyn/presentation/feature/chat/ChatScreen.kt:603:5 Unresolved reference 'Surface'.
e: file:///home/rhyn/ITD103/tawi-tawi-frontend/android/app/src/main/kotlin/com/rhyn/presentation/feature/chat/ChatScreen.kt:604:17 Unresolved reference 'MaterialTheme'.
e: file:///home/rhyn/ITD103/tawi-tawi-frontend/android/app/src/main/kotlin/com/rhyn/presentation/feature/chat/ChatScreen.kt:605:20 Unresolved reference 'Modifier'.
e: file:///home/rhyn/ITD103/tawi-tawi-frontend/android/app/src/main/kotlin/com/rhyn/presentation/feature/chat/ChatScreen.kt:607:9 Unresolved reference 'Row'.
e: file:///home/rhyn/ITD103/tawi-tawi-frontend/android/app/src/main/kotlin/com/rhyn/presentation/feature/chat/ChatScreen.kt:608:24 Unresolved reference 'Modifier'.
e: file:///home/rhyn/ITD103/tawi-tawi-frontend/android/app/src/main/kotlin/com/rhyn/presentation/feature/chat/ChatScreen.kt:609:42 Unresolved reference 'dp'.
e: file:///home/rhyn/ITD103/tawi-tawi-frontend/android/app/src/main/kotlin/com/rhyn/presentation/feature/chat/ChatScreen.kt:609:60 Unresolved reference 'dp'.
e: file:///home/rhyn/ITD103/tawi-tawi-frontend/android/app/src/main/kotlin/com/rhyn/presentation/feature/chat/ChatScreen.kt:611:33 Unresolved reference 'Alignment'.
e: file:///home/rhyn/ITD103/tawi-tawi-frontend/android/app/src/main/kotlin/com/rhyn/presentation/feature/chat/ChatScreen.kt:614:13 Unresolved reference 'AnimatedVisibility'.
e: file:///home/rhyn/ITD103/tawi-tawi-frontend/android/app/src/main/kotlin/com/rhyn/presentation/feature/chat/ChatScreen.kt:616:25 Unresolved reference 'expandHorizontally'.
e: file:///home/rhyn/ITD103/tawi-tawi-frontend/android/app/src/main/kotlin/com/rhyn/presentation/feature/chat/ChatScreen.kt:616:48 Unresolved reference 'fadeIn'.
e: file:///home/rhyn/ITD103/tawi-tawi-frontend/android/app/src/main/kotlin/com/rhyn/presentation/feature/chat/ChatScreen.kt:617:24 Unresolved reference 'shrinkHorizontally'.
e: file:///home/rhyn/ITD103/tawi-tawi-frontend/android/app/src/main/kotlin/com/rhyn/presentation/feature/chat/ChatScreen.kt:617:47 Unresolved reference 'fadeOut'.
e: file:///home/rhyn/ITD103/tawi-tawi-frontend/android/app/src/main/kotlin/com/rhyn/presentation/feature/chat/ChatScreen.kt:619:17 Unresolved reference 'Row'.
e: file:///home/rhyn/ITD103/tawi-tawi-frontend/android/app/src/main/kotlin/com/rhyn/presentation/feature/chat/ChatScreen.kt:619:41 Unresolved reference 'Alignment'.
e: file:///home/rhyn/ITD103/tawi-tawi-frontend/android/app/src/main/kotlin/com/rhyn/presentation/feature/chat/ChatScreen.kt:620:21 Unresolved reference 'IconButton'.
e: file:///home/rhyn/ITD103/tawi-tawi-frontend/android/app/src/main/kotlin/com/rhyn/presentation/feature/chat/ChatScreen.kt:627:25 Unresolved reference 'Icon'.
e: file:///home/rhyn/ITD103/tawi-tawi-frontend/android/app/src/main/kotlin/com/rhyn/presentation/feature/chat/ChatScreen.kt:628:43 Unresolved reference 'Icons'.
e: file:///home/rhyn/ITD103/tawi-tawi-frontend/android/app/src/main/kotlin/com/rhyn/presentation/feature/chat/ChatScreen.kt:630:36 Unresolved reference 'MaterialTheme'.
e: file:///home/rhyn/ITD103/tawi-tawi-frontend/android/app/src/main/kotlin/com/rhyn/presentation/feature/chat/ChatScreen.kt:634:21 Unresolved reference 'IconButton'.
e: file:///home/rhyn/ITD103/tawi-tawi-frontend/android/app/src/main/kotlin/com/rhyn/presentation/feature/chat/ChatScreen.kt:639:25 Unresolved reference 'Icon'.
e: file:///home/rhyn/ITD103/tawi-tawi-frontend/android/app/src/main/kotlin/com/rhyn/presentation/feature/chat/ChatScreen.kt:640:43 Unresolved reference 'Icons'.
e: file:///home/rhyn/ITD103/tawi-tawi-frontend/android/app/src/main/kotlin/com/rhyn/presentation/feature/chat/ChatScreen.kt:642:36 Unresolved reference 'MaterialTheme'.
e: file:///home/rhyn/ITD103/tawi-tawi-frontend/android/app/src/main/kotlin/com/rhyn/presentation/feature/chat/ChatScreen.kt:645:21 Unresolved reference 'Spacer'.
e: file:///home/rhyn/ITD103/tawi-tawi-frontend/android/app/src/main/kotlin/com/rhyn/presentation/feature/chat/ChatScreen.kt:645:39 Unresolved reference 'Modifier'.
e: file:///home/rhyn/ITD103/tawi-tawi-frontend/android/app/src/main/kotlin/com/rhyn/presentation/feature/chat/ChatScreen.kt:645:56 Unresolved reference 'dp'.
e: file:///home/rhyn/ITD103/tawi-tawi-frontend/android/app/src/main/kotlin/com/rhyn/presentation/feature/chat/ChatScreen.kt:649:13 Unresolved reference 'TextField'.
e: file:///home/rhyn/ITD103/tawi-tawi-frontend/android/app/src/main/kotlin/com/rhyn/presentation/feature/chat/ChatScreen.kt:651:47 Unresolved reference 'it'.
e: file:///home/rhyn/ITD103/tawi-tawi-frontend/android/app/src/main/kotlin/com/rhyn/presentation/feature/chat/ChatScreen.kt:652:28 Unresolved reference 'Modifier'.
e: file:///home/rhyn/ITD103/tawi-tawi-frontend/android/app/src/main/kotlin/com/rhyn/presentation/feature/chat/ChatScreen.kt:654:27 Unresolved reference 'RoundedCornerShape'.
e: file:///home/rhyn/ITD103/tawi-tawi-frontend/android/app/src/main/kotlin/com/rhyn/presentation/feature/chat/ChatScreen.kt:654:49 Unresolved reference 'dp'.
e: file:///home/rhyn/ITD103/tawi-tawi-frontend/android/app/src/main/kotlin/com/rhyn/presentation/feature/chat/ChatScreen.kt:655:33 Unresolved reference 'Text'.
e: file:///home/rhyn/ITD103/tawi-tawi-frontend/android/app/src/main/kotlin/com/rhyn/presentation/feature/chat/ChatScreen.kt:655:60 Unresolved reference 'MaterialTheme'.
e: file:///home/rhyn/ITD103/tawi-tawi-frontend/android/app/src/main/kotlin/com/rhyn/presentation/feature/chat/ChatScreen.kt:656:26 Unresolved reference 'TextFieldDefaults'.
e: file:///home/rhyn/ITD103/tawi-tawi-frontend/android/app/src/main/kotlin/com/rhyn/presentation/feature/chat/ChatScreen.kt:657:45 Unresolved reference 'MaterialTheme'.
e: file:///home/rhyn/ITD103/tawi-tawi-frontend/android/app/src/main/kotlin/com/rhyn/presentation/feature/chat/ChatScreen.kt:658:47 Unresolved reference 'MaterialTheme'.
e: file:///home/rhyn/ITD103/tawi-tawi-frontend/android/app/src/main/kotlin/com/rhyn/presentation/feature/chat/ChatScreen.kt:659:45 Unresolved reference 'Color'.
e: file:///home/rhyn/ITD103/tawi-tawi-frontend/android/app/src/main/kotlin/com/rhyn/presentation/feature/chat/ChatScreen.kt:660:47 Unresolved reference 'Color'.
e: file:///home/rhyn/ITD103/tawi-tawi-frontend/android/app/src/main/kotlin/com/rhyn/presentation/feature/chat/ChatScreen.kt:661:40 Unresolved reference 'MaterialTheme'.
e: file:///home/rhyn/ITD103/tawi-tawi-frontend/android/app/src/main/kotlin/com/rhyn/presentation/feature/chat/ChatScreen.kt:662:42 Unresolved reference 'MaterialTheme'.
e: file:///home/rhyn/ITD103/tawi-tawi-frontend/android/app/src/main/kotlin/com/rhyn/presentation/feature/chat/ChatScreen.kt:667:13 Unresolved reference 'Spacer'.
e: file:///home/rhyn/ITD103/tawi-tawi-frontend/android/app/src/main/kotlin/com/rhyn/presentation/feature/chat/ChatScreen.kt:667:31 Unresolved reference 'Modifier'.
e: file:///home/rhyn/ITD103/tawi-tawi-frontend/android/app/src/main/kotlin/com/rhyn/presentation/feature/chat/ChatScreen.kt:667:48 Unresolved reference 'dp'.
e: file:///home/rhyn/ITD103/tawi-tawi-frontend/android/app/src/main/kotlin/com/rhyn/presentation/feature/chat/ChatScreen.kt:669:13 Unresolved reference 'IconButton'.
e: file:///home/rhyn/ITD103/tawi-tawi-frontend/android/app/src/main/kotlin/com/rhyn/presentation/feature/chat/ChatScreen.kt:676:28 Unresolved reference 'Modifier'.
e: file:///home/rhyn/ITD103/tawi-tawi-frontend/android/app/src/main/kotlin/com/rhyn/presentation/feature/chat/ChatScreen.kt:677:30 Unresolved reference 'dp'.
e: file:///home/rhyn/ITD103/tawi-tawi-frontend/android/app/src/main/kotlin/com/rhyn/presentation/feature/chat/ChatScreen.kt:678:27 Unresolved reference 'CircleShape'.
e: file:///home/rhyn/ITD103/tawi-tawi-frontend/android/app/src/main/kotlin/com/rhyn/presentation/feature/chat/ChatScreen.kt:679:61 Unresolved reference 'MaterialTheme'.
e: file:///home/rhyn/ITD103/tawi-tawi-frontend/android/app/src/main/kotlin/com/rhyn/presentation/feature/chat/ChatScreen.kt:679:100 Unresolved reference 'MaterialTheme'.
e: file:///home/rhyn/ITD103/tawi-tawi-frontend/android/app/src/main/kotlin/com/rhyn/presentation/feature/chat/ChatScreen.kt:681:17 Unresolved reference 'Icon'.
e: file:///home/rhyn/ITD103/tawi-tawi-frontend/android/app/src/main/kotlin/com/rhyn/presentation/feature/chat/ChatScreen.kt:682:35 Unresolved reference 'Icons'.
e: file:///home/rhyn/ITD103/tawi-tawi-frontend/android/app/src/main/kotlin/com/rhyn/presentation/feature/chat/ChatScreen.kt:684:56 Unresolved reference 'MaterialTheme'.
e: file:///home/rhyn/ITD103/tawi-tawi-frontend/android/app/src/main/kotlin/com/rhyn/presentation/feature/chat/ChatScreen.kt:684:97 Unresolved reference 'MaterialTheme'.
e: file:///home/rhyn/ITD103/tawi-tawi-frontend/android/app/src/main/kotlin/com/rhyn/presentation/feature/chat/ChatScreen.kt:685:32 Unresolved reference 'Modifier'.
e: file:///home/rhyn/ITD103/tawi-tawi-frontend/android/app/src/main/kotlin/com/rhyn/presentation/feature/chat/ChatScreen.kt:685:49 Unresolved reference 'dp'.
e: file:///home/rhyn/ITD103/tawi-tawi-frontend/android/app/src/main/kotlin/com/rhyn/presentation/feature/chat/ChatViewModel.kt:8:27 Unresolved reference 'viewModelScope'.
e: file:///home/rhyn/ITD103/tawi-tawi-frontend/android/app/src/main/kotlin/com/rhyn/presentation/feature/chat/ChatViewModel.kt:14:8 Unresolved reference 'dagger'.
e: file:///home/rhyn/ITD103/tawi-tawi-frontend/android/app/src/main/kotlin/com/rhyn/presentation/feature/chat/ChatViewModel.kt:20:14 Unresolved reference 'inject'.
e: file:///home/rhyn/ITD103/tawi-tawi-frontend/android/app/src/main/kotlin/com/rhyn/presentation/feature/chat/ChatViewModel.kt:22:2 Unresolved reference 'HiltViewModel'.
e: file:///home/rhyn/ITD103/tawi-tawi-frontend/android/app/src/main/kotlin/com/rhyn/presentation/feature/chat/ChatViewModel.kt:23:7 Redeclaration:
class ChatViewModel : ViewModel
e: file:///home/rhyn/ITD103/tawi-tawi-frontend/android/app/src/main/kotlin/com/rhyn/presentation/feature/chat/ChatViewModel.kt:23:22 Unresolved reference 'Inject'.
e: file:///home/rhyn/ITD103/tawi-tawi-frontend/android/app/src/main/kotlin/com/rhyn/presentation/feature/chat/ChatViewModel.kt:58:13 Unresolved reference 'viewModelScope'.
e: file:///home/rhyn/ITD103/tawi-tawi-frontend/android/app/src/main/kotlin/com/rhyn/presentation/feature/chat/ChatViewModel.kt:74:22 Unresolved reference 'viewModelScope'.
e: file:///home/rhyn/ITD103/tawi-tawi-frontend/android/app/src/main/kotlin/com/rhyn/presentation/feature/chat/ChatViewModel.kt:103:9 Unresolved reference 'viewModelScope'.
e: file:///home/rhyn/ITD103/tawi-tawi-frontend/android/app/src/main/kotlin/com/rhyn/presentation/feature/chat/ChatViewModel.kt:118:33 Unresolved reference 'viewModelScope'.
e: file:///home/rhyn/ITD103/tawi-tawi-frontend/android/app/src/main/kotlin/com/rhyn/presentation/feature/chat/ChatViewModel.kt:133:9 Unresolved reference 'viewModelScope'.
e: file:///home/rhyn/ITD103/tawi-tawi-frontend/android/app/src/main/kotlin/com/rhyn/presentation/feature/chat/ChatViewModel.kt:150:9 Unresolved reference 'viewModelScope'.
e: file:///home/rhyn/ITD103/tawi-tawi-frontend/android/app/src/main/kotlin/com/rhyn/presentation/feature/chat/ChatViewModel.kt:167:9 Unresolved reference 'viewModelScope'.
e: file:///home/rhyn/ITD103/tawi-tawi-frontend/android/app/src/main/kotlin/com/rhyn/presentation/feature/chat/ChatViewModel.kt:185:9 Unresolved reference 'viewModelScope'.
e: file:///home/rhyn/ITD103/tawi-tawi-frontend/android/app/src/main/kotlin/com/rhyn/presentation/feature/chat/ChatViewModel.kt:215:9 Unresolved reference 'viewModelScope'.
e: file:///home/rhyn/ITD103/tawi-tawi-frontend/android/app/src/main/kotlin/com/rhyn/presentation/feature/chat/ChatViewModel.kt:228:9 Unresolved reference 'viewModelScope'.
e: file:///home/rhyn/ITD103/tawi-tawi-frontend/android/app/src/main/kotlin/com/rhyn/presentation/feature/chat/ChatViewModel.kt:234:9 Unresolved reference 'viewModelScope'.
e: file:///home/rhyn/ITD103/tawi-tawi-frontend/android/app/src/main/kotlin/com/rhyn/presentation/feature/chat/CreateGroupScreen.kt:3:17 Unresolved reference 'compose'.
e: file:///home/rhyn/ITD103/tawi-tawi-frontend/android/app/src/main/kotlin/com/rhyn/presentation/feature/chat/CreateGroupScreen.kt:4:17 Unresolved reference 'compose'.
e: file:///home/rhyn/ITD103/tawi-tawi-frontend/android/app/src/main/kotlin/com/rhyn/presentation/feature/chat/CreateGroupScreen.kt:5:17 Unresolved reference 'compose'.
e: file:///home/rhyn/ITD103/tawi-tawi-frontend/android/app/src/main/kotlin/com/rhyn/presentation/feature/chat/CreateGroupScreen.kt:6:17 Unresolved reference 'compose'.
e: file:///home/rhyn/ITD103/tawi-tawi-frontend/android/app/src/main/kotlin/com/rhyn/presentation/feature/chat/CreateGroupScreen.kt:7:17 Unresolved reference 'compose'.
e: file:///home/rhyn/ITD103/tawi-tawi-frontend/android/app/src/main/kotlin/com/rhyn/presentation/feature/chat/CreateGroupScreen.kt:8:17 Unresolved reference 'compose'.
e: file:///home/rhyn/ITD103/tawi-tawi-frontend/android/app/src/main/kotlin/com/rhyn/presentation/feature/chat/CreateGroupScreen.kt:9:17 Unresolved reference 'compose'.
e: file:///home/rhyn/ITD103/tawi-tawi-frontend/android/app/src/main/kotlin/com/rhyn/presentation/feature/chat/CreateGroupScreen.kt:10:17 Unresolved reference 'compose'.
e: file:///home/rhyn/ITD103/tawi-tawi-frontend/android/app/src/main/kotlin/com/rhyn/presentation/feature/chat/CreateGroupScreen.kt:11:17 Unresolved reference 'compose'.
e: file:///home/rhyn/ITD103/tawi-tawi-frontend/android/app/src/main/kotlin/com/rhyn/presentation/feature/chat/CreateGroupScreen.kt:12:17 Unresolved reference 'compose'.
e: file:///home/rhyn/ITD103/tawi-tawi-frontend/android/app/src/main/kotlin/com/rhyn/presentation/feature/chat/CreateGroupScreen.kt:13:17 Unresolved reference 'compose'.
e: file:///home/rhyn/ITD103/tawi-tawi-frontend/android/app/src/main/kotlin/com/rhyn/presentation/feature/chat/CreateGroupScreen.kt:14:17 Unresolved reference 'compose'.
e: file:///home/rhyn/ITD103/tawi-tawi-frontend/android/app/src/main/kotlin/com/rhyn/presentation/feature/chat/CreateGroupScreen.kt:15:17 Unresolved reference 'compose'.
e: file:///home/rhyn/ITD103/tawi-tawi-frontend/android/app/src/main/kotlin/com/rhyn/presentation/feature/chat/CreateGroupScreen.kt:16:17 Unresolved reference 'compose'.
e: file:///home/rhyn/ITD103/tawi-tawi-frontend/android/app/src/main/kotlin/com/rhyn/presentation/feature/chat/CreateGroupScreen.kt:17:17 Unresolved reference 'compose'.
e: file:///home/rhyn/ITD103/tawi-tawi-frontend/android/app/src/main/kotlin/com/rhyn/presentation/feature/chat/CreateGroupScreen.kt:18:17 Unresolved reference 'compose'.
e: file:///home/rhyn/ITD103/tawi-tawi-frontend/android/app/src/main/kotlin/com/rhyn/presentation/feature/chat/CreateGroupScreen.kt:19:17 Unresolved reference 'compose'.
e: file:///home/rhyn/ITD103/tawi-tawi-frontend/android/app/src/main/kotlin/com/rhyn/presentation/feature/chat/CreateGroupScreen.kt:20:17 Unresolved reference 'compose'.
e: file:///home/rhyn/ITD103/tawi-tawi-frontend/android/app/src/main/kotlin/com/rhyn/presentation/feature/chat/CreateGroupScreen.kt:22:8 Unresolved reference 'ExperimentalMaterial3Api'.
e: file:///home/rhyn/ITD103/tawi-tawi-frontend/android/app/src/main/kotlin/com/rhyn/presentation/feature/chat/CreateGroupScreen.kt:22:8 Annotation argument must be a compile-time constant.
e: file:///home/rhyn/ITD103/tawi-tawi-frontend/android/app/src/main/kotlin/com/rhyn/presentation/feature/chat/CreateGroupScreen.kt:23:2 Unresolved reference 'Composable'.
e: file:///home/rhyn/ITD103/tawi-tawi-frontend/android/app/src/main/kotlin/com/rhyn/presentation/feature/chat/CreateGroupScreen.kt:24:1 Conflicting overloads:
fun CreateGroupScreen(viewModel: ChatViewModel, onNavigateBack: () -> Unit, onGroupCreated: () -> Unit): Unit
e: file:///home/rhyn/ITD103/tawi-tawi-frontend/android/app/src/main/kotlin/com/rhyn/presentation/feature/chat/CreateGroupScreen.kt:29:22 Unresolved reference 'remember'.
e: file:///home/rhyn/ITD103/tawi-tawi-frontend/android/app/src/main/kotlin/com/rhyn/presentation/feature/chat/CreateGroupScreen.kt:29:33 Unresolved reference 'mutableStateOf'.
e: file:///home/rhyn/ITD103/tawi-tawi-frontend/android/app/src/main/kotlin/com/rhyn/presentation/feature/chat/CreateGroupScreen.kt:30:28 Unresolved reference 'remember'.
e: file:///home/rhyn/ITD103/tawi-tawi-frontend/android/app/src/main/kotlin/com/rhyn/presentation/feature/chat/CreateGroupScreen.kt:30:39 Unresolved reference 'mutableStateOf'.
e: file:///home/rhyn/ITD103/tawi-tawi-frontend/android/app/src/main/kotlin/com/rhyn/presentation/feature/chat/CreateGroupScreen.kt:31:25 Unresolved reference 'remember'.
e: file:///home/rhyn/ITD103/tawi-tawi-frontend/android/app/src/main/kotlin/com/rhyn/presentation/feature/chat/CreateGroupScreen.kt:31:36 Unresolved reference 'mutableStateOf'.
e: file:///home/rhyn/ITD103/tawi-tawi-frontend/android/app/src/main/kotlin/com/rhyn/presentation/feature/chat/CreateGroupScreen.kt:32:23 Unresolved reference 'remember'.
e: file:///home/rhyn/ITD103/tawi-tawi-frontend/android/app/src/main/kotlin/com/rhyn/presentation/feature/chat/CreateGroupScreen.kt:32:34 Unresolved reference 'mutableStateOf'.
e: file:///home/rhyn/ITD103/tawi-tawi-frontend/android/app/src/main/kotlin/com/rhyn/presentation/feature/chat/CreateGroupScreen.kt:34:54 Unresolved reference 'collectAsState'.
e: file:///home/rhyn/ITD103/tawi-tawi-frontend/android/app/src/main/kotlin/com/rhyn/presentation/feature/chat/CreateGroupScreen.kt:36:5 Unresolved reference 'Scaffold'.
e: file:///home/rhyn/ITD103/tawi-tawi-frontend/android/app/src/main/kotlin/com/rhyn/presentation/feature/chat/CreateGroupScreen.kt:37:26 Unresolved reference 'MaterialTheme'.
e: file:///home/rhyn/ITD103/tawi-tawi-frontend/android/app/src/main/kotlin/com/rhyn/presentation/feature/chat/CreateGroupScreen.kt:39:13 Unresolved reference 'TopAppBar'.
e: file:///home/rhyn/ITD103/tawi-tawi-frontend/android/app/src/main/kotlin/com/rhyn/presentation/feature/chat/CreateGroupScreen.kt:40:27 Unresolved reference 'Text'.
e: file:///home/rhyn/ITD103/tawi-tawi-frontend/android/app/src/main/kotlin/com/rhyn/presentation/feature/chat/CreateGroupScreen.kt:40:58 Unresolved reference 'FontWeight'.
e: file:///home/rhyn/ITD103/tawi-tawi-frontend/android/app/src/main/kotlin/com/rhyn/presentation/feature/chat/CreateGroupScreen.kt:40:93 Unresolved reference 'sp'.
e: file:///home/rhyn/ITD103/tawi-tawi-frontend/android/app/src/main/kotlin/com/rhyn/presentation/feature/chat/CreateGroupScreen.kt:42:21 Unresolved reference 'IconButton'.
e: file:///home/rhyn/ITD103/tawi-tawi-frontend/android/app/src/main/kotlin/com/rhyn/presentation/feature/chat/CreateGroupScreen.kt:43:25 Unresolved reference 'Icon'.
e: file:///home/rhyn/ITD103/tawi-tawi-frontend/android/app/src/main/kotlin/com/rhyn/presentation/feature/chat/CreateGroupScreen.kt:43:30 Unresolved reference 'Icons'.
e: file:///home/rhyn/ITD103/tawi-tawi-frontend/android/app/src/main/kotlin/com/rhyn/presentation/feature/chat/CreateGroupScreen.kt:47:21 Unresolved reference 'TextButton'.
e: file:///home/rhyn/ITD103/tawi-tawi-frontend/android/app/src/main/kotlin/com/rhyn/presentation/feature/chat/CreateGroupScreen.kt:65:93 Unresolved reference 'not' for operator '!'.
e: file:///home/rhyn/ITD103/tawi-tawi-frontend/android/app/src/main/kotlin/com/rhyn/presentation/feature/chat/CreateGroupScreen.kt:68:29 Unresolved reference 'CircularProgressIndicator'.
e: file:///home/rhyn/ITD103/tawi-tawi-frontend/android/app/src/main/kotlin/com/rhyn/presentation/feature/chat/CreateGroupScreen.kt:68:66 Unresolved reference 'Modifier'.
e: file:///home/rhyn/ITD103/tawi-tawi-frontend/android/app/src/main/kotlin/com/rhyn/presentation/feature/chat/CreateGroupScreen.kt:68:83 Unresolved reference 'dp'.
e: file:///home/rhyn/ITD103/tawi-tawi-frontend/android/app/src/main/kotlin/com/rhyn/presentation/feature/chat/CreateGroupScreen.kt:68:104 Unresolved reference 'dp'.
e: file:///home/rhyn/ITD103/tawi-tawi-frontend/android/app/src/main/kotlin/com/rhyn/presentation/feature/chat/CreateGroupScreen.kt:70:29 Unresolved reference 'Text'.
e: file:///home/rhyn/ITD103/tawi-tawi-frontend/android/app/src/main/kotlin/com/rhyn/presentation/feature/chat/CreateGroupScreen.kt:70:57 Unresolved reference 'FontWeight'.
e: file:///home/rhyn/ITD103/tawi-tawi-frontend/android/app/src/main/kotlin/com/rhyn/presentation/feature/chat/CreateGroupScreen.kt:74:26 Unresolved reference 'TopAppBarDefaults'.
e: file:///home/rhyn/ITD103/tawi-tawi-frontend/android/app/src/main/kotlin/com/rhyn/presentation/feature/chat/CreateGroupScreen.kt:75:38 Unresolved reference 'MaterialTheme'.
e: file:///home/rhyn/ITD103/tawi-tawi-frontend/android/app/src/main/kotlin/com/rhyn/presentation/feature/chat/CreateGroupScreen.kt:76:41 Unresolved reference 'MaterialTheme'.
e: file:///home/rhyn/ITD103/tawi-tawi-frontend/android/app/src/main/kotlin/com/rhyn/presentation/feature/chat/CreateGroupScreen.kt:77:50 Unresolved reference 'MaterialTheme'.
e: file:///home/rhyn/ITD103/tawi-tawi-frontend/android/app/src/main/kotlin/com/rhyn/presentation/feature/chat/CreateGroupScreen.kt:81:9 Cannot infer type for this parameter. Please specify it explicitly.
e: file:///home/rhyn/ITD103/tawi-tawi-frontend/android/app/src/main/kotlin/com/rhyn/presentation/feature/chat/CreateGroupScreen.kt:82:9 Unresolved reference 'Column'.
e: file:///home/rhyn/ITD103/tawi-tawi-frontend/android/app/src/main/kotlin/com/rhyn/presentation/feature/chat/CreateGroupScreen.kt:83:24 Unresolved reference 'Modifier'.
e: file:///home/rhyn/ITD103/tawi-tawi-frontend/android/app/src/main/kotlin/com/rhyn/presentation/feature/chat/CreateGroupScreen.kt:86:29 Unresolved reference 'MaterialTheme'.
e: file:///home/rhyn/ITD103/tawi-tawi-frontend/android/app/src/main/kotlin/com/rhyn/presentation/feature/chat/CreateGroupScreen.kt:89:13 Unresolved reference 'Surface'.
e: file:///home/rhyn/ITD103/tawi-tawi-frontend/android/app/src/main/kotlin/com/rhyn/presentation/feature/chat/CreateGroupScreen.kt:90:28 Unresolved reference 'Modifier'.
e: file:///home/rhyn/ITD103/tawi-tawi-frontend/android/app/src/main/kotlin/com/rhyn/presentation/feature/chat/CreateGroupScreen.kt:92:46 Unresolved reference 'dp'.
e: file:///home/rhyn/ITD103/tawi-tawi-frontend/android/app/src/main/kotlin/com/rhyn/presentation/feature/chat/CreateGroupScreen.kt:92:63 Unresolved reference 'dp'.
e: file:///home/rhyn/ITD103/tawi-tawi-frontend/android/app/src/main/kotlin/com/rhyn/presentation/feature/chat/CreateGroupScreen.kt:93:25 Unresolved reference 'MaterialTheme'.
e: file:///home/rhyn/ITD103/tawi-tawi-frontend/android/app/src/main/kotlin/com/rhyn/presentation/feature/chat/CreateGroupScreen.kt:95:17 Unresolved reference 'TextField'.
e: file:///home/rhyn/ITD103/tawi-tawi-frontend/android/app/src/main/kotlin/com/rhyn/presentation/feature/chat/CreateGroupScreen.kt:98:37 Unresolved reference 'it'.
e: file:///home/rhyn/ITD103/tawi-tawi-frontend/android/app/src/main/kotlin/com/rhyn/presentation/feature/chat/CreateGroupScreen.kt:101:32 Unresolved reference 'Modifier'.
e: file:///home/rhyn/ITD103/tawi-tawi-frontend/android/app/src/main/kotlin/com/rhyn/presentation/feature/chat/CreateGroupScreen.kt:103:31 Unresolved reference 'CircleShape'.
e: file:///home/rhyn/ITD103/tawi-tawi-frontend/android/app/src/main/kotlin/com/rhyn/presentation/feature/chat/CreateGroupScreen.kt:104:37 Unresolved reference 'Text'.
e: file:///home/rhyn/ITD103/tawi-tawi-frontend/android/app/src/main/kotlin/com/rhyn/presentation/feature/chat/CreateGroupScreen.kt:104:67 Unresolved reference 'MaterialTheme'.
e: file:///home/rhyn/ITD103/tawi-tawi-frontend/android/app/src/main/kotlin/com/rhyn/presentation/feature/chat/CreateGroupScreen.kt:105:30 Unresolved reference 'TextFieldDefaults'.
e: file:///home/rhyn/ITD103/tawi-tawi-frontend/android/app/src/main/kotlin/com/rhyn/presentation/feature/chat/CreateGroupScreen.kt:106:49 Unresolved reference 'MaterialTheme'.
e: file:///home/rhyn/ITD103/tawi-tawi-frontend/android/app/src/main/kotlin/com/rhyn/presentation/feature/chat/CreateGroupScreen.kt:107:51 Unresolved reference 'MaterialTheme'.
e: file:///home/rhyn/ITD103/tawi-tawi-frontend/android/app/src/main/kotlin/com/rhyn/presentation/feature/chat/CreateGroupScreen.kt:108:49 Unresolved reference 'Color'.
e: file:///home/rhyn/ITD103/tawi-tawi-frontend/android/app/src/main/kotlin/com/rhyn/presentation/feature/chat/CreateGroupScreen.kt:109:51 Unresolved reference 'Color'.
e: file:///home/rhyn/ITD103/tawi-tawi-frontend/android/app/src/main/kotlin/com/rhyn/presentation/feature/chat/CreateGroupScreen.kt:110:44 Unresolved reference 'MaterialTheme'.
e: file:///home/rhyn/ITD103/tawi-tawi-frontend/android/app/src/main/kotlin/com/rhyn/presentation/feature/chat/CreateGroupScreen.kt:111:46 Unresolved reference 'MaterialTheme'.
e: file:///home/rhyn/ITD103/tawi-tawi-frontend/android/app/src/main/kotlin/com/rhyn/presentation/feature/chat/CreateGroupScreen.kt:118:17 Unresolved reference 'Text'.
e: file:///home/rhyn/ITD103/tawi-tawi-frontend/android/app/src/main/kotlin/com/rhyn/presentation/feature/chat/CreateGroupScreen.kt:119:28 Smart cast to 'TypeVariable(K)?' is impossible, because 'errorMessage' is a delegated property.
e: file:///home/rhyn/ITD103/tawi-tawi-frontend/android/app/src/main/kotlin/com/rhyn/presentation/feature/chat/CreateGroupScreen.kt:120:29 Unresolved reference 'MaterialTheme'.
e: file:///home/rhyn/ITD103/tawi-tawi-frontend/android/app/src/main/kotlin/com/rhyn/presentation/feature/chat/CreateGroupScreen.kt:121:29 Unresolved reference 'MaterialTheme'.
e: file:///home/rhyn/ITD103/tawi-tawi-frontend/android/app/src/main/kotlin/com/rhyn/presentation/feature/chat/CreateGroupScreen.kt:122:32 Unresolved reference 'Modifier'.
e: file:///home/rhyn/ITD103/tawi-tawi-frontend/android/app/src/main/kotlin/com/rhyn/presentation/feature/chat/CreateGroupScreen.kt:122:65 Unresolved reference 'dp'.
e: file:///home/rhyn/ITD103/tawi-tawi-frontend/android/app/src/main/kotlin/com/rhyn/presentation/feature/chat/CreateGroupScreen.kt:122:82 Unresolved reference 'dp'.
e: file:///home/rhyn/ITD103/tawi-tawi-frontend/android/app/src/main/kotlin/com/rhyn/presentation/feature/chat/CreateGroupScreen.kt:127:13 Unresolved reference 'Text'.
e: file:///home/rhyn/ITD103/tawi-tawi-frontend/android/app/src/main/kotlin/com/rhyn/presentation/feature/chat/CreateGroupScreen.kt:129:25 Unresolved reference 'MaterialTheme'.
e: file:///home/rhyn/ITD103/tawi-tawi-frontend/android/app/src/main/kotlin/com/rhyn/presentation/feature/chat/CreateGroupScreen.kt:130:25 Unresolved reference 'MaterialTheme'.
e: file:///home/rhyn/ITD103/tawi-tawi-frontend/android/app/src/main/kotlin/com/rhyn/presentation/feature/chat/CreateGroupScreen.kt:131:30 Unresolved reference 'FontWeight'.
e: file:///home/rhyn/ITD103/tawi-tawi-frontend/android/app/src/main/kotlin/com/rhyn/presentation/feature/chat/CreateGroupScreen.kt:132:28 Unresolved reference 'Modifier'.
e: file:///home/rhyn/ITD103/tawi-tawi-frontend/android/app/src/main/kotlin/com/rhyn/presentation/feature/chat/CreateGroupScreen.kt:132:56 Unresolved reference 'dp'.
e: file:///home/rhyn/ITD103/tawi-tawi-frontend/android/app/src/main/kotlin/com/rhyn/presentation/feature/chat/CreateGroupScreen.kt:132:69 Unresolved reference 'dp'.
e: file:///home/rhyn/ITD103/tawi-tawi-frontend/android/app/src/main/kotlin/com/rhyn/presentation/feature/chat/CreateGroupScreen.kt:132:84 Unresolved reference 'dp'.
e: file:///home/rhyn/ITD103/tawi-tawi-frontend/android/app/src/main/kotlin/com/rhyn/presentation/feature/chat/CreateGroupScreen.kt:136:13 Unresolved reference 'LazyColumn'.
e: file:///home/rhyn/ITD103/tawi-tawi-frontend/android/app/src/main/kotlin/com/rhyn/presentation/feature/chat/CreateGroupScreen.kt:137:28 Unresolved reference 'Modifier'.
e: file:///home/rhyn/ITD103/tawi-tawi-frontend/android/app/src/main/kotlin/com/rhyn/presentation/feature/chat/CreateGroupScreen.kt:139:17 Unresolved reference 'items'.
e: file:///home/rhyn/ITD103/tawi-tawi-frontend/android/app/src/main/kotlin/com/rhyn/presentation/feature/chat/CreateGroupScreen.kt:139:42 Cannot infer type for this parameter. Please specify it explicitly.
e: file:///home/rhyn/ITD103/tawi-tawi-frontend/android/app/src/main/kotlin/com/rhyn/presentation/feature/chat/CreateGroupScreen.kt:140:68 Unresolved reference 'userId'.
e: file:///home/rhyn/ITD103/tawi-tawi-frontend/android/app/src/main/kotlin/com/rhyn/presentation/feature/chat/CreateGroupScreen.kt:142:21 Unresolved reference 'ListItem'.
e: file:///home/rhyn/ITD103/tawi-tawi-frontend/android/app/src/main/kotlin/com/rhyn/presentation/feature/chat/CreateGroupScreen.kt:143:34 Unresolved reference 'ListItemDefaults'.
e: file:///home/rhyn/ITD103/tawi-tawi-frontend/android/app/src/main/kotlin/com/rhyn/presentation/feature/chat/CreateGroupScreen.kt:144:46 Unresolved reference 'MaterialTheme'.
e: file:///home/rhyn/ITD103/tawi-tawi-frontend/android/app/src/main/kotlin/com/rhyn/presentation/feature/chat/CreateGroupScreen.kt:146:36 Unresolved reference 'Modifier'.
e: file:///home/rhyn/ITD103/tawi-tawi-frontend/android/app/src/main/kotlin/com/rhyn/presentation/feature/chat/CreateGroupScreen.kt:150:56 Cannot infer type for this parameter. Please specify it explicitly.
e: file:///home/rhyn/ITD103/tawi-tawi-frontend/android/app/src/main/kotlin/com/rhyn/presentation/feature/chat/CreateGroupScreen.kt:150:56 'fun <T> MutableList<T>.remove(index: Int): T' is deprecated. Use removeAt(index) instead.
e: file:///home/rhyn/ITD103/tawi-tawi-frontend/android/app/src/main/kotlin/com/rhyn/presentation/feature/chat/CreateGroupScreen.kt:150:68 Unresolved reference 'userId'.
e: file:///home/rhyn/ITD103/tawi-tawi-frontend/android/app/src/main/kotlin/com/rhyn/presentation/feature/chat/CreateGroupScreen.kt:150:88 Unresolved reference 'add'.
e: file:///home/rhyn/ITD103/tawi-tawi-frontend/android/app/src/main/kotlin/com/rhyn/presentation/feature/chat/CreateGroupScreen.kt:150:97 Unresolved reference 'userId'.
e: file:///home/rhyn/ITD103/tawi-tawi-frontend/android/app/src/main/kotlin/com/rhyn/presentation/feature/chat/CreateGroupScreen.kt:153:60 Unresolved reference 'username'.
e: file:///home/rhyn/ITD103/tawi-tawi-frontend/android/app/src/main/kotlin/com/rhyn/presentation/feature/chat/CreateGroupScreen.kt:155:29 Unresolved reference 'Text'.
e: file:///home/rhyn/ITD103/tawi-tawi-frontend/android/app/src/main/kotlin/com/rhyn/presentation/feature/chat/CreateGroupScreen.kt:155:39 Unresolved reference 'username'.
e: file:///home/rhyn/ITD103/tawi-tawi-frontend/android/app/src/main/kotlin/com/rhyn/presentation/feature/chat/CreateGroupScreen.kt:155:62 Unresolved reference 'FontWeight'.
e: file:///home/rhyn/ITD103/tawi-tawi-frontend/android/app/src/main/kotlin/com/rhyn/presentation/feature/chat/CreateGroupScreen.kt:155:89 Unresolved reference 'MaterialTheme'.
e: file:///home/rhyn/ITD103/tawi-tawi-frontend/android/app/src/main/kotlin/com/rhyn/presentation/feature/chat/CreateGroupScreen.kt:159:29 Unresolved reference 'Icon'.
e: file:///home/rhyn/ITD103/tawi-tawi-frontend/android/app/src/main/kotlin/com/rhyn/presentation/feature/chat/CreateGroupScreen.kt:160:63 Unresolved reference 'Icons'.
e: file:///home/rhyn/ITD103/tawi-tawi-frontend/android/app/src/main/kotlin/com/rhyn/presentation/feature/chat/CreateGroupScreen.kt:160:93 Unresolved reference 'Icons'.
e: file:///home/rhyn/ITD103/tawi-tawi-frontend/android/app/src/main/kotlin/com/rhyn/presentation/feature/chat/CreateGroupScreen.kt:162:56 Unresolved reference 'MaterialTheme'.
e: file:///home/rhyn/ITD103/tawi-tawi-frontend/android/app/src/main/kotlin/com/rhyn/presentation/feature/chat/CreateGroupScreen.kt:162:95 Unresolved reference 'MaterialTheme'.
e: file:///home/rhyn/ITD103/tawi-tawi-frontend/android/app/src/main/kotlin/com/rhyn/presentation/feature/chat/CreateGroupScreen.kt:163:44 Unresolved reference 'Modifier'.
e: file:///home/rhyn/ITD103/tawi-tawi-frontend/android/app/src/main/kotlin/com/rhyn/presentation/feature/chat/CreateGroupScreen.kt:163:61 Unresolved reference 'dp'.
e: file:///home/rhyn/ITD103/tawi-tawi-frontend/android/app/src/main/kotlin/com/rhyn/presentation/feature/chat/CreateGroupScreen.kt:170:21 Unresolved reference 'item'.
e: file:///home/rhyn/ITD103/tawi-tawi-frontend/android/app/src/main/kotlin/com/rhyn/presentation/feature/chat/CreateGroupScreen.kt:171:25 Unresolved reference 'Text'.
e: file:///home/rhyn/ITD103/tawi-tawi-frontend/android/app/src/main/kotlin/com/rhyn/presentation/feature/chat/CreateGroupScreen.kt:173:37 Unresolved reference 'MaterialTheme'.
e: file:///home/rhyn/ITD103/tawi-tawi-frontend/android/app/src/main/kotlin/com/rhyn/presentation/feature/chat/CreateGroupScreen.kt:174:40 Unresolved reference 'Modifier'.
e: file:///home/rhyn/ITD103/tawi-tawi-frontend/android/app/src/main/kotlin/com/rhyn/presentation/feature/chat/CreateGroupScreen.kt:174:60 Unresolved reference 'dp'.
e: file:///home/rhyn/ITD103/tawi-tawi-frontend/android/app/src/main/kotlin/com/rhyn/presentation/feature/chat/InboxScreen.kt:3:17 Unresolved reference 'compose'.
e: file:///home/rhyn/ITD103/tawi-tawi-frontend/android/app/src/main/kotlin/com/rhyn/presentation/feature/chat/InboxScreen.kt:4:17 Unresolved reference 'compose'.
e: file:///home/rhyn/ITD103/tawi-tawi-frontend/android/app/src/main/kotlin/com/rhyn/presentation/feature/chat/InboxScreen.kt:5:17 Unresolved reference 'compose'.
e: file:///home/rhyn/ITD103/tawi-tawi-frontend/android/app/src/main/kotlin/com/rhyn/presentation/feature/chat/InboxScreen.kt:6:17 Unresolved reference 'compose'.
e: file:///home/rhyn/ITD103/tawi-tawi-frontend/android/app/src/main/kotlin/com/rhyn/presentation/feature/chat/InboxScreen.kt:7:17 Unresolved reference 'compose'.
e: file:///home/rhyn/ITD103/tawi-tawi-frontend/android/app/src/main/kotlin/com/rhyn/presentation/feature/chat/InboxScreen.kt:8:17 Unresolved reference 'compose'.
e: file:///home/rhyn/ITD103/tawi-tawi-frontend/android/app/src/main/kotlin/com/rhyn/presentation/feature/chat/InboxScreen.kt:9:17 Unresolved reference 'compose'.
e: file:///home/rhyn/ITD103/tawi-tawi-frontend/android/app/src/main/kotlin/com/rhyn/presentation/feature/chat/InboxScreen.kt:10:17 Unresolved reference 'compose'.
e: file:///home/rhyn/ITD103/tawi-tawi-frontend/android/app/src/main/kotlin/com/rhyn/presentation/feature/chat/InboxScreen.kt:11:17 Unresolved reference 'compose'.
e: file:///home/rhyn/ITD103/tawi-tawi-frontend/android/app/src/main/kotlin/com/rhyn/presentation/feature/chat/InboxScreen.kt:12:17 Unresolved reference 'compose'.
e: file:///home/rhyn/ITD103/tawi-tawi-frontend/android/app/src/main/kotlin/com/rhyn/presentation/feature/chat/InboxScreen.kt:13:17 Unresolved reference 'compose'.
e: file:///home/rhyn/ITD103/tawi-tawi-frontend/android/app/src/main/kotlin/com/rhyn/presentation/feature/chat/InboxScreen.kt:14:17 Unresolved reference 'compose'.
e: file:///home/rhyn/ITD103/tawi-tawi-frontend/android/app/src/main/kotlin/com/rhyn/presentation/feature/chat/InboxScreen.kt:15:17 Unresolved reference 'compose'.
e: file:///home/rhyn/ITD103/tawi-tawi-frontend/android/app/src/main/kotlin/com/rhyn/presentation/feature/chat/InboxScreen.kt:16:17 Unresolved reference 'compose'.
e: file:///home/rhyn/ITD103/tawi-tawi-frontend/android/app/src/main/kotlin/com/rhyn/presentation/feature/chat/InboxScreen.kt:17:17 Unresolved reference 'compose'.
e: file:///home/rhyn/ITD103/tawi-tawi-frontend/android/app/src/main/kotlin/com/rhyn/presentation/feature/chat/InboxScreen.kt:18:17 Unresolved reference 'compose'.
e: file:///home/rhyn/ITD103/tawi-tawi-frontend/android/app/src/main/kotlin/com/rhyn/presentation/feature/chat/InboxScreen.kt:19:17 Unresolved reference 'compose'.
e: file:///home/rhyn/ITD103/tawi-tawi-frontend/android/app/src/main/kotlin/com/rhyn/presentation/feature/chat/InboxScreen.kt:20:17 Unresolved reference 'compose'.
e: file:///home/rhyn/ITD103/tawi-tawi-frontend/android/app/src/main/kotlin/com/rhyn/presentation/feature/chat/InboxScreen.kt:24:8 Unresolved reference 'ExperimentalMaterial3Api'.
e: file:///home/rhyn/ITD103/tawi-tawi-frontend/android/app/src/main/kotlin/com/rhyn/presentation/feature/chat/InboxScreen.kt:24:8 Annotation argument must be a compile-time constant.
e: file:///home/rhyn/ITD103/tawi-tawi-frontend/android/app/src/main/kotlin/com/rhyn/presentation/feature/chat/InboxScreen.kt:25:2 Unresolved reference 'Composable'.
e: file:///home/rhyn/ITD103/tawi-tawi-frontend/android/app/src/main/kotlin/com/rhyn/presentation/feature/chat/InboxScreen.kt:31:15 Unresolved reference 'Modifier'.
e: file:///home/rhyn/ITD103/tawi-tawi-frontend/android/app/src/main/kotlin/com/rhyn/presentation/feature/chat/InboxScreen.kt:31:26 Unresolved reference 'Modifier'.
e: file:///home/rhyn/ITD103/tawi-tawi-frontend/android/app/src/main/kotlin/com/rhyn/presentation/feature/chat/InboxScreen.kt:33:44 Unresolved reference 'collectAsState'.
e: file:///home/rhyn/ITD103/tawi-tawi-frontend/android/app/src/main/kotlin/com/rhyn/presentation/feature/chat/InboxScreen.kt:34:36 Unresolved reference 'collectAsState'.
e: file:///home/rhyn/ITD103/tawi-tawi-frontend/android/app/src/main/kotlin/com/rhyn/presentation/feature/chat/InboxScreen.kt:36:5 Unresolved reference 'Scaffold'.
e: file:///home/rhyn/ITD103/tawi-tawi-frontend/android/app/src/main/kotlin/com/rhyn/presentation/feature/chat/InboxScreen.kt:39:26 Unresolved reference 'MaterialTheme'.
e: file:///home/rhyn/ITD103/tawi-tawi-frontend/android/app/src/main/kotlin/com/rhyn/presentation/feature/chat/InboxScreen.kt:41:13 Unresolved reference 'TopAppBar'.
e: file:///home/rhyn/ITD103/tawi-tawi-frontend/android/app/src/main/kotlin/com/rhyn/presentation/feature/chat/InboxScreen.kt:42:27 Unresolved reference 'Text'.
e: file:///home/rhyn/ITD103/tawi-tawi-frontend/android/app/src/main/kotlin/com/rhyn/presentation/feature/chat/InboxScreen.kt:42:57 Unresolved reference 'FontWeight'.
e: file:///home/rhyn/ITD103/tawi-tawi-frontend/android/app/src/main/kotlin/com/rhyn/presentation/feature/chat/InboxScreen.kt:42:92 Unresolved reference 'sp'.
e: file:///home/rhyn/ITD103/tawi-tawi-frontend/android/app/src/main/kotlin/com/rhyn/presentation/feature/chat/InboxScreen.kt:43:26 Unresolved reference 'TopAppBarDefaults'.
e: file:///home/rhyn/ITD103/tawi-tawi-frontend/android/app/src/main/kotlin/com/rhyn/presentation/feature/chat/InboxScreen.kt:44:38 Unresolved reference 'MaterialTheme'.
e: file:///home/rhyn/ITD103/tawi-tawi-frontend/android/app/src/main/kotlin/com/rhyn/presentation/feature/chat/InboxScreen.kt:45:41 Unresolved reference 'MaterialTheme'.
e: file:///home/rhyn/ITD103/tawi-tawi-frontend/android/app/src/main/kotlin/com/rhyn/presentation/feature/chat/InboxScreen.kt:46:46 Unresolved reference 'MaterialTheme'.
e: file:///home/rhyn/ITD103/tawi-tawi-frontend/android/app/src/main/kotlin/com/rhyn/presentation/feature/chat/InboxScreen.kt:49:21 Unresolved reference 'IconButton'.
e: file:///home/rhyn/ITD103/tawi-tawi-frontend/android/app/src/main/kotlin/com/rhyn/presentation/feature/chat/InboxScreen.kt:50:25 Unresolved reference 'Icon'.
e: file:///home/rhyn/ITD103/tawi-tawi-frontend/android/app/src/main/kotlin/com/rhyn/presentation/feature/chat/InboxScreen.kt:50:30 Unresolved reference 'Icons'.
e: file:///home/rhyn/ITD103/tawi-tawi-frontend/android/app/src/main/kotlin/com/rhyn/presentation/feature/chat/InboxScreen.kt:56:13 Unresolved reference 'FloatingActionButton'.
e: file:///home/rhyn/ITD103/tawi-tawi-frontend/android/app/src/main/kotlin/com/rhyn/presentation/feature/chat/InboxScreen.kt:58:34 Unresolved reference 'MaterialTheme'.
e: file:///home/rhyn/ITD103/tawi-tawi-frontend/android/app/src/main/kotlin/com/rhyn/presentation/feature/chat/InboxScreen.kt:59:32 Unresolved reference 'MaterialTheme'.
e: file:///home/rhyn/ITD103/tawi-tawi-frontend/android/app/src/main/kotlin/com/rhyn/presentation/feature/chat/InboxScreen.kt:60:25 Unresolved reference 'CircleShape'.
e: file:///home/rhyn/ITD103/tawi-tawi-frontend/android/app/src/main/kotlin/com/rhyn/presentation/feature/chat/InboxScreen.kt:62:17 Unresolved reference 'Icon'.
e: file:///home/rhyn/ITD103/tawi-tawi-frontend/android/app/src/main/kotlin/com/rhyn/presentation/feature/chat/InboxScreen.kt:62:22 Unresolved reference 'Icons'.
e: file:///home/rhyn/ITD103/tawi-tawi-frontend/android/app/src/main/kotlin/com/rhyn/presentation/feature/chat/InboxScreen.kt:65:9 Cannot infer type for this parameter. Please specify it explicitly.
e: file:///home/rhyn/ITD103/tawi-tawi-frontend/android/app/src/main/kotlin/com/rhyn/presentation/feature/chat/InboxScreen.kt:66:9 Unresolved reference 'LazyColumn'.
e: file:///home/rhyn/ITD103/tawi-tawi-frontend/android/app/src/main/kotlin/com/rhyn/presentation/feature/chat/InboxScreen.kt:67:24 Unresolved reference 'Modifier'.
e: file:///home/rhyn/ITD103/tawi-tawi-frontend/android/app/src/main/kotlin/com/rhyn/presentation/feature/chat/InboxScreen.kt:71:29 Unresolved reference 'MaterialTheme'.
e: file:///home/rhyn/ITD103/tawi-tawi-frontend/android/app/src/main/kotlin/com/rhyn/presentation/feature/chat/InboxScreen.kt:72:30 Unresolved reference 'PaddingValues'.
e: file:///home/rhyn/ITD103/tawi-tawi-frontend/android/app/src/main/kotlin/com/rhyn/presentation/feature/chat/InboxScreen.kt:73:31 Unresolved reference 'calculateTopPadding'.
e: file:///home/rhyn/ITD103/tawi-tawi-frontend/android/app/src/main/kotlin/com/rhyn/presentation/feature/chat/InboxScreen.kt:74:29 Unresolved reference 'dp'.
e: file:///home/rhyn/ITD103/tawi-tawi-frontend/android/app/src/main/kotlin/com/rhyn/presentation/feature/chat/InboxScreen.kt:77:13 Unresolved reference 'items'.
e: file:///home/rhyn/ITD103/tawi-tawi-frontend/android/app/src/main/kotlin/com/rhyn/presentation/feature/chat/InboxScreen.kt:77:30 Cannot infer type for this parameter. Please specify it explicitly.
e: file:///home/rhyn/ITD103/tawi-tawi-frontend/android/app/src/main/kotlin/com/rhyn/presentation/feature/chat/InboxScreen.kt:78:50 Unresolved reference 'threadId'.
e: file:///home/rhyn/ITD103/tawi-tawi-frontend/android/app/src/main/kotlin/com/rhyn/presentation/feature/chat/InboxScreen.kt:81:17 Unresolved reference 'ListItem'.
e: file:///home/rhyn/ITD103/tawi-tawi-frontend/android/app/src/main/kotlin/com/rhyn/presentation/feature/chat/InboxScreen.kt:82:30 Unresolved reference 'ListItemDefaults'.
e: file:///home/rhyn/ITD103/tawi-tawi-frontend/android/app/src/main/kotlin/com/rhyn/presentation/feature/chat/InboxScreen.kt:83:42 Unresolved reference 'MaterialTheme'.
e: file:///home/rhyn/ITD103/tawi-tawi-frontend/android/app/src/main/kotlin/com/rhyn/presentation/feature/chat/InboxScreen.kt:85:40 None of the following candidates is applicable:
fun UserAvatar(name: String): Unit
fun UserAvatar(name: String): Unit
e: file:///home/rhyn/ITD103/tawi-tawi-frontend/android/app/src/main/kotlin/com/rhyn/presentation/feature/chat/InboxScreen.kt:86:41 Unresolved reference 'Text'.
e: file:///home/rhyn/ITD103/tawi-tawi-frontend/android/app/src/main/kotlin/com/rhyn/presentation/feature/chat/InboxScreen.kt:86:73 Unresolved reference 'FontWeight'.
e: file:///home/rhyn/ITD103/tawi-tawi-frontend/android/app/src/main/kotlin/com/rhyn/presentation/feature/chat/InboxScreen.kt:86:98 Unresolved reference 'MaterialTheme'.
e: file:///home/rhyn/ITD103/tawi-tawi-frontend/android/app/src/main/kotlin/com/rhyn/presentation/feature/chat/InboxScreen.kt:88:25 Unresolved reference 'Text'.
e: file:///home/rhyn/ITD103/tawi-tawi-frontend/android/app/src/main/kotlin/com/rhyn/presentation/feature/chat/InboxScreen.kt:89:48 Unresolved reference 'isFromMe'.
e: file:///home/rhyn/ITD103/tawi-tawi-frontend/android/app/src/main/kotlin/com/rhyn/presentation/feature/chat/InboxScreen.kt:91:40 Unresolved reference 'TextOverflow'.
e: file:///home/rhyn/ITD103/tawi-tawi-frontend/android/app/src/main/kotlin/com/rhyn/presentation/feature/chat/InboxScreen.kt:92:37 Unresolved reference 'MaterialTheme'.
e: file:///home/rhyn/ITD103/tawi-tawi-frontend/android/app/src/main/kotlin/com/rhyn/presentation/feature/chat/InboxScreen.kt:96:25 Unresolved reference 'Text'.
e: file:///home/rhyn/ITD103/tawi-tawi-frontend/android/app/src/main/kotlin/com/rhyn/presentation/feature/chat/InboxScreen.kt:96:38 Unresolved reference 'deliveryState'.
e: file:///home/rhyn/ITD103/tawi-tawi-frontend/android/app/src/main/kotlin/com/rhyn/presentation/feature/chat/InboxScreen.kt:97:37 Unresolved reference 'MaterialTheme'.
e: file:///home/rhyn/ITD103/tawi-tawi-frontend/android/app/src/main/kotlin/com/rhyn/presentation/feature/chat/InboxScreen.kt:98:37 Unresolved reference 'MaterialTheme'.
e: file:///home/rhyn/ITD103/tawi-tawi-frontend/android/app/src/main/kotlin/com/rhyn/presentation/feature/chat/InboxScreen.kt:100:32 Unresolved reference 'Modifier'.
e: file:///home/rhyn/ITD103/tawi-tawi-frontend/android/app/src/main/kotlin/com/rhyn/presentation/feature/chat/InboxScreen.kt:100:78 Unresolved reference 'threadId'.
e: file:///home/rhyn/ITD103/tawi-tawi-frontend/android/app/src/main/kotlin/com/rhyn/presentation/feature/chat/InboxScreen.kt:108:2 Unresolved reference 'Composable'.
e: file:///home/rhyn/ITD103/tawi-tawi-frontend/android/app/src/main/kotlin/com/rhyn/presentation/feature/chat/InboxScreen.kt:109:1 Conflicting overloads:
fun UserAvatar(name: String): Unit
e: file:///home/rhyn/ITD103/tawi-tawi-frontend/android/app/src/main/kotlin/com/rhyn/presentation/feature/chat/InboxScreen.kt:111:5 Unresolved reference 'Box'.
e: file:///home/rhyn/ITD103/tawi-tawi-frontend/android/app/src/main/kotlin/com/rhyn/presentation/feature/chat/InboxScreen.kt:112:20 Unresolved reference 'Modifier'.
e: file:///home/rhyn/ITD103/tawi-tawi-frontend/android/app/src/main/kotlin/com/rhyn/presentation/feature/chat/InboxScreen.kt:113:22 Unresolved reference 'dp'.
e: file:///home/rhyn/ITD103/tawi-tawi-frontend/android/app/src/main/kotlin/com/rhyn/presentation/feature/chat/InboxScreen.kt:114:19 Unresolved reference 'CircleShape'.
e: file:///home/rhyn/ITD103/tawi-tawi-frontend/android/app/src/main/kotlin/com/rhyn/presentation/feature/chat/InboxScreen.kt:115:25 Unresolved reference 'MaterialTheme'.
e: file:///home/rhyn/ITD103/tawi-tawi-frontend/android/app/src/main/kotlin/com/rhyn/presentation/feature/chat/InboxScreen.kt:116:28 Unresolved reference 'Alignment'.
e: file:///home/rhyn/ITD103/tawi-tawi-frontend/android/app/src/main/kotlin/com/rhyn/presentation/feature/chat/InboxScreen.kt:118:9 Unresolved reference 'Text'.
e: file:///home/rhyn/ITD103/tawi-tawi-frontend/android/app/src/main/kotlin/com/rhyn/presentation/feature/chat/InboxScreen.kt:120:26 Unresolved reference 'FontWeight'.
e: file:///home/rhyn/ITD103/tawi-tawi-frontend/android/app/src/main/kotlin/com/rhyn/presentation/feature/chat/InboxScreen.kt:121:27 Unresolved reference 'sp'.
e: file:///home/rhyn/ITD103/tawi-tawi-frontend/android/app/src/main/kotlin/com/rhyn/presentation/feature/chat/InboxScreen.kt:122:21 Unresolved reference 'MaterialTheme'.
e: file:///home/rhyn/ITD103/tawi-tawi-frontend/android/app/src/main/kotlin/com/rhyn/presentation/feature/chat/InboxScreen.kt:128:1 Conflicting overloads:
fun getMessagePreviewText(message: LocalMessageEntity): String
e: file:///home/rhyn/ITD103/tawi-tawi-frontend/android/app/src/main/kotlin/com/rhyn/presentation/feature/chat/SearchScreen.kt:3:17 Unresolved reference 'compose'.
e: file:///home/rhyn/ITD103/tawi-tawi-frontend/android/app/src/main/kotlin/com/rhyn/presentation/feature/chat/SearchScreen.kt:4:17 Unresolved reference 'compose'.
e: file:///home/rhyn/ITD103/tawi-tawi-frontend/android/app/src/main/kotlin/com/rhyn/presentation/feature/chat/SearchScreen.kt:5:17 Unresolved reference 'compose'.
e: file:///home/rhyn/ITD103/tawi-tawi-frontend/android/app/src/main/kotlin/com/rhyn/presentation/feature/chat/SearchScreen.kt:6:17 Unresolved reference 'compose'.
e: file:///home/rhyn/ITD103/tawi-tawi-frontend/android/app/src/main/kotlin/com/rhyn/presentation/feature/chat/SearchScreen.kt:7:17 Unresolved reference 'compose'.
e: file:///home/rhyn/ITD103/tawi-tawi-frontend/android/app/src/main/kotlin/com/rhyn/presentation/feature/chat/SearchScreen.kt:8:17 Unresolved reference 'compose'.
e: file:///home/rhyn/ITD103/tawi-tawi-frontend/android/app/src/main/kotlin/com/rhyn/presentation/feature/chat/SearchScreen.kt:9:17 Unresolved reference 'compose'.
e: file:///home/rhyn/ITD103/tawi-tawi-frontend/android/app/src/main/kotlin/com/rhyn/presentation/feature/chat/SearchScreen.kt:10:17 Unresolved reference 'compose'.
e: file:///home/rhyn/ITD103/tawi-tawi-frontend/android/app/src/main/kotlin/com/rhyn/presentation/feature/chat/SearchScreen.kt:11:17 Unresolved reference 'compose'.
e: file:///home/rhyn/ITD103/tawi-tawi-frontend/android/app/src/main/kotlin/com/rhyn/presentation/feature/chat/SearchScreen.kt:12:17 Unresolved reference 'compose'.
e: file:///home/rhyn/ITD103/tawi-tawi-frontend/android/app/src/main/kotlin/com/rhyn/presentation/feature/chat/SearchScreen.kt:13:17 Unresolved reference 'compose'.
e: file:///home/rhyn/ITD103/tawi-tawi-frontend/android/app/src/main/kotlin/com/rhyn/presentation/feature/chat/SearchScreen.kt:14:17 Unresolved reference 'compose'.
e: file:///home/rhyn/ITD103/tawi-tawi-frontend/android/app/src/main/kotlin/com/rhyn/presentation/feature/chat/SearchScreen.kt:15:17 Unresolved reference 'compose'.
e: file:///home/rhyn/ITD103/tawi-tawi-frontend/android/app/src/main/kotlin/com/rhyn/presentation/feature/chat/SearchScreen.kt:16:17 Unresolved reference 'compose'.
e: file:///home/rhyn/ITD103/tawi-tawi-frontend/android/app/src/main/kotlin/com/rhyn/presentation/feature/chat/SearchScreen.kt:17:17 Unresolved reference 'compose'.
e: file:///home/rhyn/ITD103/tawi-tawi-frontend/android/app/src/main/kotlin/com/rhyn/presentation/feature/chat/SearchScreen.kt:18:17 Unresolved reference 'compose'.
e: file:///home/rhyn/ITD103/tawi-tawi-frontend/android/app/src/main/kotlin/com/rhyn/presentation/feature/chat/SearchScreen.kt:19:17 Unresolved reference 'compose'.
e: file:///home/rhyn/ITD103/tawi-tawi-frontend/android/app/src/main/kotlin/com/rhyn/presentation/feature/chat/SearchScreen.kt:20:17 Unresolved reference 'compose'.
e: file:///home/rhyn/ITD103/tawi-tawi-frontend/android/app/src/main/kotlin/com/rhyn/presentation/feature/chat/SearchScreen.kt:21:17 Unresolved reference 'compose'.
e: file:///home/rhyn/ITD103/tawi-tawi-frontend/android/app/src/main/kotlin/com/rhyn/presentation/feature/chat/SearchScreen.kt:22:17 Unresolved reference 'compose'.
e: file:///home/rhyn/ITD103/tawi-tawi-frontend/android/app/src/main/kotlin/com/rhyn/presentation/feature/chat/SearchScreen.kt:23:17 Unresolved reference 'compose'.
e: file:///home/rhyn/ITD103/tawi-tawi-frontend/android/app/src/main/kotlin/com/rhyn/presentation/feature/chat/SearchScreen.kt:25:8 Unresolved reference 'ExperimentalMaterial3Api'.
e: file:///home/rhyn/ITD103/tawi-tawi-frontend/android/app/src/main/kotlin/com/rhyn/presentation/feature/chat/SearchScreen.kt:25:8 Annotation argument must be a compile-time constant.
e: file:///home/rhyn/ITD103/tawi-tawi-frontend/android/app/src/main/kotlin/com/rhyn/presentation/feature/chat/SearchScreen.kt:26:2 Unresolved reference 'Composable'.
e: file:///home/rhyn/ITD103/tawi-tawi-frontend/android/app/src/main/kotlin/com/rhyn/presentation/feature/chat/SearchScreen.kt:27:1 Conflicting overloads:
fun SearchScreen(viewModel: ChatViewModel, onNavigateBack: () -> Unit, onNavigateToChat: (String) -> Unit): Unit
e: file:///home/rhyn/ITD103/tawi-tawi-frontend/android/app/src/main/kotlin/com/rhyn/presentation/feature/chat/SearchScreen.kt:32:24 Unresolved reference 'remember'.
e: file:///home/rhyn/ITD103/tawi-tawi-frontend/android/app/src/main/kotlin/com/rhyn/presentation/feature/chat/SearchScreen.kt:32:35 Unresolved reference 'mutableStateOf'.
e: file:///home/rhyn/ITD103/tawi-tawi-frontend/android/app/src/main/kotlin/com/rhyn/presentation/feature/chat/SearchScreen.kt:33:24 Unresolved reference 'remember'.
e: file:///home/rhyn/ITD103/tawi-tawi-frontend/android/app/src/main/kotlin/com/rhyn/presentation/feature/chat/SearchScreen.kt:33:35 Unresolved reference 'mutableStateOf'.
e: file:///home/rhyn/ITD103/tawi-tawi-frontend/android/app/src/main/kotlin/com/rhyn/presentation/feature/chat/SearchScreen.kt:34:24 Unresolved reference 'remember'.
e: file:///home/rhyn/ITD103/tawi-tawi-frontend/android/app/src/main/kotlin/com/rhyn/presentation/feature/chat/SearchScreen.kt:34:35 Unresolved reference 'mutableStateOf'.
e: file:///home/rhyn/ITD103/tawi-tawi-frontend/android/app/src/main/kotlin/com/rhyn/presentation/feature/chat/SearchScreen.kt:36:46 Unresolved reference 'collectAsState'.
e: file:///home/rhyn/ITD103/tawi-tawi-frontend/android/app/src/main/kotlin/com/rhyn/presentation/feature/chat/SearchScreen.kt:37:24 Unresolved reference 'LocalFocusManager'.
e: file:///home/rhyn/ITD103/tawi-tawi-frontend/android/app/src/main/kotlin/com/rhyn/presentation/feature/chat/SearchScreen.kt:40:5 Unresolved reference 'DisposableEffect'.
e: file:///home/rhyn/ITD103/tawi-tawi-frontend/android/app/src/main/kotlin/com/rhyn/presentation/feature/chat/SearchScreen.kt:41:9 Unresolved reference 'onDispose'.
e: file:///home/rhyn/ITD103/tawi-tawi-frontend/android/app/src/main/kotlin/com/rhyn/presentation/feature/chat/SearchScreen.kt:44:5 Unresolved reference 'Scaffold'.
e: file:///home/rhyn/ITD103/tawi-tawi-frontend/android/app/src/main/kotlin/com/rhyn/presentation/feature/chat/SearchScreen.kt:45:26 Unresolved reference 'MaterialTheme'.
e: file:///home/rhyn/ITD103/tawi-tawi-frontend/android/app/src/main/kotlin/com/rhyn/presentation/feature/chat/SearchScreen.kt:47:13 Unresolved reference 'TopAppBar'.
e: file:///home/rhyn/ITD103/tawi-tawi-frontend/android/app/src/main/kotlin/com/rhyn/presentation/feature/chat/SearchScreen.kt:48:27 Unresolved reference 'Text'.
e: file:///home/rhyn/ITD103/tawi-tawi-frontend/android/app/src/main/kotlin/com/rhyn/presentation/feature/chat/SearchScreen.kt:48:61 Unresolved reference 'FontWeight'.
e: file:///home/rhyn/ITD103/tawi-tawi-frontend/android/app/src/main/kotlin/com/rhyn/presentation/feature/chat/SearchScreen.kt:48:96 Unresolved reference 'sp'.
e: file:///home/rhyn/ITD103/tawi-tawi-frontend/android/app/src/main/kotlin/com/rhyn/presentation/feature/chat/SearchScreen.kt:50:21 Unresolved reference 'IconButton'.
e: file:///home/rhyn/ITD103/tawi-tawi-frontend/android/app/src/main/kotlin/com/rhyn/presentation/feature/chat/SearchScreen.kt:51:25 Unresolved reference 'Icon'.
e: file:///home/rhyn/ITD103/tawi-tawi-frontend/android/app/src/main/kotlin/com/rhyn/presentation/feature/chat/SearchScreen.kt:51:30 Unresolved reference 'Icons'.
e: file:///home/rhyn/ITD103/tawi-tawi-frontend/android/app/src/main/kotlin/com/rhyn/presentation/feature/chat/SearchScreen.kt:54:26 Unresolved reference 'TopAppBarDefaults'.
e: file:///home/rhyn/ITD103/tawi-tawi-frontend/android/app/src/main/kotlin/com/rhyn/presentation/feature/chat/SearchScreen.kt:55:38 Unresolved reference 'MaterialTheme'.
e: file:///home/rhyn/ITD103/tawi-tawi-frontend/android/app/src/main/kotlin/com/rhyn/presentation/feature/chat/SearchScreen.kt:56:41 Unresolved reference 'MaterialTheme'.
e: file:///home/rhyn/ITD103/tawi-tawi-frontend/android/app/src/main/kotlin/com/rhyn/presentation/feature/chat/SearchScreen.kt:57:50 Unresolved reference 'MaterialTheme'.
e: file:///home/rhyn/ITD103/tawi-tawi-frontend/android/app/src/main/kotlin/com/rhyn/presentation/feature/chat/SearchScreen.kt:61:9 Cannot infer type for this parameter. Please specify it explicitly.
e: file:///home/rhyn/ITD103/tawi-tawi-frontend/android/app/src/main/kotlin/com/rhyn/presentation/feature/chat/SearchScreen.kt:62:9 Unresolved reference 'Column'.
e: file:///home/rhyn/ITD103/tawi-tawi-frontend/android/app/src/main/kotlin/com/rhyn/presentation/feature/chat/SearchScreen.kt:63:24 Unresolved reference 'Modifier'.
e: file:///home/rhyn/ITD103/tawi-tawi-frontend/android/app/src/main/kotlin/com/rhyn/presentation/feature/chat/SearchScreen.kt:66:29 Unresolved reference 'MaterialTheme'.
e: file:///home/rhyn/ITD103/tawi-tawi-frontend/android/app/src/main/kotlin/com/rhyn/presentation/feature/chat/SearchScreen.kt:69:13 Unresolved reference 'Surface'.
e: file:///home/rhyn/ITD103/tawi-tawi-frontend/android/app/src/main/kotlin/com/rhyn/presentation/feature/chat/SearchScreen.kt:70:28 Unresolved reference 'Modifier'.
e: file:///home/rhyn/ITD103/tawi-tawi-frontend/android/app/src/main/kotlin/com/rhyn/presentation/feature/chat/SearchScreen.kt:72:46 Unresolved reference 'dp'.
e: file:///home/rhyn/ITD103/tawi-tawi-frontend/android/app/src/main/kotlin/com/rhyn/presentation/feature/chat/SearchScreen.kt:72:63 Unresolved reference 'dp'.
e: file:///home/rhyn/ITD103/tawi-tawi-frontend/android/app/src/main/kotlin/com/rhyn/presentation/feature/chat/SearchScreen.kt:73:25 Unresolved reference 'MaterialTheme'.
e: file:///home/rhyn/ITD103/tawi-tawi-frontend/android/app/src/main/kotlin/com/rhyn/presentation/feature/chat/SearchScreen.kt:75:17 Unresolved reference 'TextField'.
e: file:///home/rhyn/ITD103/tawi-tawi-frontend/android/app/src/main/kotlin/com/rhyn/presentation/feature/chat/SearchScreen.kt:78:39 Unresolved reference 'it'.
e: file:///home/rhyn/ITD103/tawi-tawi-frontend/android/app/src/main/kotlin/com/rhyn/presentation/feature/chat/SearchScreen.kt:82:32 Unresolved reference 'Modifier'.
e: file:///home/rhyn/ITD103/tawi-tawi-frontend/android/app/src/main/kotlin/com/rhyn/presentation/feature/chat/SearchScreen.kt:84:31 Unresolved reference 'CircleShape'.
e: file:///home/rhyn/ITD103/tawi-tawi-frontend/android/app/src/main/kotlin/com/rhyn/presentation/feature/chat/SearchScreen.kt:85:37 Unresolved reference 'Text'.
e: file:///home/rhyn/ITD103/tawi-tawi-frontend/android/app/src/main/kotlin/com/rhyn/presentation/feature/chat/SearchScreen.kt:85:77 Unresolved reference 'MaterialTheme'.
e: file:///home/rhyn/ITD103/tawi-tawi-frontend/android/app/src/main/kotlin/com/rhyn/presentation/feature/chat/SearchScreen.kt:87:25 Unresolved reference 'Icon'.
e: file:///home/rhyn/ITD103/tawi-tawi-frontend/android/app/src/main/kotlin/com/rhyn/presentation/feature/chat/SearchScreen.kt:87:30 Unresolved reference 'Icons'.
e: file:///home/rhyn/ITD103/tawi-tawi-frontend/android/app/src/main/kotlin/com/rhyn/presentation/feature/chat/SearchScreen.kt:87:90 Unresolved reference 'MaterialTheme'.
e: file:///home/rhyn/ITD103/tawi-tawi-frontend/android/app/src/main/kotlin/com/rhyn/presentation/feature/chat/SearchScreen.kt:91:29 Unresolved reference 'IconButton'.
e: file:///home/rhyn/ITD103/tawi-tawi-frontend/android/app/src/main/kotlin/com/rhyn/presentation/feature/chat/SearchScreen.kt:96:33 Unresolved reference 'Icon'.
e: file:///home/rhyn/ITD103/tawi-tawi-frontend/android/app/src/main/kotlin/com/rhyn/presentation/feature/chat/SearchScreen.kt:96:38 Unresolved reference 'Icons'.
e: file:///home/rhyn/ITD103/tawi-tawi-frontend/android/app/src/main/kotlin/com/rhyn/presentation/feature/chat/SearchScreen.kt:96:96 Unresolved reference 'MaterialTheme'.
e: file:///home/rhyn/ITD103/tawi-tawi-frontend/android/app/src/main/kotlin/com/rhyn/presentation/feature/chat/SearchScreen.kt:100:30 Unresolved reference 'TextFieldDefaults'.
e: file:///home/rhyn/ITD103/tawi-tawi-frontend/android/app/src/main/kotlin/com/rhyn/presentation/feature/chat/SearchScreen.kt:101:49 Unresolved reference 'MaterialTheme'.
e: file:///home/rhyn/ITD103/tawi-tawi-frontend/android/app/src/main/kotlin/com/rhyn/presentation/feature/chat/SearchScreen.kt:102:51 Unresolved reference 'MaterialTheme'.
e: file:///home/rhyn/ITD103/tawi-tawi-frontend/android/app/src/main/kotlin/com/rhyn/presentation/feature/chat/SearchScreen.kt:103:49 Unresolved reference 'Color'.
e: file:///home/rhyn/ITD103/tawi-tawi-frontend/android/app/src/main/kotlin/com/rhyn/presentation/feature/chat/SearchScreen.kt:104:51 Unresolved reference 'Color'.
e: file:///home/rhyn/ITD103/tawi-tawi-frontend/android/app/src/main/kotlin/com/rhyn/presentation/feature/chat/SearchScreen.kt:105:44 Unresolved reference 'MaterialTheme'.
e: file:///home/rhyn/ITD103/tawi-tawi-frontend/android/app/src/main/kotlin/com/rhyn/presentation/feature/chat/SearchScreen.kt:106:46 Unresolved reference 'MaterialTheme'.
e: file:///home/rhyn/ITD103/tawi-tawi-frontend/android/app/src/main/kotlin/com/rhyn/presentation/feature/chat/SearchScreen.kt:108:39 Unresolved reference 'KeyboardOptions'.
e: file:///home/rhyn/ITD103/tawi-tawi-frontend/android/app/src/main/kotlin/com/rhyn/presentation/feature/chat/SearchScreen.kt:108:67 Unresolved reference 'ImeAction'.
e: file:///home/rhyn/ITD103/tawi-tawi-frontend/android/app/src/main/kotlin/com/rhyn/presentation/feature/chat/SearchScreen.kt:109:39 Unresolved reference 'KeyboardActions'.
e: file:///home/rhyn/ITD103/tawi-tawi-frontend/android/app/src/main/kotlin/com/rhyn/presentation/feature/chat/SearchScreen.kt:127:13 Unresolved reference 'Box'.
e: file:///home/rhyn/ITD103/tawi-tawi-frontend/android/app/src/main/kotlin/com/rhyn/presentation/feature/chat/SearchScreen.kt:128:28 Unresolved reference 'Modifier'.
e: file:///home/rhyn/ITD103/tawi-tawi-frontend/android/app/src/main/kotlin/com/rhyn/presentation/feature/chat/SearchScreen.kt:130:33 Unresolved reference 'dp'.
e: file:///home/rhyn/ITD103/tawi-tawi-frontend/android/app/src/main/kotlin/com/rhyn/presentation/feature/chat/SearchScreen.kt:134:25 Unresolved reference 'CircularProgressIndicator'.
e: file:///home/rhyn/ITD103/tawi-tawi-frontend/android/app/src/main/kotlin/com/rhyn/presentation/feature/chat/SearchScreen.kt:135:37 Unresolved reference 'MaterialTheme'.
e: file:///home/rhyn/ITD103/tawi-tawi-frontend/android/app/src/main/kotlin/com/rhyn/presentation/feature/chat/SearchScreen.kt:136:40 Unresolved reference 'Modifier'.
e: file:///home/rhyn/ITD103/tawi-tawi-frontend/android/app/src/main/kotlin/com/rhyn/presentation/feature/chat/SearchScreen.kt:136:55 Unresolved reference 'Alignment'.
e: file:///home/rhyn/ITD103/tawi-tawi-frontend/android/app/src/main/kotlin/com/rhyn/presentation/feature/chat/SearchScreen.kt:136:93 Unresolved reference 'dp'.
e: file:///home/rhyn/ITD103/tawi-tawi-frontend/android/app/src/main/kotlin/com/rhyn/presentation/feature/chat/SearchScreen.kt:140:25 Unresolved reference 'Text'.
e: file:///home/rhyn/ITD103/tawi-tawi-frontend/android/app/src/main/kotlin/com/rhyn/presentation/feature/chat/SearchScreen.kt:141:36 Smart cast to 'TypeVariable(K)?' is impossible, because 'searchError' is a delegated property.
e: file:///home/rhyn/ITD103/tawi-tawi-frontend/android/app/src/main/kotlin/com/rhyn/presentation/feature/chat/SearchScreen.kt:142:37 Unresolved reference 'MaterialTheme'.
e: file:///home/rhyn/ITD103/tawi-tawi-frontend/android/app/src/main/kotlin/com/rhyn/presentation/feature/chat/SearchScreen.kt:143:37 Unresolved reference 'MaterialTheme'.
e: file:///home/rhyn/ITD103/tawi-tawi-frontend/android/app/src/main/kotlin/com/rhyn/presentation/feature/chat/SearchScreen.kt:144:40 Unresolved reference 'Modifier'.
e: file:///home/rhyn/ITD103/tawi-tawi-frontend/android/app/src/main/kotlin/com/rhyn/presentation/feature/chat/SearchScreen.kt:144:55 Unresolved reference 'Alignment'.
e: file:///home/rhyn/ITD103/tawi-tawi-frontend/android/app/src/main/kotlin/com/rhyn/presentation/feature/chat/SearchScreen.kt:144:93 Unresolved reference 'dp'.
e: file:///home/rhyn/ITD103/tawi-tawi-frontend/android/app/src/main/kotlin/com/rhyn/presentation/feature/chat/SearchScreen.kt:147:59 Unresolved reference 'username'.
e: file:///home/rhyn/ITD103/tawi-tawi-frontend/android/app/src/main/kotlin/com/rhyn/presentation/feature/chat/SearchScreen.kt:149:25 Unresolved reference 'ListItem'.
e: file:///home/rhyn/ITD103/tawi-tawi-frontend/android/app/src/main/kotlin/com/rhyn/presentation/feature/chat/SearchScreen.kt:150:38 Unresolved reference 'ListItemDefaults'.
e: file:///home/rhyn/ITD103/tawi-tawi-frontend/android/app/src/main/kotlin/com/rhyn/presentation/feature/chat/SearchScreen.kt:151:50 Unresolved reference 'MaterialTheme'.
e: file:///home/rhyn/ITD103/tawi-tawi-frontend/android/app/src/main/kotlin/com/rhyn/presentation/feature/chat/SearchScreen.kt:153:40 Unresolved reference 'Modifier'.
e: file:///home/rhyn/ITD103/tawi-tawi-frontend/android/app/src/main/kotlin/com/rhyn/presentation/feature/chat/SearchScreen.kt:155:39 Unresolved reference 'MaterialTheme'.
e: file:///home/rhyn/ITD103/tawi-tawi-frontend/android/app/src/main/kotlin/com/rhyn/presentation/feature/chat/SearchScreen.kt:156:63 Smart cast to 'TypeVariable(K)?' is impossible, because 'searchedUser' is a delegated property.
e: file:///home/rhyn/ITD103/tawi-tawi-frontend/android/app/src/main/kotlin/com/rhyn/presentation/feature/chat/SearchScreen.kt:156:78 Unresolved reference 'user_id'.
e: file:///home/rhyn/ITD103/tawi-tawi-frontend/android/app/src/main/kotlin/com/rhyn/presentation/feature/chat/SearchScreen.kt:157:59 Smart cast to 'TypeVariable(K)?' is impossible, because 'searchedUser' is a delegated property.
e: file:///home/rhyn/ITD103/tawi-tawi-frontend/android/app/src/main/kotlin/com/rhyn/presentation/feature/chat/SearchScreen.kt:157:74 Unresolved reference 'username'.
e: file:///home/rhyn/ITD103/tawi-tawi-frontend/android/app/src/main/kotlin/com/rhyn/presentation/feature/chat/SearchScreen.kt:158:49 Unresolved reference 'Text'.
e: file:///home/rhyn/ITD103/tawi-tawi-frontend/android/app/src/main/kotlin/com/rhyn/presentation/feature/chat/SearchScreen.kt:158:54 Smart cast to 'TypeVariable(K)?' is impossible, because 'searchedUser' is a delegated property.
e: file:///home/rhyn/ITD103/tawi-tawi-frontend/android/app/src/main/kotlin/com/rhyn/presentation/feature/chat/SearchScreen.kt:158:69 Unresolved reference 'username'.
e: file:///home/rhyn/ITD103/tawi-tawi-frontend/android/app/src/main/kotlin/com/rhyn/presentation/feature/chat/SearchScreen.kt:158:92 Unresolved reference 'FontWeight'.
e: file:///home/rhyn/ITD103/tawi-tawi-frontend/android/app/src/main/kotlin/com/rhyn/presentation/feature/chat/SearchScreen.kt:158:117 Unresolved reference 'MaterialTheme'.
e: file:///home/rhyn/ITD103/tawi-tawi-frontend/android/app/src/main/kotlin/com/rhyn/presentation/feature/chat/SearchScreen.kt:160:33 Unresolved reference 'Text'.
e: file:///home/rhyn/ITD103/tawi-tawi-frontend/android/app/src/main/kotlin/com/rhyn/presentation/feature/chat/SearchScreen.kt:161:48 Smart cast to 'TypeVariable(K)?' is impossible, because 'searchedUser' is a delegated property.
e: file:///home/rhyn/ITD103/tawi-tawi-frontend/android/app/src/main/kotlin/com/rhyn/presentation/feature/chat/SearchScreen.kt:161:63 Unresolved reference 'is_online'.
e: file:///home/rhyn/ITD103/tawi-tawi-frontend/android/app/src/main/kotlin/com/rhyn/presentation/feature/chat/SearchScreen.kt:162:49 Smart cast to 'TypeVariable(K)?' is impossible, because 'searchedUser' is a delegated property.
e: file:///home/rhyn/ITD103/tawi-tawi-frontend/android/app/src/main/kotlin/com/rhyn/presentation/feature/chat/SearchScreen.kt:162:64 Unresolved reference 'is_online'.
e: file:///home/rhyn/ITD103/tawi-tawi-frontend/android/app/src/main/kotlin/com/rhyn/presentation/feature/chat/SearchScreen.kt:162:75 Unresolved reference 'MaterialTheme'.
e: file:///home/rhyn/ITD103/tawi-tawi-frontend/android/app/src/main/kotlin/com/rhyn/presentation/feature/chat/SearchScreen.kt:162:114 Unresolved reference 'MaterialTheme'.
e: file:///home/rhyn/ITD103/tawi-tawi-frontend/android/app/src/main/kotlin/com/rhyn/presentation/feature/chat/SearchScreen.kt:166:33 Unresolved reference 'Button'.
e: file:///home/rhyn/ITD103/tawi-tawi-frontend/android/app/src/main/kotlin/com/rhyn/presentation/feature/chat/SearchScreen.kt:167:66 Smart cast to 'TypeVariable(K)?' is impossible, because 'searchedUser' is a delegated property.
e: file:///home/rhyn/ITD103/tawi-tawi-frontend/android/app/src/main/kotlin/com/rhyn/presentation/feature/chat/SearchScreen.kt:167:81 Unresolved reference 'user_id'.
e: file:///home/rhyn/ITD103/tawi-tawi-frontend/android/app/src/main/kotlin/com/rhyn/presentation/feature/chat/SearchScreen.kt:168:46 Unresolved reference 'ButtonDefaults'.
e: file:///home/rhyn/ITD103/tawi-tawi-frontend/android/app/src/main/kotlin/com/rhyn/presentation/feature/chat/SearchScreen.kt:169:58 Unresolved reference 'MaterialTheme'.
e: file:///home/rhyn/ITD103/tawi-tawi-frontend/android/app/src/main/kotlin/com/rhyn/presentation/feature/chat/SearchScreen.kt:170:56 Unresolved reference 'MaterialTheme'.
e: file:///home/rhyn/ITD103/tawi-tawi-frontend/android/app/src/main/kotlin/com/rhyn/presentation/feature/chat/SearchScreen.kt:173:37 Unresolved reference 'Text'.
e: file:///home/rhyn/ITD103/tawi-tawi-frontend/android/app/src/main/kotlin/com/rhyn/presentation/feature/chat/SearchScreen.kt:180:25 Unresolved reference 'Text'.
e: file:///home/rhyn/ITD103/tawi-tawi-frontend/android/app/src/main/kotlin/com/rhyn/presentation/feature/chat/SearchScreen.kt:182:37 Unresolved reference 'MaterialTheme'.
e: file:///home/rhyn/ITD103/tawi-tawi-frontend/android/app/src/main/kotlin/com/rhyn/presentation/feature/chat/SearchScreen.kt:183:37 Unresolved reference 'MaterialTheme'.
e: file:///home/rhyn/ITD103/tawi-tawi-frontend/android/app/src/main/kotlin/com/rhyn/presentation/feature/chat/SearchScreen.kt:184:40 Unresolved reference 'Modifier'.
e: file:///home/rhyn/ITD103/tawi-tawi-frontend/android/app/src/main/kotlin/com/rhyn/presentation/feature/chat/SearchScreen.kt:184:55 Unresolved reference 'Alignment'.
e: file:///home/rhyn/ITD103/tawi-tawi-frontend/android/app/src/main/kotlin/com/rhyn/presentation/feature/chat/SearchScreen.kt:184:93 Unresolved reference 'dp'.
e: file:///home/rhyn/ITD103/tawi-tawi-frontend/android/app/src/main/kotlin/com/rhyn/presentation/feature/home/MainScreen.kt:3:17 Unresolved reference 'compose'.
e: file:///home/rhyn/ITD103/tawi-tawi-frontend/android/app/src/main/kotlin/com/rhyn/presentation/feature/home/MainScreen.kt:4:17 Unresolved reference 'compose'.
e: file:///home/rhyn/ITD103/tawi-tawi-frontend/android/app/src/main/kotlin/com/rhyn/presentation/feature/home/MainScreen.kt:5:17 Unresolved reference 'compose'.
e: file:///home/rhyn/ITD103/tawi-tawi-frontend/android/app/src/main/kotlin/com/rhyn/presentation/feature/home/MainScreen.kt:6:17 Unresolved reference 'compose'.
e: file:///home/rhyn/ITD103/tawi-tawi-frontend/android/app/src/main/kotlin/com/rhyn/presentation/feature/home/MainScreen.kt:7:17 Unresolved reference 'compose'.
e: file:///home/rhyn/ITD103/tawi-tawi-frontend/android/app/src/main/kotlin/com/rhyn/presentation/feature/home/MainScreen.kt:8:17 Unresolved reference 'compose'.
e: file:///home/rhyn/ITD103/tawi-tawi-frontend/android/app/src/main/kotlin/com/rhyn/presentation/feature/home/MainScreen.kt:9:17 Unresolved reference 'compose'.
e: file:///home/rhyn/ITD103/tawi-tawi-frontend/android/app/src/main/kotlin/com/rhyn/presentation/feature/home/MainScreen.kt:10:17 Unresolved reference 'compose'.
e: file:///home/rhyn/ITD103/tawi-tawi-frontend/android/app/src/main/kotlin/com/rhyn/presentation/feature/home/MainScreen.kt:11:17 Unresolved reference 'compose'.
e: file:///home/rhyn/ITD103/tawi-tawi-frontend/android/app/src/main/kotlin/com/rhyn/presentation/feature/home/MainScreen.kt:12:17 Unresolved reference 'compose'.
e: file:///home/rhyn/ITD103/tawi-tawi-frontend/android/app/src/main/kotlin/com/rhyn/presentation/feature/home/MainScreen.kt:13:17 Unresolved reference 'compose'.
e: file:///home/rhyn/ITD103/tawi-tawi-frontend/android/app/src/main/kotlin/com/rhyn/presentation/feature/home/MainScreen.kt:14:17 Unresolved reference 'compose'.
e: file:///home/rhyn/ITD103/tawi-tawi-frontend/android/app/src/main/kotlin/com/rhyn/presentation/feature/home/MainScreen.kt:15:17 Unresolved reference 'compose'.
e: file:///home/rhyn/ITD103/tawi-tawi-frontend/android/app/src/main/kotlin/com/rhyn/presentation/feature/home/MainScreen.kt:21:12 Redeclaration:
enum class HomeTab : Enum<HomeTab>
e: file:///home/rhyn/ITD103/tawi-tawi-frontend/android/app/src/main/kotlin/com/rhyn/presentation/feature/home/MainScreen.kt:21:49 Unresolved reference 'ImageVector'.
e: file:///home/rhyn/ITD103/tawi-tawi-frontend/android/app/src/main/kotlin/com/rhyn/presentation/feature/home/MainScreen.kt:22:22 Unresolved reference 'Icons'.
e: file:///home/rhyn/ITD103/tawi-tawi-frontend/android/app/src/main/kotlin/com/rhyn/presentation/feature/home/MainScreen.kt:23:20 Unresolved reference 'Icons'.
e: file:///home/rhyn/ITD103/tawi-tawi-frontend/android/app/src/main/kotlin/com/rhyn/presentation/feature/home/MainScreen.kt:24:24 Unresolved reference 'Icons'.
e: file:///home/rhyn/ITD103/tawi-tawi-frontend/android/app/src/main/kotlin/com/rhyn/presentation/feature/home/MainScreen.kt:27:8 Unresolved reference 'ExperimentalMaterial3Api'.
e: file:///home/rhyn/ITD103/tawi-tawi-frontend/android/app/src/main/kotlin/com/rhyn/presentation/feature/home/MainScreen.kt:27:8 Annotation argument must be a compile-time constant.
e: file:///home/rhyn/ITD103/tawi-tawi-frontend/android/app/src/main/kotlin/com/rhyn/presentation/feature/home/MainScreen.kt:28:2 Unresolved reference 'Composable'.
e: file:///home/rhyn/ITD103/tawi-tawi-frontend/android/app/src/main/kotlin/com/rhyn/presentation/feature/home/MainScreen.kt:29:1 Conflicting overloads:
fun MainScreen(viewModel: ChatViewModel, onNavigateToChat: (String) -> Unit, onNavigateToCreateGroup: () -> Unit, onNavigateToSearch: () -> Unit, onLogoutClick: () -> Unit): Unit
e: file:///home/rhyn/ITD103/tawi-tawi-frontend/android/app/src/main/kotlin/com/rhyn/presentation/feature/home/MainScreen.kt:36:24 Unresolved reference 'remember'.
e: file:///home/rhyn/ITD103/tawi-tawi-frontend/android/app/src/main/kotlin/com/rhyn/presentation/feature/home/MainScreen.kt:36:35 Unresolved reference 'mutableStateOf'.
e: file:///home/rhyn/ITD103/tawi-tawi-frontend/android/app/src/main/kotlin/com/rhyn/presentation/feature/home/MainScreen.kt:39:46 Unresolved reference 'collectAsState'.
e: file:///home/rhyn/ITD103/tawi-tawi-frontend/android/app/src/main/kotlin/com/rhyn/presentation/feature/home/MainScreen.kt:41:5 Unresolved reference 'Scaffold'.
e: file:///home/rhyn/ITD103/tawi-tawi-frontend/android/app/src/main/kotlin/com/rhyn/presentation/feature/home/MainScreen.kt:43:13 Unresolved reference 'NavigationBar'.
e: file:///home/rhyn/ITD103/tawi-tawi-frontend/android/app/src/main/kotlin/com/rhyn/presentation/feature/home/MainScreen.kt:44:34 Unresolved reference 'MaterialTheme'.
e: file:///home/rhyn/ITD103/tawi-tawi-frontend/android/app/src/main/kotlin/com/rhyn/presentation/feature/home/MainScreen.kt:45:32 Unresolved reference 'MaterialTheme'.
e: file:///home/rhyn/ITD103/tawi-tawi-frontend/android/app/src/main/kotlin/com/rhyn/presentation/feature/home/MainScreen.kt:48:21 Unresolved reference 'NavigationBarItem'.
e: file:///home/rhyn/ITD103/tawi-tawi-frontend/android/app/src/main/kotlin/com/rhyn/presentation/feature/home/MainScreen.kt:51:69 'operator' modifier is required on 'FirNamedFunctionSymbol kotlin/compareTo' in 'compareTo'.
e: file:///home/rhyn/ITD103/tawi-tawi-frontend/android/app/src/main/kotlin/com/rhyn/presentation/feature/home/MainScreen.kt:52:33 Unresolved reference 'BadgedBox'.
e: file:///home/rhyn/ITD103/tawi-tawi-frontend/android/app/src/main/kotlin/com/rhyn/presentation/feature/home/MainScreen.kt:54:41 Unresolved reference 'Badge'.
e: file:///home/rhyn/ITD103/tawi-tawi-frontend/android/app/src/main/kotlin/com/rhyn/presentation/feature/home/MainScreen.kt:55:45 Unresolved reference 'Text'.
e: file:///home/rhyn/ITD103/tawi-tawi-frontend/android/app/src/main/kotlin/com/rhyn/presentation/feature/home/MainScreen.kt:59:37 Unresolved reference 'Icon'.
e: file:///home/rhyn/ITD103/tawi-tawi-frontend/android/app/src/main/kotlin/com/rhyn/presentation/feature/home/MainScreen.kt:62:33 Unresolved reference 'Icon'.
e: file:///home/rhyn/ITD103/tawi-tawi-frontend/android/app/src/main/kotlin/com/rhyn/presentation/feature/home/MainScreen.kt:65:35 Unresolved reference 'Text'.
e: file:///home/rhyn/ITD103/tawi-tawi-frontend/android/app/src/main/kotlin/com/rhyn/presentation/feature/home/MainScreen.kt:68:34 Unresolved reference 'NavigationBarItemDefaults'.
e: file:///home/rhyn/ITD103/tawi-tawi-frontend/android/app/src/main/kotlin/com/rhyn/presentation/feature/home/MainScreen.kt:69:49 Unresolved reference 'MaterialTheme'.
e: file:///home/rhyn/ITD103/tawi-tawi-frontend/android/app/src/main/kotlin/com/rhyn/presentation/feature/home/MainScreen.kt:70:49 Unresolved reference 'MaterialTheme'.
e: file:///home/rhyn/ITD103/tawi-tawi-frontend/android/app/src/main/kotlin/com/rhyn/presentation/feature/home/MainScreen.kt:71:46 Unresolved reference 'MaterialTheme'.
e: file:///home/rhyn/ITD103/tawi-tawi-frontend/android/app/src/main/kotlin/com/rhyn/presentation/feature/home/MainScreen.kt:72:51 Unresolved reference 'MaterialTheme'.
e: file:///home/rhyn/ITD103/tawi-tawi-frontend/android/app/src/main/kotlin/com/rhyn/presentation/feature/home/MainScreen.kt:73:51 Unresolved reference 'MaterialTheme'.
e: file:///home/rhyn/ITD103/tawi-tawi-frontend/android/app/src/main/kotlin/com/rhyn/presentation/feature/home/MainScreen.kt:79:9 Cannot infer type for this parameter. Please specify it explicitly.
e: file:///home/rhyn/ITD103/tawi-tawi-frontend/android/app/src/main/kotlin/com/rhyn/presentation/feature/home/MainScreen.kt:81:27 Unresolved reference 'Modifier'.
e: file:///home/rhyn/ITD103/tawi-tawi-frontend/android/app/src/main/kotlin/com/rhyn/presentation/feature/home/MainScreen.kt:83:44 Unresolved reference 'calculateBottomPadding'.
e: file:///home/rhyn/ITD103/tawi-tawi-frontend/android/app/src/main/kotlin/com/rhyn/presentation/feature/home/MainScreen.kt:85:9 Unresolved reference 'Crossfade'.
e: file:///home/rhyn/ITD103/tawi-tawi-frontend/android/app/src/main/kotlin/com/rhyn/presentation/feature/home/MainScreen.kt:87:29 Unresolved reference 'tween'.
e: file:///home/rhyn/ITD103/tawi-tawi-frontend/android/app/src/main/kotlin/com/rhyn/presentation/feature/home/MainScreen.kt:89:13 Cannot infer type for this parameter. Please specify it explicitly.
e: file:///home/rhyn/ITD103/tawi-tawi-frontend/android/app/src/main/kotlin/com/rhyn/presentation/feature/home/MainScreen.kt:91:35 Unresolved reference 'Box'.
e: file:///home/rhyn/ITD103/tawi-tawi-frontend/android/app/src/main/kotlin/com/rhyn/presentation/feature/home/MainScreen.kt:92:21 Overload resolution ambiguity between candidates:
fun NearbyScreen(viewModel: NearbyViewModel = ..., onNavigateToChat: (String) -> Unit): Unit
fun NearbyScreen(viewModel: NearbyViewModel = ..., onNavigateToChat: (String) -> Unit): Unit
e: file:///home/rhyn/ITD103/tawi-tawi-frontend/android/app/src/main/kotlin/com/rhyn/presentation/feature/home/MainScreen.kt:102:36 Unresolved reference 'Box'.
e: file:///home/rhyn/ITD103/tawi-tawi-frontend/android/app/src/main/kotlin/com/rhyn/presentation/feature/home/MainScreen.kt:103:21 Overload resolution ambiguity between candidates:
fun AccountScreen(viewModel: AccountViewModel = ..., onLogoutClick: () -> Unit): Unit
fun AccountScreen(viewModel: AccountViewModel = ..., onLogoutClick: () -> Unit): Unit
e: file:///home/rhyn/ITD103/tawi-tawi-frontend/android/app/src/main/kotlin/com/rhyn/presentation/feature/nearby/LanManager.kt:11:8 Unresolved reference 'dagger'.
e: file:///home/rhyn/ITD103/tawi-tawi-frontend/android/app/src/main/kotlin/com/rhyn/presentation/feature/nearby/LanManager.kt:12:11 Unresolved reference 'ktor'.
e: file:///home/rhyn/ITD103/tawi-tawi-frontend/android/app/src/main/kotlin/com/rhyn/presentation/feature/nearby/LanManager.kt:13:11 Unresolved reference 'ktor'.
e: file:///home/rhyn/ITD103/tawi-tawi-frontend/android/app/src/main/kotlin/com/rhyn/presentation/feature/nearby/LanManager.kt:14:11 Unresolved reference 'ktor'.
e: file:///home/rhyn/ITD103/tawi-tawi-frontend/android/app/src/main/kotlin/com/rhyn/presentation/feature/nearby/LanManager.kt:15:11 Unresolved reference 'ktor'.
e: file:///home/rhyn/ITD103/tawi-tawi-frontend/android/app/src/main/kotlin/com/rhyn/presentation/feature/nearby/LanManager.kt:25:14 Unresolved reference 'inject'.
e: file:///home/rhyn/ITD103/tawi-tawi-frontend/android/app/src/main/kotlin/com/rhyn/presentation/feature/nearby/LanManager.kt:26:14 Unresolved reference 'inject'.
e: file:///home/rhyn/ITD103/tawi-tawi-frontend/android/app/src/main/kotlin/com/rhyn/presentation/feature/nearby/LanManager.kt:28:2 Unresolved reference 'Singleton'.
e: file:///home/rhyn/ITD103/tawi-tawi-frontend/android/app/src/main/kotlin/com/rhyn/presentation/feature/nearby/LanManager.kt:29:7 Redeclaration:
class LanManager : Any
e: file:///home/rhyn/ITD103/tawi-tawi-frontend/android/app/src/main/kotlin/com/rhyn/presentation/feature/nearby/LanManager.kt:29:19 Unresolved reference 'Inject'.
e: file:///home/rhyn/ITD103/tawi-tawi-frontend/android/app/src/main/kotlin/com/rhyn/presentation/feature/nearby/LanManager.kt:30:6 Unresolved reference 'ApplicationContext'.
e: file:///home/rhyn/ITD103/tawi-tawi-frontend/android/app/src/main/kotlin/com/rhyn/presentation/feature/nearby/LanManager.kt:32:29 Unresolved reference 'HttpClient'.
e: file:///home/rhyn/ITD103/tawi-tawi-frontend/android/app/src/main/kotlin/com/rhyn/presentation/feature/nearby/LanManager.kt:147:32 Cannot infer type for this parameter. Please specify it explicitly.
e: file:///home/rhyn/ITD103/tawi-tawi-frontend/android/app/src/main/kotlin/com/rhyn/presentation/feature/nearby/LanManager.kt:148:32 Unresolved reference 'post'.
e: file:///home/rhyn/ITD103/tawi-tawi-frontend/android/app/src/main/kotlin/com/rhyn/presentation/feature/nearby/LanManager.kt:149:25 Unresolved reference 'contentType'.
e: file:///home/rhyn/ITD103/tawi-tawi-frontend/android/app/src/main/kotlin/com/rhyn/presentation/feature/nearby/LanManager.kt:149:37 Unresolved reference 'ContentType'.
e: file:///home/rhyn/ITD103/tawi-tawi-frontend/android/app/src/main/kotlin/com/rhyn/presentation/feature/nearby/LanManager.kt:150:25 Unresolved reference 'setBody'.
e: file:///home/rhyn/ITD103/tawi-tawi-frontend/android/app/src/main/kotlin/com/rhyn/presentation/feature/nearby/LanManager.kt:154:31 Unresolved reference 'status'.
e: file:///home/rhyn/ITD103/tawi-tawi-frontend/android/app/src/main/kotlin/com/rhyn/presentation/feature/nearby/LanManager.kt:185:32 Cannot infer type for this parameter. Please specify it explicitly.
e: file:///home/rhyn/ITD103/tawi-tawi-frontend/android/app/src/main/kotlin/com/rhyn/presentation/feature/nearby/LanManager.kt:186:32 Unresolved reference 'post'.
e: file:///home/rhyn/ITD103/tawi-tawi-frontend/android/app/src/main/kotlin/com/rhyn/presentation/feature/nearby/LanManager.kt:187:25 Unresolved reference 'setBody'.
e: file:///home/rhyn/ITD103/tawi-tawi-frontend/android/app/src/main/kotlin/com/rhyn/presentation/feature/nearby/LanManager.kt:188:29 Unresolved reference 'MultiPartFormDataContent'.
e: file:///home/rhyn/ITD103/tawi-tawi-frontend/android/app/src/main/kotlin/com/rhyn/presentation/feature/nearby/LanManager.kt:189:33 Unresolved reference 'formData'.
e: file:///home/rhyn/ITD103/tawi-tawi-frontend/android/app/src/main/kotlin/com/rhyn/presentation/feature/nearby/LanManager.kt:190:37 Unresolved reference. None of the following candidates is applicable because of a receiver type mismatch:
fun <T : Appendable> T.append(vararg value: CharSequence?): T
e: file:///home/rhyn/ITD103/tawi-tawi-frontend/android/app/src/main/kotlin/com/rhyn/presentation/feature/nearby/LanManager.kt:191:37 Unresolved reference. None of the following candidates is applicable because of a receiver type mismatch:
fun <T : Appendable> T.append(vararg value: CharSequence?): T
e: file:///home/rhyn/ITD103/tawi-tawi-frontend/android/app/src/main/kotlin/com/rhyn/presentation/feature/nearby/LanManager.kt:191:70 Unresolved reference 'Headers'.
e: file:///home/rhyn/ITD103/tawi-tawi-frontend/android/app/src/main/kotlin/com/rhyn/presentation/feature/nearby/LanManager.kt:192:41 Unresolved reference. None of the following candidates is applicable because of a receiver type mismatch:
fun <T : Appendable> T.append(vararg value: CharSequence?): T
e: file:///home/rhyn/ITD103/tawi-tawi-frontend/android/app/src/main/kotlin/com/rhyn/presentation/feature/nearby/LanManager.kt:192:48 Unresolved reference 'HttpHeaders'.
e: file:///home/rhyn/ITD103/tawi-tawi-frontend/android/app/src/main/kotlin/com/rhyn/presentation/feature/nearby/LanManager.kt:200:31 Unresolved reference 'status'.
e: file:///home/rhyn/ITD103/tawi-tawi-frontend/android/app/src/main/kotlin/com/rhyn/presentation/feature/nearby/LanServer.kt:5:8 Unresolved reference 'dagger'.
e: file:///home/rhyn/ITD103/tawi-tawi-frontend/android/app/src/main/kotlin/com/rhyn/presentation/feature/nearby/LanServer.kt:6:11 Unresolved reference 'ktor'.
e: file:///home/rhyn/ITD103/tawi-tawi-frontend/android/app/src/main/kotlin/com/rhyn/presentation/feature/nearby/LanServer.kt:7:11 Unresolved reference 'ktor'.
e: file:///home/rhyn/ITD103/tawi-tawi-frontend/android/app/src/main/kotlin/com/rhyn/presentation/feature/nearby/LanServer.kt:8:11 Unresolved reference 'ktor'.
e: file:///home/rhyn/ITD103/tawi-tawi-frontend/android/app/src/main/kotlin/com/rhyn/presentation/feature/nearby/LanServer.kt:9:11 Unresolved reference 'ktor'.
e: file:///home/rhyn/ITD103/tawi-tawi-frontend/android/app/src/main/kotlin/com/rhyn/presentation/feature/nearby/LanServer.kt:10:11 Unresolved reference 'ktor'.
e: file:///home/rhyn/ITD103/tawi-tawi-frontend/android/app/src/main/kotlin/com/rhyn/presentation/feature/nearby/LanServer.kt:11:11 Unresolved reference 'ktor'.
e: file:///home/rhyn/ITD103/tawi-tawi-frontend/android/app/src/main/kotlin/com/rhyn/presentation/feature/nearby/LanServer.kt:12:11 Unresolved reference 'ktor'.
e: file:///home/rhyn/ITD103/tawi-tawi-frontend/android/app/src/main/kotlin/com/rhyn/presentation/feature/nearby/LanServer.kt:13:11 Unresolved reference 'ktor'.
e: file:///home/rhyn/ITD103/tawi-tawi-frontend/android/app/src/main/kotlin/com/rhyn/presentation/feature/nearby/LanServer.kt:14:11 Unresolved reference 'ktor'.
e: file:///home/rhyn/ITD103/tawi-tawi-frontend/android/app/src/main/kotlin/com/rhyn/presentation/feature/nearby/LanServer.kt:15:11 Unresolved reference 'ktor'.
e: file:///home/rhyn/ITD103/tawi-tawi-frontend/android/app/src/main/kotlin/com/rhyn/presentation/feature/nearby/LanServer.kt:22:14 Unresolved reference 'inject'.
e: file:///home/rhyn/ITD103/tawi-tawi-frontend/android/app/src/main/kotlin/com/rhyn/presentation/feature/nearby/LanServer.kt:23:14 Unresolved reference 'inject'.
e: file:///home/rhyn/ITD103/tawi-tawi-frontend/android/app/src/main/kotlin/com/rhyn/presentation/feature/nearby/LanServer.kt:25:2 Unresolved reference 'Singleton'.
e: file:///home/rhyn/ITD103/tawi-tawi-frontend/android/app/src/main/kotlin/com/rhyn/presentation/feature/nearby/LanServer.kt:26:7 Redeclaration:
class LanServer : Any
e: file:///home/rhyn/ITD103/tawi-tawi-frontend/android/app/src/main/kotlin/com/rhyn/presentation/feature/nearby/LanServer.kt:26:18 Unresolved reference 'Inject'.
e: file:///home/rhyn/ITD103/tawi-tawi-frontend/android/app/src/main/kotlin/com/rhyn/presentation/feature/nearby/LanServer.kt:28:6 Unresolved reference 'ApplicationContext'.
e: file:///home/rhyn/ITD103/tawi-tawi-frontend/android/app/src/main/kotlin/com/rhyn/presentation/feature/nearby/LanServer.kt:30:25 Unresolved reference 'ApplicationEngine'.
e: file:///home/rhyn/ITD103/tawi-tawi-frontend/android/app/src/main/kotlin/com/rhyn/presentation/feature/nearby/LanServer.kt:55:26 Unresolved reference 'embeddedServer'.
e: file:///home/rhyn/ITD103/tawi-tawi-frontend/android/app/src/main/kotlin/com/rhyn/presentation/feature/nearby/LanServer.kt:55:41 Unresolved reference 'CIO'.
e: file:///home/rhyn/ITD103/tawi-tawi-frontend/android/app/src/main/kotlin/com/rhyn/presentation/feature/nearby/LanServer.kt:56:21 Unresolved reference 'routing'.
e: file:///home/rhyn/ITD103/tawi-tawi-frontend/android/app/src/main/kotlin/com/rhyn/presentation/feature/nearby/LanServer.kt:57:25 Unresolved reference 'post'.
e: file:///home/rhyn/ITD103/tawi-tawi-frontend/android/app/src/main/kotlin/com/rhyn/presentation/feature/nearby/LanServer.kt:58:43 Unresolved reference 'call'.
e: file:///home/rhyn/ITD103/tawi-tawi-frontend/android/app/src/main/kotlin/com/rhyn/presentation/feature/nearby/LanServer.kt:63:29 Unresolved reference 'call'.
e: file:///home/rhyn/ITD103/tawi-tawi-frontend/android/app/src/main/kotlin/com/rhyn/presentation/feature/nearby/LanServer.kt:66:25 Unresolved reference 'post'.
e: file:///home/rhyn/ITD103/tawi-tawi-frontend/android/app/src/main/kotlin/com/rhyn/presentation/feature/nearby/LanServer.kt:71:49 Unresolved reference 'call'.
e: file:///home/rhyn/ITD103/tawi-tawi-frontend/android/app/src/main/kotlin/com/rhyn/presentation/feature/nearby/LanServer.kt:73:57 Cannot infer type for this parameter. Please specify it explicitly.
e: file:///home/rhyn/ITD103/tawi-tawi-frontend/android/app/src/main/kotlin/com/rhyn/presentation/feature/nearby/LanServer.kt:75:44 Unresolved reference 'PartData'.
e: file:///home/rhyn/ITD103/tawi-tawi-frontend/android/app/src/main/kotlin/com/rhyn/presentation/feature/nearby/LanServer.kt:76:54 Unresolved reference 'name'.
e: file:///home/rhyn/ITD103/tawi-tawi-frontend/android/app/src/main/kotlin/com/rhyn/presentation/feature/nearby/LanServer.kt:77:69 Unresolved reference 'value'.
e: file:///home/rhyn/ITD103/tawi-tawi-frontend/android/app/src/main/kotlin/com/rhyn/presentation/feature/nearby/LanServer.kt:80:44 Unresolved reference 'PartData'.
e: file:///home/rhyn/ITD103/tawi-tawi-frontend/android/app/src/main/kotlin/com/rhyn/presentation/feature/nearby/LanServer.kt:81:54 Unresolved reference 'name'.
e: file:///home/rhyn/ITD103/tawi-tawi-frontend/android/app/src/main/kotlin/com/rhyn/presentation/feature/nearby/LanServer.kt:82:70 Unresolved reference 'streamProvider'.
e: file:///home/rhyn/ITD103/tawi-tawi-frontend/android/app/src/main/kotlin/com/rhyn/presentation/feature/nearby/LanServer.kt:92:42 Unresolved reference 'dispose'.
e: file:///home/rhyn/ITD103/tawi-tawi-frontend/android/app/src/main/kotlin/com/rhyn/presentation/feature/nearby/LanServer.kt:98:37 Unresolved reference 'call'.
e: file:///home/rhyn/ITD103/tawi-tawi-frontend/android/app/src/main/kotlin/com/rhyn/presentation/feature/nearby/LanServer.kt:101:37 Unresolved reference 'call'.
e: file:///home/rhyn/ITD103/tawi-tawi-frontend/android/app/src/main/kotlin/com/rhyn/presentation/feature/nearby/LanServer.kt:101:104 Unresolved reference 'HttpStatusCode'.
e: file:///home/rhyn/ITD103/tawi-tawi-frontend/android/app/src/main/kotlin/com/rhyn/presentation/feature/nearby/LanServer.kt:106:33 Unresolved reference 'call'.
e: file:///home/rhyn/ITD103/tawi-tawi-frontend/android/app/src/main/kotlin/com/rhyn/presentation/feature/nearby/LanServer.kt:106:77 Unresolved reference 'HttpStatusCode'.
e: file:///home/rhyn/ITD103/tawi-tawi-frontend/android/app/src/main/kotlin/com/rhyn/presentation/feature/nearby/LanServer.kt:122:21 Unresolved reference 'stop'.
e: file:///home/rhyn/ITD103/tawi-tawi-frontend/android/app/src/main/kotlin/com/rhyn/presentation/feature/nearby/NearbyManager.kt:10:31 Unresolved reference 'nearby'.
e: file:///home/rhyn/ITD103/tawi-tawi-frontend/android/app/src/main/kotlin/com/rhyn/presentation/feature/nearby/NearbyManager.kt:11:31 Unresolved reference 'nearby'.
e: file:///home/rhyn/ITD103/tawi-tawi-frontend/android/app/src/main/kotlin/com/rhyn/presentation/feature/nearby/NearbyManager.kt:28:8 Unresolved reference 'dagger'.
e: file:///home/rhyn/ITD103/tawi-tawi-frontend/android/app/src/main/kotlin/com/rhyn/presentation/feature/nearby/NearbyManager.kt:38:16 Unresolved reference 'serialization'.
e: file:///home/rhyn/ITD103/tawi-tawi-frontend/android/app/src/main/kotlin/com/rhyn/presentation/feature/nearby/NearbyManager.kt:39:16 Unresolved reference 'serialization'.
e: file:///home/rhyn/ITD103/tawi-tawi-frontend/android/app/src/main/kotlin/com/rhyn/presentation/feature/nearby/NearbyManager.kt:46:14 Unresolved reference 'inject'.
e: file:///home/rhyn/ITD103/tawi-tawi-frontend/android/app/src/main/kotlin/com/rhyn/presentation/feature/nearby/NearbyManager.kt:47:14 Unresolved reference 'inject'.
e: file:///home/rhyn/ITD103/tawi-tawi-frontend/android/app/src/main/kotlin/com/rhyn/presentation/feature/nearby/NearbyManager.kt:49:2 Unresolved reference 'Singleton'.
e: file:///home/rhyn/ITD103/tawi-tawi-frontend/android/app/src/main/kotlin/com/rhyn/presentation/feature/nearby/NearbyManager.kt:50:7 Redeclaration:
class NearbyManager : Any
e: file:///home/rhyn/ITD103/tawi-tawi-frontend/android/app/src/main/kotlin/com/rhyn/presentation/feature/nearby/NearbyManager.kt:50:22 Unresolved reference 'Inject'.
e: file:///home/rhyn/ITD103/tawi-tawi-frontend/android/app/src/main/kotlin/com/rhyn/presentation/feature/nearby/NearbyManager.kt:51:6 Unresolved reference 'ApplicationContext'.
e: file:///home/rhyn/ITD103/tawi-tawi-frontend/android/app/src/main/kotlin/com/rhyn/presentation/feature/nearby/NearbyManager.kt:59:36 Unresolved reference 'dagger'.
e: file:///home/rhyn/ITD103/tawi-tawi-frontend/android/app/src/main/kotlin/com/rhyn/presentation/feature/nearby/NearbyManager.kt:60:43 Unresolved reference 'dagger'.
e: file:///home/rhyn/ITD103/tawi-tawi-frontend/android/app/src/main/kotlin/com/rhyn/presentation/feature/nearby/NearbyManager.kt:62:37 Unresolved reference 'Nearby'.
e: file:///home/rhyn/ITD103/tawi-tawi-frontend/android/app/src/main/kotlin/com/rhyn/presentation/feature/nearby/NearbyManager.kt:65:30 Unresolved reference 'Json'.
e: file:///home/rhyn/ITD103/tawi-tawi-frontend/android/app/src/main/kotlin/com/rhyn/presentation/feature/nearby/NearbyManager.kt:65:37 Unresolved reference 'ignoreUnknownKeys'.
e: file:///home/rhyn/ITD103/tawi-tawi-frontend/android/app/src/main/kotlin/com/rhyn/presentation/feature/nearby/NearbyManager.kt:79:77 Unresolved reference 'Payload'.
e: file:///home/rhyn/ITD103/tawi-tawi-frontend/android/app/src/main/kotlin/com/rhyn/presentation/feature/nearby/NearbyManager.kt:152:35 Unresolved reference 'DiscoveryOptions'.
e: file:///home/rhyn/ITD103/tawi-tawi-frontend/android/app/src/main/kotlin/com/rhyn/presentation/feature/nearby/NearbyManager.kt:153:38 Unresolved reference 'Strategy'.
e: file:///home/rhyn/ITD103/tawi-tawi-frontend/android/app/src/main/kotlin/com/rhyn/presentation/feature/nearby/NearbyManager.kt:177:43 Unresolved reference 'Payload'.
e: file:///home/rhyn/ITD103/tawi-tawi-frontend/android/app/src/main/kotlin/com/rhyn/presentation/feature/nearby/NearbyManager.kt:277:54 Unresolved reference 'EndpointDiscoveryCallback'.
e: file:///home/rhyn/ITD103/tawi-tawi-frontend/android/app/src/main/kotlin/com/rhyn/presentation/feature/nearby/NearbyManager.kt:278:9 'onEndpointFound' overrides nothing.
e: file:///home/rhyn/ITD103/tawi-tawi-frontend/android/app/src/main/kotlin/com/rhyn/presentation/feature/nearby/NearbyManager.kt:278:64 Unresolved reference 'DiscoveredEndpointInfo'.
e: file:///home/rhyn/ITD103/tawi-tawi-frontend/android/app/src/main/kotlin/com/rhyn/presentation/feature/nearby/NearbyManager.kt:279:30 Unresolved reference 'endpointName'.
e: file:///home/rhyn/ITD103/tawi-tawi-frontend/android/app/src/main/kotlin/com/rhyn/presentation/feature/nearby/NearbyManager.kt:281:64 Unresolved reference 'endpointName'.
e: file:///home/rhyn/ITD103/tawi-tawi-frontend/android/app/src/main/kotlin/com/rhyn/presentation/feature/nearby/NearbyManager.kt:316:9 'onEndpointLost' overrides nothing.
e: file:///home/rhyn/ITD103/tawi-tawi-frontend/android/app/src/main/kotlin/com/rhyn/presentation/feature/nearby/NearbyManager.kt:326:56 Unresolved reference 'ConnectionLifecycleCallback'.
e: file:///home/rhyn/ITD103/tawi-tawi-frontend/android/app/src/main/kotlin/com/rhyn/presentation/feature/nearby/NearbyManager.kt:327:9 'onConnectionInitiated' overrides nothing.
e: file:///home/rhyn/ITD103/tawi-tawi-frontend/android/app/src/main/kotlin/com/rhyn/presentation/feature/nearby/NearbyManager.kt:327:70 Unresolved reference 'ConnectionInfo'.
e: file:///home/rhyn/ITD103/tawi-tawi-frontend/android/app/src/main/kotlin/com/rhyn/presentation/feature/nearby/NearbyManager.kt:328:30 Unresolved reference 'endpointName'.
e: file:///home/rhyn/ITD103/tawi-tawi-frontend/android/app/src/main/kotlin/com/rhyn/presentation/feature/nearby/NearbyManager.kt:330:64 Unresolved reference 'endpointName'.
e: file:///home/rhyn/ITD103/tawi-tawi-frontend/android/app/src/main/kotlin/com/rhyn/presentation/feature/nearby/NearbyManager.kt:358:9 'onConnectionResult' overrides nothing.
e: file:///home/rhyn/ITD103/tawi-tawi-frontend/android/app/src/main/kotlin/com/rhyn/presentation/feature/nearby/NearbyManager.kt:358:69 Unresolved reference 'ConnectionResolution'.
e: file:///home/rhyn/ITD103/tawi-tawi-frontend/android/app/src/main/kotlin/com/rhyn/presentation/feature/nearby/NearbyManager.kt:359:24 Unresolved reference 'status'.
e: file:///home/rhyn/ITD103/tawi-tawi-frontend/android/app/src/main/kotlin/com/rhyn/presentation/feature/nearby/NearbyManager.kt:384:42 No value passed for parameter 'name'.
e: file:///home/rhyn/ITD103/tawi-tawi-frontend/android/app/src/main/kotlin/com/rhyn/presentation/feature/nearby/NearbyManager.kt:384:45 Unresolved reference 'syncEpidemicRelaysToNewNeighbor'.
e: file:///home/rhyn/ITD103/tawi-tawi-frontend/android/app/src/main/kotlin/com/rhyn/presentation/feature/nearby/NearbyManager.kt:387:42 No value passed for parameter 'name'.
e: file:///home/rhyn/ITD103/tawi-tawi-frontend/android/app/src/main/kotlin/com/rhyn/presentation/feature/nearby/NearbyManager.kt:387:45 Unresolved reference 'routeAllPendingMessages'.
e: file:///home/rhyn/ITD103/tawi-tawi-frontend/android/app/src/main/kotlin/com/rhyn/presentation/feature/nearby/NearbyManager.kt:395:9 'onDisconnected' overrides nothing.
e: file:///home/rhyn/ITD103/tawi-tawi-frontend/android/app/src/main/kotlin/com/rhyn/presentation/feature/nearby/NearbyManager.kt:408:44 Unresolved reference 'PayloadCallback'.
e: file:///home/rhyn/ITD103/tawi-tawi-frontend/android/app/src/main/kotlin/com/rhyn/presentation/feature/nearby/NearbyManager.kt:409:9 'onPayloadReceived' overrides nothing.
e: file:///home/rhyn/ITD103/tawi-tawi-frontend/android/app/src/main/kotlin/com/rhyn/presentation/feature/nearby/NearbyManager.kt:409:69 Unresolved reference 'Payload'.
e: file:///home/rhyn/ITD103/tawi-tawi-frontend/android/app/src/main/kotlin/com/rhyn/presentation/feature/nearby/NearbyManager.kt:410:27 Unresolved reference 'type'.
e: file:///home/rhyn/ITD103/tawi-tawi-frontend/android/app/src/main/kotlin/com/rhyn/presentation/feature/nearby/NearbyManager.kt:411:17 Unresolved reference 'Payload'.
e: file:///home/rhyn/ITD103/tawi-tawi-frontend/android/app/src/main/kotlin/com/rhyn/presentation/feature/nearby/NearbyManager.kt:412:56 Unresolved reference 'asBytes'.
e: file:///home/rhyn/ITD103/tawi-tawi-frontend/android/app/src/main/kotlin/com/rhyn/presentation/feature/nearby/NearbyManager.kt:467:54 No value passed for parameter 'name'.
e: file:///home/rhyn/ITD103/tawi-tawi-frontend/android/app/src/main/kotlin/com/rhyn/presentation/feature/nearby/NearbyManager.kt:467:57 Unresolved reference 'routeAllPendingMessages'.
e: file:///home/rhyn/ITD103/tawi-tawi-frontend/android/app/src/main/kotlin/com/rhyn/presentation/feature/nearby/NearbyManager.kt:532:58 No value passed for parameter 'name'.
e: file:///home/rhyn/ITD103/tawi-tawi-frontend/android/app/src/main/kotlin/com/rhyn/presentation/feature/nearby/NearbyManager.kt:532:61 Unresolved reference 'routeAllPendingMessages'.
e: file:///home/rhyn/ITD103/tawi-tawi-frontend/android/app/src/main/kotlin/com/rhyn/presentation/feature/nearby/NearbyManager.kt:568:61 No value passed for parameter 'name'.
e: file:///home/rhyn/ITD103/tawi-tawi-frontend/android/app/src/main/kotlin/com/rhyn/presentation/feature/nearby/NearbyManager.kt:568:64 Unresolved reference 'processIncomingRelay'.
e: file:///home/rhyn/ITD103/tawi-tawi-frontend/android/app/src/main/kotlin/com/rhyn/presentation/feature/nearby/NearbyManager.kt:575:17 Unresolved reference 'Payload'.
e: file:///home/rhyn/ITD103/tawi-tawi-frontend/android/app/src/main/kotlin/com/rhyn/presentation/feature/nearby/NearbyManager.kt:577:47 Unresolved reference 'asFile'.
e: file:///home/rhyn/ITD103/tawi-tawi-frontend/android/app/src/main/kotlin/com/rhyn/presentation/feature/nearby/NearbyManager.kt:580:53 Unresolved reference 'id'.
e: file:///home/rhyn/ITD103/tawi-tawi-frontend/android/app/src/main/kotlin/com/rhyn/presentation/feature/nearby/NearbyManager.kt:586:9 'onPayloadTransferUpdate' overrides nothing.
e: file:///home/rhyn/ITD103/tawi-tawi-frontend/android/app/src/main/kotlin/com/rhyn/presentation/feature/nearby/NearbyManager.kt:586:74 Unresolved reference 'PayloadTransferUpdate'.
e: file:///home/rhyn/ITD103/tawi-tawi-frontend/android/app/src/main/kotlin/com/rhyn/presentation/feature/nearby/NearbyManager.kt:587:36 Unresolved reference 'payloadId'.
e: file:///home/rhyn/ITD103/tawi-tawi-frontend/android/app/src/main/kotlin/com/rhyn/presentation/feature/nearby/NearbyManager.kt:589:24 Unresolved reference 'status'.
e: file:///home/rhyn/ITD103/tawi-tawi-frontend/android/app/src/main/kotlin/com/rhyn/presentation/feature/nearby/NearbyManager.kt:589:34 Unresolved reference 'PayloadTransferUpdate'.
e: file:///home/rhyn/ITD103/tawi-tawi-frontend/android/app/src/main/kotlin/com/rhyn/presentation/feature/nearby/NearbyManager.kt:590:24 Unresolved reference 'status'.
e: file:///home/rhyn/ITD103/tawi-tawi-frontend/android/app/src/main/kotlin/com/rhyn/presentation/feature/nearby/NearbyManager.kt:590:34 Unresolved reference 'PayloadTransferUpdate'.
e: file:///home/rhyn/ITD103/tawi-tawi-frontend/android/app/src/main/kotlin/com/rhyn/presentation/feature/nearby/NearbyManager.kt:591:24 Unresolved reference 'status'.
e: file:///home/rhyn/ITD103/tawi-tawi-frontend/android/app/src/main/kotlin/com/rhyn/presentation/feature/nearby/NearbyManager.kt:591:34 Unresolved reference 'PayloadTransferUpdate'.
e: file:///home/rhyn/ITD103/tawi-tawi-frontend/android/app/src/main/kotlin/com/rhyn/presentation/feature/nearby/NearbyManager.kt:596:26 Unresolved reference 'status'.
e: file:///home/rhyn/ITD103/tawi-tawi-frontend/android/app/src/main/kotlin/com/rhyn/presentation/feature/nearby/NearbyManager.kt:597:17 Unresolved reference 'PayloadTransferUpdate'.
e: file:///home/rhyn/ITD103/tawi-tawi-frontend/android/app/src/main/kotlin/com/rhyn/presentation/feature/nearby/NearbyManager.kt:612:59 Unresolved reference 'asParcelFileDescriptor'.
e: file:///home/rhyn/ITD103/tawi-tawi-frontend/android/app/src/main/kotlin/com/rhyn/presentation/feature/nearby/NearbyManager.kt:614:53 Unresolved reference 'asUri'.
e: file:///home/rhyn/ITD103/tawi-tawi-frontend/android/app/src/main/kotlin/com/rhyn/presentation/feature/nearby/NearbyManager.kt:614:124 Unresolved reference 'asUri'.
e: file:///home/rhyn/ITD103/tawi-tawi-frontend/android/app/src/main/kotlin/com/rhyn/presentation/feature/nearby/NearbyManager.kt:616:53 Unresolved reference 'asJavaFile'.
e: file:///home/rhyn/ITD103/tawi-tawi-frontend/android/app/src/main/kotlin/com/rhyn/presentation/feature/nearby/NearbyManager.kt:616:105 Unresolved reference 'asJavaFile'.
e: file:///home/rhyn/ITD103/tawi-tawi-frontend/android/app/src/main/kotlin/com/rhyn/presentation/feature/nearby/NearbyManager.kt:617:98 Argument type mismatch: actual type is 'kotlin.Any', but 'android.os.ParcelFileDescriptor!' was expected.
e: file:///home/rhyn/ITD103/tawi-tawi-frontend/android/app/src/main/kotlin/com/rhyn/presentation/feature/nearby/NearbyManager.kt:632:49 Unresolved reference 'asJavaFile'.
e: file:///home/rhyn/ITD103/tawi-tawi-frontend/android/app/src/main/kotlin/com/rhyn/presentation/feature/nearby/NearbyManager.kt:634:49 Unresolved reference 'asJavaFile'.
e: file:///home/rhyn/ITD103/tawi-tawi-frontend/android/app/src/main/kotlin/com/rhyn/presentation/feature/nearby/NearbyManager.kt:642:17 Unresolved reference 'PayloadTransferUpdate'.
e: file:///home/rhyn/ITD103/tawi-tawi-frontend/android/app/src/main/kotlin/com/rhyn/presentation/feature/nearby/NearbyManager.kt:642:55 Unresolved reference 'PayloadTransferUpdate'.
e: file:///home/rhyn/ITD103/tawi-tawi-frontend/android/app/src/main/kotlin/com/rhyn/presentation/feature/nearby/NearbyManager.kt:670:23 Unresolved reference 'AdvertisingOptions'.
e: file:///home/rhyn/ITD103/tawi-tawi-frontend/android/app/src/main/kotlin/com/rhyn/presentation/feature/nearby/NearbyManager.kt:671:26 Unresolved reference 'Strategy'.
e: file:///home/rhyn/ITD103/tawi-tawi-frontend/android/app/src/main/kotlin/com/rhyn/presentation/feature/nearby/NearbyManager.kt:690:37 Cannot infer type for this parameter. Please specify it explicitly.
e: file:///home/rhyn/ITD103/tawi-tawi-frontend/android/app/src/main/kotlin/com/rhyn/presentation/feature/nearby/NearbyManager.kt:691:56 Unresolved reference 'api'.
e: file:///home/rhyn/ITD103/tawi-tawi-frontend/android/app/src/main/kotlin/com/rhyn/presentation/feature/nearby/NearbyManager.kt:692:29 Unresolved reference 'statusCode'.
e: file:///home/rhyn/ITD103/tawi-tawi-frontend/android/app/src/main/kotlin/com/rhyn/presentation/feature/nearby/NearbyManager.kt:693:25 Unresolved reference 'ConnectionsStatusCodes'.
e: file:///home/rhyn/ITD103/tawi-tawi-frontend/android/app/src/main/kotlin/com/rhyn/presentation/feature/nearby/NearbyManager.kt:698:31 Unresolved reference 'ConnectionsStatusCodes'.
e: file:///home/rhyn/ITD103/tawi-tawi-frontend/android/app/src/main/kotlin/com/rhyn/presentation/feature/nearby/NearbyManager.kt:704:25 Unresolved reference 'ConnectionsStatusCodes'.
e: file:///home/rhyn/ITD103/tawi-tawi-frontend/android/app/src/main/kotlin/com/rhyn/presentation/feature/nearby/NearbyManager.kt:721:73 Unresolved reference 'statusCode'.
e: file:///home/rhyn/ITD103/tawi-tawi-frontend/android/app/src/main/kotlin/com/rhyn/presentation/feature/nearby/NearbyManager.kt:759:35 Unresolved reference 'Payload'.
e: file:///home/rhyn/ITD103/tawi-tawi-frontend/android/app/src/main/kotlin/com/rhyn/presentation/feature/nearby/NearbyManager.kt:770:35 Unresolved reference 'Payload'.
e: file:///home/rhyn/ITD103/tawi-tawi-frontend/android/app/src/main/kotlin/com/rhyn/presentation/feature/nearby/NearbyManager.kt:789:23 Unresolved reference 'DiscoveryOptions'.
e: file:///home/rhyn/ITD103/tawi-tawi-frontend/android/app/src/main/kotlin/com/rhyn/presentation/feature/nearby/NearbyManager.kt:790:26 Unresolved reference 'Strategy'.
e: file:///home/rhyn/ITD103/tawi-tawi-frontend/android/app/src/main/kotlin/com/rhyn/presentation/feature/nearby/NearbyManager.kt:802:37 Cannot infer type for this parameter. Please specify it explicitly.
e: file:///home/rhyn/ITD103/tawi-tawi-frontend/android/app/src/main/kotlin/com/rhyn/presentation/feature/nearby/NearbyManager.kt:803:56 Unresolved reference 'api'.
e: file:///home/rhyn/ITD103/tawi-tawi-frontend/android/app/src/main/kotlin/com/rhyn/presentation/feature/nearby/NearbyManager.kt:804:29 Unresolved reference 'statusCode'.
e: file:///home/rhyn/ITD103/tawi-tawi-frontend/android/app/src/main/kotlin/com/rhyn/presentation/feature/nearby/NearbyManager.kt:805:25 Unresolved reference 'ConnectionsStatusCodes'.
e: file:///home/rhyn/ITD103/tawi-tawi-frontend/android/app/src/main/kotlin/com/rhyn/presentation/feature/nearby/NearbyManager.kt:809:31 Unresolved reference 'ConnectionsStatusCodes'.
e: file:///home/rhyn/ITD103/tawi-tawi-frontend/android/app/src/main/kotlin/com/rhyn/presentation/feature/nearby/NearbyManager.kt:815:25 Unresolved reference 'ConnectionsStatusCodes'.
e: file:///home/rhyn/ITD103/tawi-tawi-frontend/android/app/src/main/kotlin/com/rhyn/presentation/feature/nearby/NearbyManager.kt:832:71 Unresolved reference 'statusCode'.
e: file:///home/rhyn/ITD103/tawi-tawi-frontend/android/app/src/main/kotlin/com/rhyn/presentation/feature/nearby/NearbyManager.kt:836:75 Unresolved reference 'message'.
e: file:///home/rhyn/ITD103/tawi-tawi-frontend/android/app/src/main/kotlin/com/rhyn/presentation/feature/nearby/NearbyManager.kt:843:33 Unresolved reference 'ConnectionOptions'.
e: file:///home/rhyn/ITD103/tawi-tawi-frontend/android/app/src/main/kotlin/com/rhyn/presentation/feature/nearby/NearbyManager.kt:851:37 Cannot infer type for this parameter. Please specify it explicitly.
e: file:///home/rhyn/ITD103/tawi-tawi-frontend/android/app/src/main/kotlin/com/rhyn/presentation/feature/nearby/NearbyManager.kt:852:56 Unresolved reference 'api'.
e: file:///home/rhyn/ITD103/tawi-tawi-frontend/android/app/src/main/kotlin/com/rhyn/presentation/feature/nearby/NearbyManager.kt:852:78 Unresolved reference 'statusCode'.
e: file:///home/rhyn/ITD103/tawi-tawi-frontend/android/app/src/main/kotlin/com/rhyn/presentation/feature/nearby/NearbyManager.kt:852:92 Unresolved reference 'ConnectionsStatusCodes'.
e: file:///home/rhyn/ITD103/tawi-tawi-frontend/android/app/src/main/kotlin/com/rhyn/presentation/feature/nearby/NearbyManager.kt:865:46 No value passed for parameter 'name'.
e: file:///home/rhyn/ITD103/tawi-tawi-frontend/android/app/src/main/kotlin/com/rhyn/presentation/feature/nearby/NearbyManager.kt:865:49 Unresolved reference 'routeAllPendingMessages'.
e: file:///home/rhyn/ITD103/tawi-tawi-frontend/android/app/src/main/kotlin/com/rhyn/presentation/feature/nearby/NearbyManager.kt:875:23 Unresolved reference 'Payload'.
e: file:///home/rhyn/ITD103/tawi-tawi-frontend/android/app/src/main/kotlin/com/rhyn/presentation/feature/nearby/NearbyManager.kt:906:23 Unresolved reference 'Payload'.
e: file:///home/rhyn/ITD103/tawi-tawi-frontend/android/app/src/main/kotlin/com/rhyn/presentation/feature/nearby/NearbyManager.kt:913:23 Unresolved reference 'Payload'.
e: file:///home/rhyn/ITD103/tawi-tawi-frontend/android/app/src/main/kotlin/com/rhyn/presentation/feature/nearby/NearbyScreen.kt:7:26 Unresolved reference 'compose'.
e: file:///home/rhyn/ITD103/tawi-tawi-frontend/android/app/src/main/kotlin/com/rhyn/presentation/feature/nearby/NearbyScreen.kt:9:17 Unresolved reference 'compose'.
e: file:///home/rhyn/ITD103/tawi-tawi-frontend/android/app/src/main/kotlin/com/rhyn/presentation/feature/nearby/NearbyScreen.kt:10:17 Unresolved reference 'compose'.
e: file:///home/rhyn/ITD103/tawi-tawi-frontend/android/app/src/main/kotlin/com/rhyn/presentation/feature/nearby/NearbyScreen.kt:11:17 Unresolved reference 'compose'.
e: file:///home/rhyn/ITD103/tawi-tawi-frontend/android/app/src/main/kotlin/com/rhyn/presentation/feature/nearby/NearbyScreen.kt:12:17 Unresolved reference 'compose'.
e: file:///home/rhyn/ITD103/tawi-tawi-frontend/android/app/src/main/kotlin/com/rhyn/presentation/feature/nearby/NearbyScreen.kt:13:17 Unresolved reference 'compose'.
e: file:///home/rhyn/ITD103/tawi-tawi-frontend/android/app/src/main/kotlin/com/rhyn/presentation/feature/nearby/NearbyScreen.kt:14:17 Unresolved reference 'compose'.
e: file:///home/rhyn/ITD103/tawi-tawi-frontend/android/app/src/main/kotlin/com/rhyn/presentation/feature/nearby/NearbyScreen.kt:15:17 Unresolved reference 'compose'.
e: file:///home/rhyn/ITD103/tawi-tawi-frontend/android/app/src/main/kotlin/com/rhyn/presentation/feature/nearby/NearbyScreen.kt:16:17 Unresolved reference 'compose'.
e: file:///home/rhyn/ITD103/tawi-tawi-frontend/android/app/src/main/kotlin/com/rhyn/presentation/feature/nearby/NearbyScreen.kt:17:17 Unresolved reference 'compose'.
e: file:///home/rhyn/ITD103/tawi-tawi-frontend/android/app/src/main/kotlin/com/rhyn/presentation/feature/nearby/NearbyScreen.kt:18:17 Unresolved reference 'compose'.
e: file:///home/rhyn/ITD103/tawi-tawi-frontend/android/app/src/main/kotlin/com/rhyn/presentation/feature/nearby/NearbyScreen.kt:19:17 Unresolved reference 'compose'.
e: file:///home/rhyn/ITD103/tawi-tawi-frontend/android/app/src/main/kotlin/com/rhyn/presentation/feature/nearby/NearbyScreen.kt:20:17 Unresolved reference 'compose'.
e: file:///home/rhyn/ITD103/tawi-tawi-frontend/android/app/src/main/kotlin/com/rhyn/presentation/feature/nearby/NearbyScreen.kt:21:17 Unresolved reference 'compose'.
e: file:///home/rhyn/ITD103/tawi-tawi-frontend/android/app/src/main/kotlin/com/rhyn/presentation/feature/nearby/NearbyScreen.kt:22:17 Unresolved reference 'compose'.
e: file:///home/rhyn/ITD103/tawi-tawi-frontend/android/app/src/main/kotlin/com/rhyn/presentation/feature/nearby/NearbyScreen.kt:23:17 Unresolved reference 'compose'.
e: file:///home/rhyn/ITD103/tawi-tawi-frontend/android/app/src/main/kotlin/com/rhyn/presentation/feature/nearby/NearbyScreen.kt:24:17 Unresolved reference 'compose'.
e: file:///home/rhyn/ITD103/tawi-tawi-frontend/android/app/src/main/kotlin/com/rhyn/presentation/feature/nearby/NearbyScreen.kt:25:17 Unresolved reference 'compose'.
e: file:///home/rhyn/ITD103/tawi-tawi-frontend/android/app/src/main/kotlin/com/rhyn/presentation/feature/nearby/NearbyScreen.kt:26:17 Unresolved reference 'compose'.
e: file:///home/rhyn/ITD103/tawi-tawi-frontend/android/app/src/main/kotlin/com/rhyn/presentation/feature/nearby/NearbyScreen.kt:27:17 Unresolved reference 'compose'.
e: file:///home/rhyn/ITD103/tawi-tawi-frontend/android/app/src/main/kotlin/com/rhyn/presentation/feature/nearby/NearbyScreen.kt:28:17 Unresolved reference 'compose'.
e: file:///home/rhyn/ITD103/tawi-tawi-frontend/android/app/src/main/kotlin/com/rhyn/presentation/feature/nearby/NearbyScreen.kt:29:17 Unresolved reference 'compose'.
e: file:///home/rhyn/ITD103/tawi-tawi-frontend/android/app/src/main/kotlin/com/rhyn/presentation/feature/nearby/NearbyScreen.kt:30:17 Unresolved reference 'compose'.
e: file:///home/rhyn/ITD103/tawi-tawi-frontend/android/app/src/main/kotlin/com/rhyn/presentation/feature/nearby/NearbyScreen.kt:31:17 Unresolved reference 'compose'.
e: file:///home/rhyn/ITD103/tawi-tawi-frontend/android/app/src/main/kotlin/com/rhyn/presentation/feature/nearby/NearbyScreen.kt:33:17 Unresolved reference 'hilt'.
e: file:///home/rhyn/ITD103/tawi-tawi-frontend/android/app/src/main/kotlin/com/rhyn/presentation/feature/nearby/NearbyScreen.kt:34:12 Unresolved reference 'journeyapps'.
e: file:///home/rhyn/ITD103/tawi-tawi-frontend/android/app/src/main/kotlin/com/rhyn/presentation/feature/nearby/NearbyScreen.kt:35:12 Unresolved reference 'journeyapps'.
e: file:///home/rhyn/ITD103/tawi-tawi-frontend/android/app/src/main/kotlin/com/rhyn/presentation/feature/nearby/NearbyScreen.kt:39:8 Unresolved reference 'ExperimentalMaterial3Api'.
e: file:///home/rhyn/ITD103/tawi-tawi-frontend/android/app/src/main/kotlin/com/rhyn/presentation/feature/nearby/NearbyScreen.kt:39:8 Annotation argument must be a compile-time constant.
e: file:///home/rhyn/ITD103/tawi-tawi-frontend/android/app/src/main/kotlin/com/rhyn/presentation/feature/nearby/NearbyScreen.kt:40:2 Unresolved reference 'Composable'.
e: file:///home/rhyn/ITD103/tawi-tawi-frontend/android/app/src/main/kotlin/com/rhyn/presentation/feature/nearby/NearbyScreen.kt:41:1 Conflicting overloads:
fun NearbyScreen(viewModel: NearbyViewModel = ..., onNavigateToChat: (String) -> Unit): Unit
e: file:///home/rhyn/ITD103/tawi-tawi-frontend/android/app/src/main/kotlin/com/rhyn/presentation/feature/nearby/NearbyScreen.kt:42:34 Unresolved reference 'hiltViewModel'.
e: file:///home/rhyn/ITD103/tawi-tawi-frontend/android/app/src/main/kotlin/com/rhyn/presentation/feature/nearby/NearbyScreen.kt:45:44 Unresolved reference 'collectAsState'.
e: file:///home/rhyn/ITD103/tawi-tawi-frontend/android/app/src/main/kotlin/com/rhyn/presentation/feature/nearby/NearbyScreen.kt:46:50 Unresolved reference 'collectAsState'.
e: file:///home/rhyn/ITD103/tawi-tawi-frontend/android/app/src/main/kotlin/com/rhyn/presentation/feature/nearby/NearbyScreen.kt:47:56 Unresolved reference 'collectAsState'.
e: file:///home/rhyn/ITD103/tawi-tawi-frontend/android/app/src/main/kotlin/com/rhyn/presentation/feature/nearby/NearbyScreen.kt:48:44 Unresolved reference 'collectAsState'.
e: file:///home/rhyn/ITD103/tawi-tawi-frontend/android/app/src/main/kotlin/com/rhyn/presentation/feature/nearby/NearbyScreen.kt:49:19 Unresolved reference 'LocalContext'.
e: file:///home/rhyn/ITD103/tawi-tawi-frontend/android/app/src/main/kotlin/com/rhyn/presentation/feature/nearby/NearbyScreen.kt:50:26 Unresolved reference 'rememberCoroutineScope'.
e: file:///home/rhyn/ITD103/tawi-tawi-frontend/android/app/src/main/kotlin/com/rhyn/presentation/feature/nearby/NearbyScreen.kt:53:31 Unresolved reference 'remember'.
e: file:///home/rhyn/ITD103/tawi-tawi-frontend/android/app/src/main/kotlin/com/rhyn/presentation/feature/nearby/NearbyScreen.kt:80:30 Unresolved reference 'rememberLauncherForActivityResult'.
e: file:///home/rhyn/ITD103/tawi-tawi-frontend/android/app/src/main/kotlin/com/rhyn/presentation/feature/nearby/NearbyScreen.kt:82:9 Cannot infer type for this parameter. Please specify it explicitly.
e: file:///home/rhyn/ITD103/tawi-tawi-frontend/android/app/src/main/kotlin/com/rhyn/presentation/feature/nearby/NearbyScreen.kt:83:38 Unresolved reference 'values'.
e: file:///home/rhyn/ITD103/tawi-tawi-frontend/android/app/src/main/kotlin/com/rhyn/presentation/feature/nearby/NearbyScreen.kt:83:51 Unresolved reference 'it'.
e: file:///home/rhyn/ITD103/tawi-tawi-frontend/android/app/src/main/kotlin/com/rhyn/presentation/feature/nearby/NearbyScreen.kt:90:29 Unresolved reference 'rememberLauncherForActivityResult'.
e: file:///home/rhyn/ITD103/tawi-tawi-frontend/android/app/src/main/kotlin/com/rhyn/presentation/feature/nearby/NearbyScreen.kt:90:63 Unresolved reference 'ScanContract'.
e: file:///home/rhyn/ITD103/tawi-tawi-frontend/android/app/src/main/kotlin/com/rhyn/presentation/feature/nearby/NearbyScreen.kt:90:81 Cannot infer type for this parameter. Please specify it explicitly.
e: file:///home/rhyn/ITD103/tawi-tawi-frontend/android/app/src/main/kotlin/com/rhyn/presentation/feature/nearby/NearbyScreen.kt:91:20 Unresolved reference 'contents'.
e: file:///home/rhyn/ITD103/tawi-tawi-frontend/android/app/src/main/kotlin/com/rhyn/presentation/feature/nearby/NearbyScreen.kt:93:73 Unresolved reference 'contents'.
e: file:///home/rhyn/ITD103/tawi-tawi-frontend/android/app/src/main/kotlin/com/rhyn/presentation/feature/nearby/NearbyScreen.kt:103:5 Unresolved reference 'Scaffold'.
e: file:///home/rhyn/ITD103/tawi-tawi-frontend/android/app/src/main/kotlin/com/rhyn/presentation/feature/nearby/NearbyScreen.kt:104:26 Unresolved reference 'MaterialTheme'.
e: file:///home/rhyn/ITD103/tawi-tawi-frontend/android/app/src/main/kotlin/com/rhyn/presentation/feature/nearby/NearbyScreen.kt:106:13 Unresolved reference 'TopAppBar'.
e: file:///home/rhyn/ITD103/tawi-tawi-frontend/android/app/src/main/kotlin/com/rhyn/presentation/feature/nearby/NearbyScreen.kt:107:27 Unresolved reference 'Text'.
e: file:///home/rhyn/ITD103/tawi-tawi-frontend/android/app/src/main/kotlin/com/rhyn/presentation/feature/nearby/NearbyScreen.kt:107:54 Unresolved reference 'FontWeight'.
e: file:///home/rhyn/ITD103/tawi-tawi-frontend/android/app/src/main/kotlin/com/rhyn/presentation/feature/nearby/NearbyScreen.kt:107:89 Unresolved reference 'sp'.
e: file:///home/rhyn/ITD103/tawi-tawi-frontend/android/app/src/main/kotlin/com/rhyn/presentation/feature/nearby/NearbyScreen.kt:108:26 Unresolved reference 'TopAppBarDefaults'.
e: file:///home/rhyn/ITD103/tawi-tawi-frontend/android/app/src/main/kotlin/com/rhyn/presentation/feature/nearby/NearbyScreen.kt:109:38 Unresolved reference 'MaterialTheme'.
e: file:///home/rhyn/ITD103/tawi-tawi-frontend/android/app/src/main/kotlin/com/rhyn/presentation/feature/nearby/NearbyScreen.kt:110:41 Unresolved reference 'MaterialTheme'.
e: file:///home/rhyn/ITD103/tawi-tawi-frontend/android/app/src/main/kotlin/com/rhyn/presentation/feature/nearby/NearbyScreen.kt:114:21 Unresolved reference 'IconButton'.
e: file:///home/rhyn/ITD103/tawi-tawi-frontend/android/app/src/main/kotlin/com/rhyn/presentation/feature/nearby/NearbyScreen.kt:116:43 Unresolved reference 'ScanOptions'.
e: file:///home/rhyn/ITD103/tawi-tawi-frontend/android/app/src/main/kotlin/com/rhyn/presentation/feature/nearby/NearbyScreen.kt:117:62 Unresolved reference 'ScanOptions'.
e: file:///home/rhyn/ITD103/tawi-tawi-frontend/android/app/src/main/kotlin/com/rhyn/presentation/feature/nearby/NearbyScreen.kt:128:25 Unresolved reference 'Icon'.
e: file:///home/rhyn/ITD103/tawi-tawi-frontend/android/app/src/main/kotlin/com/rhyn/presentation/feature/nearby/NearbyScreen.kt:129:43 Unresolved reference 'Icons'.
e: file:///home/rhyn/ITD103/tawi-tawi-frontend/android/app/src/main/kotlin/com/rhyn/presentation/feature/nearby/NearbyScreen.kt:131:36 Unresolved reference 'MaterialTheme'.
e: file:///home/rhyn/ITD103/tawi-tawi-frontend/android/app/src/main/kotlin/com/rhyn/presentation/feature/nearby/NearbyScreen.kt:136:21 Unresolved reference 'Button'.
e: file:///home/rhyn/ITD103/tawi-tawi-frontend/android/app/src/main/kotlin/com/rhyn/presentation/feature/nearby/NearbyScreen.kt:139:76 Unresolved reference 'it'.
e: file:///home/rhyn/ITD103/tawi-tawi-frontend/android/app/src/main/kotlin/com/rhyn/presentation/feature/nearby/NearbyScreen.kt:148:34 Unresolved reference 'ButtonDefaults'.
e: file:///home/rhyn/ITD103/tawi-tawi-frontend/android/app/src/main/kotlin/com/rhyn/presentation/feature/nearby/NearbyScreen.kt:149:62 Unresolved reference 'MaterialTheme'.
e: file:///home/rhyn/ITD103/tawi-tawi-frontend/android/app/src/main/kotlin/com/rhyn/presentation/feature/nearby/NearbyScreen.kt:149:108 Unresolved reference 'MaterialTheme'.
e: file:///home/rhyn/ITD103/tawi-tawi-frontend/android/app/src/main/kotlin/com/rhyn/presentation/feature/nearby/NearbyScreen.kt:150:60 Unresolved reference 'MaterialTheme'.
e: file:///home/rhyn/ITD103/tawi-tawi-frontend/android/app/src/main/kotlin/com/rhyn/presentation/feature/nearby/NearbyScreen.kt:150:108 Unresolved reference 'MaterialTheme'.
e: file:///home/rhyn/ITD103/tawi-tawi-frontend/android/app/src/main/kotlin/com/rhyn/presentation/feature/nearby/NearbyScreen.kt:152:36 Unresolved reference 'Modifier'.
e: file:///home/rhyn/ITD103/tawi-tawi-frontend/android/app/src/main/kotlin/com/rhyn/presentation/feature/nearby/NearbyScreen.kt:152:62 Unresolved reference 'dp'.
e: file:///home/rhyn/ITD103/tawi-tawi-frontend/android/app/src/main/kotlin/com/rhyn/presentation/feature/nearby/NearbyScreen.kt:152:76 Unresolved reference 'dp'.
e: file:///home/rhyn/ITD103/tawi-tawi-frontend/android/app/src/main/kotlin/com/rhyn/presentation/feature/nearby/NearbyScreen.kt:154:25 Unresolved reference 'Text'.
e: file:///home/rhyn/ITD103/tawi-tawi-frontend/android/app/src/main/kotlin/com/rhyn/presentation/feature/nearby/NearbyScreen.kt:159:9 Cannot infer type for this parameter. Please specify it explicitly.
e: file:///home/rhyn/ITD103/tawi-tawi-frontend/android/app/src/main/kotlin/com/rhyn/presentation/feature/nearby/NearbyScreen.kt:160:9 Unresolved reference 'Column'.
e: file:///home/rhyn/ITD103/tawi-tawi-frontend/android/app/src/main/kotlin/com/rhyn/presentation/feature/nearby/NearbyScreen.kt:161:24 Unresolved reference 'Modifier'.
e: file:///home/rhyn/ITD103/tawi-tawi-frontend/android/app/src/main/kotlin/com/rhyn/presentation/feature/nearby/NearbyScreen.kt:166:34 Unresolved reference 'not' for operator '!'.
e: file:///home/rhyn/ITD103/tawi-tawi-frontend/android/app/src/main/kotlin/com/rhyn/presentation/feature/nearby/NearbyScreen.kt:167:17 Unresolved reference 'Card'.
e: file:///home/rhyn/ITD103/tawi-tawi-frontend/android/app/src/main/kotlin/com/rhyn/presentation/feature/nearby/NearbyScreen.kt:168:30 Unresolved reference 'CardDefaults'.
e: file:///home/rhyn/ITD103/tawi-tawi-frontend/android/app/src/main/kotlin/com/rhyn/presentation/feature/nearby/NearbyScreen.kt:169:42 Unresolved reference 'MaterialTheme'.
e: file:///home/rhyn/ITD103/tawi-tawi-frontend/android/app/src/main/kotlin/com/rhyn/presentation/feature/nearby/NearbyScreen.kt:170:40 Unresolved reference 'MaterialTheme'.
e: file:///home/rhyn/ITD103/tawi-tawi-frontend/android/app/src/main/kotlin/com/rhyn/presentation/feature/nearby/NearbyScreen.kt:172:32 Unresolved reference 'Modifier'.
e: file:///home/rhyn/ITD103/tawi-tawi-frontend/android/app/src/main/kotlin/com/rhyn/presentation/feature/nearby/NearbyScreen.kt:174:37 Unresolved reference 'dp'.
e: file:///home/rhyn/ITD103/tawi-tawi-frontend/android/app/src/main/kotlin/com/rhyn/presentation/feature/nearby/NearbyScreen.kt:176:21 Unresolved reference 'Row'.
e: file:///home/rhyn/ITD103/tawi-tawi-frontend/android/app/src/main/kotlin/com/rhyn/presentation/feature/nearby/NearbyScreen.kt:177:36 Unresolved reference 'Modifier'.
e: file:///home/rhyn/ITD103/tawi-tawi-frontend/android/app/src/main/kotlin/com/rhyn/presentation/feature/nearby/NearbyScreen.kt:177:56 Unresolved reference 'dp'.
e: file:///home/rhyn/ITD103/tawi-tawi-frontend/android/app/src/main/kotlin/com/rhyn/presentation/feature/nearby/NearbyScreen.kt:178:45 Unresolved reference 'Alignment'.
e: file:///home/rhyn/ITD103/tawi-tawi-frontend/android/app/src/main/kotlin/com/rhyn/presentation/feature/nearby/NearbyScreen.kt:180:25 Unresolved reference 'Icon'.
e: file:///home/rhyn/ITD103/tawi-tawi-frontend/android/app/src/main/kotlin/com/rhyn/presentation/feature/nearby/NearbyScreen.kt:181:43 Unresolved reference 'Icons'.
e: file:///home/rhyn/ITD103/tawi-tawi-frontend/android/app/src/main/kotlin/com/rhyn/presentation/feature/nearby/NearbyScreen.kt:183:40 Unresolved reference 'Modifier'.
e: file:///home/rhyn/ITD103/tawi-tawi-frontend/android/app/src/main/kotlin/com/rhyn/presentation/feature/nearby/NearbyScreen.kt:183:57 Unresolved reference 'dp'.
e: file:///home/rhyn/ITD103/tawi-tawi-frontend/android/app/src/main/kotlin/com/rhyn/presentation/feature/nearby/NearbyScreen.kt:185:25 Unresolved reference 'Spacer'.
e: file:///home/rhyn/ITD103/tawi-tawi-frontend/android/app/src/main/kotlin/com/rhyn/presentation/feature/nearby/NearbyScreen.kt:185:43 Unresolved reference 'Modifier'.
e: file:///home/rhyn/ITD103/tawi-tawi-frontend/android/app/src/main/kotlin/com/rhyn/presentation/feature/nearby/NearbyScreen.kt:185:61 Unresolved reference 'dp'.
e: file:///home/rhyn/ITD103/tawi-tawi-frontend/android/app/src/main/kotlin/com/rhyn/presentation/feature/nearby/NearbyScreen.kt:186:25 Unresolved reference 'Text'.
e: file:///home/rhyn/ITD103/tawi-tawi-frontend/android/app/src/main/kotlin/com/rhyn/presentation/feature/nearby/NearbyScreen.kt:188:37 Unresolved reference 'MaterialTheme'.
e: file:///home/rhyn/ITD103/tawi-tawi-frontend/android/app/src/main/kotlin/com/rhyn/presentation/feature/nearby/NearbyScreen.kt:189:42 Unresolved reference 'FontWeight'.
e: file:///home/rhyn/ITD103/tawi-tawi-frontend/android/app/src/main/kotlin/com/rhyn/presentation/feature/nearby/NearbyScreen.kt:196:13 Unresolved reference 'Box'.
e: file:///home/rhyn/ITD103/tawi-tawi-frontend/android/app/src/main/kotlin/com/rhyn/presentation/feature/nearby/NearbyScreen.kt:197:28 Unresolved reference 'Modifier'.
e: file:///home/rhyn/ITD103/tawi-tawi-frontend/android/app/src/main/kotlin/com/rhyn/presentation/feature/nearby/NearbyScreen.kt:199:33 Unresolved reference 'dp'.
e: file:///home/rhyn/ITD103/tawi-tawi-frontend/android/app/src/main/kotlin/com/rhyn/presentation/feature/nearby/NearbyScreen.kt:200:33 Unresolved reference 'MaterialTheme'.
e: file:///home/rhyn/ITD103/tawi-tawi-frontend/android/app/src/main/kotlin/com/rhyn/presentation/feature/nearby/NearbyScreen.kt:201:36 Unresolved reference 'Alignment'.
e: file:///home/rhyn/ITD103/tawi-tawi-frontend/android/app/src/main/kotlin/com/rhyn/presentation/feature/nearby/NearbyScreen.kt:204:21 Overload resolution ambiguity between candidates:
fun RadarAnimation(): Unit
fun RadarAnimation(): Unit
e: file:///home/rhyn/ITD103/tawi-tawi-frontend/android/app/src/main/kotlin/com/rhyn/presentation/feature/nearby/NearbyScreen.kt:206:21 Unresolved reference 'Icon'.
e: file:///home/rhyn/ITD103/tawi-tawi-frontend/android/app/src/main/kotlin/com/rhyn/presentation/feature/nearby/NearbyScreen.kt:207:39 Unresolved reference 'Icons'.
e: file:///home/rhyn/ITD103/tawi-tawi-frontend/android/app/src/main/kotlin/com/rhyn/presentation/feature/nearby/NearbyScreen.kt:209:36 Unresolved reference 'Modifier'.
e: file:///home/rhyn/ITD103/tawi-tawi-frontend/android/app/src/main/kotlin/com/rhyn/presentation/feature/nearby/NearbyScreen.kt:209:53 Unresolved reference 'dp'.
e: file:///home/rhyn/ITD103/tawi-tawi-frontend/android/app/src/main/kotlin/com/rhyn/presentation/feature/nearby/NearbyScreen.kt:210:32 Unresolved reference 'MaterialTheme'.
e: file:///home/rhyn/ITD103/tawi-tawi-frontend/android/app/src/main/kotlin/com/rhyn/presentation/feature/nearby/NearbyScreen.kt:216:17 Unresolved reference 'Card'.
e: file:///home/rhyn/ITD103/tawi-tawi-frontend/android/app/src/main/kotlin/com/rhyn/presentation/feature/nearby/NearbyScreen.kt:217:30 Unresolved reference 'CardDefaults'.
e: file:///home/rhyn/ITD103/tawi-tawi-frontend/android/app/src/main/kotlin/com/rhyn/presentation/feature/nearby/NearbyScreen.kt:218:42 Unresolved reference 'MaterialTheme'.
e: file:///home/rhyn/ITD103/tawi-tawi-frontend/android/app/src/main/kotlin/com/rhyn/presentation/feature/nearby/NearbyScreen.kt:220:32 Unresolved reference 'Modifier'.
e: file:///home/rhyn/ITD103/tawi-tawi-frontend/android/app/src/main/kotlin/com/rhyn/presentation/feature/nearby/NearbyScreen.kt:222:50 Unresolved reference 'dp'.
e: file:///home/rhyn/ITD103/tawi-tawi-frontend/android/app/src/main/kotlin/com/rhyn/presentation/feature/nearby/NearbyScreen.kt:222:67 Unresolved reference 'dp'.
e: file:///home/rhyn/ITD103/tawi-tawi-frontend/android/app/src/main/kotlin/com/rhyn/presentation/feature/nearby/NearbyScreen.kt:224:21 Unresolved reference 'Row'.
e: file:///home/rhyn/ITD103/tawi-tawi-frontend/android/app/src/main/kotlin/com/rhyn/presentation/feature/nearby/NearbyScreen.kt:225:36 Unresolved reference 'Modifier'.
e: file:///home/rhyn/ITD103/tawi-tawi-frontend/android/app/src/main/kotlin/com/rhyn/presentation/feature/nearby/NearbyScreen.kt:227:41 Unresolved reference 'dp'.
e: file:///home/rhyn/ITD103/tawi-tawi-frontend/android/app/src/main/kotlin/com/rhyn/presentation/feature/nearby/NearbyScreen.kt:228:49 Unresolved reference 'Arrangement'.
e: file:///home/rhyn/ITD103/tawi-tawi-frontend/android/app/src/main/kotlin/com/rhyn/presentation/feature/nearby/NearbyScreen.kt:229:45 Unresolved reference 'Alignment'.
e: file:///home/rhyn/ITD103/tawi-tawi-frontend/android/app/src/main/kotlin/com/rhyn/presentation/feature/nearby/NearbyScreen.kt:231:25 Unresolved reference 'Text'.
e: file:///home/rhyn/ITD103/tawi-tawi-frontend/android/app/src/main/kotlin/com/rhyn/presentation/feature/nearby/NearbyScreen.kt:233:37 Unresolved reference 'MaterialTheme'.
e: file:///home/rhyn/ITD103/tawi-tawi-frontend/android/app/src/main/kotlin/com/rhyn/presentation/feature/nearby/NearbyScreen.kt:234:37 Unresolved reference 'MaterialTheme'.
e: file:///home/rhyn/ITD103/tawi-tawi-frontend/android/app/src/main/kotlin/com/rhyn/presentation/feature/nearby/NearbyScreen.kt:236:25 Unresolved reference 'Text'.
e: file:///home/rhyn/ITD103/tawi-tawi-frontend/android/app/src/main/kotlin/com/rhyn/presentation/feature/nearby/NearbyScreen.kt:238:37 Unresolved reference 'MaterialTheme'.
e: file:///home/rhyn/ITD103/tawi-tawi-frontend/android/app/src/main/kotlin/com/rhyn/presentation/feature/nearby/NearbyScreen.kt:239:42 Unresolved reference 'FontWeight'.
e: file:///home/rhyn/ITD103/tawi-tawi-frontend/android/app/src/main/kotlin/com/rhyn/presentation/feature/nearby/NearbyScreen.kt:240:37 Unresolved reference 'MaterialTheme'.
e: file:///home/rhyn/ITD103/tawi-tawi-frontend/android/app/src/main/kotlin/com/rhyn/presentation/feature/nearby/NearbyScreen.kt:247:13 Unresolved reference 'Text'.
e: file:///home/rhyn/ITD103/tawi-tawi-frontend/android/app/src/main/kotlin/com/rhyn/presentation/feature/nearby/NearbyScreen.kt:248:51 Unresolved reference 'size'.
e: file:///home/rhyn/ITD103/tawi-tawi-frontend/android/app/src/main/kotlin/com/rhyn/presentation/feature/nearby/NearbyScreen.kt:249:25 Unresolved reference 'MaterialTheme'.
e: file:///home/rhyn/ITD103/tawi-tawi-frontend/android/app/src/main/kotlin/com/rhyn/presentation/feature/nearby/NearbyScreen.kt:250:25 Unresolved reference 'MaterialTheme'.
e: file:///home/rhyn/ITD103/tawi-tawi-frontend/android/app/src/main/kotlin/com/rhyn/presentation/feature/nearby/NearbyScreen.kt:251:30 Unresolved reference 'FontWeight'.
e: file:///home/rhyn/ITD103/tawi-tawi-frontend/android/app/src/main/kotlin/com/rhyn/presentation/feature/nearby/NearbyScreen.kt:252:28 Unresolved reference 'Modifier'.
e: file:///home/rhyn/ITD103/tawi-tawi-frontend/android/app/src/main/kotlin/com/rhyn/presentation/feature/nearby/NearbyScreen.kt:252:56 Unresolved reference 'dp'.
e: file:///home/rhyn/ITD103/tawi-tawi-frontend/android/app/src/main/kotlin/com/rhyn/presentation/feature/nearby/NearbyScreen.kt:252:69 Unresolved reference 'dp'.
e: file:///home/rhyn/ITD103/tawi-tawi-frontend/android/app/src/main/kotlin/com/rhyn/presentation/feature/nearby/NearbyScreen.kt:252:84 Unresolved reference 'dp'.
e: file:///home/rhyn/ITD103/tawi-tawi-frontend/android/app/src/main/kotlin/com/rhyn/presentation/feature/nearby/NearbyScreen.kt:255:13 Unresolved reference 'LazyColumn'.
e: file:///home/rhyn/ITD103/tawi-tawi-frontend/android/app/src/main/kotlin/com/rhyn/presentation/feature/nearby/NearbyScreen.kt:256:28 Unresolved reference 'Modifier'.
e: file:///home/rhyn/ITD103/tawi-tawi-frontend/android/app/src/main/kotlin/com/rhyn/presentation/feature/nearby/NearbyScreen.kt:257:34 Unresolved reference 'PaddingValues'.
e: file:///home/rhyn/ITD103/tawi-tawi-frontend/android/app/src/main/kotlin/com/rhyn/presentation/feature/nearby/NearbyScreen.kt:257:60 Unresolved reference 'dp'.
e: file:///home/rhyn/ITD103/tawi-tawi-frontend/android/app/src/main/kotlin/com/rhyn/presentation/feature/nearby/NearbyScreen.kt:259:17 Unresolved reference 'items'.
e: file:///home/rhyn/ITD103/tawi-tawi-frontend/android/app/src/main/kotlin/com/rhyn/presentation/feature/nearby/NearbyScreen.kt:259:32 Cannot infer type for this parameter. Please specify it explicitly.
e: file:///home/rhyn/ITD103/tawi-tawi-frontend/android/app/src/main/kotlin/com/rhyn/presentation/feature/nearby/NearbyScreen.kt:260:21 Unresolved reference 'ListItem'.
e: file:///home/rhyn/ITD103/tawi-tawi-frontend/android/app/src/main/kotlin/com/rhyn/presentation/feature/nearby/NearbyScreen.kt:261:34 Unresolved reference 'ListItemDefaults'.
e: file:///home/rhyn/ITD103/tawi-tawi-frontend/android/app/src/main/kotlin/com/rhyn/presentation/feature/nearby/NearbyScreen.kt:262:46 Unresolved reference 'MaterialTheme'.
e: file:///home/rhyn/ITD103/tawi-tawi-frontend/android/app/src/main/kotlin/com/rhyn/presentation/feature/nearby/NearbyScreen.kt:264:36 Unresolved reference 'Modifier'.
e: file:///home/rhyn/ITD103/tawi-tawi-frontend/android/app/src/main/kotlin/com/rhyn/presentation/feature/nearby/NearbyScreen.kt:267:62 Unresolved reference 'endpointId'.
e: file:///home/rhyn/ITD103/tawi-tawi-frontend/android/app/src/main/kotlin/com/rhyn/presentation/feature/nearby/NearbyScreen.kt:267:79 Unresolved reference 'stableUserId'.
e: file:///home/rhyn/ITD103/tawi-tawi-frontend/android/app/src/main/kotlin/com/rhyn/presentation/feature/nearby/NearbyScreen.kt:267:98 Unresolved reference 'username'.
e: file:///home/rhyn/ITD103/tawi-tawi-frontend/android/app/src/main/kotlin/com/rhyn/presentation/feature/nearby/NearbyScreen.kt:268:55 Unresolved reference 'stableUserId'.
e: file:///home/rhyn/ITD103/tawi-tawi-frontend/android/app/src/main/kotlin/com/rhyn/presentation/feature/nearby/NearbyScreen.kt:270:67 Unresolved reference 'username'.
e: file:///home/rhyn/ITD103/tawi-tawi-frontend/android/app/src/main/kotlin/com/rhyn/presentation/feature/nearby/NearbyScreen.kt:272:29 Unresolved reference 'Text'.
e: file:///home/rhyn/ITD103/tawi-tawi-frontend/android/app/src/main/kotlin/com/rhyn/presentation/feature/nearby/NearbyScreen.kt:272:39 Unresolved reference 'username'.
e: file:///home/rhyn/ITD103/tawi-tawi-frontend/android/app/src/main/kotlin/com/rhyn/presentation/feature/nearby/NearbyScreen.kt:272:62 Unresolved reference 'FontWeight'.
e: file:///home/rhyn/ITD103/tawi-tawi-frontend/android/app/src/main/kotlin/com/rhyn/presentation/feature/nearby/NearbyScreen.kt:272:87 Unresolved reference 'MaterialTheme'.
e: file:///home/rhyn/ITD103/tawi-tawi-frontend/android/app/src/main/kotlin/com/rhyn/presentation/feature/nearby/NearbyScreen.kt:275:29 Unresolved reference 'Text'.
e: file:///home/rhyn/ITD103/tawi-tawi-frontend/android/app/src/main/kotlin/com/rhyn/presentation/feature/nearby/NearbyScreen.kt:275:39 Unresolved reference 'connectionType'.
e: file:///home/rhyn/ITD103/tawi-tawi-frontend/android/app/src/main/kotlin/com/rhyn/presentation/feature/nearby/NearbyScreen.kt:275:63 Unresolved reference 'MaterialTheme'.
e: file:///home/rhyn/ITD103/tawi-tawi-frontend/android/app/src/main/kotlin/com/rhyn/presentation/feature/nearby/NearbyScreen.kt:278:29 Unresolved reference 'Row'.
e: file:///home/rhyn/ITD103/tawi-tawi-frontend/android/app/src/main/kotlin/com/rhyn/presentation/feature/nearby/NearbyScreen.kt:278:53 Unresolved reference 'Alignment'.
e: file:///home/rhyn/ITD103/tawi-tawi-frontend/android/app/src/main/kotlin/com/rhyn/presentation/feature/nearby/NearbyScreen.kt:279:42 Unresolved reference 'connectionType'.
e: file:///home/rhyn/ITD103/tawi-tawi-frontend/android/app/src/main/kotlin/com/rhyn/presentation/feature/nearby/NearbyScreen.kt:279:81 Unresolved reference 'connectionType'.
e: file:///home/rhyn/ITD103/tawi-tawi-frontend/android/app/src/main/kotlin/com/rhyn/presentation/feature/nearby/NearbyScreen.kt:280:37 Unresolved reference 'Icon'.
e: file:///home/rhyn/ITD103/tawi-tawi-frontend/android/app/src/main/kotlin/com/rhyn/presentation/feature/nearby/NearbyScreen.kt:281:55 Unresolved reference 'Icons'.
e: file:///home/rhyn/ITD103/tawi-tawi-frontend/android/app/src/main/kotlin/com/rhyn/presentation/feature/nearby/NearbyScreen.kt:283:48 Unresolved reference 'MaterialTheme'.
e: file:///home/rhyn/ITD103/tawi-tawi-frontend/android/app/src/main/kotlin/com/rhyn/presentation/feature/nearby/NearbyScreen.kt:284:52 Unresolved reference 'Modifier'.
e: file:///home/rhyn/ITD103/tawi-tawi-frontend/android/app/src/main/kotlin/com/rhyn/presentation/feature/nearby/NearbyScreen.kt:284:84 Unresolved reference 'connectionType'.
e: file:///home/rhyn/ITD103/tawi-tawi-frontend/android/app/src/main/kotlin/com/rhyn/presentation/feature/nearby/NearbyScreen.kt:284:123 Unresolved reference 'dp'.
e: file:///home/rhyn/ITD103/tawi-tawi-frontend/android/app/src/main/kotlin/com/rhyn/presentation/feature/nearby/NearbyScreen.kt:284:133 Unresolved reference 'dp'.
e: file:///home/rhyn/ITD103/tawi-tawi-frontend/android/app/src/main/kotlin/com/rhyn/presentation/feature/nearby/NearbyScreen.kt:287:42 Unresolved reference 'connectionType'.
e: file:///home/rhyn/ITD103/tawi-tawi-frontend/android/app/src/main/kotlin/com/rhyn/presentation/feature/nearby/NearbyScreen.kt:288:37 Unresolved reference 'Icon'.
e: file:///home/rhyn/ITD103/tawi-tawi-frontend/android/app/src/main/kotlin/com/rhyn/presentation/feature/nearby/NearbyScreen.kt:289:55 Unresolved reference 'Icons'.
e: file:///home/rhyn/ITD103/tawi-tawi-frontend/android/app/src/main/kotlin/com/rhyn/presentation/feature/nearby/NearbyScreen.kt:291:48 Unresolved reference 'MaterialTheme'.
e: file:///home/rhyn/ITD103/tawi-tawi-frontend/android/app/src/main/kotlin/com/rhyn/presentation/feature/nearby/NearbyScreen.kt:299:40 Unresolved reference 'not' for operator '!'.
e: file:///home/rhyn/ITD103/tawi-tawi-frontend/android/app/src/main/kotlin/com/rhyn/presentation/feature/nearby/NearbyScreen.kt:300:21 Unresolved reference 'item'.
e: file:///home/rhyn/ITD103/tawi-tawi-frontend/android/app/src/main/kotlin/com/rhyn/presentation/feature/nearby/NearbyScreen.kt:301:25 Unresolved reference 'Text'.
e: file:///home/rhyn/ITD103/tawi-tawi-frontend/android/app/src/main/kotlin/com/rhyn/presentation/feature/nearby/NearbyScreen.kt:303:37 Unresolved reference 'MaterialTheme'.
e: file:///home/rhyn/ITD103/tawi-tawi-frontend/android/app/src/main/kotlin/com/rhyn/presentation/feature/nearby/NearbyScreen.kt:304:40 Unresolved reference 'Modifier'.
e: file:///home/rhyn/ITD103/tawi-tawi-frontend/android/app/src/main/kotlin/com/rhyn/presentation/feature/nearby/NearbyScreen.kt:304:60 Unresolved reference 'dp'.
e: file:///home/rhyn/ITD103/tawi-tawi-frontend/android/app/src/main/kotlin/com/rhyn/presentation/feature/nearby/NearbyScreen.kt:313:2 Unresolved reference 'Composable'.
e: file:///home/rhyn/ITD103/tawi-tawi-frontend/android/app/src/main/kotlin/com/rhyn/presentation/feature/nearby/NearbyScreen.kt:314:1 Conflicting overloads:
fun RadarAnimation(): Unit
e: file:///home/rhyn/ITD103/tawi-tawi-frontend/android/app/src/main/kotlin/com/rhyn/presentation/feature/nearby/NearbyScreen.kt:315:30 Unresolved reference 'rememberInfiniteTransition'.
e: file:///home/rhyn/ITD103/tawi-tawi-frontend/android/app/src/main/kotlin/com/rhyn/presentation/feature/nearby/NearbyScreen.kt:321:25 Unresolved reference 'infiniteRepeatable'.
e: file:///home/rhyn/ITD103/tawi-tawi-frontend/android/app/src/main/kotlin/com/rhyn/presentation/feature/nearby/NearbyScreen.kt:322:25 Unresolved reference 'tween'.
e: file:///home/rhyn/ITD103/tawi-tawi-frontend/android/app/src/main/kotlin/com/rhyn/presentation/feature/nearby/NearbyScreen.kt:322:46 Unresolved reference 'LinearOutSlowInEasing'.
e: file:///home/rhyn/ITD103/tawi-tawi-frontend/android/app/src/main/kotlin/com/rhyn/presentation/feature/nearby/NearbyScreen.kt:323:26 Unresolved reference 'RepeatMode'.
e: file:///home/rhyn/ITD103/tawi-tawi-frontend/android/app/src/main/kotlin/com/rhyn/presentation/feature/nearby/NearbyScreen.kt:331:25 Unresolved reference 'infiniteRepeatable'.
e: file:///home/rhyn/ITD103/tawi-tawi-frontend/android/app/src/main/kotlin/com/rhyn/presentation/feature/nearby/NearbyScreen.kt:332:25 Unresolved reference 'tween'.
e: file:///home/rhyn/ITD103/tawi-tawi-frontend/android/app/src/main/kotlin/com/rhyn/presentation/feature/nearby/NearbyScreen.kt:332:46 Unresolved reference 'LinearOutSlowInEasing'.
e: file:///home/rhyn/ITD103/tawi-tawi-frontend/android/app/src/main/kotlin/com/rhyn/presentation/feature/nearby/NearbyScreen.kt:333:26 Unresolved reference 'RepeatMode'.
e: file:///home/rhyn/ITD103/tawi-tawi-frontend/android/app/src/main/kotlin/com/rhyn/presentation/feature/nearby/NearbyScreen.kt:337:5 Unresolved reference 'Box'.
e: file:///home/rhyn/ITD103/tawi-tawi-frontend/android/app/src/main/kotlin/com/rhyn/presentation/feature/nearby/NearbyScreen.kt:337:28 Unresolved reference 'Alignment'.
e: file:///home/rhyn/ITD103/tawi-tawi-frontend/android/app/src/main/kotlin/com/rhyn/presentation/feature/nearby/NearbyScreen.kt:339:9 Unresolved reference 'Box'.
e: file:///home/rhyn/ITD103/tawi-tawi-frontend/android/app/src/main/kotlin/com/rhyn/presentation/feature/nearby/NearbyScreen.kt:340:24 Unresolved reference 'Modifier'.
e: file:///home/rhyn/ITD103/tawi-tawi-frontend/android/app/src/main/kotlin/com/rhyn/presentation/feature/nearby/NearbyScreen.kt:341:27 Unresolved reference 'dp'.
e: file:///home/rhyn/ITD103/tawi-tawi-frontend/android/app/src/main/kotlin/com/rhyn/presentation/feature/nearby/NearbyScreen.kt:343:23 Unresolved reference 'CircleShape'.
e: file:///home/rhyn/ITD103/tawi-tawi-frontend/android/app/src/main/kotlin/com/rhyn/presentation/feature/nearby/NearbyScreen.kt:344:29 Unresolved reference 'MaterialTheme'.
e: file:///home/rhyn/ITD103/tawi-tawi-frontend/android/app/src/main/kotlin/com/rhyn/presentation/feature/nearby/NearbyScreen.kt:347:9 Unresolved reference 'Box'.
e: file:///home/rhyn/ITD103/tawi-tawi-frontend/android/app/src/main/kotlin/com/rhyn/presentation/feature/nearby/NearbyScreen.kt:348:24 Unresolved reference 'Modifier'.
e: file:///home/rhyn/ITD103/tawi-tawi-frontend/android/app/src/main/kotlin/com/rhyn/presentation/feature/nearby/NearbyScreen.kt:349:26 Unresolved reference 'dp'.
e: file:///home/rhyn/ITD103/tawi-tawi-frontend/android/app/src/main/kotlin/com/rhyn/presentation/feature/nearby/NearbyScreen.kt:350:23 Unresolved reference 'CircleShape'.
e: file:///home/rhyn/ITD103/tawi-tawi-frontend/android/app/src/main/kotlin/com/rhyn/presentation/feature/nearby/NearbyScreen.kt:351:29 Unresolved reference 'MaterialTheme'.
e: file:///home/rhyn/ITD103/tawi-tawi-frontend/android/app/src/main/kotlin/com/rhyn/presentation/feature/nearby/NearbyScreen.kt:352:32 Unresolved reference 'Alignment'.
e: file:///home/rhyn/ITD103/tawi-tawi-frontend/android/app/src/main/kotlin/com/rhyn/presentation/feature/nearby/NearbyScreen.kt:354:13 Unresolved reference 'Icon'.
e: file:///home/rhyn/ITD103/tawi-tawi-frontend/android/app/src/main/kotlin/com/rhyn/presentation/feature/nearby/NearbyScreen.kt:355:31 Unresolved reference 'Icons'.
e: file:///home/rhyn/ITD103/tawi-tawi-frontend/android/app/src/main/kotlin/com/rhyn/presentation/feature/nearby/NearbyScreen.kt:357:24 Unresolved reference 'MaterialTheme'.
e: file:///home/rhyn/ITD103/tawi-tawi-frontend/android/app/src/main/kotlin/com/rhyn/presentation/feature/nearby/NearbyScreen.kt:358:28 Unresolved reference 'Modifier'.
e: file:///home/rhyn/ITD103/tawi-tawi-frontend/android/app/src/main/kotlin/com/rhyn/presentation/feature/nearby/NearbyScreen.kt:358:45 Unresolved reference 'dp'.
e: file:///home/rhyn/ITD103/tawi-tawi-frontend/android/app/src/main/kotlin/com/rhyn/presentation/feature/nearby/NearbyViewModel.kt:9:27 Unresolved reference 'viewModelScope'.
e: file:///home/rhyn/ITD103/tawi-tawi-frontend/android/app/src/main/kotlin/com/rhyn/presentation/feature/nearby/NearbyViewModel.kt:14:8 Unresolved reference 'dagger'.
e: file:///home/rhyn/ITD103/tawi-tawi-frontend/android/app/src/main/kotlin/com/rhyn/presentation/feature/nearby/NearbyViewModel.kt:18:14 Unresolved reference 'inject'.
e: file:///home/rhyn/ITD103/tawi-tawi-frontend/android/app/src/main/kotlin/com/rhyn/presentation/feature/nearby/NearbyViewModel.kt:22:12 Redeclaration:
data class NearbyPeer : Any
e: file:///home/rhyn/ITD103/tawi-tawi-frontend/android/app/src/main/kotlin/com/rhyn/presentation/feature/nearby/NearbyViewModel.kt:30:2 Unresolved reference 'HiltViewModel'.
e: file:///home/rhyn/ITD103/tawi-tawi-frontend/android/app/src/main/kotlin/com/rhyn/presentation/feature/nearby/NearbyViewModel.kt:31:7 Redeclaration:
class NearbyViewModel : ViewModel
e: file:///home/rhyn/ITD103/tawi-tawi-frontend/android/app/src/main/kotlin/com/rhyn/presentation/feature/nearby/NearbyViewModel.kt:31:24 Unresolved reference 'Inject'.
e: file:///home/rhyn/ITD103/tawi-tawi-frontend/android/app/src/main/kotlin/com/rhyn/presentation/feature/nearby/NearbyViewModel.kt:83:15 Unresolved reference 'viewModelScope'.
e: file:///home/rhyn/ITD103/tawi-tawi-frontend/android/app/src/main/kotlin/com/rhyn/presentation/feature/nearby/NearbyViewModel.kt:103:9 Unresolved reference 'viewModelScope'.
e: file:///home/rhyn/ITD103/tawi-tawi-frontend/android/app/src/main/kotlin/com/rhyn/presentation/navigation/ReachApp.kt:3:17 Unresolved reference 'compose'.
e: file:///home/rhyn/ITD103/tawi-tawi-frontend/android/app/src/main/kotlin/com/rhyn/presentation/navigation/ReachApp.kt:4:17 Unresolved reference 'compose'.
e: file:///home/rhyn/ITD103/tawi-tawi-frontend/android/app/src/main/kotlin/com/rhyn/presentation/navigation/ReachApp.kt:5:17 Unresolved reference 'compose'.
e: file:///home/rhyn/ITD103/tawi-tawi-frontend/android/app/src/main/kotlin/com/rhyn/presentation/navigation/ReachApp.kt:6:17 Unresolved reference 'compose'.
e: file:///home/rhyn/ITD103/tawi-tawi-frontend/android/app/src/main/kotlin/com/rhyn/presentation/navigation/ReachApp.kt:7:17 Unresolved reference 'compose'.
e: file:///home/rhyn/ITD103/tawi-tawi-frontend/android/app/src/main/kotlin/com/rhyn/presentation/navigation/ReachApp.kt:8:17 Unresolved reference 'hilt'.
e: file:///home/rhyn/ITD103/tawi-tawi-frontend/android/app/src/main/kotlin/com/rhyn/presentation/navigation/ReachApp.kt:9:17 Unresolved reference 'navigation'.
e: file:///home/rhyn/ITD103/tawi-tawi-frontend/android/app/src/main/kotlin/com/rhyn/presentation/navigation/ReachApp.kt:10:17 Unresolved reference 'navigation'.
e: file:///home/rhyn/ITD103/tawi-tawi-frontend/android/app/src/main/kotlin/com/rhyn/presentation/navigation/ReachApp.kt:11:17 Unresolved reference 'navigation'.
e: file:///home/rhyn/ITD103/tawi-tawi-frontend/android/app/src/main/kotlin/com/rhyn/presentation/navigation/ReachApp.kt:12:17 Unresolved reference 'navigation'.
e: file:///home/rhyn/ITD103/tawi-tawi-frontend/android/app/src/main/kotlin/com/rhyn/presentation/navigation/ReachApp.kt:22:2 Unresolved reference 'Composable'.
e: file:///home/rhyn/ITD103/tawi-tawi-frontend/android/app/src/main/kotlin/com/rhyn/presentation/navigation/ReachApp.kt:24:20 Unresolved reference 'NavHostController'.
e: file:///home/rhyn/ITD103/tawi-tawi-frontend/android/app/src/main/kotlin/com/rhyn/presentation/navigation/ReachApp.kt:24:40 Unresolved reference 'rememberNavController'.
e: file:///home/rhyn/ITD103/tawi-tawi-frontend/android/app/src/main/kotlin/com/rhyn/presentation/navigation/ReachApp.kt:26:36 Unresolved reference 'hiltViewModel'.
e: file:///home/rhyn/ITD103/tawi-tawi-frontend/android/app/src/main/kotlin/com/rhyn/presentation/navigation/ReachApp.kt:27:36 Unresolved reference 'hiltViewModel'.
e: file:///home/rhyn/ITD103/tawi-tawi-frontend/android/app/src/main/kotlin/com/rhyn/presentation/navigation/ReachApp.kt:28:42 Unresolved reference 'hiltViewModel'.
e: file:///home/rhyn/ITD103/tawi-tawi-frontend/android/app/src/main/kotlin/com/rhyn/presentation/navigation/ReachApp.kt:32:19 Unresolved reference 'LocalContext'.
e: file:///home/rhyn/ITD103/tawi-tawi-frontend/android/app/src/main/kotlin/com/rhyn/presentation/navigation/ReachApp.kt:34:5 Unresolved reference 'LaunchedEffect'.
e: file:///home/rhyn/ITD103/tawi-tawi-frontend/android/app/src/main/kotlin/com/rhyn/presentation/navigation/ReachApp.kt:38:24 Unresolved reference 'compose'.
e: file:///home/rhyn/ITD103/tawi-tawi-frontend/android/app/src/main/kotlin/com/rhyn/presentation/navigation/ReachApp.kt:42:5 Unresolved reference 'NavHost'.
e: file:///home/rhyn/ITD103/tawi-tawi-frontend/android/app/src/main/kotlin/com/rhyn/presentation/navigation/ReachApp.kt:46:13 Unresolved reference 'slideIntoContainer'.
e: file:///home/rhyn/ITD103/tawi-tawi-frontend/android/app/src/main/kotlin/com/rhyn/presentation/navigation/ReachApp.kt:46:32 Unresolved reference 'AnimatedContentTransitionScope'.
e: file:///home/rhyn/ITD103/tawi-tawi-frontend/android/app/src/main/kotlin/com/rhyn/presentation/navigation/ReachApp.kt:46:84 Unresolved reference 'tween'.
e: file:///home/rhyn/ITD103/tawi-tawi-frontend/android/app/src/main/kotlin/com/rhyn/presentation/navigation/ReachApp.kt:49:13 Unresolved reference 'slideOutOfContainer'.
e: file:///home/rhyn/ITD103/tawi-tawi-frontend/android/app/src/main/kotlin/com/rhyn/presentation/navigation/ReachApp.kt:49:33 Unresolved reference 'AnimatedContentTransitionScope'.
e: file:///home/rhyn/ITD103/tawi-tawi-frontend/android/app/src/main/kotlin/com/rhyn/presentation/navigation/ReachApp.kt:49:85 Unresolved reference 'tween'.
e: file:///home/rhyn/ITD103/tawi-tawi-frontend/android/app/src/main/kotlin/com/rhyn/presentation/navigation/ReachApp.kt:52:13 Unresolved reference 'slideIntoContainer'.
e: file:///home/rhyn/ITD103/tawi-tawi-frontend/android/app/src/main/kotlin/com/rhyn/presentation/navigation/ReachApp.kt:52:32 Unresolved reference 'AnimatedContentTransitionScope'.
e: file:///home/rhyn/ITD103/tawi-tawi-frontend/android/app/src/main/kotlin/com/rhyn/presentation/navigation/ReachApp.kt:52:85 Unresolved reference 'tween'.
e: file:///home/rhyn/ITD103/tawi-tawi-frontend/android/app/src/main/kotlin/com/rhyn/presentation/navigation/ReachApp.kt:55:13 Unresolved reference 'slideOutOfContainer'.
e: file:///home/rhyn/ITD103/tawi-tawi-frontend/android/app/src/main/kotlin/com/rhyn/presentation/navigation/ReachApp.kt:55:33 Unresolved reference 'AnimatedContentTransitionScope'.
e: file:///home/rhyn/ITD103/tawi-tawi-frontend/android/app/src/main/kotlin/com/rhyn/presentation/navigation/ReachApp.kt:55:86 Unresolved reference 'tween'.
e: file:///home/rhyn/ITD103/tawi-tawi-frontend/android/app/src/main/kotlin/com/rhyn/presentation/navigation/ReachApp.kt:59:9 Unresolved reference 'composable'.
e: file:///home/rhyn/ITD103/tawi-tawi-frontend/android/app/src/main/kotlin/com/rhyn/presentation/navigation/ReachApp.kt:66:35 Unresolved reference 'navigate'.
e: file:///home/rhyn/ITD103/tawi-tawi-frontend/android/app/src/main/kotlin/com/rhyn/presentation/navigation/ReachApp.kt:67:25 Unresolved reference 'popUpTo'.
e: file:///home/rhyn/ITD103/tawi-tawi-frontend/android/app/src/main/kotlin/com/rhyn/presentation/navigation/ReachApp.kt:67:43 Unresolved reference 'inclusive'.
e: file:///home/rhyn/ITD103/tawi-tawi-frontend/android/app/src/main/kotlin/com/rhyn/presentation/navigation/ReachApp.kt:73:9 Unresolved reference 'composable'.
e: file:///home/rhyn/ITD103/tawi-tawi-frontend/android/app/src/main/kotlin/com/rhyn/presentation/navigation/ReachApp.kt:76:38 Cannot infer type for this parameter. Please specify it explicitly.
e: file:///home/rhyn/ITD103/tawi-tawi-frontend/android/app/src/main/kotlin/com/rhyn/presentation/navigation/ReachApp.kt:77:35 Unresolved reference 'navigate'.
e: file:///home/rhyn/ITD103/tawi-tawi-frontend/android/app/src/main/kotlin/com/rhyn/presentation/navigation/ReachApp.kt:80:35 Unresolved reference 'navigate'.
e: file:///home/rhyn/ITD103/tawi-tawi-frontend/android/app/src/main/kotlin/com/rhyn/presentation/navigation/ReachApp.kt:83:35 Unresolved reference 'navigate'.
e: file:///home/rhyn/ITD103/tawi-tawi-frontend/android/app/src/main/kotlin/com/rhyn/presentation/navigation/ReachApp.kt:90:43 Unresolved reference 'navigate'.
e: file:///home/rhyn/ITD103/tawi-tawi-frontend/android/app/src/main/kotlin/com/rhyn/presentation/navigation/ReachApp.kt:91:33 Unresolved reference 'popUpTo'.
e: file:///home/rhyn/ITD103/tawi-tawi-frontend/android/app/src/main/kotlin/com/rhyn/presentation/navigation/ReachApp.kt:91:55 Unresolved reference 'graph'.
e: file:///home/rhyn/ITD103/tawi-tawi-frontend/android/app/src/main/kotlin/com/rhyn/presentation/navigation/ReachApp.kt:92:37 Unresolved reference 'inclusive'.
e: file:///home/rhyn/ITD103/tawi-tawi-frontend/android/app/src/main/kotlin/com/rhyn/presentation/navigation/ReachApp.kt:101:9 Unresolved reference 'composable'.
e: file:///home/rhyn/ITD103/tawi-tawi-frontend/android/app/src/main/kotlin/com/rhyn/presentation/navigation/ReachApp.kt:105:35 Unresolved reference 'popBackStack'.
e: file:///home/rhyn/ITD103/tawi-tawi-frontend/android/app/src/main/kotlin/com/rhyn/presentation/navigation/ReachApp.kt:107:38 Cannot infer type for this parameter. Please specify it explicitly.
e: file:///home/rhyn/ITD103/tawi-tawi-frontend/android/app/src/main/kotlin/com/rhyn/presentation/navigation/ReachApp.kt:108:35 Unresolved reference 'popBackStack'.
e: file:///home/rhyn/ITD103/tawi-tawi-frontend/android/app/src/main/kotlin/com/rhyn/presentation/navigation/ReachApp.kt:109:35 Unresolved reference 'navigate'.
e: file:///home/rhyn/ITD103/tawi-tawi-frontend/android/app/src/main/kotlin/com/rhyn/presentation/navigation/ReachApp.kt:114:9 Unresolved reference 'composable'.
e: file:///home/rhyn/ITD103/tawi-tawi-frontend/android/app/src/main/kotlin/com/rhyn/presentation/navigation/ReachApp.kt:118:35 Unresolved reference 'popBackStack'.
e: file:///home/rhyn/ITD103/tawi-tawi-frontend/android/app/src/main/kotlin/com/rhyn/presentation/navigation/ReachApp.kt:121:35 Unresolved reference 'popBackStack'.
e: file:///home/rhyn/ITD103/tawi-tawi-frontend/android/app/src/main/kotlin/com/rhyn/presentation/navigation/ReachApp.kt:126:9 Unresolved reference 'composable'.
e: file:///home/rhyn/ITD103/tawi-tawi-frontend/android/app/src/main/kotlin/com/rhyn/presentation/navigation/ReachApp.kt:126:39 Cannot infer type for this parameter. Please specify it explicitly.
e: file:///home/rhyn/ITD103/tawi-tawi-frontend/android/app/src/main/kotlin/com/rhyn/presentation/navigation/ReachApp.kt:127:41 Unresolved reference 'arguments'.
e: file:///home/rhyn/ITD103/tawi-tawi-frontend/android/app/src/main/kotlin/com/rhyn/presentation/navigation/ReachApp.kt:127:75 Return type mismatch: expected 'ERROR CLASS: Cannot infer type variable TypeVariable(_L)', actual 'kotlin.Unit'.
e: file:///home/rhyn/ITD103/tawi-tawi-frontend/android/app/src/main/kotlin/com/rhyn/presentation/navigation/ReachApp.kt:134:35 Unresolved reference 'popBackStack'.
e: file:///home/rhyn/ITD103/tawi-tawi-frontend/android/app/src/main/kotlin/com/rhyn/reach/MainActivity.kt:14:26 Unresolved reference 'compose'.
e: file:///home/rhyn/ITD103/tawi-tawi-frontend/android/app/src/main/kotlin/com/rhyn/reach/MainActivity.kt:16:17 Unresolved reference 'compose'.
e: file:///home/rhyn/ITD103/tawi-tawi-frontend/android/app/src/main/kotlin/com/rhyn/reach/MainActivity.kt:17:17 Unresolved reference 'compose'.
e: file:///home/rhyn/ITD103/tawi-tawi-frontend/android/app/src/main/kotlin/com/rhyn/reach/MainActivity.kt:23:8 Unresolved reference 'dagger'.
e: file:///home/rhyn/ITD103/tawi-tawi-frontend/android/app/src/main/kotlin/com/rhyn/reach/MainActivity.kt:25:12 Unresolved reference 'bouncycastle'.
e: file:///home/rhyn/ITD103/tawi-tawi-frontend/android/app/src/main/kotlin/com/rhyn/reach/MainActivity.kt:28:2 Unresolved reference 'AndroidEntryPoint'.
e: file:///home/rhyn/ITD103/tawi-tawi-frontend/android/app/src/main/kotlin/com/rhyn/reach/MainActivity.kt:29:7 Redeclaration:
class MainActivity : ComponentActivity
e: file:///home/rhyn/ITD103/tawi-tawi-frontend/android/app/src/main/kotlin/com/rhyn/reach/MainActivity.kt:59:39 Unresolved reference 'BouncyCastleProvider'.
e: file:///home/rhyn/ITD103/tawi-tawi-frontend/android/app/src/main/kotlin/com/rhyn/reach/MainActivity.kt:71:9 Unresolved reference 'setContent'.
e: file:///home/rhyn/ITD103/tawi-tawi-frontend/android/app/src/main/kotlin/com/rhyn/reach/MainActivity.kt:72:31 Unresolved reference 'isSystemInDarkTheme'.
e: file:///home/rhyn/ITD103/tawi-tawi-frontend/android/app/src/main/kotlin/com/rhyn/reach/MainActivity.kt:76:13 Unresolved reference 'DisposableEffect'.
e: file:///home/rhyn/ITD103/tawi-tawi-frontend/android/app/src/main/kotlin/com/rhyn/reach/MainActivity.kt:87:17 Unresolved reference 'onDispose'.
e: file:///home/rhyn/ITD103/tawi-tawi-frontend/android/app/src/main/kotlin/com/rhyn/reach/MainActivity.kt:91:17 Overload resolution ambiguity between candidates:
fun ReachApp(navController: <ERROR TYPE REF: Symbol not found for NavHostController> = ..., authViewModel: AuthViewModel = ..., chatViewModel: ChatViewModel = ..., accountViewModel: AccountViewModel = ...): Unit
fun ReachApp(navController: <ERROR TYPE REF: Symbol not found for NavHostController> = ..., authViewModel: AuthViewModel = ..., chatViewModel: ChatViewModel = ..., accountViewModel: AccountViewModel = ...): Unit
e: file:///home/rhyn/ITD103/tawi-tawi-frontend/android/app/src/main/kotlin/com/rhyn/reach/ReachApplication.kt:4:8 Unresolved reference 'dagger'.
e: file:///home/rhyn/ITD103/tawi-tawi-frontend/android/app/src/main/kotlin/com/rhyn/reach/ReachApplication.kt:6:2 Unresolved reference 'HiltAndroidApp'.
e: file:///home/rhyn/ITD103/tawi-tawi-frontend/android/app/src/main/kotlin/com/rhyn/reach/ReachApplication.kt:7:7 Redeclaration:
class ReachApplication : Application
e: file:///home/rhyn/ITD103/tawi-tawi-frontend/android/app/src/main/kotlin/com/rhyn/reach/core/crypto/CryptoManager.kt:22:14 Unresolved reference 'inject'.
e: file:///home/rhyn/ITD103/tawi-tawi-frontend/android/app/src/main/kotlin/com/rhyn/reach/core/crypto/CryptoManager.kt:23:14 Unresolved reference 'inject'.
e: file:///home/rhyn/ITD103/tawi-tawi-frontend/android/app/src/main/kotlin/com/rhyn/reach/core/crypto/CryptoManager.kt:25:2 Unresolved reference 'Singleton'.
e: file:///home/rhyn/ITD103/tawi-tawi-frontend/android/app/src/main/kotlin/com/rhyn/reach/core/crypto/CryptoManager.kt:26:7 Redeclaration:
class CryptoManager : Any
e: file:///home/rhyn/ITD103/tawi-tawi-frontend/android/app/src/main/kotlin/com/rhyn/reach/core/crypto/CryptoManager.kt:26:22 Unresolved reference 'Inject'.
e: file:///home/rhyn/ITD103/tawi-tawi-frontend/android/app/src/main/kotlin/com/rhyn/reach/core/crypto/CryptoManager.kt:264:48 Unresolved reference 'bouncycastle'.
e: file:///home/rhyn/ITD103/tawi-tawi-frontend/android/app/src/main/kotlin/com/rhyn/reach/core/nearby/MeshRelayBroadcaster.kt:10:16 Unresolved reference 'serialization'.
e: file:///home/rhyn/ITD103/tawi-tawi-frontend/android/app/src/main/kotlin/com/rhyn/reach/core/nearby/MeshRelayBroadcaster.kt:11:16 Unresolved reference 'serialization'.
e: file:///home/rhyn/ITD103/tawi-tawi-frontend/android/app/src/main/kotlin/com/rhyn/reach/core/nearby/MeshRelayBroadcaster.kt:12:14 Unresolved reference 'inject'.
e: file:///home/rhyn/ITD103/tawi-tawi-frontend/android/app/src/main/kotlin/com/rhyn/reach/core/nearby/MeshRelayBroadcaster.kt:13:14 Unresolved reference 'inject'.
e: file:///home/rhyn/ITD103/tawi-tawi-frontend/android/app/src/main/kotlin/com/rhyn/reach/core/nearby/MeshRelayBroadcaster.kt:16:2 Unresolved reference 'Singleton'.
e: file:///home/rhyn/ITD103/tawi-tawi-frontend/android/app/src/main/kotlin/com/rhyn/reach/core/nearby/MeshRelayBroadcaster.kt:17:7 Redeclaration:
class MeshRelayBroadcaster : Any
e: file:///home/rhyn/ITD103/tawi-tawi-frontend/android/app/src/main/kotlin/com/rhyn/reach/core/nearby/MeshRelayBroadcaster.kt:17:29 Unresolved reference 'Inject'.
e: file:///home/rhyn/ITD103/tawi-tawi-frontend/android/app/src/main/kotlin/com/rhyn/reach/core/nearby/MeshRelayBroadcaster.kt:18:32 Unresolved reference 'dagger'.
e: file:///home/rhyn/ITD103/tawi-tawi-frontend/android/app/src/main/kotlin/com/rhyn/reach/core/nearby/MeshRelayBroadcaster.kt:19:29 Unresolved reference 'dagger'.
e: file:///home/rhyn/ITD103/tawi-tawi-frontend/android/app/src/main/kotlin/com/rhyn/reach/core/nearby/MeshRelayBroadcaster.kt:23:30 Unresolved reference 'Json'.
e: file:///home/rhyn/ITD103/tawi-tawi-frontend/android/app/src/main/kotlin/com/rhyn/reach/core/nearby/MeshRelayBroadcaster.kt:23:37 Unresolved reference 'ignoreUnknownKeys'.
e: file:///home/rhyn/ITD103/tawi-tawi-frontend/android/app/src/main/kotlin/com/rhyn/reach/core/nearby/MeshRelayBroadcaster.kt:91:56 No value passed for parameter 'name'.
e: file:///home/rhyn/ITD103/tawi-tawi-frontend/android/app/src/main/kotlin/com/rhyn/reach/core/nearby/MeshRelayBroadcaster.kt:91:59 Unresolved reference 'getActiveEndpointId'.
e: file:///home/rhyn/ITD103/tawi-tawi-frontend/android/app/src/main/kotlin/com/rhyn/reach/core/nearby/MeshRelayBroadcaster.kt:94:42 No value passed for parameter 'name'.
e: file:///home/rhyn/ITD103/tawi-tawi-frontend/android/app/src/main/kotlin/com/rhyn/reach/core/nearby/MeshRelayBroadcaster.kt:94:45 Unresolved reference 'sendMessage'.
e: file:///home/rhyn/ITD103/tawi-tawi-frontend/android/app/src/main/kotlin/com/rhyn/reach/core/nearby/MeshRelayBroadcaster.kt:110:38 No value passed for parameter 'name'.
e: file:///home/rhyn/ITD103/tawi-tawi-frontend/android/app/src/main/kotlin/com/rhyn/reach/core/nearby/MeshRelayBroadcaster.kt:110:41 Unresolved reference 'getActiveIpAddress'.
e: file:///home/rhyn/ITD103/tawi-tawi-frontend/android/app/src/main/kotlin/com/rhyn/reach/core/nearby/MeshRelayBroadcaster.kt:114:31 No value passed for parameter 'name'.
e: file:///home/rhyn/ITD103/tawi-tawi-frontend/android/app/src/main/kotlin/com/rhyn/reach/core/nearby/MeshRelayBroadcaster.kt:114:34 Unresolved reference 'sendMessage'.
e: file:///home/rhyn/ITD103/tawi-tawi-frontend/android/app/src/main/kotlin/com/rhyn/reach/core/nearby/MeshRelayBroadcaster.kt:124:26 No value passed for parameter 'name'.
e: file:///home/rhyn/ITD103/tawi-tawi-frontend/android/app/src/main/kotlin/com/rhyn/reach/core/nearby/MeshRelayBroadcaster.kt:124:29 Unresolved reference 'broadcastToAllNeighborsExcept'.
e: file:///home/rhyn/ITD103/tawi-tawi-frontend/android/app/src/main/kotlin/com/rhyn/reach/core/nearby/MeshRelayBroadcaster.kt:127:27 No value passed for parameter 'name'.
e: file:///home/rhyn/ITD103/tawi-tawi-frontend/android/app/src/main/kotlin/com/rhyn/reach/core/nearby/MeshRelayBroadcaster.kt:127:30 Unresolved reference 'broadcastToAllNeighbors'.
e: file:///home/rhyn/ITD103/tawi-tawi-frontend/android/app/src/main/kotlin/com/rhyn/reach/core/nearby/MeshService.kt:14:23 Unresolved reference 'R'.
e: file:///home/rhyn/ITD103/tawi-tawi-frontend/android/app/src/main/kotlin/com/rhyn/reach/core/nearby/MeshService.kt:28:8 Unresolved reference 'dagger'.
e: file:///home/rhyn/ITD103/tawi-tawi-frontend/android/app/src/main/kotlin/com/rhyn/reach/core/nearby/MeshService.kt:32:16 Unresolved reference 'serialization'.
e: file:///home/rhyn/ITD103/tawi-tawi-frontend/android/app/src/main/kotlin/com/rhyn/reach/core/nearby/MeshService.kt:35:14 Unresolved reference 'inject'.
e: file:///home/rhyn/ITD103/tawi-tawi-frontend/android/app/src/main/kotlin/com/rhyn/reach/core/nearby/MeshService.kt:37:2 Unresolved reference 'AndroidEntryPoint'.
e: file:///home/rhyn/ITD103/tawi-tawi-frontend/android/app/src/main/kotlin/com/rhyn/reach/core/nearby/MeshService.kt:38:7 Redeclaration:
class MeshService : Service
e: file:///home/rhyn/ITD103/tawi-tawi-frontend/android/app/src/main/kotlin/com/rhyn/reach/core/nearby/MeshService.kt:40:6 Unresolved reference 'Inject'.
e: file:///home/rhyn/ITD103/tawi-tawi-frontend/android/app/src/main/kotlin/com/rhyn/reach/core/nearby/MeshService.kt:41:6 Unresolved reference 'Inject'.
e: file:///home/rhyn/ITD103/tawi-tawi-frontend/android/app/src/main/kotlin/com/rhyn/reach/core/nearby/MeshService.kt:42:6 Unresolved reference 'Inject'.
e: file:///home/rhyn/ITD103/tawi-tawi-frontend/android/app/src/main/kotlin/com/rhyn/reach/core/nearby/MeshService.kt:45:6 Unresolved reference 'Inject'.
e: file:///home/rhyn/ITD103/tawi-tawi-frontend/android/app/src/main/kotlin/com/rhyn/reach/core/nearby/MeshService.kt:46:6 Unresolved reference 'Inject'.
e: file:///home/rhyn/ITD103/tawi-tawi-frontend/android/app/src/main/kotlin/com/rhyn/reach/core/nearby/MeshService.kt:47:6 Unresolved reference 'Inject'.
e: file:///home/rhyn/ITD103/tawi-tawi-frontend/android/app/src/main/kotlin/com/rhyn/reach/core/nearby/MeshService.kt:48:6 Unresolved reference 'Inject'.
e: file:///home/rhyn/ITD103/tawi-tawi-frontend/android/app/src/main/kotlin/com/rhyn/reach/core/nearby/MeshService.kt:49:6 Unresolved reference 'Inject'.
e: file:///home/rhyn/ITD103/tawi-tawi-frontend/android/app/src/main/kotlin/com/rhyn/reach/core/nearby/MeshService.kt:182:44 Unresolved reference 'Json'.
e: file:///home/rhyn/ITD103/tawi-tawi-frontend/android/app/src/main/kotlin/com/rhyn/reach/core/nearby/MeshService.kt:182:51 Unresolved reference 'ignoreUnknownKeys'.
e: file:///home/rhyn/ITD103/tawi-tawi-frontend/android/app/src/main/kotlin/com/rhyn/reach/core/nearby/MeshService.kt:286:27 Unresolved reference 'R'.
e: file:///home/rhyn/ITD103/tawi-tawi-frontend/android/app/src/main/kotlin/com/rhyn/reach/core/nearby/MeshService.kt:287:14 Unresolved reference 'setContentIntent'.
e: file:///home/rhyn/ITD103/tawi-tawi-frontend/android/app/src/main/kotlin/com/rhyn/reach/core/notifications/MessagingService.kt:5:19 Unresolved reference 'firebase'.
e: file:///home/rhyn/ITD103/tawi-tawi-frontend/android/app/src/main/kotlin/com/rhyn/reach/core/notifications/MessagingService.kt:6:19 Unresolved reference 'firebase'.
e: file:///home/rhyn/ITD103/tawi-tawi-frontend/android/app/src/main/kotlin/com/rhyn/reach/core/notifications/MessagingService.kt:13:8 Unresolved reference 'dagger'.
e: file:///home/rhyn/ITD103/tawi-tawi-frontend/android/app/src/main/kotlin/com/rhyn/reach/core/notifications/MessagingService.kt:16:14 Unresolved reference 'inject'.
e: file:///home/rhyn/ITD103/tawi-tawi-frontend/android/app/src/main/kotlin/com/rhyn/reach/core/notifications/MessagingService.kt:18:2 Unresolved reference 'AndroidEntryPoint'.
e: file:///home/rhyn/ITD103/tawi-tawi-frontend/android/app/src/main/kotlin/com/rhyn/reach/core/notifications/MessagingService.kt:19:7 Redeclaration:
class MessagingService : <ERROR TYPE REF: Symbol not found for FirebaseMessagingService>
e: file:///home/rhyn/ITD103/tawi-tawi-frontend/android/app/src/main/kotlin/com/rhyn/reach/core/notifications/MessagingService.kt:19:26 Unresolved reference 'FirebaseMessagingService'.
e: file:///home/rhyn/ITD103/tawi-tawi-frontend/android/app/src/main/kotlin/com/rhyn/reach/core/notifications/MessagingService.kt:21:6 Unresolved reference 'Inject'.
e: file:///home/rhyn/ITD103/tawi-tawi-frontend/android/app/src/main/kotlin/com/rhyn/reach/core/notifications/MessagingService.kt:24:6 Unresolved reference 'Inject'.
e: file:///home/rhyn/ITD103/tawi-tawi-frontend/android/app/src/main/kotlin/com/rhyn/reach/core/notifications/MessagingService.kt:27:6 Unresolved reference 'Inject'.
e: file:///home/rhyn/ITD103/tawi-tawi-frontend/android/app/src/main/kotlin/com/rhyn/reach/core/notifications/MessagingService.kt:30:6 Unresolved reference 'Inject'.
e: file:///home/rhyn/ITD103/tawi-tawi-frontend/android/app/src/main/kotlin/com/rhyn/reach/core/notifications/MessagingService.kt:33:5 'onNewToken' overrides nothing.
e: file:///home/rhyn/ITD103/tawi-tawi-frontend/android/app/src/main/kotlin/com/rhyn/reach/core/notifications/MessagingService.kt:34:9 Unresolved reference 'FirebaseMessagingService'.
e: file:///home/rhyn/ITD103/tawi-tawi-frontend/android/app/src/main/kotlin/com/rhyn/reach/core/notifications/MessagingService.kt:34:15 Unresolved reference 'onNewToken'.
e: file:///home/rhyn/ITD103/tawi-tawi-frontend/android/app/src/main/kotlin/com/rhyn/reach/core/notifications/MessagingService.kt:38:5 'onMessageReceived' overrides nothing.
e: file:///home/rhyn/ITD103/tawi-tawi-frontend/android/app/src/main/kotlin/com/rhyn/reach/core/notifications/MessagingService.kt:38:51 Unresolved reference 'RemoteMessage'.
e: file:///home/rhyn/ITD103/tawi-tawi-frontend/android/app/src/main/kotlin/com/rhyn/reach/core/notifications/MessagingService.kt:39:9 Unresolved reference 'FirebaseMessagingService'.
e: file:///home/rhyn/ITD103/tawi-tawi-frontend/android/app/src/main/kotlin/com/rhyn/reach/core/notifications/MessagingService.kt:39:15 Unresolved reference 'onMessageReceived'.
e: file:///home/rhyn/ITD103/tawi-tawi-frontend/android/app/src/main/kotlin/com/rhyn/reach/core/notifications/MessagingService.kt:41:34 Unresolved reference 'data'.
e: file:///home/rhyn/ITD103/tawi-tawi-frontend/android/app/src/main/kotlin/com/rhyn/reach/core/notifications/MessagingService.kt:60:33 Operator '!=' cannot be applied to 'kotlin.text.MatchGroup' and 'kotlin.String'.
e: file:///home/rhyn/ITD103/tawi-tawi-frontend/android/app/src/main/kotlin/com/rhyn/reach/core/notifications/MessagingService.kt:60:53 Operator '!=' cannot be applied to 'kotlin.text.MatchGroup?' and 'kotlin.String'.
e: file:///home/rhyn/ITD103/tawi-tawi-frontend/android/app/src/main/kotlin/com/rhyn/reach/core/notifications/MessagingService.kt:65:33 Operator '==' cannot be applied to 'kotlin.text.MatchGroup' and 'kotlin.String'.
e: file:///home/rhyn/ITD103/tawi-tawi-frontend/android/app/src/main/kotlin/com/rhyn/reach/core/notifications/MessagingService.kt:73:57 Unresolved reference 'isNotEmpty'.
e: file:///home/rhyn/ITD103/tawi-tawi-frontend/android/app/src/main/kotlin/com/rhyn/reach/core/notifications/MessagingService.kt:75:46 Argument type mismatch: actual type is 'kotlin.text.MatchGroup', but 'kotlin.String' was expected.
e: file:///home/rhyn/ITD103/tawi-tawi-frontend/android/app/src/main/kotlin/com/rhyn/reach/core/notifications/MessagingService.kt:91:53 Argument type mismatch: actual type is 'kotlin.text.MatchGroup', but 'kotlin.String' was expected.
e: file:///home/rhyn/ITD103/tawi-tawi-frontend/android/app/src/main/kotlin/com/rhyn/reach/core/notifications/MessagingService.kt:103:66 Argument type mismatch: actual type is 'kotlin.text.MatchGroup', but 'kotlin.String' was expected.
e: file:///home/rhyn/ITD103/tawi-tawi-frontend/android/app/src/main/kotlin/com/rhyn/reach/core/notifications/MessagingService.kt:106:42 Argument type mismatch: actual type is 'kotlin.text.MatchGroup', but 'kotlin.String' was expected.
e: file:///home/rhyn/ITD103/tawi-tawi-frontend/android/app/src/main/kotlin/com/rhyn/reach/core/notifications/MessagingService.kt:108:44 Argument type mismatch: actual type is 'kotlin.Any', but 'kotlin.String' was expected.
e: file:///home/rhyn/ITD103/tawi-tawi-frontend/android/app/src/main/kotlin/com/rhyn/reach/core/notifications/MessagingService.kt:116:48 Operator '==' cannot be applied to 'kotlin.text.MatchGroup?' and 'kotlin.String'.
e: file:///home/rhyn/ITD103/tawi-tawi-frontend/android/app/src/main/kotlin/com/rhyn/reach/core/notifications/MessagingService.kt:120:56 Unresolved reference 'toLongOrNull'.
e: file:///home/rhyn/ITD103/tawi-tawi-frontend/android/app/src/main/kotlin/com/rhyn/reach/core/notifications/MessagingService.kt:123:37 Argument type mismatch: actual type is 'kotlin.Any', but 'kotlin.String' was expected.
e: file:///home/rhyn/ITD103/tawi-tawi-frontend/android/app/src/main/kotlin/com/rhyn/reach/core/notifications/MessagingService.kt:125:36 Argument type mismatch: actual type is 'kotlin.text.MatchGroup', but 'kotlin.String' was expected.
e: file:///home/rhyn/ITD103/tawi-tawi-frontend/android/app/src/main/kotlin/com/rhyn/reach/core/notifications/MessagingService.kt:126:36 Argument type mismatch: actual type is 'kotlin.text.MatchGroup', but 'kotlin.String' was expected.
e: file:///home/rhyn/ITD103/tawi-tawi-frontend/android/app/src/main/kotlin/com/rhyn/reach/core/notifications/MessagingService.kt:139:31 Unresolved reference 'applicationContext'.
e: file:///home/rhyn/ITD103/tawi-tawi-frontend/android/app/src/main/kotlin/com/rhyn/reach/core/notifications/MessagingService.kt:140:29 Argument type mismatch: actual type is 'kotlin.Any', but 'kotlin.String' was expected.
e: file:///home/rhyn/ITD103/tawi-tawi-frontend/android/app/src/main/kotlin/com/rhyn/reach/core/notifications/MessagingService.kt:142:32 Argument type mismatch: actual type is 'kotlin.text.MatchGroup', but 'kotlin.String?' was expected.
e: file:///home/rhyn/ITD103/tawi-tawi-frontend/android/app/src/main/kotlin/com/rhyn/reach/core/notifications/NotificationHelper.kt:11:8 Redeclaration:
object NotificationHelper : Any
e: file:///home/rhyn/ITD103/tawi-tawi-frontend/android/app/src/main/kotlin/com/rhyn/reach/core/notifications/NotificationHelper.kt:38:42 Unresolved reference 'R'.
e: file:///home/rhyn/ITD103/tawi-tawi-frontend/android/app/src/main/kotlin/com/rhyn/reach/core/notifications/NotificationHelper.kt:39:14 Unresolved reference 'setAutoCancel'.
e: file:///home/rhyn/ITD103/tawi-tawi-frontend/android/app/src/main/kotlin/com/rhyn/reach/core/utils/FileHelper.kt:7:8 Unresolved reference 'dagger'.
e: file:///home/rhyn/ITD103/tawi-tawi-frontend/android/app/src/main/kotlin/com/rhyn/reach/core/utils/FileHelper.kt:11:14 Unresolved reference 'inject'.
e: file:///home/rhyn/ITD103/tawi-tawi-frontend/android/app/src/main/kotlin/com/rhyn/reach/core/utils/FileHelper.kt:12:14 Unresolved reference 'inject'.
e: file:///home/rhyn/ITD103/tawi-tawi-frontend/android/app/src/main/kotlin/com/rhyn/reach/core/utils/FileHelper.kt:15:2 Unresolved reference 'Singleton'.
e: file:///home/rhyn/ITD103/tawi-tawi-frontend/android/app/src/main/kotlin/com/rhyn/reach/core/utils/FileHelper.kt:16:7 Redeclaration:
class FileHelper : Any
e: file:///home/rhyn/ITD103/tawi-tawi-frontend/android/app/src/main/kotlin/com/rhyn/reach/core/utils/FileHelper.kt:16:19 Unresolved reference 'Inject'.
e: file:///home/rhyn/ITD103/tawi-tawi-frontend/android/app/src/main/kotlin/com/rhyn/reach/core/utils/FileHelper.kt:17:6 Unresolved reference 'ApplicationContext'.
e: file:///home/rhyn/ITD103/tawi-tawi-frontend/android/app/src/main/kotlin/com/rhyn/reach/core/utils/PortraitCaptureActivity.kt:3:12 Unresolved reference 'journeyapps'.
e: file:///home/rhyn/ITD103/tawi-tawi-frontend/android/app/src/main/kotlin/com/rhyn/reach/core/utils/PortraitCaptureActivity.kt:10:7 Redeclaration:
class PortraitCaptureActivity : <ERROR TYPE REF: Symbol not found for CaptureActivity>
e: file:///home/rhyn/ITD103/tawi-tawi-frontend/android/app/src/main/kotlin/com/rhyn/reach/core/utils/PortraitCaptureActivity.kt:10:33 Unresolved reference 'CaptureActivity'.
e: file:///home/rhyn/ITD103/tawi-tawi-frontend/android/app/src/main/kotlin/com/rhyn/reach/core/utils/QrCodeGenerator.kt:6:19 Unresolved reference 'zxing'.
e: file:///home/rhyn/ITD103/tawi-tawi-frontend/android/app/src/main/kotlin/com/rhyn/reach/core/utils/QrCodeGenerator.kt:7:19 Unresolved reference 'zxing'.
e: file:///home/rhyn/ITD103/tawi-tawi-frontend/android/app/src/main/kotlin/com/rhyn/reach/core/utils/QrCodeGenerator.kt:11:8 Redeclaration:
object QrCodeGenerator : Any
e: file:///home/rhyn/ITD103/tawi-tawi-frontend/android/app/src/main/kotlin/com/rhyn/reach/core/utils/QrCodeGenerator.kt:18:29 Unresolved reference 'QRCodeWriter'.
e: file:///home/rhyn/ITD103/tawi-tawi-frontend/android/app/src/main/kotlin/com/rhyn/reach/core/utils/QrCodeGenerator.kt:18:60 Unresolved reference 'BarcodeFormat'.
e: file:///home/rhyn/ITD103/tawi-tawi-frontend/android/app/src/main/kotlin/com/rhyn/reach/core/utils/QrCodeGenerator.kt:25:40 Condition type mismatch: inferred type is 'kotlin.text.MatchGroup?' but 'Boolean' was expected.
e: file:///home/rhyn/ITD103/tawi-tawi-frontend/android/app/src/main/kotlin/com/rhyn/reach/core/utils/isInternetAvailable.kt:7:1 Conflicting overloads:
fun isInternetAvailable(context: Context): Boolean
e: file:///home/rhyn/ITD103/tawi-tawi-frontend/android/app/src/main/kotlin/com/rhyn/reach/data/local/Converters.kt:4:17 Unresolved reference 'room'.
e: file:///home/rhyn/ITD103/tawi-tawi-frontend/android/app/src/main/kotlin/com/rhyn/reach/data/local/Converters.kt:6:7 Redeclaration:
class Converters : Any
e: file:///home/rhyn/ITD103/tawi-tawi-frontend/android/app/src/main/kotlin/com/rhyn/reach/data/local/Converters.kt:7:6 Unresolved reference 'TypeConverter'.
e: file:///home/rhyn/ITD103/tawi-tawi-frontend/android/app/src/main/kotlin/com/rhyn/reach/data/local/Converters.kt:10:6 Unresolved reference 'TypeConverter'.
e: file:///home/rhyn/ITD103/tawi-tawi-frontend/android/app/src/main/kotlin/com/rhyn/reach/data/local/Converters.kt:13:6 Unresolved reference 'TypeConverter'.
e: file:///home/rhyn/ITD103/tawi-tawi-frontend/android/app/src/main/kotlin/com/rhyn/reach/data/local/Converters.kt:16:6 Unresolved reference 'TypeConverter'.
e: file:///home/rhyn/ITD103/tawi-tawi-frontend/android/app/src/main/kotlin/com/rhyn/reach/data/local/Converters.kt:20:6 Unresolved reference 'TypeConverter'.
e: file:///home/rhyn/ITD103/tawi-tawi-frontend/android/app/src/main/kotlin/com/rhyn/reach/data/local/Converters.kt:23:6 Unresolved reference 'TypeConverter'.
e: file:///home/rhyn/ITD103/tawi-tawi-frontend/android/app/src/main/kotlin/com/rhyn/reach/data/local/Database.kt:3:17 Unresolved reference 'room'.
e: file:///home/rhyn/ITD103/tawi-tawi-frontend/android/app/src/main/kotlin/com/rhyn/reach/data/local/Database.kt:4:17 Unresolved reference 'room'.
e: file:///home/rhyn/ITD103/tawi-tawi-frontend/android/app/src/main/kotlin/com/rhyn/reach/data/local/Database.kt:5:17 Unresolved reference 'room'.
e: file:///home/rhyn/ITD103/tawi-tawi-frontend/android/app/src/main/kotlin/com/rhyn/reach/data/local/Database.kt:12:2 Illegal annotation class 'Database'.
e: file:///home/rhyn/ITD103/tawi-tawi-frontend/android/app/src/main/kotlin/com/rhyn/reach/data/local/Database.kt:23:2 Unresolved reference 'TypeConverters'.
e: file:///home/rhyn/ITD103/tawi-tawi-frontend/android/app/src/main/kotlin/com/rhyn/reach/data/local/Database.kt:24:16 Redeclaration:
class Database : <ERROR TYPE REF: Symbol not found for RoomDatabase>
e: file:///home/rhyn/ITD103/tawi-tawi-frontend/android/app/src/main/kotlin/com/rhyn/reach/data/local/Database.kt:24:27 Unresolved reference 'RoomDatabase'.
e: file:///home/rhyn/ITD103/tawi-tawi-frontend/android/app/src/main/kotlin/com/rhyn/reach/data/local/Entities.kt:3:17 Unresolved reference 'room'.
e: file:///home/rhyn/ITD103/tawi-tawi-frontend/android/app/src/main/kotlin/com/rhyn/reach/data/local/Entities.kt:4:17 Unresolved reference 'room'.
e: file:///home/rhyn/ITD103/tawi-tawi-frontend/android/app/src/main/kotlin/com/rhyn/reach/data/local/Entities.kt:5:17 Unresolved reference 'room'.
e: file:///home/rhyn/ITD103/tawi-tawi-frontend/android/app/src/main/kotlin/com/rhyn/reach/data/local/Entities.kt:9:12 Redeclaration:
enum class MessageType : Enum<MessageType>
e: file:///home/rhyn/ITD103/tawi-tawi-frontend/android/app/src/main/kotlin/com/rhyn/reach/data/local/Entities.kt:11:12 Redeclaration:
enum class DeliveryState : Enum<DeliveryState>
e: file:///home/rhyn/ITD103/tawi-tawi-frontend/android/app/src/main/kotlin/com/rhyn/reach/data/local/Entities.kt:15:12 Redeclaration:
enum class SyncStatus : Enum<SyncStatus>
e: file:///home/rhyn/ITD103/tawi-tawi-frontend/android/app/src/main/kotlin/com/rhyn/reach/data/local/Entities.kt:21:12 Redeclaration:
enum class SyncState : Enum<SyncState>
e: file:///home/rhyn/ITD103/tawi-tawi-frontend/android/app/src/main/kotlin/com/rhyn/reach/data/local/Entities.kt:29:2 Unresolved reference 'Entity'.
e: file:///home/rhyn/ITD103/tawi-tawi-frontend/android/app/src/main/kotlin/com/rhyn/reach/data/local/Entities.kt:33:12 Redeclaration:
data class LocalMessageEntity : Any
e: file:///home/rhyn/ITD103/tawi-tawi-frontend/android/app/src/main/kotlin/com/rhyn/reach/data/local/Entities.kt:47:2 Unresolved reference 'Entity'.
e: file:///home/rhyn/ITD103/tawi-tawi-frontend/android/app/src/main/kotlin/com/rhyn/reach/data/local/Entities.kt:51:12 Redeclaration:
data class LocalUserEntity : Any
e: file:///home/rhyn/ITD103/tawi-tawi-frontend/android/app/src/main/kotlin/com/rhyn/reach/data/local/Entities.kt:61:2 Unresolved reference 'Entity'.
e: file:///home/rhyn/ITD103/tawi-tawi-frontend/android/app/src/main/kotlin/com/rhyn/reach/data/local/Entities.kt:63:16 Unresolved reference 'Index'.
e: file:///home/rhyn/ITD103/tawi-tawi-frontend/android/app/src/main/kotlin/com/rhyn/reach/data/local/Entities.kt:65:12 Redeclaration:
data class DeviceRegistryEntity : Any
e: file:///home/rhyn/ITD103/tawi-tawi-frontend/android/app/src/main/kotlin/com/rhyn/reach/data/local/Entities.kt:66:6 Unresolved reference 'PrimaryKey'.
e: file:///home/rhyn/ITD103/tawi-tawi-frontend/android/app/src/main/kotlin/com/rhyn/reach/data/local/Entities.kt:72:2 Unresolved reference 'Entity'.
e: file:///home/rhyn/ITD103/tawi-tawi-frontend/android/app/src/main/kotlin/com/rhyn/reach/data/local/Entities.kt:74:16 Unresolved reference 'Index'.
e: file:///home/rhyn/ITD103/tawi-tawi-frontend/android/app/src/main/kotlin/com/rhyn/reach/data/local/Entities.kt:76:12 Redeclaration:
data class MeshRelayQueueEntity : Any
e: file:///home/rhyn/ITD103/tawi-tawi-frontend/android/app/src/main/kotlin/com/rhyn/reach/data/local/Entities.kt:77:6 Unresolved reference 'PrimaryKey'.
e: file:///home/rhyn/ITD103/tawi-tawi-frontend/android/app/src/main/kotlin/com/rhyn/reach/data/local/MeshEdgeEntity.kt:3:17 Unresolved reference 'room'.
e: file:///home/rhyn/ITD103/tawi-tawi-frontend/android/app/src/main/kotlin/com/rhyn/reach/data/local/MeshEdgeEntity.kt:5:2 Unresolved reference 'Entity'.
e: file:///home/rhyn/ITD103/tawi-tawi-frontend/android/app/src/main/kotlin/com/rhyn/reach/data/local/MeshEdgeEntity.kt:6:12 Redeclaration:
data class MeshEdgeEntity : Any
e: file:///home/rhyn/ITD103/tawi-tawi-frontend/android/app/src/main/kotlin/com/rhyn/reach/data/local/dao/DeviceDao.kt:3:17 Unresolved reference 'room'.
e: file:///home/rhyn/ITD103/tawi-tawi-frontend/android/app/src/main/kotlin/com/rhyn/reach/data/local/dao/DeviceDao.kt:4:17 Unresolved reference 'room'.
e: file:///home/rhyn/ITD103/tawi-tawi-frontend/android/app/src/main/kotlin/com/rhyn/reach/data/local/dao/DeviceDao.kt:5:17 Unresolved reference 'room'.
e: file:///home/rhyn/ITD103/tawi-tawi-frontend/android/app/src/main/kotlin/com/rhyn/reach/data/local/dao/DeviceDao.kt:6:17 Unresolved reference 'room'.
e: file:///home/rhyn/ITD103/tawi-tawi-frontend/android/app/src/main/kotlin/com/rhyn/reach/data/local/dao/DeviceDao.kt:9:2 Unresolved reference 'Dao'.
e: file:///home/rhyn/ITD103/tawi-tawi-frontend/android/app/src/main/kotlin/com/rhyn/reach/data/local/dao/DeviceDao.kt:10:11 Redeclaration:
interface DeviceDao : Any
e: file:///home/rhyn/ITD103/tawi-tawi-frontend/android/app/src/main/kotlin/com/rhyn/reach/data/local/dao/DeviceDao.kt:11:6 Unresolved reference 'Insert'.
e: file:///home/rhyn/ITD103/tawi-tawi-frontend/android/app/src/main/kotlin/com/rhyn/reach/data/local/dao/DeviceDao.kt:11:26 Unresolved reference 'OnConflictStrategy'.
e: file:///home/rhyn/ITD103/tawi-tawi-frontend/android/app/src/main/kotlin/com/rhyn/reach/data/local/dao/DeviceDao.kt:14:6 Unresolved reference 'Query'.
e: file:///home/rhyn/ITD103/tawi-tawi-frontend/android/app/src/main/kotlin/com/rhyn/reach/data/local/dao/MeshEdgeDao.kt:3:17 Unresolved reference 'room'.
e: file:///home/rhyn/ITD103/tawi-tawi-frontend/android/app/src/main/kotlin/com/rhyn/reach/data/local/dao/MeshEdgeDao.kt:4:17 Unresolved reference 'room'.
e: file:///home/rhyn/ITD103/tawi-tawi-frontend/android/app/src/main/kotlin/com/rhyn/reach/data/local/dao/MeshEdgeDao.kt:5:17 Unresolved reference 'room'.
e: file:///home/rhyn/ITD103/tawi-tawi-frontend/android/app/src/main/kotlin/com/rhyn/reach/data/local/dao/MeshEdgeDao.kt:6:17 Unresolved reference 'room'.
e: file:///home/rhyn/ITD103/tawi-tawi-frontend/android/app/src/main/kotlin/com/rhyn/reach/data/local/dao/MeshEdgeDao.kt:9:2 Unresolved reference 'Dao'.
e: file:///home/rhyn/ITD103/tawi-tawi-frontend/android/app/src/main/kotlin/com/rhyn/reach/data/local/dao/MeshEdgeDao.kt:10:11 Redeclaration:
interface MeshEdgeDao : Any
e: file:///home/rhyn/ITD103/tawi-tawi-frontend/android/app/src/main/kotlin/com/rhyn/reach/data/local/dao/MeshEdgeDao.kt:11:6 Unresolved reference 'Insert'.
e: file:///home/rhyn/ITD103/tawi-tawi-frontend/android/app/src/main/kotlin/com/rhyn/reach/data/local/dao/MeshEdgeDao.kt:11:26 Unresolved reference 'OnConflictStrategy'.
e: file:///home/rhyn/ITD103/tawi-tawi-frontend/android/app/src/main/kotlin/com/rhyn/reach/data/local/dao/MeshEdgeDao.kt:14:6 Unresolved reference 'Query'.
e: file:///home/rhyn/ITD103/tawi-tawi-frontend/android/app/src/main/kotlin/com/rhyn/reach/data/local/dao/MeshEdgeDao.kt:17:6 Unresolved reference 'Query'.
e: file:///home/rhyn/ITD103/tawi-tawi-frontend/android/app/src/main/kotlin/com/rhyn/reach/data/local/dao/MeshEdgeDao.kt:20:6 Unresolved reference 'Query'.
e: file:///home/rhyn/ITD103/tawi-tawi-frontend/android/app/src/main/kotlin/com/rhyn/reach/data/local/dao/MeshRelayDao.kt:3:17 Unresolved reference 'room'.
e: file:///home/rhyn/ITD103/tawi-tawi-frontend/android/app/src/main/kotlin/com/rhyn/reach/data/local/dao/MeshRelayDao.kt:4:17 Unresolved reference 'room'.
e: file:///home/rhyn/ITD103/tawi-tawi-frontend/android/app/src/main/kotlin/com/rhyn/reach/data/local/dao/MeshRelayDao.kt:5:17 Unresolved reference 'room'.
e: file:///home/rhyn/ITD103/tawi-tawi-frontend/android/app/src/main/kotlin/com/rhyn/reach/data/local/dao/MeshRelayDao.kt:6:17 Unresolved reference 'room'.
e: file:///home/rhyn/ITD103/tawi-tawi-frontend/android/app/src/main/kotlin/com/rhyn/reach/data/local/dao/MeshRelayDao.kt:9:2 Unresolved reference 'Dao'.
e: file:///home/rhyn/ITD103/tawi-tawi-frontend/android/app/src/main/kotlin/com/rhyn/reach/data/local/dao/MeshRelayDao.kt:10:11 Redeclaration:
interface MeshRelayDao : Any
e: file:///home/rhyn/ITD103/tawi-tawi-frontend/android/app/src/main/kotlin/com/rhyn/reach/data/local/dao/MeshRelayDao.kt:11:6 Unresolved reference 'Insert'.
e: file:///home/rhyn/ITD103/tawi-tawi-frontend/android/app/src/main/kotlin/com/rhyn/reach/data/local/dao/MeshRelayDao.kt:11:26 Unresolved reference 'OnConflictStrategy'.
e: file:///home/rhyn/ITD103/tawi-tawi-frontend/android/app/src/main/kotlin/com/rhyn/reach/data/local/dao/MeshRelayDao.kt:14:6 Unresolved reference 'Query'.
e: file:///home/rhyn/ITD103/tawi-tawi-frontend/android/app/src/main/kotlin/com/rhyn/reach/data/local/dao/MeshRelayDao.kt:17:6 Unresolved reference 'Query'.
e: file:///home/rhyn/ITD103/tawi-tawi-frontend/android/app/src/main/kotlin/com/rhyn/reach/data/local/dao/MessageDao.kt:3:17 Unresolved reference 'room'.
e: file:///home/rhyn/ITD103/tawi-tawi-frontend/android/app/src/main/kotlin/com/rhyn/reach/data/local/dao/MessageDao.kt:4:17 Unresolved reference 'room'.
e: file:///home/rhyn/ITD103/tawi-tawi-frontend/android/app/src/main/kotlin/com/rhyn/reach/data/local/dao/MessageDao.kt:5:17 Unresolved reference 'room'.
e: file:///home/rhyn/ITD103/tawi-tawi-frontend/android/app/src/main/kotlin/com/rhyn/reach/data/local/dao/MessageDao.kt:6:17 Unresolved reference 'room'.
e: file:///home/rhyn/ITD103/tawi-tawi-frontend/android/app/src/main/kotlin/com/rhyn/reach/data/local/dao/MessageDao.kt:12:2 Unresolved reference 'Dao'.
e: file:///home/rhyn/ITD103/tawi-tawi-frontend/android/app/src/main/kotlin/com/rhyn/reach/data/local/dao/MessageDao.kt:13:11 Redeclaration:
interface MessageDao : Any
e: file:///home/rhyn/ITD103/tawi-tawi-frontend/android/app/src/main/kotlin/com/rhyn/reach/data/local/dao/MessageDao.kt:14:6 Unresolved reference 'Insert'.
e: file:///home/rhyn/ITD103/tawi-tawi-frontend/android/app/src/main/kotlin/com/rhyn/reach/data/local/dao/MessageDao.kt:14:26 Unresolved reference 'OnConflictStrategy'.
e: file:///home/rhyn/ITD103/tawi-tawi-frontend/android/app/src/main/kotlin/com/rhyn/reach/data/local/dao/MessageDao.kt:17:6 Unresolved reference 'Query'.
e: file:///home/rhyn/ITD103/tawi-tawi-frontend/android/app/src/main/kotlin/com/rhyn/reach/data/local/dao/MessageDao.kt:20:6 Unresolved reference 'Query'.
e: file:///home/rhyn/ITD103/tawi-tawi-frontend/android/app/src/main/kotlin/com/rhyn/reach/data/local/dao/MessageDao.kt:23:6 Unresolved reference 'Query'.
e: file:///home/rhyn/ITD103/tawi-tawi-frontend/android/app/src/main/kotlin/com/rhyn/reach/data/local/dao/MessageDao.kt:33:6 Unresolved reference 'Query'.
e: file:///home/rhyn/ITD103/tawi-tawi-frontend/android/app/src/main/kotlin/com/rhyn/reach/data/local/dao/MessageDao.kt:36:6 Unresolved reference 'Query'.
e: file:///home/rhyn/ITD103/tawi-tawi-frontend/android/app/src/main/kotlin/com/rhyn/reach/data/local/dao/MessageDao.kt:43:6 Unresolved reference 'Query'.
e: file:///home/rhyn/ITD103/tawi-tawi-frontend/android/app/src/main/kotlin/com/rhyn/reach/data/local/dao/MessageDao.kt:46:6 Unresolved reference 'Query'.
e: file:///home/rhyn/ITD103/tawi-tawi-frontend/android/app/src/main/kotlin/com/rhyn/reach/data/local/dao/MessageDao.kt:51:6 Unresolved reference 'Query'.
e: file:///home/rhyn/ITD103/tawi-tawi-frontend/android/app/src/main/kotlin/com/rhyn/reach/data/local/dao/MessageDao.kt:54:6 Unresolved reference 'Query'.
e: file:///home/rhyn/ITD103/tawi-tawi-frontend/android/app/src/main/kotlin/com/rhyn/reach/data/local/dao/MessageDao.kt:58:6 Unresolved reference 'Query'.
e: file:///home/rhyn/ITD103/tawi-tawi-frontend/android/app/src/main/kotlin/com/rhyn/reach/data/local/dao/MessageDao.kt:62:6 Unresolved reference 'Query'.
e: file:///home/rhyn/ITD103/tawi-tawi-frontend/android/app/src/main/kotlin/com/rhyn/reach/data/local/dao/MessageDao.kt:65:6 Unresolved reference 'Query'.
e: file:///home/rhyn/ITD103/tawi-tawi-frontend/android/app/src/main/kotlin/com/rhyn/reach/data/local/dao/MessageDao.kt:69:6 Unresolved reference 'Query'.
e: file:///home/rhyn/ITD103/tawi-tawi-frontend/android/app/src/main/kotlin/com/rhyn/reach/data/local/dao/MessageDao.kt:72:6 Unresolved reference 'Query'.
e: file:///home/rhyn/ITD103/tawi-tawi-frontend/android/app/src/main/kotlin/com/rhyn/reach/data/local/dao/MessageDao.kt:75:6 Unresolved reference 'Query'.
e: file:///home/rhyn/ITD103/tawi-tawi-frontend/android/app/src/main/kotlin/com/rhyn/reach/data/local/dao/UserDao.kt:3:17 Unresolved reference 'room'.
e: file:///home/rhyn/ITD103/tawi-tawi-frontend/android/app/src/main/kotlin/com/rhyn/reach/data/local/dao/UserDao.kt:4:17 Unresolved reference 'room'.
e: file:///home/rhyn/ITD103/tawi-tawi-frontend/android/app/src/main/kotlin/com/rhyn/reach/data/local/dao/UserDao.kt:5:17 Unresolved reference 'room'.
e: file:///home/rhyn/ITD103/tawi-tawi-frontend/android/app/src/main/kotlin/com/rhyn/reach/data/local/dao/UserDao.kt:6:17 Unresolved reference 'room'.
e: file:///home/rhyn/ITD103/tawi-tawi-frontend/android/app/src/main/kotlin/com/rhyn/reach/data/local/dao/UserDao.kt:10:2 Unresolved reference 'Dao'.
e: file:///home/rhyn/ITD103/tawi-tawi-frontend/android/app/src/main/kotlin/com/rhyn/reach/data/local/dao/UserDao.kt:11:11 Redeclaration:
interface UserDao : Any
e: file:///home/rhyn/ITD103/tawi-tawi-frontend/android/app/src/main/kotlin/com/rhyn/reach/data/local/dao/UserDao.kt:12:6 Unresolved reference 'Insert'.
e: file:///home/rhyn/ITD103/tawi-tawi-frontend/android/app/src/main/kotlin/com/rhyn/reach/data/local/dao/UserDao.kt:12:26 Unresolved reference 'OnConflictStrategy'.
e: file:///home/rhyn/ITD103/tawi-tawi-frontend/android/app/src/main/kotlin/com/rhyn/reach/data/local/dao/UserDao.kt:16:6 Unresolved reference 'Query'.
e: file:///home/rhyn/ITD103/tawi-tawi-frontend/android/app/src/main/kotlin/com/rhyn/reach/data/local/dao/UserDao.kt:19:6 Unresolved reference 'Query'.
e: file:///home/rhyn/ITD103/tawi-tawi-frontend/android/app/src/main/kotlin/com/rhyn/reach/data/local/dao/UserDao.kt:22:6 Unresolved reference 'Query'.
e: file:///home/rhyn/ITD103/tawi-tawi-frontend/android/app/src/main/kotlin/com/rhyn/reach/data/local/dao/UserDao.kt:25:6 Unresolved reference 'Query'.
e: file:///home/rhyn/ITD103/tawi-tawi-frontend/android/app/src/main/kotlin/com/rhyn/reach/data/local/dao/UserDao.kt:29:6 Unresolved reference 'Query'.
e: file:///home/rhyn/ITD103/tawi-tawi-frontend/android/app/src/main/kotlin/com/rhyn/reach/data/local/dao/UserDao.kt:32:6 Unresolved reference 'Query'.
e: file:///home/rhyn/ITD103/tawi-tawi-frontend/android/app/src/main/kotlin/com/rhyn/reach/data/local/dao/UserDao.kt:37:6 Unresolved reference 'Query'.
e: file:///home/rhyn/ITD103/tawi-tawi-frontend/android/app/src/main/kotlin/com/rhyn/reach/data/local/dao/UserDao.kt:41:6 Unresolved reference 'Query'.
e: file:///home/rhyn/ITD103/tawi-tawi-frontend/android/app/src/main/kotlin/com/rhyn/reach/data/local/dao/UserDao.kt:45:6 Unresolved reference 'Query'.
e: file:///home/rhyn/ITD103/tawi-tawi-frontend/android/app/src/main/kotlin/com/rhyn/reach/data/local/prefs/SessionManager.kt:5:8 Unresolved reference 'dagger'.
e: file:///home/rhyn/ITD103/tawi-tawi-frontend/android/app/src/main/kotlin/com/rhyn/reach/data/local/prefs/SessionManager.kt:6:14 Unresolved reference 'inject'.
e: file:///home/rhyn/ITD103/tawi-tawi-frontend/android/app/src/main/kotlin/com/rhyn/reach/data/local/prefs/SessionManager.kt:7:14 Unresolved reference 'inject'.
e: file:///home/rhyn/ITD103/tawi-tawi-frontend/android/app/src/main/kotlin/com/rhyn/reach/data/local/prefs/SessionManager.kt:9:2 Unresolved reference 'Singleton'.
e: file:///home/rhyn/ITD103/tawi-tawi-frontend/android/app/src/main/kotlin/com/rhyn/reach/data/local/prefs/SessionManager.kt:10:7 Redeclaration:
class SessionManager : Any
e: file:///home/rhyn/ITD103/tawi-tawi-frontend/android/app/src/main/kotlin/com/rhyn/reach/data/local/prefs/SessionManager.kt:10:23 Unresolved reference 'Inject'.
e: file:///home/rhyn/ITD103/tawi-tawi-frontend/android/app/src/main/kotlin/com/rhyn/reach/data/local/prefs/SessionManager.kt:11:6 Unresolved reference 'ApplicationContext'.
e: file:///home/rhyn/ITD103/tawi-tawi-frontend/android/app/src/main/kotlin/com/rhyn/reach/data/remote/ApiService.kt:5:11 Unresolved reference 'ktor'.
e: file:///home/rhyn/ITD103/tawi-tawi-frontend/android/app/src/main/kotlin/com/rhyn/reach/data/remote/ApiService.kt:6:11 Unresolved reference 'ktor'.
e: file:///home/rhyn/ITD103/tawi-tawi-frontend/android/app/src/main/kotlin/com/rhyn/reach/data/remote/ApiService.kt:7:11 Unresolved reference 'ktor'.
e: file:///home/rhyn/ITD103/tawi-tawi-frontend/android/app/src/main/kotlin/com/rhyn/reach/data/remote/ApiService.kt:8:11 Unresolved reference 'ktor'.
e: file:///home/rhyn/ITD103/tawi-tawi-frontend/android/app/src/main/kotlin/com/rhyn/reach/data/remote/ApiService.kt:9:11 Unresolved reference 'ktor'.
e: file:///home/rhyn/ITD103/tawi-tawi-frontend/android/app/src/main/kotlin/com/rhyn/reach/data/remote/ApiService.kt:10:11 Unresolved reference 'ktor'.
e: file:///home/rhyn/ITD103/tawi-tawi-frontend/android/app/src/main/kotlin/com/rhyn/reach/data/remote/ApiService.kt:11:11 Unresolved reference 'ktor'.
e: file:///home/rhyn/ITD103/tawi-tawi-frontend/android/app/src/main/kotlin/com/rhyn/reach/data/remote/ApiService.kt:12:14 Unresolved reference 'inject'.
e: file:///home/rhyn/ITD103/tawi-tawi-frontend/android/app/src/main/kotlin/com/rhyn/reach/data/remote/ApiService.kt:13:14 Unresolved reference 'inject'.
e: file:///home/rhyn/ITD103/tawi-tawi-frontend/android/app/src/main/kotlin/com/rhyn/reach/data/remote/ApiService.kt:14:11 Unresolved reference 'ktor'.
e: file:///home/rhyn/ITD103/tawi-tawi-frontend/android/app/src/main/kotlin/com/rhyn/reach/data/remote/ApiService.kt:15:11 Unresolved reference 'ktor'.
e: file:///home/rhyn/ITD103/tawi-tawi-frontend/android/app/src/main/kotlin/com/rhyn/reach/data/remote/ApiService.kt:17:16 Unresolved reference 'serialization'.
e: file:///home/rhyn/ITD103/tawi-tawi-frontend/android/app/src/main/kotlin/com/rhyn/reach/data/remote/ApiService.kt:20:2 Cannot access 'typealias Serializable = Serializable': it is internal in file.
e: file:///home/rhyn/ITD103/tawi-tawi-frontend/android/app/src/main/kotlin/com/rhyn/reach/data/remote/ApiService.kt:20:2 Illegal annotation class 'Serializable'.
e: file:///home/rhyn/ITD103/tawi-tawi-frontend/android/app/src/main/kotlin/com/rhyn/reach/data/remote/ApiService.kt:21:12 Redeclaration:
data class MediaUploadResponse : Any
e: file:///home/rhyn/ITD103/tawi-tawi-frontend/android/app/src/main/kotlin/com/rhyn/reach/data/remote/ApiService.kt:23:2 Unresolved reference 'Singleton'.
e: file:///home/rhyn/ITD103/tawi-tawi-frontend/android/app/src/main/kotlin/com/rhyn/reach/data/remote/ApiService.kt:24:7 Redeclaration:
class ApiService : Any
e: file:///home/rhyn/ITD103/tawi-tawi-frontend/android/app/src/main/kotlin/com/rhyn/reach/data/remote/ApiService.kt:24:19 Unresolved reference 'Inject'.
e: file:///home/rhyn/ITD103/tawi-tawi-frontend/android/app/src/main/kotlin/com/rhyn/reach/data/remote/ApiService.kt:25:25 Unresolved reference 'HttpClient'.
e: file:///home/rhyn/ITD103/tawi-tawi-frontend/android/app/src/main/kotlin/com/rhyn/reach/data/remote/ApiService.kt:32:31 Unresolved reference 'post'.
e: file:///home/rhyn/ITD103/tawi-tawi-frontend/android/app/src/main/kotlin/com/rhyn/reach/data/remote/ApiService.kt:33:13 Unresolved reference 'header'.
e: file:///home/rhyn/ITD103/tawi-tawi-frontend/android/app/src/main/kotlin/com/rhyn/reach/data/remote/ApiService.kt:34:13 Unresolved reference 'contentType'.
e: file:///home/rhyn/ITD103/tawi-tawi-frontend/android/app/src/main/kotlin/com/rhyn/reach/data/remote/ApiService.kt:34:25 Unresolved reference 'ContentType'.
e: file:///home/rhyn/ITD103/tawi-tawi-frontend/android/app/src/main/kotlin/com/rhyn/reach/data/remote/ApiService.kt:35:13 Unresolved reference 'setBody'.
e: file:///home/rhyn/ITD103/tawi-tawi-frontend/android/app/src/main/kotlin/com/rhyn/reach/data/remote/ApiService.kt:47:31 Unresolved reference 'post'.
e: file:///home/rhyn/ITD103/tawi-tawi-frontend/android/app/src/main/kotlin/com/rhyn/reach/data/remote/ApiService.kt:48:13 Unresolved reference 'header'.
e: file:///home/rhyn/ITD103/tawi-tawi-frontend/android/app/src/main/kotlin/com/rhyn/reach/data/remote/ApiService.kt:49:13 Unresolved reference 'contentType'.
e: file:///home/rhyn/ITD103/tawi-tawi-frontend/android/app/src/main/kotlin/com/rhyn/reach/data/remote/ApiService.kt:49:25 Unresolved reference 'ContentType'.
e: file:///home/rhyn/ITD103/tawi-tawi-frontend/android/app/src/main/kotlin/com/rhyn/reach/data/remote/ApiService.kt:50:13 Unresolved reference 'setBody'.
e: file:///home/rhyn/ITD103/tawi-tawi-frontend/android/app/src/main/kotlin/com/rhyn/reach/data/remote/ApiService.kt:61:51 Unresolved reference 'DefaultClientWebSocketSession'.
e: file:///home/rhyn/ITD103/tawi-tawi-frontend/android/app/src/main/kotlin/com/rhyn/reach/data/remote/ApiService.kt:62:23 Unresolved reference 'webSocketSession'.
e: file:///home/rhyn/ITD103/tawi-tawi-frontend/android/app/src/main/kotlin/com/rhyn/reach/data/remote/ApiService.kt:63:13 Unresolved reference 'url'.
e: file:///home/rhyn/ITD103/tawi-tawi-frontend/android/app/src/main/kotlin/com/rhyn/reach/data/remote/ApiService.kt:64:13 Unresolved reference 'header'.
e: file:///home/rhyn/ITD103/tawi-tawi-frontend/android/app/src/main/kotlin/com/rhyn/reach/data/remote/ApiService.kt:69:72 Too many arguments for 'fun MatchGroupCollection.get(name: String): MatchGroup?'.
e: file:///home/rhyn/ITD103/tawi-tawi-frontend/android/app/src/main/kotlin/com/rhyn/reach/data/remote/ApiService.kt:70:13 Unresolved reference 'header'.
e: file:///home/rhyn/ITD103/tawi-tawi-frontend/android/app/src/main/kotlin/com/rhyn/reach/data/remote/ApiService.kt:73:22 Unresolved reference 'status'.
e: file:///home/rhyn/ITD103/tawi-tawi-frontend/android/app/src/main/kotlin/com/rhyn/reach/data/remote/ApiService.kt:74:29 Unresolved reference 'body'.
e: file:///home/rhyn/ITD103/tawi-tawi-frontend/android/app/src/main/kotlin/com/rhyn/reach/data/remote/ApiService.kt:81:31 Unresolved reference 'post'.
e: file:///home/rhyn/ITD103/tawi-tawi-frontend/android/app/src/main/kotlin/com/rhyn/reach/data/remote/ApiService.kt:82:13 Unresolved reference 'header'.
e: file:///home/rhyn/ITD103/tawi-tawi-frontend/android/app/src/main/kotlin/com/rhyn/reach/data/remote/ApiService.kt:83:13 Unresolved reference 'header'.
e: file:///home/rhyn/ITD103/tawi-tawi-frontend/android/app/src/main/kotlin/com/rhyn/reach/data/remote/ApiService.kt:84:13 Unresolved reference 'contentType'.
e: file:///home/rhyn/ITD103/tawi-tawi-frontend/android/app/src/main/kotlin/com/rhyn/reach/data/remote/ApiService.kt:84:25 Unresolved reference 'ContentType'.
e: file:///home/rhyn/ITD103/tawi-tawi-frontend/android/app/src/main/kotlin/com/rhyn/reach/data/remote/ApiService.kt:85:13 Unresolved reference 'setBody'.
e: file:///home/rhyn/ITD103/tawi-tawi-frontend/android/app/src/main/kotlin/com/rhyn/reach/data/remote/ApiService.kt:97:31 Unresolved reference 'post'.
e: file:///home/rhyn/ITD103/tawi-tawi-frontend/android/app/src/main/kotlin/com/rhyn/reach/data/remote/ApiService.kt:98:13 Unresolved reference 'header'.
e: file:///home/rhyn/ITD103/tawi-tawi-frontend/android/app/src/main/kotlin/com/rhyn/reach/data/remote/ApiService.kt:99:13 Unresolved reference 'header'.
e: file:///home/rhyn/ITD103/tawi-tawi-frontend/android/app/src/main/kotlin/com/rhyn/reach/data/remote/ApiService.kt:100:13 Unresolved reference 'contentType'.
e: file:///home/rhyn/ITD103/tawi-tawi-frontend/android/app/src/main/kotlin/com/rhyn/reach/data/remote/ApiService.kt:100:25 Unresolved reference 'ContentType'.
e: file:///home/rhyn/ITD103/tawi-tawi-frontend/android/app/src/main/kotlin/com/rhyn/reach/data/remote/ApiService.kt:101:13 Unresolved reference 'setBody'.
e: file:///home/rhyn/ITD103/tawi-tawi-frontend/android/app/src/main/kotlin/com/rhyn/reach/data/remote/ApiService.kt:109:82 Too many arguments for 'fun MatchGroupCollection.get(name: String): MatchGroup?'.
e: file:///home/rhyn/ITD103/tawi-tawi-frontend/android/app/src/main/kotlin/com/rhyn/reach/data/remote/ApiService.kt:110:13 Unresolved reference 'header'.
e: file:///home/rhyn/ITD103/tawi-tawi-frontend/android/app/src/main/kotlin/com/rhyn/reach/data/remote/ApiService.kt:113:22 Unresolved reference 'status'.
e: file:///home/rhyn/ITD103/tawi-tawi-frontend/android/app/src/main/kotlin/com/rhyn/reach/data/remote/ApiService.kt:114:29 Unresolved reference 'body'.
e: file:///home/rhyn/ITD103/tawi-tawi-frontend/android/app/src/main/kotlin/com/rhyn/reach/data/remote/ApiService.kt:116:38 Unresolved reference 'bodyAsText'.
e: file:///home/rhyn/ITD103/tawi-tawi-frontend/android/app/src/main/kotlin/com/rhyn/reach/data/remote/ApiService.kt:117:69 Unresolved reference 'status'.
e: file:///home/rhyn/ITD103/tawi-tawi-frontend/android/app/src/main/kotlin/com/rhyn/reach/data/remote/ApiService.kt:121:87 Unresolved reference 'HttpResponse'.
e: file:///home/rhyn/ITD103/tawi-tawi-frontend/android/app/src/main/kotlin/com/rhyn/reach/data/remote/ApiService.kt:122:23 Unresolved reference 'post'.
e: file:///home/rhyn/ITD103/tawi-tawi-frontend/android/app/src/main/kotlin/com/rhyn/reach/data/remote/ApiService.kt:123:13 Unresolved reference 'header'.
e: file:///home/rhyn/ITD103/tawi-tawi-frontend/android/app/src/main/kotlin/com/rhyn/reach/data/remote/ApiService.kt:124:13 Unresolved reference 'header'.
e: file:///home/rhyn/ITD103/tawi-tawi-frontend/android/app/src/main/kotlin/com/rhyn/reach/data/remote/ApiService.kt:125:13 Unresolved reference 'contentType'.
e: file:///home/rhyn/ITD103/tawi-tawi-frontend/android/app/src/main/kotlin/com/rhyn/reach/data/remote/ApiService.kt:125:25 Unresolved reference 'ContentType'.
e: file:///home/rhyn/ITD103/tawi-tawi-frontend/android/app/src/main/kotlin/com/rhyn/reach/data/remote/ApiService.kt:126:13 Unresolved reference 'setBody'.
e: file:///home/rhyn/ITD103/tawi-tawi-frontend/android/app/src/main/kotlin/com/rhyn/reach/data/remote/ApiService.kt:130:71 Unresolved reference 'HttpResponse'.
e: file:///home/rhyn/ITD103/tawi-tawi-frontend/android/app/src/main/kotlin/com/rhyn/reach/data/remote/ApiService.kt:131:23 Unresolved reference 'delete'.
e: file:///home/rhyn/ITD103/tawi-tawi-frontend/android/app/src/main/kotlin/com/rhyn/reach/data/remote/ApiService.kt:132:13 Unresolved reference 'header'.
e: file:///home/rhyn/ITD103/tawi-tawi-frontend/android/app/src/main/kotlin/com/rhyn/reach/data/remote/ApiService.kt:133:13 Unresolved reference 'header'.
e: file:///home/rhyn/ITD103/tawi-tawi-frontend/android/app/src/main/kotlin/com/rhyn/reach/data/remote/ApiService.kt:137:43 Unresolved reference 'HttpResponse'.
e: file:///home/rhyn/ITD103/tawi-tawi-frontend/android/app/src/main/kotlin/com/rhyn/reach/data/remote/ApiService.kt:138:60 Too many arguments for 'fun MatchGroupCollection.get(name: String): MatchGroup?'.
e: file:///home/rhyn/ITD103/tawi-tawi-frontend/android/app/src/main/kotlin/com/rhyn/reach/data/remote/ApiService.kt:139:13 Unresolved reference 'header'.
e: file:///home/rhyn/ITD103/tawi-tawi-frontend/android/app/src/main/kotlin/com/rhyn/reach/data/remote/ApiService.kt:140:13 Unresolved reference 'header'.
e: file:///home/rhyn/ITD103/tawi-tawi-frontend/android/app/src/main/kotlin/com/rhyn/reach/data/remote/ApiService.kt:144:55 Unresolved reference 'HttpResponse'.
e: file:///home/rhyn/ITD103/tawi-tawi-frontend/android/app/src/main/kotlin/com/rhyn/reach/data/remote/ApiService.kt:145:65 Too many arguments for 'fun MatchGroupCollection.get(name: String): MatchGroup?'.
e: file:///home/rhyn/ITD103/tawi-tawi-frontend/android/app/src/main/kotlin/com/rhyn/reach/data/remote/ApiService.kt:146:13 Unresolved reference 'header'.
e: file:///home/rhyn/ITD103/tawi-tawi-frontend/android/app/src/main/kotlin/com/rhyn/reach/data/remote/ApiService.kt:147:13 Unresolved reference 'header'.
e: file:///home/rhyn/ITD103/tawi-tawi-frontend/android/app/src/main/kotlin/com/rhyn/reach/data/remote/ApiService.kt:153:31 Unresolved reference 'post'.
e: file:///home/rhyn/ITD103/tawi-tawi-frontend/android/app/src/main/kotlin/com/rhyn/reach/data/remote/ApiService.kt:154:13 Unresolved reference 'header'.
e: file:///home/rhyn/ITD103/tawi-tawi-frontend/android/app/src/main/kotlin/com/rhyn/reach/data/remote/ApiService.kt:155:13 Unresolved reference 'header'.
e: file:///home/rhyn/ITD103/tawi-tawi-frontend/android/app/src/main/kotlin/com/rhyn/reach/data/remote/ApiService.kt:156:13 Unresolved reference 'setBody'.
e: file:///home/rhyn/ITD103/tawi-tawi-frontend/android/app/src/main/kotlin/com/rhyn/reach/data/remote/ApiService.kt:157:17 Unresolved reference 'MultiPartFormDataContent'.
e: file:///home/rhyn/ITD103/tawi-tawi-frontend/android/app/src/main/kotlin/com/rhyn/reach/data/remote/ApiService.kt:158:21 Unresolved reference 'formData'.
e: file:///home/rhyn/ITD103/tawi-tawi-frontend/android/app/src/main/kotlin/com/rhyn/reach/data/remote/ApiService.kt:159:25 Unresolved reference. None of the following candidates is applicable because of a receiver type mismatch:
fun <T : Appendable> T.append(vararg value: CharSequence?): T
e: file:///home/rhyn/ITD103/tawi-tawi-frontend/android/app/src/main/kotlin/com/rhyn/reach/data/remote/ApiService.kt:159:58 Unresolved reference 'Headers'.
e: file:///home/rhyn/ITD103/tawi-tawi-frontend/android/app/src/main/kotlin/com/rhyn/reach/data/remote/ApiService.kt:160:29 Unresolved reference. None of the following candidates is applicable because of a receiver type mismatch:
fun <T : Appendable> T.append(vararg value: CharSequence?): T
e: file:///home/rhyn/ITD103/tawi-tawi-frontend/android/app/src/main/kotlin/com/rhyn/reach/data/remote/ApiService.kt:160:36 Unresolved reference 'HttpHeaders'.
e: file:///home/rhyn/ITD103/tawi-tawi-frontend/android/app/src/main/kotlin/com/rhyn/reach/data/remote/ApiService.kt:162:29 Unresolved reference 'set'.
e: file:///home/rhyn/ITD103/tawi-tawi-frontend/android/app/src/main/kotlin/com/rhyn/reach/data/remote/ApiService.kt:162:33 Unresolved reference 'HttpHeaders'.
e: file:///home/rhyn/ITD103/tawi-tawi-frontend/android/app/src/main/kotlin/com/rhyn/reach/data/remote/ApiService.kt:178:31 Unresolved reference 'post'.
e: file:///home/rhyn/ITD103/tawi-tawi-frontend/android/app/src/main/kotlin/com/rhyn/reach/data/remote/ApiService.kt:179:13 Unresolved reference 'header'.
e: file:///home/rhyn/ITD103/tawi-tawi-frontend/android/app/src/main/kotlin/com/rhyn/reach/data/remote/ApiService.kt:180:13 Unresolved reference 'contentType'.
e: file:///home/rhyn/ITD103/tawi-tawi-frontend/android/app/src/main/kotlin/com/rhyn/reach/data/remote/ApiService.kt:180:25 Unresolved reference 'ContentType'.
e: file:///home/rhyn/ITD103/tawi-tawi-frontend/android/app/src/main/kotlin/com/rhyn/reach/data/remote/ApiService.kt:181:13 Unresolved reference 'setBody'.
e: file:///home/rhyn/ITD103/tawi-tawi-frontend/android/app/src/main/kotlin/com/rhyn/reach/data/remote/ApiService.kt:191:31 Unresolved reference 'post'.
e: file:///home/rhyn/ITD103/tawi-tawi-frontend/android/app/src/main/kotlin/com/rhyn/reach/data/remote/ApiService.kt:192:13 Unresolved reference 'header'.
e: file:///home/rhyn/ITD103/tawi-tawi-frontend/android/app/src/main/kotlin/com/rhyn/reach/data/remote/ApiService.kt:193:13 Unresolved reference 'contentType'.
e: file:///home/rhyn/ITD103/tawi-tawi-frontend/android/app/src/main/kotlin/com/rhyn/reach/data/remote/ApiService.kt:193:25 Unresolved reference 'ContentType'.
e: file:///home/rhyn/ITD103/tawi-tawi-frontend/android/app/src/main/kotlin/com/rhyn/reach/data/remote/ApiService.kt:194:13 Unresolved reference 'setBody'.
e: file:///home/rhyn/ITD103/tawi-tawi-frontend/android/app/src/main/kotlin/com/rhyn/reach/data/remote/model/NetworkModels.kt:3:16 Unresolved reference 'serialization'.
e: file:///home/rhyn/ITD103/tawi-tawi-frontend/android/app/src/main/kotlin/com/rhyn/reach/data/remote/model/NetworkModels.kt:5:2 Cannot access 'typealias Serializable = Serializable': it is internal in file.
e: file:///home/rhyn/ITD103/tawi-tawi-frontend/android/app/src/main/kotlin/com/rhyn/reach/data/remote/model/NetworkModels.kt:5:2 Illegal annotation class 'Serializable'.
e: file:///home/rhyn/ITD103/tawi-tawi-frontend/android/app/src/main/kotlin/com/rhyn/reach/data/remote/model/NetworkModels.kt:6:12 Redeclaration:
data class UserCreateRequest : Any
e: file:///home/rhyn/ITD103/tawi-tawi-frontend/android/app/src/main/kotlin/com/rhyn/reach/data/remote/model/NetworkModels.kt:15:2 Cannot access 'typealias Serializable = Serializable': it is internal in file.
e: file:///home/rhyn/ITD103/tawi-tawi-frontend/android/app/src/main/kotlin/com/rhyn/reach/data/remote/model/NetworkModels.kt:15:2 Illegal annotation class 'Serializable'.
e: file:///home/rhyn/ITD103/tawi-tawi-frontend/android/app/src/main/kotlin/com/rhyn/reach/data/remote/model/NetworkModels.kt:16:12 Redeclaration:
data class UserLoginRequest : Any
e: file:///home/rhyn/ITD103/tawi-tawi-frontend/android/app/src/main/kotlin/com/rhyn/reach/data/remote/model/NetworkModels.kt:22:2 Cannot access 'typealias Serializable = Serializable': it is internal in file.
e: file:///home/rhyn/ITD103/tawi-tawi-frontend/android/app/src/main/kotlin/com/rhyn/reach/data/remote/model/NetworkModels.kt:22:2 Illegal annotation class 'Serializable'.
e: file:///home/rhyn/ITD103/tawi-tawi-frontend/android/app/src/main/kotlin/com/rhyn/reach/data/remote/model/NetworkModels.kt:23:12 Redeclaration:
data class LoginResponse : Any
e: file:///home/rhyn/ITD103/tawi-tawi-frontend/android/app/src/main/kotlin/com/rhyn/reach/data/remote/model/NetworkModels.kt:31:2 Cannot access 'typealias Serializable = Serializable': it is internal in file.
e: file:///home/rhyn/ITD103/tawi-tawi-frontend/android/app/src/main/kotlin/com/rhyn/reach/data/remote/model/NetworkModels.kt:31:2 Illegal annotation class 'Serializable'.
e: file:///home/rhyn/ITD103/tawi-tawi-frontend/android/app/src/main/kotlin/com/rhyn/reach/data/remote/model/NetworkModels.kt:32:12 Redeclaration:
data class UserResponse : Any
e: file:///home/rhyn/ITD103/tawi-tawi-frontend/android/app/src/main/kotlin/com/rhyn/reach/data/remote/model/NetworkModels.kt:39:2 Cannot access 'typealias Serializable = Serializable': it is internal in file.
e: file:///home/rhyn/ITD103/tawi-tawi-frontend/android/app/src/main/kotlin/com/rhyn/reach/data/remote/model/NetworkModels.kt:39:2 Illegal annotation class 'Serializable'.
e: file:///home/rhyn/ITD103/tawi-tawi-frontend/android/app/src/main/kotlin/com/rhyn/reach/data/remote/model/NetworkModels.kt:40:12 Redeclaration:
data class CloudMessageResponse : Any
e: file:///home/rhyn/ITD103/tawi-tawi-frontend/android/app/src/main/kotlin/com/rhyn/reach/data/remote/model/NetworkModels.kt:51:2 Cannot access 'typealias Serializable = Serializable': it is internal in file.
e: file:///home/rhyn/ITD103/tawi-tawi-frontend/android/app/src/main/kotlin/com/rhyn/reach/data/remote/model/NetworkModels.kt:51:2 Illegal annotation class 'Serializable'.
e: file:///home/rhyn/ITD103/tawi-tawi-frontend/android/app/src/main/kotlin/com/rhyn/reach/data/remote/model/NetworkModels.kt:52:12 Redeclaration:
data class GroupCreateRequest : Any
e: file:///home/rhyn/ITD103/tawi-tawi-frontend/android/app/src/main/kotlin/com/rhyn/reach/data/remote/model/NetworkModels.kt:58:2 Cannot access 'typealias Serializable = Serializable': it is internal in file.
e: file:///home/rhyn/ITD103/tawi-tawi-frontend/android/app/src/main/kotlin/com/rhyn/reach/data/remote/model/NetworkModels.kt:58:2 Illegal annotation class 'Serializable'.
e: file:///home/rhyn/ITD103/tawi-tawi-frontend/android/app/src/main/kotlin/com/rhyn/reach/data/remote/model/NetworkModels.kt:59:12 Redeclaration:
data class GroupResponse : Any
e: file:///home/rhyn/ITD103/tawi-tawi-frontend/android/app/src/main/kotlin/com/rhyn/reach/data/remote/model/NetworkModels.kt:68:2 Cannot access 'typealias Serializable = Serializable': it is internal in file.
e: file:///home/rhyn/ITD103/tawi-tawi-frontend/android/app/src/main/kotlin/com/rhyn/reach/data/remote/model/NetworkModels.kt:68:2 Illegal annotation class 'Serializable'.
e: file:///home/rhyn/ITD103/tawi-tawi-frontend/android/app/src/main/kotlin/com/rhyn/reach/data/remote/model/NetworkModels.kt:69:12 Redeclaration:
data class FCMTokenRequest : Any
e: file:///home/rhyn/ITD103/tawi-tawi-frontend/android/app/src/main/kotlin/com/rhyn/reach/data/remote/model/NetworkModels.kt:73:2 Cannot access 'typealias Serializable = Serializable': it is internal in file.
e: file:///home/rhyn/ITD103/tawi-tawi-frontend/android/app/src/main/kotlin/com/rhyn/reach/data/remote/model/NetworkModels.kt:73:2 Illegal annotation class 'Serializable'.
e: file:///home/rhyn/ITD103/tawi-tawi-frontend/android/app/src/main/kotlin/com/rhyn/reach/data/remote/model/NetworkModels.kt:74:12 Redeclaration:
data class OutgoingCloudMessage : Any
e: file:///home/rhyn/ITD103/tawi-tawi-frontend/android/app/src/main/kotlin/com/rhyn/reach/data/remote/model/NetworkModels.kt:84:2 Cannot access 'typealias Serializable = Serializable': it is internal in file.
e: file:///home/rhyn/ITD103/tawi-tawi-frontend/android/app/src/main/kotlin/com/rhyn/reach/data/remote/model/NetworkModels.kt:84:2 Illegal annotation class 'Serializable'.
e: file:///home/rhyn/ITD103/tawi-tawi-frontend/android/app/src/main/kotlin/com/rhyn/reach/data/remote/model/NetworkModels.kt:85:12 Redeclaration:
data class PublicKeyResponse : Any
e: file:///home/rhyn/ITD103/tawi-tawi-frontend/android/app/src/main/kotlin/com/rhyn/reach/data/remote/model/NetworkModels.kt:91:2 Cannot access 'typealias Serializable = Serializable': it is internal in file.
e: file:///home/rhyn/ITD103/tawi-tawi-frontend/android/app/src/main/kotlin/com/rhyn/reach/data/remote/model/NetworkModels.kt:91:2 Illegal annotation class 'Serializable'.
e: file:///home/rhyn/ITD103/tawi-tawi-frontend/android/app/src/main/kotlin/com/rhyn/reach/data/remote/model/NetworkModels.kt:92:12 Redeclaration:
data class BackupMessageDto : Any
e: file:///home/rhyn/ITD103/tawi-tawi-frontend/android/app/src/main/kotlin/com/rhyn/reach/data/remote/model/NetworkModels.kt:101:2 Cannot access 'typealias Serializable = Serializable': it is internal in file.
e: file:///home/rhyn/ITD103/tawi-tawi-frontend/android/app/src/main/kotlin/com/rhyn/reach/data/remote/model/NetworkModels.kt:101:2 Illegal annotation class 'Serializable'.
e: file:///home/rhyn/ITD103/tawi-tawi-frontend/android/app/src/main/kotlin/com/rhyn/reach/data/remote/model/NetworkModels.kt:102:12 Redeclaration:
data class SyncInboxResponse : Any
e: file:///home/rhyn/ITD103/tawi-tawi-frontend/android/app/src/main/kotlin/com/rhyn/reach/data/remote/model/NetworkModels.kt:107:2 Cannot access 'typealias Serializable = Serializable': it is internal in file.
e: file:///home/rhyn/ITD103/tawi-tawi-frontend/android/app/src/main/kotlin/com/rhyn/reach/data/remote/model/NetworkModels.kt:107:2 Illegal annotation class 'Serializable'.
e: file:///home/rhyn/ITD103/tawi-tawi-frontend/android/app/src/main/kotlin/com/rhyn/reach/data/remote/model/NetworkModels.kt:108:12 Redeclaration:
data class MeshEnvelope : Any
e: file:///home/rhyn/ITD103/tawi-tawi-frontend/android/app/src/main/kotlin/com/rhyn/reach/data/remote/model/NetworkModels.kt:124:2 Cannot access 'typealias Serializable = Serializable': it is internal in file.
e: file:///home/rhyn/ITD103/tawi-tawi-frontend/android/app/src/main/kotlin/com/rhyn/reach/data/remote/model/NetworkModels.kt:124:2 Illegal annotation class 'Serializable'.
e: file:///home/rhyn/ITD103/tawi-tawi-frontend/android/app/src/main/kotlin/com/rhyn/reach/data/remote/model/NetworkModels.kt:125:12 Redeclaration:
data class GoogleBackupRequest : Any
e: file:///home/rhyn/ITD103/tawi-tawi-frontend/android/app/src/main/kotlin/com/rhyn/reach/data/remote/model/NetworkModels.kt:131:2 Cannot access 'typealias Serializable = Serializable': it is internal in file.
e: file:///home/rhyn/ITD103/tawi-tawi-frontend/android/app/src/main/kotlin/com/rhyn/reach/data/remote/model/NetworkModels.kt:131:2 Illegal annotation class 'Serializable'.
e: file:///home/rhyn/ITD103/tawi-tawi-frontend/android/app/src/main/kotlin/com/rhyn/reach/data/remote/model/NetworkModels.kt:132:12 Redeclaration:
data class GoogleAuthRequest : Any
e: file:///home/rhyn/ITD103/tawi-tawi-frontend/android/app/src/main/kotlin/com/rhyn/reach/data/remote/model/NetworkModels.kt:139:2 Cannot access 'typealias Serializable = Serializable': it is internal in file.
e: file:///home/rhyn/ITD103/tawi-tawi-frontend/android/app/src/main/kotlin/com/rhyn/reach/data/remote/model/NetworkModels.kt:139:2 Illegal annotation class 'Serializable'.
e: file:///home/rhyn/ITD103/tawi-tawi-frontend/android/app/src/main/kotlin/com/rhyn/reach/data/remote/model/NetworkModels.kt:140:12 Redeclaration:
data class GoogleAuthResponse : Any
e: file:///home/rhyn/ITD103/tawi-tawi-frontend/android/app/src/main/kotlin/com/rhyn/reach/data/repository/ChatRepositoryImpl.kt:6:19 Unresolved reference 'firebase'.
e: file:///home/rhyn/ITD103/tawi-tawi-frontend/android/app/src/main/kotlin/com/rhyn/reach/data/repository/ChatRepositoryImpl.kt:27:8 Unresolved reference 'dagger'.
e: file:///home/rhyn/ITD103/tawi-tawi-frontend/android/app/src/main/kotlin/com/rhyn/reach/data/repository/ChatRepositoryImpl.kt:28:11 Unresolved reference 'ktor'.
e: file:///home/rhyn/ITD103/tawi-tawi-frontend/android/app/src/main/kotlin/com/rhyn/reach/data/repository/ChatRepositoryImpl.kt:32:27 Unresolved reference 'tasks'.
e: file:///home/rhyn/ITD103/tawi-tawi-frontend/android/app/src/main/kotlin/com/rhyn/reach/data/repository/ChatRepositoryImpl.kt:35:14 Unresolved reference 'inject'.
e: file:///home/rhyn/ITD103/tawi-tawi-frontend/android/app/src/main/kotlin/com/rhyn/reach/data/repository/ChatRepositoryImpl.kt:38:16 Unresolved reference 'serialization'.
e: file:///home/rhyn/ITD103/tawi-tawi-frontend/android/app/src/main/kotlin/com/rhyn/reach/data/repository/ChatRepositoryImpl.kt:43:7 Redeclaration:
class ChatRepositoryImpl : ChatRepository
e: file:///home/rhyn/ITD103/tawi-tawi-frontend/android/app/src/main/kotlin/com/rhyn/reach/data/repository/ChatRepositoryImpl.kt:43:27 Unresolved reference 'Inject'.
e: file:///home/rhyn/ITD103/tawi-tawi-frontend/android/app/src/main/kotlin/com/rhyn/reach/data/repository/ChatRepositoryImpl.kt:44:6 Unresolved reference 'ApplicationContext'.
e: file:///home/rhyn/ITD103/tawi-tawi-frontend/android/app/src/main/kotlin/com/rhyn/reach/data/repository/ChatRepositoryImpl.kt:54:43 Unresolved reference 'dagger'.
e: file:///home/rhyn/ITD103/tawi-tawi-frontend/android/app/src/main/kotlin/com/rhyn/reach/data/repository/ChatRepositoryImpl.kt:338:13 Unresolved reference 'FirebaseMessaging'.
e: file:///home/rhyn/ITD103/tawi-tawi-frontend/android/app/src/main/kotlin/com/rhyn/reach/data/repository/ChatRepositoryImpl.kt:433:34 Unresolved reference 'status'.
e: file:///home/rhyn/ITD103/tawi-tawi-frontend/android/app/src/main/kotlin/com/rhyn/reach/data/repository/ChatRepositoryImpl.kt:446:32 Unresolved reference 'Json'.
e: file:///home/rhyn/ITD103/tawi-tawi-frontend/android/app/src/main/kotlin/com/rhyn/reach/data/repository/ChatRepositoryImpl.kt:480:73 Argument type mismatch: actual type is 'kotlin.Any', but 'kotlin.String' was expected.
e: file:///home/rhyn/ITD103/tawi-tawi-frontend/android/app/src/main/kotlin/com/rhyn/reach/data/repository/ChatRepositoryImpl.kt:481:43 Assignment type mismatch: actual type is 'kotlin.Any', but 'kotlin.String' was expected.
e: file:///home/rhyn/ITD103/tawi-tawi-frontend/android/app/src/main/kotlin/com/rhyn/reach/data/repository/ChatRepositoryImpl.kt:506:49 No value passed for parameter 'name'.
e: file:///home/rhyn/ITD103/tawi-tawi-frontend/android/app/src/main/kotlin/com/rhyn/reach/data/repository/ChatRepositoryImpl.kt:506:52 Unresolved reference 'processIncomingRelay'.
e: file:///home/rhyn/ITD103/tawi-tawi-frontend/android/app/src/main/kotlin/com/rhyn/reach/data/repository/cloud/CloudSyncManager.kt:5:19 Unresolved reference 'firebase'.
e: file:///home/rhyn/ITD103/tawi-tawi-frontend/android/app/src/main/kotlin/com/rhyn/reach/data/repository/cloud/CloudSyncManager.kt:15:8 Unresolved reference 'dagger'.
e: file:///home/rhyn/ITD103/tawi-tawi-frontend/android/app/src/main/kotlin/com/rhyn/reach/data/repository/cloud/CloudSyncManager.kt:16:11 Unresolved reference 'ktor'.
e: file:///home/rhyn/ITD103/tawi-tawi-frontend/android/app/src/main/kotlin/com/rhyn/reach/data/repository/cloud/CloudSyncManager.kt:17:11 Unresolved reference 'ktor'.
e: file:///home/rhyn/ITD103/tawi-tawi-frontend/android/app/src/main/kotlin/com/rhyn/reach/data/repository/cloud/CloudSyncManager.kt:18:11 Unresolved reference 'ktor'.
e: file:///home/rhyn/ITD103/tawi-tawi-frontend/android/app/src/main/kotlin/com/rhyn/reach/data/repository/cloud/CloudSyncManager.kt:19:11 Unresolved reference 'ktor'.
e: file:///home/rhyn/ITD103/tawi-tawi-frontend/android/app/src/main/kotlin/com/rhyn/reach/data/repository/cloud/CloudSyncManager.kt:20:11 Unresolved reference 'ktor'.
e: file:///home/rhyn/ITD103/tawi-tawi-frontend/android/app/src/main/kotlin/com/rhyn/reach/data/repository/cloud/CloudSyncManager.kt:29:27 Unresolved reference 'tasks'.
e: file:///home/rhyn/ITD103/tawi-tawi-frontend/android/app/src/main/kotlin/com/rhyn/reach/data/repository/cloud/CloudSyncManager.kt:31:16 Unresolved reference 'serialization'.
e: file:///home/rhyn/ITD103/tawi-tawi-frontend/android/app/src/main/kotlin/com/rhyn/reach/data/repository/cloud/CloudSyncManager.kt:32:14 Unresolved reference 'inject'.
e: file:///home/rhyn/ITD103/tawi-tawi-frontend/android/app/src/main/kotlin/com/rhyn/reach/data/repository/cloud/CloudSyncManager.kt:33:14 Unresolved reference 'inject'.
e: file:///home/rhyn/ITD103/tawi-tawi-frontend/android/app/src/main/kotlin/com/rhyn/reach/data/repository/cloud/CloudSyncManager.kt:35:2 Unresolved reference 'Singleton'.
e: file:///home/rhyn/ITD103/tawi-tawi-frontend/android/app/src/main/kotlin/com/rhyn/reach/data/repository/cloud/CloudSyncManager.kt:36:7 Redeclaration:
class CloudSyncManager : Any
e: file:///home/rhyn/ITD103/tawi-tawi-frontend/android/app/src/main/kotlin/com/rhyn/reach/data/repository/cloud/CloudSyncManager.kt:36:25 Unresolved reference 'Inject'.
e: file:///home/rhyn/ITD103/tawi-tawi-frontend/android/app/src/main/kotlin/com/rhyn/reach/data/repository/cloud/CloudSyncManager.kt:43:6 Unresolved reference 'ApplicationContext'.
e: file:///home/rhyn/ITD103/tawi-tawi-frontend/android/app/src/main/kotlin/com/rhyn/reach/data/repository/cloud/CloudSyncManager.kt:45:33 Unresolved reference 'DefaultClientWebSocketSession'.
e: file:///home/rhyn/ITD103/tawi-tawi-frontend/android/app/src/main/kotlin/com/rhyn/reach/data/repository/cloud/CloudSyncManager.kt:55:33 Cannot infer type for this parameter. Please specify it explicitly.
e: file:///home/rhyn/ITD103/tawi-tawi-frontend/android/app/src/main/kotlin/com/rhyn/reach/data/repository/cloud/CloudSyncManager.kt:55:33 Unresolved reference. None of the following candidates is applicable because of a receiver type mismatch:
fun <T, R> T.let(block: (T) -> R): R
    [R|Contract description]
     <
        CallsInPlace(block, EXACTLY_ONCE)
    >
e: file:///home/rhyn/ITD103/tawi-tawi-frontend/android/app/src/main/kotlin/com/rhyn/reach/data/repository/cloud/CloudSyncManager.kt:55:39 Cannot infer type for this parameter. Please specify it explicitly.
e: file:///home/rhyn/ITD103/tawi-tawi-frontend/android/app/src/main/kotlin/com/rhyn/reach/data/repository/cloud/CloudSyncManager.kt:57:25 Unresolved reference 'send'.
e: file:///home/rhyn/ITD103/tawi-tawi-frontend/android/app/src/main/kotlin/com/rhyn/reach/data/repository/cloud/CloudSyncManager.kt:57:30 Unresolved reference 'Frame'.
e: file:///home/rhyn/ITD103/tawi-tawi-frontend/android/app/src/main/kotlin/com/rhyn/reach/data/repository/cloud/CloudSyncManager.kt:75:36 Unresolved reference 'FirebaseMessaging'.
e: file:///home/rhyn/ITD103/tawi-tawi-frontend/android/app/src/main/kotlin/com/rhyn/reach/data/repository/cloud/CloudSyncManager.kt:101:34 Unresolved reference 'Json'.
e: file:///home/rhyn/ITD103/tawi-tawi-frontend/android/app/src/main/kotlin/com/rhyn/reach/data/repository/cloud/CloudSyncManager.kt:101:41 Unresolved reference 'ignoreUnknownKeys'.
e: file:///home/rhyn/ITD103/tawi-tawi-frontend/android/app/src/main/kotlin/com/rhyn/reach/data/repository/cloud/CloudSyncManager.kt:102:56 Method 'iterator()' is ambiguous for this expression. Applicable candidates:
fun <T> Enumeration<T>.iterator(): Iterator<T>
fun <T> Iterator<T>.iterator(): Iterator<T>
fun <K, V> Map<out K, V>.iterator(): Iterator<Map.Entry<K, V>>
fun <K, V> MutableMap<K, V>.iterator(): MutableIterator<MutableMap.MutableEntry<K, V>>
fun CharSequence.iterator(): CharIterator
fun BufferedInputStream.iterator(): ByteIterator
e: file:///home/rhyn/ITD103/tawi-tawi-frontend/android/app/src/main/kotlin/com/rhyn/reach/data/repository/cloud/CloudSyncManager.kt:102:56 Unresolved reference 'incoming'.
e: file:///home/rhyn/ITD103/tawi-tawi-frontend/android/app/src/main/kotlin/com/rhyn/reach/data/repository/cloud/CloudSyncManager.kt:103:31 Unresolved reference 'Frame'.
e: file:///home/rhyn/ITD103/tawi-tawi-frontend/android/app/src/main/kotlin/com/rhyn/reach/data/repository/cloud/CloudSyncManager.kt:104:50 Unresolved reference 'readText'.
e: file:///home/rhyn/ITD103/tawi-tawi-frontend/android/app/src/main/kotlin/com/rhyn/reach/data/repository/cloud/CloudSyncManager.kt:125:26 Unresolved reference 'status'.
e: file:///home/rhyn/ITD103/tawi-tawi-frontend/android/app/src/main/kotlin/com/rhyn/reach/data/repository/cloud/CloudSyncManager.kt:126:42 Unresolved reference 'body'.
e: file:///home/rhyn/ITD103/tawi-tawi-frontend/android/app/src/main/kotlin/com/rhyn/reach/data/repository/cloud/CloudSyncManager.kt:129:46 Cannot infer type for this parameter. Please specify it explicitly.
e: file:///home/rhyn/ITD103/tawi-tawi-frontend/android/app/src/main/kotlin/com/rhyn/reach/data/repository/cloud/CloudSyncManager.kt:131:34 Unresolved reference 'target_id'.
e: file:///home/rhyn/ITD103/tawi-tawi-frontend/android/app/src/main/kotlin/com/rhyn/reach/data/repository/cloud/CloudSyncManager.kt:131:64 Unresolved reference 'sender_id'.
e: file:///home/rhyn/ITD103/tawi-tawi-frontend/android/app/src/main/kotlin/com/rhyn/reach/data/repository/cloud/CloudSyncManager.kt:132:91 Unresolved reference 'target_id'.
e: file:///home/rhyn/ITD103/tawi-tawi-frontend/android/app/src/main/kotlin/com/rhyn/reach/data/repository/cloud/CloudSyncManager.kt:133:25 Return type mismatch: expected 'ERROR CLASS: Cannot infer type variable TypeVariable(_L)', actual 'kotlin.Unit'.
e: file:///home/rhyn/ITD103/tawi-tawi-frontend/android/app/src/main/kotlin/com/rhyn/reach/data/repository/cloud/CloudSyncManager.kt:136:57 Unresolved reference 'sender_id'.
e: file:///home/rhyn/ITD103/tawi-tawi-frontend/android/app/src/main/kotlin/com/rhyn/reach/data/repository/cloud/CloudSyncManager.kt:136:85 Unresolved reference 'self_payload'.
e: file:///home/rhyn/ITD103/tawi-tawi-frontend/android/app/src/main/kotlin/com/rhyn/reach/data/repository/cloud/CloudSyncManager.kt:136:112 Unresolved reference 'target_payload'.
e: file:///home/rhyn/ITD103/tawi-tawi-frontend/android/app/src/main/kotlin/com/rhyn/reach/data/repository/cloud/CloudSyncManager.kt:144:21 Suspension functions can only be called within coroutine body.
e: file:///home/rhyn/ITD103/tawi-tawi-frontend/android/app/src/main/kotlin/com/rhyn/reach/data/repository/cloud/CloudSyncManager.kt:144:46 Unresolved reference 'sender_id'.
e: file:///home/rhyn/ITD103/tawi-tawi-frontend/android/app/src/main/kotlin/com/rhyn/reach/data/repository/cloud/CloudSyncManager.kt:144:66 Unresolved reference 'sender_username'.
e: file:///home/rhyn/ITD103/tawi-tawi-frontend/android/app/src/main/kotlin/com/rhyn/reach/data/repository/cloud/CloudSyncManager.kt:146:57 Unresolved reference 'target_id'.
e: file:///home/rhyn/ITD103/tawi-tawi-frontend/android/app/src/main/kotlin/com/rhyn/reach/data/repository/cloud/CloudSyncManager.kt:146:85 Unresolved reference 'sender_id'.
e: file:///home/rhyn/ITD103/tawi-tawi-frontend/android/app/src/main/kotlin/com/rhyn/reach/data/repository/cloud/CloudSyncManager.kt:146:109 Unresolved reference 'target_id'.
e: file:///home/rhyn/ITD103/tawi-tawi-frontend/android/app/src/main/kotlin/com/rhyn/reach/data/repository/cloud/CloudSyncManager.kt:147:45 Unresolved reference 'sender_id'.
e: file:///home/rhyn/ITD103/tawi-tawi-frontend/android/app/src/main/kotlin/com/rhyn/reach/data/repository/cloud/CloudSyncManager.kt:149:32 Suspension functions can only be called within coroutine body.
e: file:///home/rhyn/ITD103/tawi-tawi-frontend/android/app/src/main/kotlin/com/rhyn/reach/data/repository/cloud/CloudSyncManager.kt:151:50 Unresolved reference 'message_id'.
e: file:///home/rhyn/ITD103/tawi-tawi-frontend/android/app/src/main/kotlin/com/rhyn/reach/data/repository/cloud/CloudSyncManager.kt:154:49 Unresolved reference 'sender_id'.
e: file:///home/rhyn/ITD103/tawi-tawi-frontend/android/app/src/main/kotlin/com/rhyn/reach/data/repository/cloud/CloudSyncManager.kt:156:50 Unresolved reference 'timestamp'.
e: file:///home/rhyn/ITD103/tawi-tawi-frontend/android/app/src/main/kotlin/com/rhyn/reach/data/repository/cloud/CloudSyncManager.kt:179:30 Unresolved reference 'status'.
e: file:///home/rhyn/ITD103/tawi-tawi-frontend/android/app/src/main/kotlin/com/rhyn/reach/data/repository/cloud/CloudSyncManager.kt:180:48 Unresolved reference 'body'.
e: file:///home/rhyn/ITD103/tawi-tawi-frontend/android/app/src/main/kotlin/com/rhyn/reach/data/repository/cloud/CloudSyncManager.kt:182:75 Cannot infer type for this parameter. Please specify it explicitly.
e: file:///home/rhyn/ITD103/tawi-tawi-frontend/android/app/src/main/kotlin/com/rhyn/reach/data/repository/cloud/CloudSyncManager.kt:184:38 Unresolved reference 'target_id'.
e: file:///home/rhyn/ITD103/tawi-tawi-frontend/android/app/src/main/kotlin/com/rhyn/reach/data/repository/cloud/CloudSyncManager.kt:184:68 Unresolved reference 'sender_id'.
e: file:///home/rhyn/ITD103/tawi-tawi-frontend/android/app/src/main/kotlin/com/rhyn/reach/data/repository/cloud/CloudSyncManager.kt:188:61 Unresolved reference 'sender_id'.
e: file:///home/rhyn/ITD103/tawi-tawi-frontend/android/app/src/main/kotlin/com/rhyn/reach/data/repository/cloud/CloudSyncManager.kt:188:89 Unresolved reference 'self_payload'.
e: file:///home/rhyn/ITD103/tawi-tawi-frontend/android/app/src/main/kotlin/com/rhyn/reach/data/repository/cloud/CloudSyncManager.kt:188:116 Unresolved reference 'target_payload'.
e: file:///home/rhyn/ITD103/tawi-tawi-frontend/android/app/src/main/kotlin/com/rhyn/reach/data/repository/cloud/CloudSyncManager.kt:196:25 Suspension functions can only be called within coroutine body.
e: file:///home/rhyn/ITD103/tawi-tawi-frontend/android/app/src/main/kotlin/com/rhyn/reach/data/repository/cloud/CloudSyncManager.kt:196:50 Unresolved reference 'sender_id'.
e: file:///home/rhyn/ITD103/tawi-tawi-frontend/android/app/src/main/kotlin/com/rhyn/reach/data/repository/cloud/CloudSyncManager.kt:196:70 Unresolved reference 'sender_username'.
e: file:///home/rhyn/ITD103/tawi-tawi-frontend/android/app/src/main/kotlin/com/rhyn/reach/data/repository/cloud/CloudSyncManager.kt:198:61 Unresolved reference 'target_id'.
e: file:///home/rhyn/ITD103/tawi-tawi-frontend/android/app/src/main/kotlin/com/rhyn/reach/data/repository/cloud/CloudSyncManager.kt:198:89 Unresolved reference 'sender_id'.
e: file:///home/rhyn/ITD103/tawi-tawi-frontend/android/app/src/main/kotlin/com/rhyn/reach/data/repository/cloud/CloudSyncManager.kt:198:113 Unresolved reference 'target_id'.
e: file:///home/rhyn/ITD103/tawi-tawi-frontend/android/app/src/main/kotlin/com/rhyn/reach/data/repository/cloud/CloudSyncManager.kt:199:49 Unresolved reference 'sender_id'.
e: file:///home/rhyn/ITD103/tawi-tawi-frontend/android/app/src/main/kotlin/com/rhyn/reach/data/repository/cloud/CloudSyncManager.kt:202:50 Unresolved reference 'message_id'.
e: file:///home/rhyn/ITD103/tawi-tawi-frontend/android/app/src/main/kotlin/com/rhyn/reach/data/repository/cloud/CloudSyncManager.kt:205:49 Unresolved reference 'sender_id'.
e: file:///home/rhyn/ITD103/tawi-tawi-frontend/android/app/src/main/kotlin/com/rhyn/reach/data/repository/cloud/CloudSyncManager.kt:207:50 Unresolved reference 'timestamp'.
e: file:///home/rhyn/ITD103/tawi-tawi-frontend/android/app/src/main/kotlin/com/rhyn/reach/data/repository/cloud/CloudSyncManager.kt:214:45 Cannot infer type for this parameter. Please specify it explicitly.
e: file:///home/rhyn/ITD103/tawi-tawi-frontend/android/app/src/main/kotlin/com/rhyn/reach/data/repository/cloud/CloudSyncManager.kt:215:36 Suspension functions can only be called within coroutine body.
e: file:///home/rhyn/ITD103/tawi-tawi-frontend/android/app/src/main/kotlin/com/rhyn/reach/data/repository/cloud/CloudSyncManager.kt:218:78 Unresolved reference 'size'.
e: file:///home/rhyn/ITD103/tawi-tawi-frontend/android/app/src/main/kotlin/com/rhyn/reach/data/repository/cloud/CloudSyncManager.kt:231:21 Unresolved reference 'Json'.
e: file:///home/rhyn/ITD103/tawi-tawi-frontend/android/app/src/main/kotlin/com/rhyn/reach/data/repository/cloud/CloudSyncManager.kt:235:39 Unresolved reference 'decodeFromString'.
e: file:///home/rhyn/ITD103/tawi-tawi-frontend/android/app/src/main/kotlin/com/rhyn/reach/data/repository/cloud/CloudSyncManager.kt:336:30 Unresolved reference 'status'.
e: file:///home/rhyn/ITD103/tawi-tawi-frontend/android/app/src/main/kotlin/com/rhyn/reach/data/repository/routing/MessageRouter.kt:15:11 Unresolved reference 'ktor'.
e: file:///home/rhyn/ITD103/tawi-tawi-frontend/android/app/src/main/kotlin/com/rhyn/reach/data/repository/routing/MessageRouter.kt:16:11 Unresolved reference 'ktor'.
e: file:///home/rhyn/ITD103/tawi-tawi-frontend/android/app/src/main/kotlin/com/rhyn/reach/data/repository/routing/MessageRouter.kt:21:16 Unresolved reference 'serialization'.
e: file:///home/rhyn/ITD103/tawi-tawi-frontend/android/app/src/main/kotlin/com/rhyn/reach/data/repository/routing/MessageRouter.kt:22:16 Unresolved reference 'serialization'.
e: file:///home/rhyn/ITD103/tawi-tawi-frontend/android/app/src/main/kotlin/com/rhyn/reach/data/repository/routing/MessageRouter.kt:23:14 Unresolved reference 'inject'.
e: file:///home/rhyn/ITD103/tawi-tawi-frontend/android/app/src/main/kotlin/com/rhyn/reach/data/repository/routing/MessageRouter.kt:24:14 Unresolved reference 'inject'.
e: file:///home/rhyn/ITD103/tawi-tawi-frontend/android/app/src/main/kotlin/com/rhyn/reach/data/repository/routing/MessageRouter.kt:28:2 Unresolved reference 'Singleton'.
e: file:///home/rhyn/ITD103/tawi-tawi-frontend/android/app/src/main/kotlin/com/rhyn/reach/data/repository/routing/MessageRouter.kt:29:7 Redeclaration:
class MessageRouter : Any
e: file:///home/rhyn/ITD103/tawi-tawi-frontend/android/app/src/main/kotlin/com/rhyn/reach/data/repository/routing/MessageRouter.kt:29:22 Unresolved reference 'Inject'.
e: file:///home/rhyn/ITD103/tawi-tawi-frontend/android/app/src/main/kotlin/com/rhyn/reach/data/repository/routing/MessageRouter.kt:71:59 Unresolved reference 'DefaultClientWebSocketSession'.
e: file:///home/rhyn/ITD103/tawi-tawi-frontend/android/app/src/main/kotlin/com/rhyn/reach/data/repository/routing/MessageRouter.kt:83:78 Unresolved reference 'DefaultClientWebSocketSession'.
e: file:///home/rhyn/ITD103/tawi-tawi-frontend/android/app/src/main/kotlin/com/rhyn/reach/data/repository/routing/MessageRouter.kt:163:47 Unresolved reference 'Json'.
e: file:///home/rhyn/ITD103/tawi-tawi-frontend/android/app/src/main/kotlin/com/rhyn/reach/data/repository/routing/MessageRouter.kt:215:59 Unresolved reference 'Json'.
e: file:///home/rhyn/ITD103/tawi-tawi-frontend/android/app/src/main/kotlin/com/rhyn/reach/data/repository/routing/MessageRouter.kt:241:54 Unresolved reference 'send'.
e: file:///home/rhyn/ITD103/tawi-tawi-frontend/android/app/src/main/kotlin/com/rhyn/reach/data/repository/routing/MessageRouter.kt:241:59 Unresolved reference 'Frame'.
e: file:///home/rhyn/ITD103/tawi-tawi-frontend/android/app/src/main/kotlin/com/rhyn/reach/data/repository/routing/MessageRouter.kt:288:27 Unresolved reference 'DefaultClientWebSocketSession'.
e: file:///home/rhyn/ITD103/tawi-tawi-frontend/android/app/src/main/kotlin/com/rhyn/reach/data/repository/routing/MessageRouter.kt:305:36 Unresolved reference 'Json'.
e: file:///home/rhyn/ITD103/tawi-tawi-frontend/android/app/src/main/kotlin/com/rhyn/reach/data/repository/routing/MessageRouter.kt:366:54 Unresolved reference 'send'.
e: file:///home/rhyn/ITD103/tawi-tawi-frontend/android/app/src/main/kotlin/com/rhyn/reach/data/repository/routing/MessageRouter.kt:366:59 Unresolved reference 'Frame'.
e: file:///home/rhyn/ITD103/tawi-tawi-frontend/android/app/src/main/kotlin/com/rhyn/reach/data/repository/routing/MessageRouter.kt:410:43 Unresolved reference 'Json'.
e: file:///home/rhyn/ITD103/tawi-tawi-frontend/android/app/src/main/kotlin/com/rhyn/reach/data/repository/routing/MessageRouter.kt:420:59 Unresolved reference 'DefaultClientWebSocketSession'.
e: file:///home/rhyn/ITD103/tawi-tawi-frontend/android/app/src/main/kotlin/com/rhyn/reach/data/repository/routing/MessageRouter.kt:448:46 Unresolved reference 'send'.
e: file:///home/rhyn/ITD103/tawi-tawi-frontend/android/app/src/main/kotlin/com/rhyn/reach/data/repository/routing/MessageRouter.kt:448:51 Unresolved reference 'Frame'.
e: file:///home/rhyn/ITD103/tawi-tawi-frontend/android/app/src/main/kotlin/com/rhyn/reach/data/repository/routing/MessageRouter.kt:476:39 Unresolved reference 'Json'.
e: file:///home/rhyn/ITD103/tawi-tawi-frontend/android/app/src/main/kotlin/com/rhyn/reach/data/repository/routing/RoutePlanner.kt:5:14 Unresolved reference 'inject'.
e: file:///home/rhyn/ITD103/tawi-tawi-frontend/android/app/src/main/kotlin/com/rhyn/reach/data/repository/routing/RoutePlanner.kt:7:7 Redeclaration:
class RoutePlanner : Any
e: file:///home/rhyn/ITD103/tawi-tawi-frontend/android/app/src/main/kotlin/com/rhyn/reach/data/repository/routing/RoutePlanner.kt:7:21 Unresolved reference 'Inject'.
e: file:///home/rhyn/ITD103/tawi-tawi-frontend/android/app/src/main/kotlin/com/rhyn/reach/di/CryptoModule.kt:4:8 Unresolved reference 'dagger'.
e: file:///home/rhyn/ITD103/tawi-tawi-frontend/android/app/src/main/kotlin/com/rhyn/reach/di/CryptoModule.kt:5:8 Unresolved reference 'dagger'.
e: file:///home/rhyn/ITD103/tawi-tawi-frontend/android/app/src/main/kotlin/com/rhyn/reach/di/CryptoModule.kt:6:8 Unresolved reference 'dagger'.
e: file:///home/rhyn/ITD103/tawi-tawi-frontend/android/app/src/main/kotlin/com/rhyn/reach/di/CryptoModule.kt:7:8 Unresolved reference 'dagger'.
e: file:///home/rhyn/ITD103/tawi-tawi-frontend/android/app/src/main/kotlin/com/rhyn/reach/di/CryptoModule.kt:8:14 Unresolved reference 'inject'.
e: file:///home/rhyn/ITD103/tawi-tawi-frontend/android/app/src/main/kotlin/com/rhyn/reach/di/CryptoModule.kt:10:2 Unresolved reference 'Module'.
e: file:///home/rhyn/ITD103/tawi-tawi-frontend/android/app/src/main/kotlin/com/rhyn/reach/di/CryptoModule.kt:11:2 Unresolved reference 'InstallIn'.
e: file:///home/rhyn/ITD103/tawi-tawi-frontend/android/app/src/main/kotlin/com/rhyn/reach/di/CryptoModule.kt:11:12 Unresolved reference 'SingletonComponent'.
e: file:///home/rhyn/ITD103/tawi-tawi-frontend/android/app/src/main/kotlin/com/rhyn/reach/di/CryptoModule.kt:12:8 Redeclaration:
object CryptoModule : Any
e: file:///home/rhyn/ITD103/tawi-tawi-frontend/android/app/src/main/kotlin/com/rhyn/reach/di/CryptoModule.kt:14:6 Unresolved reference 'Provides'.
e: file:///home/rhyn/ITD103/tawi-tawi-frontend/android/app/src/main/kotlin/com/rhyn/reach/di/CryptoModule.kt:15:6 Unresolved reference 'Singleton'.
e: file:///home/rhyn/ITD103/tawi-tawi-frontend/android/app/src/main/kotlin/com/rhyn/reach/di/DatabaseModule.kt:4:17 Unresolved reference 'room'.
e: file:///home/rhyn/ITD103/tawi-tawi-frontend/android/app/src/main/kotlin/com/rhyn/reach/di/DatabaseModule.kt:11:8 Unresolved reference 'dagger'.
e: file:///home/rhyn/ITD103/tawi-tawi-frontend/android/app/src/main/kotlin/com/rhyn/reach/di/DatabaseModule.kt:12:8 Unresolved reference 'dagger'.
e: file:///home/rhyn/ITD103/tawi-tawi-frontend/android/app/src/main/kotlin/com/rhyn/reach/di/DatabaseModule.kt:13:8 Unresolved reference 'dagger'.
e: file:///home/rhyn/ITD103/tawi-tawi-frontend/android/app/src/main/kotlin/com/rhyn/reach/di/DatabaseModule.kt:14:8 Unresolved reference 'dagger'.
e: file:///home/rhyn/ITD103/tawi-tawi-frontend/android/app/src/main/kotlin/com/rhyn/reach/di/DatabaseModule.kt:15:8 Unresolved reference 'dagger'.
e: file:///home/rhyn/ITD103/tawi-tawi-frontend/android/app/src/main/kotlin/com/rhyn/reach/di/DatabaseModule.kt:16:14 Unresolved reference 'inject'.
e: file:///home/rhyn/ITD103/tawi-tawi-frontend/android/app/src/main/kotlin/com/rhyn/reach/di/DatabaseModule.kt:18:2 Unresolved reference 'Module'.
e: file:///home/rhyn/ITD103/tawi-tawi-frontend/android/app/src/main/kotlin/com/rhyn/reach/di/DatabaseModule.kt:19:2 Unresolved reference 'InstallIn'.
e: file:///home/rhyn/ITD103/tawi-tawi-frontend/android/app/src/main/kotlin/com/rhyn/reach/di/DatabaseModule.kt:19:12 Unresolved reference 'SingletonComponent'.
e: file:///home/rhyn/ITD103/tawi-tawi-frontend/android/app/src/main/kotlin/com/rhyn/reach/di/DatabaseModule.kt:20:8 Redeclaration:
object DatabaseModule : Any
e: file:///home/rhyn/ITD103/tawi-tawi-frontend/android/app/src/main/kotlin/com/rhyn/reach/di/DatabaseModule.kt:23:6 Unresolved reference 'Provides'.
e: file:///home/rhyn/ITD103/tawi-tawi-frontend/android/app/src/main/kotlin/com/rhyn/reach/di/DatabaseModule.kt:24:6 Unresolved reference 'Singleton'.
e: file:///home/rhyn/ITD103/tawi-tawi-frontend/android/app/src/main/kotlin/com/rhyn/reach/di/DatabaseModule.kt:25:35 Unresolved reference 'ApplicationContext'.
e: file:///home/rhyn/ITD103/tawi-tawi-frontend/android/app/src/main/kotlin/com/rhyn/reach/di/DatabaseModule.kt:30:6 Unresolved reference 'Provides'.
e: file:///home/rhyn/ITD103/tawi-tawi-frontend/android/app/src/main/kotlin/com/rhyn/reach/di/DatabaseModule.kt:31:6 Unresolved reference 'Singleton'.
e: file:///home/rhyn/ITD103/tawi-tawi-frontend/android/app/src/main/kotlin/com/rhyn/reach/di/DatabaseModule.kt:33:10 Unresolved reference 'ApplicationContext'.
e: file:///home/rhyn/ITD103/tawi-tawi-frontend/android/app/src/main/kotlin/com/rhyn/reach/di/DatabaseModule.kt:35:16 Unresolved reference 'Room'.
e: file:///home/rhyn/ITD103/tawi-tawi-frontend/android/app/src/main/kotlin/com/rhyn/reach/di/DatabaseModule.kt:44:6 Unresolved reference 'Provides'.
e: file:///home/rhyn/ITD103/tawi-tawi-frontend/android/app/src/main/kotlin/com/rhyn/reach/di/DatabaseModule.kt:45:6 Unresolved reference 'Singleton'.
e: file:///home/rhyn/ITD103/tawi-tawi-frontend/android/app/src/main/kotlin/com/rhyn/reach/di/DatabaseModule.kt:50:6 Unresolved reference 'Provides'.
e: file:///home/rhyn/ITD103/tawi-tawi-frontend/android/app/src/main/kotlin/com/rhyn/reach/di/DatabaseModule.kt:51:6 Unresolved reference 'Singleton'.
e: file:///home/rhyn/ITD103/tawi-tawi-frontend/android/app/src/main/kotlin/com/rhyn/reach/di/DatabaseModule.kt:56:6 Unresolved reference 'Provides'.
e: file:///home/rhyn/ITD103/tawi-tawi-frontend/android/app/src/main/kotlin/com/rhyn/reach/di/DatabaseModule.kt:57:6 Unresolved reference 'Singleton'.
e: file:///home/rhyn/ITD103/tawi-tawi-frontend/android/app/src/main/kotlin/com/rhyn/reach/di/DatabaseModule.kt:62:6 Unresolved reference 'Provides'.
e: file:///home/rhyn/ITD103/tawi-tawi-frontend/android/app/src/main/kotlin/com/rhyn/reach/di/DatabaseModule.kt:67:6 Unresolved reference 'Provides'.
e: file:///home/rhyn/ITD103/tawi-tawi-frontend/android/app/src/main/kotlin/com/rhyn/reach/di/DatabaseModule.kt:68:6 Unresolved reference 'Singleton'.
e: file:///home/rhyn/ITD103/tawi-tawi-frontend/android/app/src/main/kotlin/com/rhyn/reach/di/NetworkModule.kt:3:11 Unresolved reference 'ktor'.
e: file:///home/rhyn/ITD103/tawi-tawi-frontend/android/app/src/main/kotlin/com/rhyn/reach/di/NetworkModule.kt:4:11 Unresolved reference 'ktor'.
e: file:///home/rhyn/ITD103/tawi-tawi-frontend/android/app/src/main/kotlin/com/rhyn/reach/di/NetworkModule.kt:5:11 Unresolved reference 'ktor'.
e: file:///home/rhyn/ITD103/tawi-tawi-frontend/android/app/src/main/kotlin/com/rhyn/reach/di/NetworkModule.kt:6:11 Unresolved reference 'ktor'.
e: file:///home/rhyn/ITD103/tawi-tawi-frontend/android/app/src/main/kotlin/com/rhyn/reach/di/NetworkModule.kt:7:11 Unresolved reference 'ktor'.
e: file:///home/rhyn/ITD103/tawi-tawi-frontend/android/app/src/main/kotlin/com/rhyn/reach/di/NetworkModule.kt:8:16 Unresolved reference 'serialization'.
e: file:///home/rhyn/ITD103/tawi-tawi-frontend/android/app/src/main/kotlin/com/rhyn/reach/di/NetworkModule.kt:9:8 Unresolved reference 'dagger'.
e: file:///home/rhyn/ITD103/tawi-tawi-frontend/android/app/src/main/kotlin/com/rhyn/reach/di/NetworkModule.kt:10:8 Unresolved reference 'dagger'.
e: file:///home/rhyn/ITD103/tawi-tawi-frontend/android/app/src/main/kotlin/com/rhyn/reach/di/NetworkModule.kt:11:8 Unresolved reference 'dagger'.
e: file:///home/rhyn/ITD103/tawi-tawi-frontend/android/app/src/main/kotlin/com/rhyn/reach/di/NetworkModule.kt:12:8 Unresolved reference 'dagger'.
e: file:///home/rhyn/ITD103/tawi-tawi-frontend/android/app/src/main/kotlin/com/rhyn/reach/di/NetworkModule.kt:13:14 Unresolved reference 'inject'.
e: file:///home/rhyn/ITD103/tawi-tawi-frontend/android/app/src/main/kotlin/com/rhyn/reach/di/NetworkModule.kt:15:2 Unresolved reference 'Module'.
e: file:///home/rhyn/ITD103/tawi-tawi-frontend/android/app/src/main/kotlin/com/rhyn/reach/di/NetworkModule.kt:16:2 Unresolved reference 'InstallIn'.
e: file:///home/rhyn/ITD103/tawi-tawi-frontend/android/app/src/main/kotlin/com/rhyn/reach/di/NetworkModule.kt:16:12 Unresolved reference 'SingletonComponent'.
e: file:///home/rhyn/ITD103/tawi-tawi-frontend/android/app/src/main/kotlin/com/rhyn/reach/di/NetworkModule.kt:17:8 Redeclaration:
object NetworkModule : Any
e: file:///home/rhyn/ITD103/tawi-tawi-frontend/android/app/src/main/kotlin/com/rhyn/reach/di/NetworkModule.kt:19:6 Unresolved reference 'Provides'.
e: file:///home/rhyn/ITD103/tawi-tawi-frontend/android/app/src/main/kotlin/com/rhyn/reach/di/NetworkModule.kt:20:6 Unresolved reference 'Singleton'.
e: file:///home/rhyn/ITD103/tawi-tawi-frontend/android/app/src/main/kotlin/com/rhyn/reach/di/NetworkModule.kt:21:30 Unresolved reference 'HttpClient'.
e: file:///home/rhyn/ITD103/tawi-tawi-frontend/android/app/src/main/kotlin/com/rhyn/reach/di/NetworkModule.kt:22:16 Unresolved reference 'HttpClient'.
e: file:///home/rhyn/ITD103/tawi-tawi-frontend/android/app/src/main/kotlin/com/rhyn/reach/di/NetworkModule.kt:22:27 Unresolved reference 'CIO'.
e: file:///home/rhyn/ITD103/tawi-tawi-frontend/android/app/src/main/kotlin/com/rhyn/reach/di/NetworkModule.kt:23:13 Unresolved reference 'engine'.
e: file:///home/rhyn/ITD103/tawi-tawi-frontend/android/app/src/main/kotlin/com/rhyn/reach/di/NetworkModule.kt:25:17 Unresolved reference 'requestTimeout'.
e: file:///home/rhyn/ITD103/tawi-tawi-frontend/android/app/src/main/kotlin/com/rhyn/reach/di/NetworkModule.kt:27:13 Unresolved reference 'install'.
e: file:///home/rhyn/ITD103/tawi-tawi-frontend/android/app/src/main/kotlin/com/rhyn/reach/di/NetworkModule.kt:27:21 Unresolved reference 'ContentNegotiation'.
e: file:///home/rhyn/ITD103/tawi-tawi-frontend/android/app/src/main/kotlin/com/rhyn/reach/di/NetworkModule.kt:28:17 Unresolved reference 'json'.
e: file:///home/rhyn/ITD103/tawi-tawi-frontend/android/app/src/main/kotlin/com/rhyn/reach/di/NetworkModule.kt:28:22 Unresolved reference 'Json'.
e: file:///home/rhyn/ITD103/tawi-tawi-frontend/android/app/src/main/kotlin/com/rhyn/reach/di/NetworkModule.kt:29:21 Unresolved reference 'ignoreUnknownKeys'.
e: file:///home/rhyn/ITD103/tawi-tawi-frontend/android/app/src/main/kotlin/com/rhyn/reach/di/NetworkModule.kt:30:21 Unresolved reference 'prettyPrint'.
e: file:///home/rhyn/ITD103/tawi-tawi-frontend/android/app/src/main/kotlin/com/rhyn/reach/di/NetworkModule.kt:33:13 Unresolved reference 'install'.
e: file:///home/rhyn/ITD103/tawi-tawi-frontend/android/app/src/main/kotlin/com/rhyn/reach/di/NetworkModule.kt:33:21 Unresolved reference 'WebSockets'.
e: file:///home/rhyn/ITD103/tawi-tawi-frontend/android/app/src/main/kotlin/com/rhyn/reach/di/NetworkModule.kt:36:17 Unresolved reference 'pingInterval'.
e: file:///home/rhyn/ITD103/tawi-tawi-frontend/android/app/src/main/kotlin/com/rhyn/reach/di/RepositoryModule.kt:5:8 Unresolved reference 'dagger'.
e: file:///home/rhyn/ITD103/tawi-tawi-frontend/android/app/src/main/kotlin/com/rhyn/reach/di/RepositoryModule.kt:6:8 Unresolved reference 'dagger'.
e: file:///home/rhyn/ITD103/tawi-tawi-frontend/android/app/src/main/kotlin/com/rhyn/reach/di/RepositoryModule.kt:7:8 Unresolved reference 'dagger'.
e: file:///home/rhyn/ITD103/tawi-tawi-frontend/android/app/src/main/kotlin/com/rhyn/reach/di/RepositoryModule.kt:8:8 Unresolved reference 'dagger'.
e: file:///home/rhyn/ITD103/tawi-tawi-frontend/android/app/src/main/kotlin/com/rhyn/reach/di/RepositoryModule.kt:9:14 Unresolved reference 'inject'.
e: file:///home/rhyn/ITD103/tawi-tawi-frontend/android/app/src/main/kotlin/com/rhyn/reach/di/RepositoryModule.kt:11:2 Unresolved reference 'Module'.
e: file:///home/rhyn/ITD103/tawi-tawi-frontend/android/app/src/main/kotlin/com/rhyn/reach/di/RepositoryModule.kt:12:2 Unresolved reference 'InstallIn'.
e: file:///home/rhyn/ITD103/tawi-tawi-frontend/android/app/src/main/kotlin/com/rhyn/reach/di/RepositoryModule.kt:12:12 Unresolved reference 'SingletonComponent'.
e: file:///home/rhyn/ITD103/tawi-tawi-frontend/android/app/src/main/kotlin/com/rhyn/reach/di/RepositoryModule.kt:14:16 Redeclaration:
class RepositoryModule : Any
e: file:///home/rhyn/ITD103/tawi-tawi-frontend/android/app/src/main/kotlin/com/rhyn/reach/di/RepositoryModule.kt:16:6 Unresolved reference 'Binds'.
e: file:///home/rhyn/ITD103/tawi-tawi-frontend/android/app/src/main/kotlin/com/rhyn/reach/di/RepositoryModule.kt:17:6 Unresolved reference 'Singleton'.
e: file:///home/rhyn/ITD103/tawi-tawi-frontend/android/app/src/main/kotlin/com/rhyn/reach/domain/repository/ChatRepository.kt:9:11 Redeclaration:
interface ChatRepository : Any
e: file:///home/rhyn/ITD103/tawi-tawi-frontend/android/app/src/main/kotlin/com/rhyn/reach/presentation/feature/account/AccountScreen.kt:4:17 Unresolved reference 'compose'.
e: file:///home/rhyn/ITD103/tawi-tawi-frontend/android/app/src/main/kotlin/com/rhyn/reach/presentation/feature/account/AccountScreen.kt:5:17 Unresolved reference 'compose'.
e: file:///home/rhyn/ITD103/tawi-tawi-frontend/android/app/src/main/kotlin/com/rhyn/reach/presentation/feature/account/AccountScreen.kt:6:17 Unresolved reference 'compose'.
e: file:///home/rhyn/ITD103/tawi-tawi-frontend/android/app/src/main/kotlin/com/rhyn/reach/presentation/feature/account/AccountScreen.kt:7:17 Unresolved reference 'compose'.
e: file:///home/rhyn/ITD103/tawi-tawi-frontend/android/app/src/main/kotlin/com/rhyn/reach/presentation/feature/account/AccountScreen.kt:8:17 Unresolved reference 'compose'.
e: file:///home/rhyn/ITD103/tawi-tawi-frontend/android/app/src/main/kotlin/com/rhyn/reach/presentation/feature/account/AccountScreen.kt:9:17 Unresolved reference 'compose'.
e: file:///home/rhyn/ITD103/tawi-tawi-frontend/android/app/src/main/kotlin/com/rhyn/reach/presentation/feature/account/AccountScreen.kt:10:17 Unresolved reference 'compose'.
e: file:///home/rhyn/ITD103/tawi-tawi-frontend/android/app/src/main/kotlin/com/rhyn/reach/presentation/feature/account/AccountScreen.kt:11:17 Unresolved reference 'compose'.
e: file:///home/rhyn/ITD103/tawi-tawi-frontend/android/app/src/main/kotlin/com/rhyn/reach/presentation/feature/account/AccountScreen.kt:12:17 Unresolved reference 'compose'.
e: file:///home/rhyn/ITD103/tawi-tawi-frontend/android/app/src/main/kotlin/com/rhyn/reach/presentation/feature/account/AccountScreen.kt:13:17 Unresolved reference 'compose'.
e: file:///home/rhyn/ITD103/tawi-tawi-frontend/android/app/src/main/kotlin/com/rhyn/reach/presentation/feature/account/AccountScreen.kt:14:17 Unresolved reference 'compose'.
e: file:///home/rhyn/ITD103/tawi-tawi-frontend/android/app/src/main/kotlin/com/rhyn/reach/presentation/feature/account/AccountScreen.kt:15:17 Unresolved reference 'compose'.
e: file:///home/rhyn/ITD103/tawi-tawi-frontend/android/app/src/main/kotlin/com/rhyn/reach/presentation/feature/account/AccountScreen.kt:16:17 Unresolved reference 'compose'.
e: file:///home/rhyn/ITD103/tawi-tawi-frontend/android/app/src/main/kotlin/com/rhyn/reach/presentation/feature/account/AccountScreen.kt:17:17 Unresolved reference 'compose'.
e: file:///home/rhyn/ITD103/tawi-tawi-frontend/android/app/src/main/kotlin/com/rhyn/reach/presentation/feature/account/AccountScreen.kt:18:17 Unresolved reference 'compose'.
e: file:///home/rhyn/ITD103/tawi-tawi-frontend/android/app/src/main/kotlin/com/rhyn/reach/presentation/feature/account/AccountScreen.kt:19:17 Unresolved reference 'compose'.
e: file:///home/rhyn/ITD103/tawi-tawi-frontend/android/app/src/main/kotlin/com/rhyn/reach/presentation/feature/account/AccountScreen.kt:20:17 Unresolved reference 'compose'.
e: file:///home/rhyn/ITD103/tawi-tawi-frontend/android/app/src/main/kotlin/com/rhyn/reach/presentation/feature/account/AccountScreen.kt:21:17 Unresolved reference 'compose'.
e: file:///home/rhyn/ITD103/tawi-tawi-frontend/android/app/src/main/kotlin/com/rhyn/reach/presentation/feature/account/AccountScreen.kt:22:17 Unresolved reference 'compose'.
e: file:///home/rhyn/ITD103/tawi-tawi-frontend/android/app/src/main/kotlin/com/rhyn/reach/presentation/feature/account/AccountScreen.kt:23:17 Unresolved reference 'compose'.
e: file:///home/rhyn/ITD103/tawi-tawi-frontend/android/app/src/main/kotlin/com/rhyn/reach/presentation/feature/account/AccountScreen.kt:25:17 Unresolved reference 'hilt'.
e: file:///home/rhyn/ITD103/tawi-tawi-frontend/android/app/src/main/kotlin/com/rhyn/reach/presentation/feature/account/AccountScreen.kt:28:8 Unresolved reference 'ExperimentalMaterial3Api'.
e: file:///home/rhyn/ITD103/tawi-tawi-frontend/android/app/src/main/kotlin/com/rhyn/reach/presentation/feature/account/AccountScreen.kt:28:8 Annotation argument must be a compile-time constant.
e: file:///home/rhyn/ITD103/tawi-tawi-frontend/android/app/src/main/kotlin/com/rhyn/reach/presentation/feature/account/AccountScreen.kt:29:2 Unresolved reference 'Composable'.
e: file:///home/rhyn/ITD103/tawi-tawi-frontend/android/app/src/main/kotlin/com/rhyn/reach/presentation/feature/account/AccountScreen.kt:30:1 Conflicting overloads:
fun AccountScreen(viewModel: AccountViewModel = ..., onLogoutClick: () -> Unit): Unit
e: file:///home/rhyn/ITD103/tawi-tawi-frontend/android/app/src/main/kotlin/com/rhyn/reach/presentation/feature/account/AccountScreen.kt:31:35 Unresolved reference 'hiltViewModel'.
e: file:///home/rhyn/ITD103/tawi-tawi-frontend/android/app/src/main/kotlin/com/rhyn/reach/presentation/feature/account/AccountScreen.kt:34:38 Unresolved reference 'collectAsState'.
e: file:///home/rhyn/ITD103/tawi-tawi-frontend/android/app/src/main/kotlin/com/rhyn/reach/presentation/feature/account/AccountScreen.kt:37:20 Unresolved reference 'remember'.
e: file:///home/rhyn/ITD103/tawi-tawi-frontend/android/app/src/main/kotlin/com/rhyn/reach/presentation/feature/account/AccountScreen.kt:37:37 Unresolved reference 'qrPayload'.
e: file:///home/rhyn/ITD103/tawi-tawi-frontend/android/app/src/main/kotlin/com/rhyn/reach/presentation/feature/account/AccountScreen.kt:38:48 Unresolved reference 'qrPayload'.
e: file:///home/rhyn/ITD103/tawi-tawi-frontend/android/app/src/main/kotlin/com/rhyn/reach/presentation/feature/account/AccountScreen.kt:41:5 Unresolved reference 'Scaffold'.
e: file:///home/rhyn/ITD103/tawi-tawi-frontend/android/app/src/main/kotlin/com/rhyn/reach/presentation/feature/account/AccountScreen.kt:42:26 Unresolved reference 'MaterialTheme'.
e: file:///home/rhyn/ITD103/tawi-tawi-frontend/android/app/src/main/kotlin/com/rhyn/reach/presentation/feature/account/AccountScreen.kt:44:13 Unresolved reference 'TopAppBar'.
e: file:///home/rhyn/ITD103/tawi-tawi-frontend/android/app/src/main/kotlin/com/rhyn/reach/presentation/feature/account/AccountScreen.kt:45:27 Unresolved reference 'Text'.
e: file:///home/rhyn/ITD103/tawi-tawi-frontend/android/app/src/main/kotlin/com/rhyn/reach/presentation/feature/account/AccountScreen.kt:45:59 Unresolved reference 'MaterialTheme'.
e: file:///home/rhyn/ITD103/tawi-tawi-frontend/android/app/src/main/kotlin/com/rhyn/reach/presentation/feature/account/AccountScreen.kt:46:26 Unresolved reference 'TopAppBarDefaults'.
e: file:///home/rhyn/ITD103/tawi-tawi-frontend/android/app/src/main/kotlin/com/rhyn/reach/presentation/feature/account/AccountScreen.kt:47:38 Unresolved reference 'MaterialTheme'.
e: file:///home/rhyn/ITD103/tawi-tawi-frontend/android/app/src/main/kotlin/com/rhyn/reach/presentation/feature/account/AccountScreen.kt:48:41 Unresolved reference 'MaterialTheme'.
e: file:///home/rhyn/ITD103/tawi-tawi-frontend/android/app/src/main/kotlin/com/rhyn/reach/presentation/feature/account/AccountScreen.kt:50:32 Unresolved reference 'WindowInsets'.
e: file:///home/rhyn/ITD103/tawi-tawi-frontend/android/app/src/main/kotlin/com/rhyn/reach/presentation/feature/account/AccountScreen.kt:53:9 Cannot infer type for this parameter. Please specify it explicitly.
e: file:///home/rhyn/ITD103/tawi-tawi-frontend/android/app/src/main/kotlin/com/rhyn/reach/presentation/feature/account/AccountScreen.kt:54:9 Unresolved reference 'Column'.
e: file:///home/rhyn/ITD103/tawi-tawi-frontend/android/app/src/main/kotlin/com/rhyn/reach/presentation/feature/account/AccountScreen.kt:55:24 Unresolved reference 'Modifier'.
e: file:///home/rhyn/ITD103/tawi-tawi-frontend/android/app/src/main/kotlin/com/rhyn/reach/presentation/feature/account/AccountScreen.kt:58:33 Unresolved reference 'rememberScrollState'.
e: file:///home/rhyn/ITD103/tawi-tawi-frontend/android/app/src/main/kotlin/com/rhyn/reach/presentation/feature/account/AccountScreen.kt:59:29 Unresolved reference 'dp'.
e: file:///home/rhyn/ITD103/tawi-tawi-frontend/android/app/src/main/kotlin/com/rhyn/reach/presentation/feature/account/AccountScreen.kt:60:35 Unresolved reference 'Alignment'.
e: file:///home/rhyn/ITD103/tawi-tawi-frontend/android/app/src/main/kotlin/com/rhyn/reach/presentation/feature/account/AccountScreen.kt:62:13 Unresolved reference 'Surface'.
e: file:///home/rhyn/ITD103/tawi-tawi-frontend/android/app/src/main/kotlin/com/rhyn/reach/presentation/feature/account/AccountScreen.kt:63:28 Unresolved reference 'Modifier'.
e: file:///home/rhyn/ITD103/tawi-tawi-frontend/android/app/src/main/kotlin/com/rhyn/reach/presentation/feature/account/AccountScreen.kt:63:46 Unresolved reference 'dp'.
e: file:///home/rhyn/ITD103/tawi-tawi-frontend/android/app/src/main/kotlin/com/rhyn/reach/presentation/feature/account/AccountScreen.kt:64:25 Unresolved reference 'CircleShape'.
e: file:///home/rhyn/ITD103/tawi-tawi-frontend/android/app/src/main/kotlin/com/rhyn/reach/presentation/feature/account/AccountScreen.kt:65:25 Unresolved reference 'MaterialTheme'.
e: file:///home/rhyn/ITD103/tawi-tawi-frontend/android/app/src/main/kotlin/com/rhyn/reach/presentation/feature/account/AccountScreen.kt:66:37 Unresolved reference 'dp'.
e: file:///home/rhyn/ITD103/tawi-tawi-frontend/android/app/src/main/kotlin/com/rhyn/reach/presentation/feature/account/AccountScreen.kt:68:17 Unresolved reference 'Box'.
e: file:///home/rhyn/ITD103/tawi-tawi-frontend/android/app/src/main/kotlin/com/rhyn/reach/presentation/feature/account/AccountScreen.kt:68:40 Unresolved reference 'Alignment'.
e: file:///home/rhyn/ITD103/tawi-tawi-frontend/android/app/src/main/kotlin/com/rhyn/reach/presentation/feature/account/AccountScreen.kt:69:21 Unresolved reference 'Icon'.
e: file:///home/rhyn/ITD103/tawi-tawi-frontend/android/app/src/main/kotlin/com/rhyn/reach/presentation/feature/account/AccountScreen.kt:70:39 Unresolved reference 'Icons'.
e: file:///home/rhyn/ITD103/tawi-tawi-frontend/android/app/src/main/kotlin/com/rhyn/reach/presentation/feature/account/AccountScreen.kt:72:36 Unresolved reference 'Modifier'.
e: file:///home/rhyn/ITD103/tawi-tawi-frontend/android/app/src/main/kotlin/com/rhyn/reach/presentation/feature/account/AccountScreen.kt:72:53 Unresolved reference 'dp'.
e: file:///home/rhyn/ITD103/tawi-tawi-frontend/android/app/src/main/kotlin/com/rhyn/reach/presentation/feature/account/AccountScreen.kt:73:32 Unresolved reference 'MaterialTheme'.
e: file:///home/rhyn/ITD103/tawi-tawi-frontend/android/app/src/main/kotlin/com/rhyn/reach/presentation/feature/account/AccountScreen.kt:78:13 Unresolved reference 'Spacer'.
e: file:///home/rhyn/ITD103/tawi-tawi-frontend/android/app/src/main/kotlin/com/rhyn/reach/presentation/feature/account/AccountScreen.kt:78:31 Unresolved reference 'Modifier'.
e: file:///home/rhyn/ITD103/tawi-tawi-frontend/android/app/src/main/kotlin/com/rhyn/reach/presentation/feature/account/AccountScreen.kt:78:50 Unresolved reference 'dp'.
e: file:///home/rhyn/ITD103/tawi-tawi-frontend/android/app/src/main/kotlin/com/rhyn/reach/presentation/feature/account/AccountScreen.kt:80:13 Unresolved reference 'Text'.
e: file:///home/rhyn/ITD103/tawi-tawi-frontend/android/app/src/main/kotlin/com/rhyn/reach/presentation/feature/account/AccountScreen.kt:81:32 Unresolved reference 'username'.
e: file:///home/rhyn/ITD103/tawi-tawi-frontend/android/app/src/main/kotlin/com/rhyn/reach/presentation/feature/account/AccountScreen.kt:82:25 Unresolved reference 'MaterialTheme'.
e: file:///home/rhyn/ITD103/tawi-tawi-frontend/android/app/src/main/kotlin/com/rhyn/reach/presentation/feature/account/AccountScreen.kt:83:30 Unresolved reference 'FontWeight'.
e: file:///home/rhyn/ITD103/tawi-tawi-frontend/android/app/src/main/kotlin/com/rhyn/reach/presentation/feature/account/AccountScreen.kt:86:13 Unresolved reference 'AssistChip'.
e: file:///home/rhyn/ITD103/tawi-tawi-frontend/android/app/src/main/kotlin/com/rhyn/reach/presentation/feature/account/AccountScreen.kt:88:27 Unresolved reference 'Text'.
e: file:///home/rhyn/ITD103/tawi-tawi-frontend/android/app/src/main/kotlin/com/rhyn/reach/presentation/feature/account/AccountScreen.kt:89:26 Unresolved reference 'AssistChipDefaults'.
e: file:///home/rhyn/ITD103/tawi-tawi-frontend/android/app/src/main/kotlin/com/rhyn/reach/presentation/feature/account/AccountScreen.kt:89:79 Unresolved reference 'MaterialTheme'.
e: file:///home/rhyn/ITD103/tawi-tawi-frontend/android/app/src/main/kotlin/com/rhyn/reach/presentation/feature/account/AccountScreen.kt:92:13 Unresolved reference 'Spacer'.
e: file:///home/rhyn/ITD103/tawi-tawi-frontend/android/app/src/main/kotlin/com/rhyn/reach/presentation/feature/account/AccountScreen.kt:92:31 Unresolved reference 'Modifier'.
e: file:///home/rhyn/ITD103/tawi-tawi-frontend/android/app/src/main/kotlin/com/rhyn/reach/presentation/feature/account/AccountScreen.kt:92:50 Unresolved reference 'dp'.
e: file:///home/rhyn/ITD103/tawi-tawi-frontend/android/app/src/main/kotlin/com/rhyn/reach/presentation/feature/account/AccountScreen.kt:95:13 Unresolved reference 'OutlinedCard'.
e: file:///home/rhyn/ITD103/tawi-tawi-frontend/android/app/src/main/kotlin/com/rhyn/reach/presentation/feature/account/AccountScreen.kt:96:28 Unresolved reference 'Modifier'.
e: file:///home/rhyn/ITD103/tawi-tawi-frontend/android/app/src/main/kotlin/com/rhyn/reach/presentation/feature/account/AccountScreen.kt:97:25 Unresolved reference 'RoundedCornerShape'.
e: file:///home/rhyn/ITD103/tawi-tawi-frontend/android/app/src/main/kotlin/com/rhyn/reach/presentation/feature/account/AccountScreen.kt:97:47 Unresolved reference 'dp'.
e: file:///home/rhyn/ITD103/tawi-tawi-frontend/android/app/src/main/kotlin/com/rhyn/reach/presentation/feature/account/AccountScreen.kt:98:26 Unresolved reference 'CardDefaults'.
e: file:///home/rhyn/ITD103/tawi-tawi-frontend/android/app/src/main/kotlin/com/rhyn/reach/presentation/feature/account/AccountScreen.kt:98:75 Unresolved reference 'MaterialTheme'.
e: file:///home/rhyn/ITD103/tawi-tawi-frontend/android/app/src/main/kotlin/com/rhyn/reach/presentation/feature/account/AccountScreen.kt:100:17 Unresolved reference 'Row'.
e: file:///home/rhyn/ITD103/tawi-tawi-frontend/android/app/src/main/kotlin/com/rhyn/reach/presentation/feature/account/AccountScreen.kt:101:32 Unresolved reference 'Modifier'.
e: file:///home/rhyn/ITD103/tawi-tawi-frontend/android/app/src/main/kotlin/com/rhyn/reach/presentation/feature/account/AccountScreen.kt:103:37 Unresolved reference 'dp'.
e: file:///home/rhyn/ITD103/tawi-tawi-frontend/android/app/src/main/kotlin/com/rhyn/reach/presentation/feature/account/AccountScreen.kt:104:41 Unresolved reference 'Alignment'.
e: file:///home/rhyn/ITD103/tawi-tawi-frontend/android/app/src/main/kotlin/com/rhyn/reach/presentation/feature/account/AccountScreen.kt:105:45 Unresolved reference 'Arrangement'.
e: file:///home/rhyn/ITD103/tawi-tawi-frontend/android/app/src/main/kotlin/com/rhyn/reach/presentation/feature/account/AccountScreen.kt:107:21 Unresolved reference 'Column'.
e: file:///home/rhyn/ITD103/tawi-tawi-frontend/android/app/src/main/kotlin/com/rhyn/reach/presentation/feature/account/AccountScreen.kt:108:25 Unresolved reference 'Text'.
e: file:///home/rhyn/ITD103/tawi-tawi-frontend/android/app/src/main/kotlin/com/rhyn/reach/presentation/feature/account/AccountScreen.kt:108:59 Unresolved reference 'FontWeight'.
e: file:///home/rhyn/ITD103/tawi-tawi-frontend/android/app/src/main/kotlin/com/rhyn/reach/presentation/feature/account/AccountScreen.kt:109:25 Unresolved reference 'Text'.
e: file:///home/rhyn/ITD103/tawi-tawi-frontend/android/app/src/main/kotlin/com/rhyn/reach/presentation/feature/account/AccountScreen.kt:109:71 Unresolved reference 'MaterialTheme'.
e: file:///home/rhyn/ITD103/tawi-tawi-frontend/android/app/src/main/kotlin/com/rhyn/reach/presentation/feature/account/AccountScreen.kt:111:21 Unresolved reference 'Switch'.
e: file:///home/rhyn/ITD103/tawi-tawi-frontend/android/app/src/main/kotlin/com/rhyn/reach/presentation/feature/account/AccountScreen.kt:112:43 Unresolved reference 'isBackupEnabled'.
e: file:///home/rhyn/ITD103/tawi-tawi-frontend/android/app/src/main/kotlin/com/rhyn/reach/presentation/feature/account/AccountScreen.kt:113:68 Unresolved reference 'it'.
e: file:///home/rhyn/ITD103/tawi-tawi-frontend/android/app/src/main/kotlin/com/rhyn/reach/presentation/feature/account/AccountScreen.kt:118:13 Unresolved reference 'Spacer'.
e: file:///home/rhyn/ITD103/tawi-tawi-frontend/android/app/src/main/kotlin/com/rhyn/reach/presentation/feature/account/AccountScreen.kt:118:31 Unresolved reference 'Modifier'.
e: file:///home/rhyn/ITD103/tawi-tawi-frontend/android/app/src/main/kotlin/com/rhyn/reach/presentation/feature/account/AccountScreen.kt:118:50 Unresolved reference 'dp'.
e: file:///home/rhyn/ITD103/tawi-tawi-frontend/android/app/src/main/kotlin/com/rhyn/reach/presentation/feature/account/AccountScreen.kt:121:13 Unresolved reference 'OutlinedCard'.
e: file:///home/rhyn/ITD103/tawi-tawi-frontend/android/app/src/main/kotlin/com/rhyn/reach/presentation/feature/account/AccountScreen.kt:122:28 Unresolved reference 'Modifier'.
e: file:///home/rhyn/ITD103/tawi-tawi-frontend/android/app/src/main/kotlin/com/rhyn/reach/presentation/feature/account/AccountScreen.kt:123:25 Unresolved reference 'RoundedCornerShape'.
e: file:///home/rhyn/ITD103/tawi-tawi-frontend/android/app/src/main/kotlin/com/rhyn/reach/presentation/feature/account/AccountScreen.kt:123:47 Unresolved reference 'dp'.
e: file:///home/rhyn/ITD103/tawi-tawi-frontend/android/app/src/main/kotlin/com/rhyn/reach/presentation/feature/account/AccountScreen.kt:124:26 Unresolved reference 'CardDefaults'.
e: file:///home/rhyn/ITD103/tawi-tawi-frontend/android/app/src/main/kotlin/com/rhyn/reach/presentation/feature/account/AccountScreen.kt:124:75 Unresolved reference 'MaterialTheme'.
e: file:///home/rhyn/ITD103/tawi-tawi-frontend/android/app/src/main/kotlin/com/rhyn/reach/presentation/feature/account/AccountScreen.kt:126:17 Unresolved reference 'Column'.
e: file:///home/rhyn/ITD103/tawi-tawi-frontend/android/app/src/main/kotlin/com/rhyn/reach/presentation/feature/account/AccountScreen.kt:127:32 Unresolved reference 'Modifier'.
e: file:///home/rhyn/ITD103/tawi-tawi-frontend/android/app/src/main/kotlin/com/rhyn/reach/presentation/feature/account/AccountScreen.kt:127:52 Unresolved reference 'dp'.
e: file:///home/rhyn/ITD103/tawi-tawi-frontend/android/app/src/main/kotlin/com/rhyn/reach/presentation/feature/account/AccountScreen.kt:128:43 Unresolved reference 'Alignment'.
e: file:///home/rhyn/ITD103/tawi-tawi-frontend/android/app/src/main/kotlin/com/rhyn/reach/presentation/feature/account/AccountScreen.kt:130:21 Unresolved reference 'Text'.
e: file:///home/rhyn/ITD103/tawi-tawi-frontend/android/app/src/main/kotlin/com/rhyn/reach/presentation/feature/account/AccountScreen.kt:132:33 Unresolved reference 'MaterialTheme'.
e: file:///home/rhyn/ITD103/tawi-tawi-frontend/android/app/src/main/kotlin/com/rhyn/reach/presentation/feature/account/AccountScreen.kt:133:33 Unresolved reference 'MaterialTheme'.
e: file:///home/rhyn/ITD103/tawi-tawi-frontend/android/app/src/main/kotlin/com/rhyn/reach/presentation/feature/account/AccountScreen.kt:134:38 Unresolved reference 'FontWeight'.
e: file:///home/rhyn/ITD103/tawi-tawi-frontend/android/app/src/main/kotlin/com/rhyn/reach/presentation/feature/account/AccountScreen.kt:136:21 Unresolved reference 'Spacer'.
e: file:///home/rhyn/ITD103/tawi-tawi-frontend/android/app/src/main/kotlin/com/rhyn/reach/presentation/feature/account/AccountScreen.kt:136:39 Unresolved reference 'Modifier'.
e: file:///home/rhyn/ITD103/tawi-tawi-frontend/android/app/src/main/kotlin/com/rhyn/reach/presentation/feature/account/AccountScreen.kt:136:58 Unresolved reference 'dp'.
e: file:///home/rhyn/ITD103/tawi-tawi-frontend/android/app/src/main/kotlin/com/rhyn/reach/presentation/feature/account/AccountScreen.kt:139:25 Unresolved reference 'Surface'.
e: file:///home/rhyn/ITD103/tawi-tawi-frontend/android/app/src/main/kotlin/com/rhyn/reach/presentation/feature/account/AccountScreen.kt:140:40 Unresolved reference 'Modifier'.
e: file:///home/rhyn/ITD103/tawi-tawi-frontend/android/app/src/main/kotlin/com/rhyn/reach/presentation/feature/account/AccountScreen.kt:140:58 Unresolved reference 'dp'.
e: file:///home/rhyn/ITD103/tawi-tawi-frontend/android/app/src/main/kotlin/com/rhyn/reach/presentation/feature/account/AccountScreen.kt:141:37 Unresolved reference 'RoundedCornerShape'.
e: file:///home/rhyn/ITD103/tawi-tawi-frontend/android/app/src/main/kotlin/com/rhyn/reach/presentation/feature/account/AccountScreen.kt:141:59 Unresolved reference 'dp'.
e: file:///home/rhyn/ITD103/tawi-tawi-frontend/android/app/src/main/kotlin/com/rhyn/reach/presentation/feature/account/AccountScreen.kt:142:37 Unresolved reference 'Color'.
e: file:///home/rhyn/ITD103/tawi-tawi-frontend/android/app/src/main/kotlin/com/rhyn/reach/presentation/feature/account/AccountScreen.kt:144:29 Unresolved reference 'Image'.
e: file:///home/rhyn/ITD103/tawi-tawi-frontend/android/app/src/main/kotlin/com/rhyn/reach/presentation/feature/account/AccountScreen.kt:145:51 Unresolved reference 'asImageBitmap'.
e: file:///home/rhyn/ITD103/tawi-tawi-frontend/android/app/src/main/kotlin/com/rhyn/reach/presentation/feature/account/AccountScreen.kt:147:44 Unresolved reference 'Modifier'.
e: file:///home/rhyn/ITD103/tawi-tawi-frontend/android/app/src/main/kotlin/com/rhyn/reach/presentation/feature/account/AccountScreen.kt:147:63 Unresolved reference 'dp'.
e: file:///home/rhyn/ITD103/tawi-tawi-frontend/android/app/src/main/kotlin/com/rhyn/reach/presentation/feature/account/AccountScreen.kt:151:25 Unresolved reference 'CircularProgressIndicator'.
e: file:///home/rhyn/ITD103/tawi-tawi-frontend/android/app/src/main/kotlin/com/rhyn/reach/presentation/feature/account/AccountScreen.kt:156:13 Unresolved reference 'Spacer'.
e: file:///home/rhyn/ITD103/tawi-tawi-frontend/android/app/src/main/kotlin/com/rhyn/reach/presentation/feature/account/AccountScreen.kt:156:31 Unresolved reference 'Modifier'.
e: file:///home/rhyn/ITD103/tawi-tawi-frontend/android/app/src/main/kotlin/com/rhyn/reach/presentation/feature/account/AccountScreen.kt:156:50 Unresolved reference 'dp'.
e: file:///home/rhyn/ITD103/tawi-tawi-frontend/android/app/src/main/kotlin/com/rhyn/reach/presentation/feature/account/AccountScreen.kt:158:13 Unresolved reference 'Button'.
e: file:///home/rhyn/ITD103/tawi-tawi-frontend/android/app/src/main/kotlin/com/rhyn/reach/presentation/feature/account/AccountScreen.kt:160:28 Unresolved reference 'Modifier'.
e: file:///home/rhyn/ITD103/tawi-tawi-frontend/android/app/src/main/kotlin/com/rhyn/reach/presentation/feature/account/AccountScreen.kt:160:62 Unresolved reference 'dp'.
e: file:///home/rhyn/ITD103/tawi-tawi-frontend/android/app/src/main/kotlin/com/rhyn/reach/presentation/feature/account/AccountScreen.kt:161:26 Unresolved reference 'ButtonDefaults'.
e: file:///home/rhyn/ITD103/tawi-tawi-frontend/android/app/src/main/kotlin/com/rhyn/reach/presentation/feature/account/AccountScreen.kt:161:71 Unresolved reference 'MaterialTheme'.
e: file:///home/rhyn/ITD103/tawi-tawi-frontend/android/app/src/main/kotlin/com/rhyn/reach/presentation/feature/account/AccountScreen.kt:163:17 Unresolved reference 'Icon'.
e: file:///home/rhyn/ITD103/tawi-tawi-frontend/android/app/src/main/kotlin/com/rhyn/reach/presentation/feature/account/AccountScreen.kt:163:22 Unresolved reference 'Icons'.
e: file:///home/rhyn/ITD103/tawi-tawi-frontend/android/app/src/main/kotlin/com/rhyn/reach/presentation/feature/account/AccountScreen.kt:164:17 Unresolved reference 'Spacer'.
e: file:///home/rhyn/ITD103/tawi-tawi-frontend/android/app/src/main/kotlin/com/rhyn/reach/presentation/feature/account/AccountScreen.kt:164:35 Unresolved reference 'Modifier'.
e: file:///home/rhyn/ITD103/tawi-tawi-frontend/android/app/src/main/kotlin/com/rhyn/reach/presentation/feature/account/AccountScreen.kt:164:52 Unresolved reference 'dp'.
e: file:///home/rhyn/ITD103/tawi-tawi-frontend/android/app/src/main/kotlin/com/rhyn/reach/presentation/feature/account/AccountScreen.kt:165:17 Unresolved reference 'Text'.
e: file:///home/rhyn/ITD103/tawi-tawi-frontend/android/app/src/main/kotlin/com/rhyn/reach/presentation/feature/account/AccountViewModel.kt:7:27 Unresolved reference 'viewModelScope'.
e: file:///home/rhyn/ITD103/tawi-tawi-frontend/android/app/src/main/kotlin/com/rhyn/reach/presentation/feature/account/AccountViewModel.kt:11:8 Unresolved reference 'dagger'.
e: file:///home/rhyn/ITD103/tawi-tawi-frontend/android/app/src/main/kotlin/com/rhyn/reach/presentation/feature/account/AccountViewModel.kt:19:14 Unresolved reference 'inject'.
e: file:///home/rhyn/ITD103/tawi-tawi-frontend/android/app/src/main/kotlin/com/rhyn/reach/presentation/feature/account/AccountViewModel.kt:21:12 Redeclaration:
data class AccountUiState : Any
e: file:///home/rhyn/ITD103/tawi-tawi-frontend/android/app/src/main/kotlin/com/rhyn/reach/presentation/feature/account/AccountViewModel.kt:29:2 Unresolved reference 'HiltViewModel'.
e: file:///home/rhyn/ITD103/tawi-tawi-frontend/android/app/src/main/kotlin/com/rhyn/reach/presentation/feature/account/AccountViewModel.kt:30:7 Redeclaration:
class AccountViewModel : ViewModel
e: file:///home/rhyn/ITD103/tawi-tawi-frontend/android/app/src/main/kotlin/com/rhyn/reach/presentation/feature/account/AccountViewModel.kt:30:25 Unresolved reference 'Inject'.
e: file:///home/rhyn/ITD103/tawi-tawi-frontend/android/app/src/main/kotlin/com/rhyn/reach/presentation/feature/account/AccountViewModel.kt:80:9 Unresolved reference 'viewModelScope'.
e: file:///home/rhyn/ITD103/tawi-tawi-frontend/android/app/src/main/kotlin/com/rhyn/reach/presentation/feature/account/AccountViewModel.kt:121:9 Unresolved reference 'viewModelScope'.
e: file:///home/rhyn/ITD103/tawi-tawi-frontend/android/app/src/main/kotlin/com/rhyn/reach/presentation/feature/auth/AuthScreen.kt:6:17 Unresolved reference 'compose'.
e: file:///home/rhyn/ITD103/tawi-tawi-frontend/android/app/src/main/kotlin/com/rhyn/reach/presentation/feature/auth/AuthScreen.kt:7:17 Unresolved reference 'compose'.
e: file:///home/rhyn/ITD103/tawi-tawi-frontend/android/app/src/main/kotlin/com/rhyn/reach/presentation/feature/auth/AuthScreen.kt:8:17 Unresolved reference 'compose'.
e: file:///home/rhyn/ITD103/tawi-tawi-frontend/android/app/src/main/kotlin/com/rhyn/reach/presentation/feature/auth/AuthScreen.kt:9:17 Unresolved reference 'compose'.
e: file:///home/rhyn/ITD103/tawi-tawi-frontend/android/app/src/main/kotlin/com/rhyn/reach/presentation/feature/auth/AuthScreen.kt:10:17 Unresolved reference 'compose'.
e: file:///home/rhyn/ITD103/tawi-tawi-frontend/android/app/src/main/kotlin/com/rhyn/reach/presentation/feature/auth/AuthScreen.kt:11:17 Unresolved reference 'compose'.
e: file:///home/rhyn/ITD103/tawi-tawi-frontend/android/app/src/main/kotlin/com/rhyn/reach/presentation/feature/auth/AuthScreen.kt:12:17 Unresolved reference 'compose'.
e: file:///home/rhyn/ITD103/tawi-tawi-frontend/android/app/src/main/kotlin/com/rhyn/reach/presentation/feature/auth/AuthScreen.kt:13:17 Unresolved reference 'compose'.
e: file:///home/rhyn/ITD103/tawi-tawi-frontend/android/app/src/main/kotlin/com/rhyn/reach/presentation/feature/auth/AuthScreen.kt:14:17 Unresolved reference 'compose'.
e: file:///home/rhyn/ITD103/tawi-tawi-frontend/android/app/src/main/kotlin/com/rhyn/reach/presentation/feature/auth/AuthScreen.kt:15:17 Unresolved reference 'compose'.
e: file:///home/rhyn/ITD103/tawi-tawi-frontend/android/app/src/main/kotlin/com/rhyn/reach/presentation/feature/auth/AuthScreen.kt:16:17 Unresolved reference 'compose'.
e: file:///home/rhyn/ITD103/tawi-tawi-frontend/android/app/src/main/kotlin/com/rhyn/reach/presentation/feature/auth/AuthScreen.kt:17:17 Unresolved reference 'compose'.
e: file:///home/rhyn/ITD103/tawi-tawi-frontend/android/app/src/main/kotlin/com/rhyn/reach/presentation/feature/auth/AuthScreen.kt:18:17 Unresolved reference 'compose'.
e: file:///home/rhyn/ITD103/tawi-tawi-frontend/android/app/src/main/kotlin/com/rhyn/reach/presentation/feature/auth/AuthScreen.kt:19:17 Unresolved reference 'compose'.
e: file:///home/rhyn/ITD103/tawi-tawi-frontend/android/app/src/main/kotlin/com/rhyn/reach/presentation/feature/auth/AuthScreen.kt:20:17 Unresolved reference 'compose'.
e: file:///home/rhyn/ITD103/tawi-tawi-frontend/android/app/src/main/kotlin/com/rhyn/reach/presentation/feature/auth/AuthScreen.kt:21:17 Unresolved reference 'compose'.
e: file:///home/rhyn/ITD103/tawi-tawi-frontend/android/app/src/main/kotlin/com/rhyn/reach/presentation/feature/auth/AuthScreen.kt:22:17 Unresolved reference 'compose'.
e: file:///home/rhyn/ITD103/tawi-tawi-frontend/android/app/src/main/kotlin/com/rhyn/reach/presentation/feature/auth/AuthScreen.kt:23:17 Unresolved reference 'compose'.
e: file:///home/rhyn/ITD103/tawi-tawi-frontend/android/app/src/main/kotlin/com/rhyn/reach/presentation/feature/auth/AuthScreen.kt:24:17 Unresolved reference 'compose'.
e: file:///home/rhyn/ITD103/tawi-tawi-frontend/android/app/src/main/kotlin/com/rhyn/reach/presentation/feature/auth/AuthScreen.kt:25:17 Unresolved reference 'compose'.
e: file:///home/rhyn/ITD103/tawi-tawi-frontend/android/app/src/main/kotlin/com/rhyn/reach/presentation/feature/auth/AuthScreen.kt:26:17 Unresolved reference 'compose'.
e: file:///home/rhyn/ITD103/tawi-tawi-frontend/android/app/src/main/kotlin/com/rhyn/reach/presentation/feature/auth/AuthScreen.kt:27:17 Unresolved reference 'compose'.
e: file:///home/rhyn/ITD103/tawi-tawi-frontend/android/app/src/main/kotlin/com/rhyn/reach/presentation/feature/auth/AuthScreen.kt:28:17 Unresolved reference 'compose'.
e: file:///home/rhyn/ITD103/tawi-tawi-frontend/android/app/src/main/kotlin/com/rhyn/reach/presentation/feature/auth/AuthScreen.kt:29:17 Unresolved reference 'compose'.
e: file:///home/rhyn/ITD103/tawi-tawi-frontend/android/app/src/main/kotlin/com/rhyn/reach/presentation/feature/auth/AuthScreen.kt:30:17 Unresolved reference 'compose'.
e: file:///home/rhyn/ITD103/tawi-tawi-frontend/android/app/src/main/kotlin/com/rhyn/reach/presentation/feature/auth/AuthScreen.kt:31:17 Unresolved reference 'compose'.
e: file:///home/rhyn/ITD103/tawi-tawi-frontend/android/app/src/main/kotlin/com/rhyn/reach/presentation/feature/auth/AuthScreen.kt:32:17 Unresolved reference 'compose'.
e: file:///home/rhyn/ITD103/tawi-tawi-frontend/android/app/src/main/kotlin/com/rhyn/reach/presentation/feature/auth/AuthScreen.kt:33:17 Unresolved reference 'compose'.
e: file:///home/rhyn/ITD103/tawi-tawi-frontend/android/app/src/main/kotlin/com/rhyn/reach/presentation/feature/auth/AuthScreen.kt:34:17 Unresolved reference 'compose'.
e: file:///home/rhyn/ITD103/tawi-tawi-frontend/android/app/src/main/kotlin/com/rhyn/reach/presentation/feature/auth/AuthScreen.kt:35:17 Unresolved reference 'compose'.
e: file:///home/rhyn/ITD103/tawi-tawi-frontend/android/app/src/main/kotlin/com/rhyn/reach/presentation/feature/auth/AuthScreen.kt:36:17 Unresolved reference 'compose'.
e: file:///home/rhyn/ITD103/tawi-tawi-frontend/android/app/src/main/kotlin/com/rhyn/reach/presentation/feature/auth/AuthScreen.kt:37:29 Unresolved reference 'CredentialManager'.
e: file:///home/rhyn/ITD103/tawi-tawi-frontend/android/app/src/main/kotlin/com/rhyn/reach/presentation/feature/auth/AuthScreen.kt:38:29 Unresolved reference 'CustomCredential'.
e: file:///home/rhyn/ITD103/tawi-tawi-frontend/android/app/src/main/kotlin/com/rhyn/reach/presentation/feature/auth/AuthScreen.kt:39:29 Unresolved reference 'GetCredentialRequest'.
e: file:///home/rhyn/ITD103/tawi-tawi-frontend/android/app/src/main/kotlin/com/rhyn/reach/presentation/feature/auth/AuthScreen.kt:40:17 Unresolved reference 'hilt'.
e: file:///home/rhyn/ITD103/tawi-tawi-frontend/android/app/src/main/kotlin/com/rhyn/reach/presentation/feature/auth/AuthScreen.kt:41:55 Unresolved reference 'GetGoogleIdOption'.
e: file:///home/rhyn/ITD103/tawi-tawi-frontend/android/app/src/main/kotlin/com/rhyn/reach/presentation/feature/auth/AuthScreen.kt:42:55 Unresolved reference 'GoogleIdTokenCredential'.
e: file:///home/rhyn/ITD103/tawi-tawi-frontend/android/app/src/main/kotlin/com/rhyn/reach/presentation/feature/auth/AuthScreen.kt:43:23 Unresolved reference 'R'.
e: file:///home/rhyn/ITD103/tawi-tawi-frontend/android/app/src/main/kotlin/com/rhyn/reach/presentation/feature/auth/AuthScreen.kt:46:2 Unresolved reference 'Composable'.
e: file:///home/rhyn/ITD103/tawi-tawi-frontend/android/app/src/main/kotlin/com/rhyn/reach/presentation/feature/auth/AuthScreen.kt:47:1 Conflicting overloads:
fun AuthScreen(viewModel: AuthViewModel = ..., onAuthSuccess: () -> Unit): Unit
e: file:///home/rhyn/ITD103/tawi-tawi-frontend/android/app/src/main/kotlin/com/rhyn/reach/presentation/feature/auth/AuthScreen.kt:48:32 Unresolved reference 'hiltViewModel'.
e: file:///home/rhyn/ITD103/tawi-tawi-frontend/android/app/src/main/kotlin/com/rhyn/reach/presentation/feature/auth/AuthScreen.kt:51:21 Unresolved reference 'remember'.
e: file:///home/rhyn/ITD103/tawi-tawi-frontend/android/app/src/main/kotlin/com/rhyn/reach/presentation/feature/auth/AuthScreen.kt:51:32 Unresolved reference 'mutableStateOf'.
e: file:///home/rhyn/ITD103/tawi-tawi-frontend/android/app/src/main/kotlin/com/rhyn/reach/presentation/feature/auth/AuthScreen.kt:52:21 Unresolved reference 'remember'.
e: file:///home/rhyn/ITD103/tawi-tawi-frontend/android/app/src/main/kotlin/com/rhyn/reach/presentation/feature/auth/AuthScreen.kt:52:32 Unresolved reference 'mutableStateOf'.
e: file:///home/rhyn/ITD103/tawi-tawi-frontend/android/app/src/main/kotlin/com/rhyn/reach/presentation/feature/auth/AuthScreen.kt:54:22 Unresolved reference 'remember'.
e: file:///home/rhyn/ITD103/tawi-tawi-frontend/android/app/src/main/kotlin/com/rhyn/reach/presentation/feature/auth/AuthScreen.kt:54:33 Unresolved reference 'mutableStateOf'.
e: file:///home/rhyn/ITD103/tawi-tawi-frontend/android/app/src/main/kotlin/com/rhyn/reach/presentation/feature/auth/AuthScreen.kt:55:25 Unresolved reference 'remember'.
e: file:///home/rhyn/ITD103/tawi-tawi-frontend/android/app/src/main/kotlin/com/rhyn/reach/presentation/feature/auth/AuthScreen.kt:55:36 Unresolved reference 'mutableStateOf'.
e: file:///home/rhyn/ITD103/tawi-tawi-frontend/android/app/src/main/kotlin/com/rhyn/reach/presentation/feature/auth/AuthScreen.kt:56:28 Unresolved reference 'remember'.
e: file:///home/rhyn/ITD103/tawi-tawi-frontend/android/app/src/main/kotlin/com/rhyn/reach/presentation/feature/auth/AuthScreen.kt:56:39 Unresolved reference 'mutableStateOf'.
e: file:///home/rhyn/ITD103/tawi-tawi-frontend/android/app/src/main/kotlin/com/rhyn/reach/presentation/feature/auth/AuthScreen.kt:59:21 Unresolved reference 'remember'.
e: file:///home/rhyn/ITD103/tawi-tawi-frontend/android/app/src/main/kotlin/com/rhyn/reach/presentation/feature/auth/AuthScreen.kt:59:32 Unresolved reference 'mutableStateOf'.
e: file:///home/rhyn/ITD103/tawi-tawi-frontend/android/app/src/main/kotlin/com/rhyn/reach/presentation/feature/auth/AuthScreen.kt:60:25 Unresolved reference 'remember'.
e: file:///home/rhyn/ITD103/tawi-tawi-frontend/android/app/src/main/kotlin/com/rhyn/reach/presentation/feature/auth/AuthScreen.kt:60:36 Unresolved reference 'mutableStateOf'.
e: file:///home/rhyn/ITD103/tawi-tawi-frontend/android/app/src/main/kotlin/com/rhyn/reach/presentation/feature/auth/AuthScreen.kt:62:24 Unresolved reference 'LocalFocusManager'.
e: file:///home/rhyn/ITD103/tawi-tawi-frontend/android/app/src/main/kotlin/com/rhyn/reach/presentation/feature/auth/AuthScreen.kt:63:19 Unresolved reference 'LocalContext'.
e: file:///home/rhyn/ITD103/tawi-tawi-frontend/android/app/src/main/kotlin/com/rhyn/reach/presentation/feature/auth/AuthScreen.kt:64:26 Unresolved reference 'rememberCoroutineScope'.
e: file:///home/rhyn/ITD103/tawi-tawi-frontend/android/app/src/main/kotlin/com/rhyn/reach/presentation/feature/auth/AuthScreen.kt:66:20 Unresolved reference 'remember'.
e: file:///home/rhyn/ITD103/tawi-tawi-frontend/android/app/src/main/kotlin/com/rhyn/reach/presentation/feature/auth/AuthScreen.kt:108:5 Unresolved reference 'Scaffold'.
e: file:///home/rhyn/ITD103/tawi-tawi-frontend/android/app/src/main/kotlin/com/rhyn/reach/presentation/feature/auth/AuthScreen.kt:109:20 Unresolved reference 'Modifier'.
e: file:///home/rhyn/ITD103/tawi-tawi-frontend/android/app/src/main/kotlin/com/rhyn/reach/presentation/feature/auth/AuthScreen.kt:112:26 Unresolved reference 'MaterialTheme'.
e: file:///home/rhyn/ITD103/tawi-tawi-frontend/android/app/src/main/kotlin/com/rhyn/reach/presentation/feature/auth/AuthScreen.kt:113:9 Cannot infer type for this parameter. Please specify it explicitly.
e: file:///home/rhyn/ITD103/tawi-tawi-frontend/android/app/src/main/kotlin/com/rhyn/reach/presentation/feature/auth/AuthScreen.kt:114:9 Unresolved reference 'Column'.
e: file:///home/rhyn/ITD103/tawi-tawi-frontend/android/app/src/main/kotlin/com/rhyn/reach/presentation/feature/auth/AuthScreen.kt:115:24 Unresolved reference 'Modifier'.
e: file:///home/rhyn/ITD103/tawi-tawi-frontend/android/app/src/main/kotlin/com/rhyn/reach/presentation/feature/auth/AuthScreen.kt:118:42 Unresolved reference 'dp'.
e: file:///home/rhyn/ITD103/tawi-tawi-frontend/android/app/src/main/kotlin/com/rhyn/reach/presentation/feature/auth/AuthScreen.kt:119:33 Unresolved reference 'rememberScrollState'.
e: file:///home/rhyn/ITD103/tawi-tawi-frontend/android/app/src/main/kotlin/com/rhyn/reach/presentation/feature/auth/AuthScreen.kt:120:35 Unresolved reference 'Alignment'.
e: file:///home/rhyn/ITD103/tawi-tawi-frontend/android/app/src/main/kotlin/com/rhyn/reach/presentation/feature/auth/AuthScreen.kt:121:35 Unresolved reference 'Arrangement'.
e: file:///home/rhyn/ITD103/tawi-tawi-frontend/android/app/src/main/kotlin/com/rhyn/reach/presentation/feature/auth/AuthScreen.kt:124:13 Unresolved reference 'Icon'.
e: file:///home/rhyn/ITD103/tawi-tawi-frontend/android/app/src/main/kotlin/com/rhyn/reach/presentation/feature/auth/AuthScreen.kt:125:27 Unresolved reference 'painterResource'.
e: file:///home/rhyn/ITD103/tawi-tawi-frontend/android/app/src/main/kotlin/com/rhyn/reach/presentation/feature/auth/AuthScreen.kt:125:48 Unresolved reference 'R'.
e: file:///home/rhyn/ITD103/tawi-tawi-frontend/android/app/src/main/kotlin/com/rhyn/reach/presentation/feature/auth/AuthScreen.kt:127:28 Unresolved reference 'Modifier'.
e: file:///home/rhyn/ITD103/tawi-tawi-frontend/android/app/src/main/kotlin/com/rhyn/reach/presentation/feature/auth/AuthScreen.kt:127:45 Unresolved reference 'dp'.
e: file:///home/rhyn/ITD103/tawi-tawi-frontend/android/app/src/main/kotlin/com/rhyn/reach/presentation/feature/auth/AuthScreen.kt:128:24 Unresolved reference 'MaterialTheme'.
e: file:///home/rhyn/ITD103/tawi-tawi-frontend/android/app/src/main/kotlin/com/rhyn/reach/presentation/feature/auth/AuthScreen.kt:130:13 Unresolved reference 'Spacer'.
e: file:///home/rhyn/ITD103/tawi-tawi-frontend/android/app/src/main/kotlin/com/rhyn/reach/presentation/feature/auth/AuthScreen.kt:130:31 Unresolved reference 'Modifier'.
e: file:///home/rhyn/ITD103/tawi-tawi-frontend/android/app/src/main/kotlin/com/rhyn/reach/presentation/feature/auth/AuthScreen.kt:130:50 Unresolved reference 'dp'.
e: file:///home/rhyn/ITD103/tawi-tawi-frontend/android/app/src/main/kotlin/com/rhyn/reach/presentation/feature/auth/AuthScreen.kt:131:13 Unresolved reference 'Text'.
e: file:///home/rhyn/ITD103/tawi-tawi-frontend/android/app/src/main/kotlin/com/rhyn/reach/presentation/feature/auth/AuthScreen.kt:133:25 Unresolved reference 'MaterialTheme'.
e: file:///home/rhyn/ITD103/tawi-tawi-frontend/android/app/src/main/kotlin/com/rhyn/reach/presentation/feature/auth/AuthScreen.kt:134:30 Unresolved reference 'FontWeight'.
e: file:///home/rhyn/ITD103/tawi-tawi-frontend/android/app/src/main/kotlin/com/rhyn/reach/presentation/feature/auth/AuthScreen.kt:135:25 Unresolved reference 'MaterialTheme'.
e: file:///home/rhyn/ITD103/tawi-tawi-frontend/android/app/src/main/kotlin/com/rhyn/reach/presentation/feature/auth/AuthScreen.kt:137:13 Unresolved reference 'Text'.
e: file:///home/rhyn/ITD103/tawi-tawi-frontend/android/app/src/main/kotlin/com/rhyn/reach/presentation/feature/auth/AuthScreen.kt:139:25 Unresolved reference 'MaterialTheme'.
e: file:///home/rhyn/ITD103/tawi-tawi-frontend/android/app/src/main/kotlin/com/rhyn/reach/presentation/feature/auth/AuthScreen.kt:140:25 Unresolved reference 'MaterialTheme'.
e: file:///home/rhyn/ITD103/tawi-tawi-frontend/android/app/src/main/kotlin/com/rhyn/reach/presentation/feature/auth/AuthScreen.kt:141:28 Unresolved reference 'Modifier'.
e: file:///home/rhyn/ITD103/tawi-tawi-frontend/android/app/src/main/kotlin/com/rhyn/reach/presentation/feature/auth/AuthScreen.kt:141:57 Unresolved reference 'dp'.
e: file:///home/rhyn/ITD103/tawi-tawi-frontend/android/app/src/main/kotlin/com/rhyn/reach/presentation/feature/auth/AuthScreen.kt:146:17 Unresolved reference 'Surface'.
e: file:///home/rhyn/ITD103/tawi-tawi-frontend/android/app/src/main/kotlin/com/rhyn/reach/presentation/feature/auth/AuthScreen.kt:147:29 Unresolved reference 'MaterialTheme'.
e: file:///home/rhyn/ITD103/tawi-tawi-frontend/android/app/src/main/kotlin/com/rhyn/reach/presentation/feature/auth/AuthScreen.kt:148:29 Unresolved reference 'RoundedCornerShape'.
e: file:///home/rhyn/ITD103/tawi-tawi-frontend/android/app/src/main/kotlin/com/rhyn/reach/presentation/feature/auth/AuthScreen.kt:148:50 Unresolved reference 'dp'.
e: file:///home/rhyn/ITD103/tawi-tawi-frontend/android/app/src/main/kotlin/com/rhyn/reach/presentation/feature/auth/AuthScreen.kt:149:32 Unresolved reference 'Modifier'.
e: file:///home/rhyn/ITD103/tawi-tawi-frontend/android/app/src/main/kotlin/com/rhyn/reach/presentation/feature/auth/AuthScreen.kt:151:46 Unresolved reference 'dp'.
e: file:///home/rhyn/ITD103/tawi-tawi-frontend/android/app/src/main/kotlin/com/rhyn/reach/presentation/feature/auth/AuthScreen.kt:153:21 Unresolved reference 'Text'.
e: file:///home/rhyn/ITD103/tawi-tawi-frontend/android/app/src/main/kotlin/com/rhyn/reach/presentation/feature/auth/AuthScreen.kt:154:32 Smart cast to 'TypeVariable(K)?' is impossible, because 'errorMessage' is a delegated property.
e: file:///home/rhyn/ITD103/tawi-tawi-frontend/android/app/src/main/kotlin/com/rhyn/reach/presentation/feature/auth/AuthScreen.kt:155:33 Unresolved reference 'MaterialTheme'.
e: file:///home/rhyn/ITD103/tawi-tawi-frontend/android/app/src/main/kotlin/com/rhyn/reach/presentation/feature/auth/AuthScreen.kt:156:33 Unresolved reference 'MaterialTheme'.
e: file:///home/rhyn/ITD103/tawi-tawi-frontend/android/app/src/main/kotlin/com/rhyn/reach/presentation/feature/auth/AuthScreen.kt:157:36 Unresolved reference 'Modifier'.
e: file:///home/rhyn/ITD103/tawi-tawi-frontend/android/app/src/main/kotlin/com/rhyn/reach/presentation/feature/auth/AuthScreen.kt:157:56 Unresolved reference 'dp'.
e: file:///home/rhyn/ITD103/tawi-tawi-frontend/android/app/src/main/kotlin/com/rhyn/reach/presentation/feature/auth/AuthScreen.kt:158:37 Unresolved reference 'TextAlign'.
e: file:///home/rhyn/ITD103/tawi-tawi-frontend/android/app/src/main/kotlin/com/rhyn/reach/presentation/feature/auth/AuthScreen.kt:164:13 Unresolved reference 'Crossfade'.
e: file:///home/rhyn/ITD103/tawi-tawi-frontend/android/app/src/main/kotlin/com/rhyn/reach/presentation/feature/auth/AuthScreen.kt:167:17 Cannot infer type for this parameter. Please specify it explicitly.
e: file:///home/rhyn/ITD103/tawi-tawi-frontend/android/app/src/main/kotlin/com/rhyn/reach/presentation/feature/auth/AuthScreen.kt:170:21 Unresolved reference 'Column'.
e: file:///home/rhyn/ITD103/tawi-tawi-frontend/android/app/src/main/kotlin/com/rhyn/reach/presentation/feature/auth/AuthScreen.kt:171:36 Unresolved reference 'Modifier'.
e: file:///home/rhyn/ITD103/tawi-tawi-frontend/android/app/src/main/kotlin/com/rhyn/reach/presentation/feature/auth/AuthScreen.kt:172:47 Unresolved reference 'Alignment'.
e: file:///home/rhyn/ITD103/tawi-tawi-frontend/android/app/src/main/kotlin/com/rhyn/reach/presentation/feature/auth/AuthScreen.kt:174:25 Unresolved reference 'Icon'.
e: file:///home/rhyn/ITD103/tawi-tawi-frontend/android/app/src/main/kotlin/com/rhyn/reach/presentation/feature/auth/AuthScreen.kt:175:43 Unresolved reference 'Icons'.
e: file:///home/rhyn/ITD103/tawi-tawi-frontend/android/app/src/main/kotlin/com/rhyn/reach/presentation/feature/auth/AuthScreen.kt:177:40 Unresolved reference 'Modifier'.
e: file:///home/rhyn/ITD103/tawi-tawi-frontend/android/app/src/main/kotlin/com/rhyn/reach/presentation/feature/auth/AuthScreen.kt:178:42 Unresolved reference 'dp'.
e: file:///home/rhyn/ITD103/tawi-tawi-frontend/android/app/src/main/kotlin/com/rhyn/reach/presentation/feature/auth/AuthScreen.kt:179:54 Unresolved reference 'dp'.
e: file:///home/rhyn/ITD103/tawi-tawi-frontend/android/app/src/main/kotlin/com/rhyn/reach/presentation/feature/auth/AuthScreen.kt:180:36 Unresolved reference 'MaterialTheme'.
e: file:///home/rhyn/ITD103/tawi-tawi-frontend/android/app/src/main/kotlin/com/rhyn/reach/presentation/feature/auth/AuthScreen.kt:183:25 Unresolved reference 'Text'.
e: file:///home/rhyn/ITD103/tawi-tawi-frontend/android/app/src/main/kotlin/com/rhyn/reach/presentation/feature/auth/AuthScreen.kt:185:37 Unresolved reference 'MaterialTheme'.
e: file:///home/rhyn/ITD103/tawi-tawi-frontend/android/app/src/main/kotlin/com/rhyn/reach/presentation/feature/auth/AuthScreen.kt:186:42 Unresolved reference 'FontWeight'.
e: file:///home/rhyn/ITD103/tawi-tawi-frontend/android/app/src/main/kotlin/com/rhyn/reach/presentation/feature/auth/AuthScreen.kt:187:37 Unresolved reference 'MaterialTheme'.
e: file:///home/rhyn/ITD103/tawi-tawi-frontend/android/app/src/main/kotlin/com/rhyn/reach/presentation/feature/auth/AuthScreen.kt:190:25 Unresolved reference 'Spacer'.
e: file:///home/rhyn/ITD103/tawi-tawi-frontend/android/app/src/main/kotlin/com/rhyn/reach/presentation/feature/auth/AuthScreen.kt:190:43 Unresolved reference 'Modifier'.
e: file:///home/rhyn/ITD103/tawi-tawi-frontend/android/app/src/main/kotlin/com/rhyn/reach/presentation/feature/auth/AuthScreen.kt:190:61 Unresolved reference 'dp'.
e: file:///home/rhyn/ITD103/tawi-tawi-frontend/android/app/src/main/kotlin/com/rhyn/reach/presentation/feature/auth/AuthScreen.kt:192:25 Unresolved reference 'Text'.
e: file:///home/rhyn/ITD103/tawi-tawi-frontend/android/app/src/main/kotlin/com/rhyn/reach/presentation/feature/auth/AuthScreen.kt:194:37 Unresolved reference 'MaterialTheme'.
e: file:///home/rhyn/ITD103/tawi-tawi-frontend/android/app/src/main/kotlin/com/rhyn/reach/presentation/feature/auth/AuthScreen.kt:195:37 Unresolved reference 'MaterialTheme'.
e: file:///home/rhyn/ITD103/tawi-tawi-frontend/android/app/src/main/kotlin/com/rhyn/reach/presentation/feature/auth/AuthScreen.kt:196:41 Unresolved reference 'TextAlign'.
e: file:///home/rhyn/ITD103/tawi-tawi-frontend/android/app/src/main/kotlin/com/rhyn/reach/presentation/feature/auth/AuthScreen.kt:197:40 Unresolved reference 'Modifier'.
e: file:///home/rhyn/ITD103/tawi-tawi-frontend/android/app/src/main/kotlin/com/rhyn/reach/presentation/feature/auth/AuthScreen.kt:197:73 Unresolved reference 'dp'.
e: file:///home/rhyn/ITD103/tawi-tawi-frontend/android/app/src/main/kotlin/com/rhyn/reach/presentation/feature/auth/AuthScreen.kt:200:25 Unresolved reference 'Spacer'.
e: file:///home/rhyn/ITD103/tawi-tawi-frontend/android/app/src/main/kotlin/com/rhyn/reach/presentation/feature/auth/AuthScreen.kt:200:43 Unresolved reference 'Modifier'.
e: file:///home/rhyn/ITD103/tawi-tawi-frontend/android/app/src/main/kotlin/com/rhyn/reach/presentation/feature/auth/AuthScreen.kt:200:62 Unresolved reference 'dp'.
e: file:///home/rhyn/ITD103/tawi-tawi-frontend/android/app/src/main/kotlin/com/rhyn/reach/presentation/feature/auth/AuthScreen.kt:202:25 Unresolved reference 'OutlinedTextField'.
e: file:///home/rhyn/ITD103/tawi-tawi-frontend/android/app/src/main/kotlin/com/rhyn/reach/presentation/feature/auth/AuthScreen.kt:204:51 Unresolved reference 'it'.
e: file:///home/rhyn/ITD103/tawi-tawi-frontend/android/app/src/main/kotlin/com/rhyn/reach/presentation/feature/auth/AuthScreen.kt:204:78 Unresolved reference 'it'.
e: file:///home/rhyn/ITD103/tawi-tawi-frontend/android/app/src/main/kotlin/com/rhyn/reach/presentation/feature/auth/AuthScreen.kt:205:39 Unresolved reference 'Text'.
e: file:///home/rhyn/ITD103/tawi-tawi-frontend/android/app/src/main/kotlin/com/rhyn/reach/presentation/feature/auth/AuthScreen.kt:207:47 Unresolved reference 'KeyboardOptions'.
e: file:///home/rhyn/ITD103/tawi-tawi-frontend/android/app/src/main/kotlin/com/rhyn/reach/presentation/feature/auth/AuthScreen.kt:208:48 Unresolved reference 'KeyboardType'.
e: file:///home/rhyn/ITD103/tawi-tawi-frontend/android/app/src/main/kotlin/com/rhyn/reach/presentation/feature/auth/AuthScreen.kt:209:45 Unresolved reference 'ImeAction'.
e: file:///home/rhyn/ITD103/tawi-tawi-frontend/android/app/src/main/kotlin/com/rhyn/reach/presentation/feature/auth/AuthScreen.kt:211:52 Unresolved reference 'PasswordVisualTransformation'.
e: file:///home/rhyn/ITD103/tawi-tawi-frontend/android/app/src/main/kotlin/com/rhyn/reach/presentation/feature/auth/AuthScreen.kt:212:37 Unresolved reference 'RoundedCornerShape'.
e: file:///home/rhyn/ITD103/tawi-tawi-frontend/android/app/src/main/kotlin/com/rhyn/reach/presentation/feature/auth/AuthScreen.kt:212:59 Unresolved reference 'dp'.
e: file:///home/rhyn/ITD103/tawi-tawi-frontend/android/app/src/main/kotlin/com/rhyn/reach/presentation/feature/auth/AuthScreen.kt:213:40 Unresolved reference 'Modifier'.
e: file:///home/rhyn/ITD103/tawi-tawi-frontend/android/app/src/main/kotlin/com/rhyn/reach/presentation/feature/auth/AuthScreen.kt:216:25 Unresolved reference 'Spacer'.
e: file:///home/rhyn/ITD103/tawi-tawi-frontend/android/app/src/main/kotlin/com/rhyn/reach/presentation/feature/auth/AuthScreen.kt:216:43 Unresolved reference 'Modifier'.
e: file:///home/rhyn/ITD103/tawi-tawi-frontend/android/app/src/main/kotlin/com/rhyn/reach/presentation/feature/auth/AuthScreen.kt:216:62 Unresolved reference 'dp'.
e: file:///home/rhyn/ITD103/tawi-tawi-frontend/android/app/src/main/kotlin/com/rhyn/reach/presentation/feature/auth/AuthScreen.kt:218:25 Unresolved reference 'Button'.
e: file:///home/rhyn/ITD103/tawi-tawi-frontend/android/app/src/main/kotlin/com/rhyn/reach/presentation/feature/auth/AuthScreen.kt:234:40 Unresolved reference 'Modifier'.
e: file:///home/rhyn/ITD103/tawi-tawi-frontend/android/app/src/main/kotlin/com/rhyn/reach/presentation/feature/auth/AuthScreen.kt:236:44 Unresolved reference 'dp'.
e: file:///home/rhyn/ITD103/tawi-tawi-frontend/android/app/src/main/kotlin/com/rhyn/reach/presentation/feature/auth/AuthScreen.kt:237:37 Unresolved reference 'RoundedCornerShape'.
e: file:///home/rhyn/ITD103/tawi-tawi-frontend/android/app/src/main/kotlin/com/rhyn/reach/presentation/feature/auth/AuthScreen.kt:237:59 Unresolved reference 'dp'.
e: file:///home/rhyn/ITD103/tawi-tawi-frontend/android/app/src/main/kotlin/com/rhyn/reach/presentation/feature/auth/AuthScreen.kt:238:48 Unresolved reference 'length'.
e: file:///home/rhyn/ITD103/tawi-tawi-frontend/android/app/src/main/kotlin/com/rhyn/reach/presentation/feature/auth/AuthScreen.kt:238:63 Unresolved reference 'not' for operator '!'.
e: file:///home/rhyn/ITD103/tawi-tawi-frontend/android/app/src/main/kotlin/com/rhyn/reach/presentation/feature/auth/AuthScreen.kt:241:33 Unresolved reference 'CircularProgressIndicator'.
e: file:///home/rhyn/ITD103/tawi-tawi-frontend/android/app/src/main/kotlin/com/rhyn/reach/presentation/feature/auth/AuthScreen.kt:242:48 Unresolved reference 'Modifier'.
e: file:///home/rhyn/ITD103/tawi-tawi-frontend/android/app/src/main/kotlin/com/rhyn/reach/presentation/feature/auth/AuthScreen.kt:242:65 Unresolved reference 'dp'.
e: file:///home/rhyn/ITD103/tawi-tawi-frontend/android/app/src/main/kotlin/com/rhyn/reach/presentation/feature/auth/AuthScreen.kt:243:45 Unresolved reference 'MaterialTheme'.
e: file:///home/rhyn/ITD103/tawi-tawi-frontend/android/app/src/main/kotlin/com/rhyn/reach/presentation/feature/auth/AuthScreen.kt:244:53 Unresolved reference 'dp'.
e: file:///home/rhyn/ITD103/tawi-tawi-frontend/android/app/src/main/kotlin/com/rhyn/reach/presentation/feature/auth/AuthScreen.kt:247:33 Unresolved reference 'Text'.
e: file:///home/rhyn/ITD103/tawi-tawi-frontend/android/app/src/main/kotlin/com/rhyn/reach/presentation/feature/auth/AuthScreen.kt:247:67 Unresolved reference 'sp'.
e: file:///home/rhyn/ITD103/tawi-tawi-frontend/android/app/src/main/kotlin/com/rhyn/reach/presentation/feature/auth/AuthScreen.kt:247:84 Unresolved reference 'FontWeight'.
e: file:///home/rhyn/ITD103/tawi-tawi-frontend/android/app/src/main/kotlin/com/rhyn/reach/presentation/feature/auth/AuthScreen.kt:251:25 Unresolved reference 'Spacer'.
e: file:///home/rhyn/ITD103/tawi-tawi-frontend/android/app/src/main/kotlin/com/rhyn/reach/presentation/feature/auth/AuthScreen.kt:251:43 Unresolved reference 'Modifier'.
e: file:///home/rhyn/ITD103/tawi-tawi-frontend/android/app/src/main/kotlin/com/rhyn/reach/presentation/feature/auth/AuthScreen.kt:251:62 Unresolved reference 'dp'.
e: file:///home/rhyn/ITD103/tawi-tawi-frontend/android/app/src/main/kotlin/com/rhyn/reach/presentation/feature/auth/AuthScreen.kt:253:25 Unresolved reference 'TextButton'.
e: file:///home/rhyn/ITD103/tawi-tawi-frontend/android/app/src/main/kotlin/com/rhyn/reach/presentation/feature/auth/AuthScreen.kt:259:39 Unresolved reference 'not' for operator '!'.
e: file:///home/rhyn/ITD103/tawi-tawi-frontend/android/app/src/main/kotlin/com/rhyn/reach/presentation/feature/auth/AuthScreen.kt:261:29 Unresolved reference 'Text'.
e: file:///home/rhyn/ITD103/tawi-tawi-frontend/android/app/src/main/kotlin/com/rhyn/reach/presentation/feature/auth/AuthScreen.kt:261:52 Unresolved reference 'MaterialTheme'.
e: file:///home/rhyn/ITD103/tawi-tawi-frontend/android/app/src/main/kotlin/com/rhyn/reach/presentation/feature/auth/AuthScreen.kt:266:21 Unresolved reference 'Column'.
e: file:///home/rhyn/ITD103/tawi-tawi-frontend/android/app/src/main/kotlin/com/rhyn/reach/presentation/feature/auth/AuthScreen.kt:267:36 Unresolved reference 'Modifier'.
e: file:///home/rhyn/ITD103/tawi-tawi-frontend/android/app/src/main/kotlin/com/rhyn/reach/presentation/feature/auth/AuthScreen.kt:268:47 Unresolved reference 'Alignment'.
e: file:///home/rhyn/ITD103/tawi-tawi-frontend/android/app/src/main/kotlin/com/rhyn/reach/presentation/feature/auth/AuthScreen.kt:270:25 Unresolved reference 'OutlinedTextField'.
e: file:///home/rhyn/ITD103/tawi-tawi-frontend/android/app/src/main/kotlin/com/rhyn/reach/presentation/feature/auth/AuthScreen.kt:273:44 Unresolved reference 'it'.
e: file:///home/rhyn/ITD103/tawi-tawi-frontend/android/app/src/main/kotlin/com/rhyn/reach/presentation/feature/auth/AuthScreen.kt:276:39 Unresolved reference 'Text'.
e: file:///home/rhyn/ITD103/tawi-tawi-frontend/android/app/src/main/kotlin/com/rhyn/reach/presentation/feature/auth/AuthScreen.kt:278:47 Unresolved reference 'KeyboardOptions'.
e: file:///home/rhyn/ITD103/tawi-tawi-frontend/android/app/src/main/kotlin/com/rhyn/reach/presentation/feature/auth/AuthScreen.kt:278:75 Unresolved reference 'ImeAction'.
e: file:///home/rhyn/ITD103/tawi-tawi-frontend/android/app/src/main/kotlin/com/rhyn/reach/presentation/feature/auth/AuthScreen.kt:279:47 Unresolved reference 'KeyboardActions'.
e: file:///home/rhyn/ITD103/tawi-tawi-frontend/android/app/src/main/kotlin/com/rhyn/reach/presentation/feature/auth/AuthScreen.kt:280:67 Unresolved reference 'FocusDirection'.
e: file:///home/rhyn/ITD103/tawi-tawi-frontend/android/app/src/main/kotlin/com/rhyn/reach/presentation/feature/auth/AuthScreen.kt:282:37 Unresolved reference 'RoundedCornerShape'.
e: file:///home/rhyn/ITD103/tawi-tawi-frontend/android/app/src/main/kotlin/com/rhyn/reach/presentation/feature/auth/AuthScreen.kt:282:59 Unresolved reference 'dp'.
e: file:///home/rhyn/ITD103/tawi-tawi-frontend/android/app/src/main/kotlin/com/rhyn/reach/presentation/feature/auth/AuthScreen.kt:283:40 Unresolved reference 'Modifier'.
e: file:///home/rhyn/ITD103/tawi-tawi-frontend/android/app/src/main/kotlin/com/rhyn/reach/presentation/feature/auth/AuthScreen.kt:286:25 Unresolved reference 'Spacer'.
e: file:///home/rhyn/ITD103/tawi-tawi-frontend/android/app/src/main/kotlin/com/rhyn/reach/presentation/feature/auth/AuthScreen.kt:286:43 Unresolved reference 'Modifier'.
e: file:///home/rhyn/ITD103/tawi-tawi-frontend/android/app/src/main/kotlin/com/rhyn/reach/presentation/feature/auth/AuthScreen.kt:286:62 Unresolved reference 'dp'.
e: file:///home/rhyn/ITD103/tawi-tawi-frontend/android/app/src/main/kotlin/com/rhyn/reach/presentation/feature/auth/AuthScreen.kt:288:25 Unresolved reference 'OutlinedTextField'.
e: file:///home/rhyn/ITD103/tawi-tawi-frontend/android/app/src/main/kotlin/com/rhyn/reach/presentation/feature/auth/AuthScreen.kt:291:44 Unresolved reference 'it'.
e: file:///home/rhyn/ITD103/tawi-tawi-frontend/android/app/src/main/kotlin/com/rhyn/reach/presentation/feature/auth/AuthScreen.kt:294:39 Unresolved reference 'Text'.
e: file:///home/rhyn/ITD103/tawi-tawi-frontend/android/app/src/main/kotlin/com/rhyn/reach/presentation/feature/auth/AuthScreen.kt:296:73 Unresolved reference 'VisualTransformation'.
e: file:///home/rhyn/ITD103/tawi-tawi-frontend/android/app/src/main/kotlin/com/rhyn/reach/presentation/feature/auth/AuthScreen.kt:296:104 Unresolved reference 'PasswordVisualTransformation'.
e: file:///home/rhyn/ITD103/tawi-tawi-frontend/android/app/src/main/kotlin/com/rhyn/reach/presentation/feature/auth/AuthScreen.kt:297:47 Unresolved reference 'KeyboardOptions'.
e: file:///home/rhyn/ITD103/tawi-tawi-frontend/android/app/src/main/kotlin/com/rhyn/reach/presentation/feature/auth/AuthScreen.kt:297:75 Unresolved reference 'ImeAction'.
e: file:///home/rhyn/ITD103/tawi-tawi-frontend/android/app/src/main/kotlin/com/rhyn/reach/presentation/feature/auth/AuthScreen.kt:298:47 Unresolved reference 'KeyboardActions'.
e: file:///home/rhyn/ITD103/tawi-tawi-frontend/android/app/src/main/kotlin/com/rhyn/reach/presentation/feature/auth/AuthScreen.kt:302:66 Unresolved reference 'Icons'.
e: file:///home/rhyn/ITD103/tawi-tawi-frontend/android/app/src/main/kotlin/com/rhyn/reach/presentation/feature/auth/AuthScreen.kt:302:95 Unresolved reference 'Icons'.
e: file:///home/rhyn/ITD103/tawi-tawi-frontend/android/app/src/main/kotlin/com/rhyn/reach/presentation/feature/auth/AuthScreen.kt:303:33 Unresolved reference 'IconButton'.
e: file:///home/rhyn/ITD103/tawi-tawi-frontend/android/app/src/main/kotlin/com/rhyn/reach/presentation/feature/auth/AuthScreen.kt:303:74 Unresolved reference 'not' for operator '!'.
e: file:///home/rhyn/ITD103/tawi-tawi-frontend/android/app/src/main/kotlin/com/rhyn/reach/presentation/feature/auth/AuthScreen.kt:304:37 Unresolved reference 'Icon'.
e: file:///home/rhyn/ITD103/tawi-tawi-frontend/android/app/src/main/kotlin/com/rhyn/reach/presentation/feature/auth/AuthScreen.kt:307:37 Unresolved reference 'RoundedCornerShape'.
e: file:///home/rhyn/ITD103/tawi-tawi-frontend/android/app/src/main/kotlin/com/rhyn/reach/presentation/feature/auth/AuthScreen.kt:307:59 Unresolved reference 'dp'.
e: file:///home/rhyn/ITD103/tawi-tawi-frontend/android/app/src/main/kotlin/com/rhyn/reach/presentation/feature/auth/AuthScreen.kt:308:40 Unresolved reference 'Modifier'.
e: file:///home/rhyn/ITD103/tawi-tawi-frontend/android/app/src/main/kotlin/com/rhyn/reach/presentation/feature/auth/AuthScreen.kt:311:25 Unresolved reference 'Spacer'.
e: file:///home/rhyn/ITD103/tawi-tawi-frontend/android/app/src/main/kotlin/com/rhyn/reach/presentation/feature/auth/AuthScreen.kt:311:43 Unresolved reference 'Modifier'.
e: file:///home/rhyn/ITD103/tawi-tawi-frontend/android/app/src/main/kotlin/com/rhyn/reach/presentation/feature/auth/AuthScreen.kt:311:62 Unresolved reference 'dp'.
e: file:///home/rhyn/ITD103/tawi-tawi-frontend/android/app/src/main/kotlin/com/rhyn/reach/presentation/feature/auth/AuthScreen.kt:313:25 Unresolved reference 'Button'.
e: file:///home/rhyn/ITD103/tawi-tawi-frontend/android/app/src/main/kotlin/com/rhyn/reach/presentation/feature/auth/AuthScreen.kt:315:40 Unresolved reference 'Modifier'.
e: file:///home/rhyn/ITD103/tawi-tawi-frontend/android/app/src/main/kotlin/com/rhyn/reach/presentation/feature/auth/AuthScreen.kt:317:44 Unresolved reference 'dp'.
e: file:///home/rhyn/ITD103/tawi-tawi-frontend/android/app/src/main/kotlin/com/rhyn/reach/presentation/feature/auth/AuthScreen.kt:318:37 Unresolved reference 'RoundedCornerShape'.
e: file:///home/rhyn/ITD103/tawi-tawi-frontend/android/app/src/main/kotlin/com/rhyn/reach/presentation/feature/auth/AuthScreen.kt:318:59 Unresolved reference 'dp'.
e: file:///home/rhyn/ITD103/tawi-tawi-frontend/android/app/src/main/kotlin/com/rhyn/reach/presentation/feature/auth/AuthScreen.kt:319:39 Unresolved reference 'not' for operator '!'.
e: file:///home/rhyn/ITD103/tawi-tawi-frontend/android/app/src/main/kotlin/com/rhyn/reach/presentation/feature/auth/AuthScreen.kt:320:38 Unresolved reference 'ButtonDefaults'.
e: file:///home/rhyn/ITD103/tawi-tawi-frontend/android/app/src/main/kotlin/com/rhyn/reach/presentation/feature/auth/AuthScreen.kt:321:50 Unresolved reference 'MaterialTheme'.
e: file:///home/rhyn/ITD103/tawi-tawi-frontend/android/app/src/main/kotlin/com/rhyn/reach/presentation/feature/auth/AuthScreen.kt:322:48 Unresolved reference 'MaterialTheme'.
e: file:///home/rhyn/ITD103/tawi-tawi-frontend/android/app/src/main/kotlin/com/rhyn/reach/presentation/feature/auth/AuthScreen.kt:326:33 Unresolved reference 'CircularProgressIndicator'.
e: file:///home/rhyn/ITD103/tawi-tawi-frontend/android/app/src/main/kotlin/com/rhyn/reach/presentation/feature/auth/AuthScreen.kt:327:48 Unresolved reference 'Modifier'.
e: file:///home/rhyn/ITD103/tawi-tawi-frontend/android/app/src/main/kotlin/com/rhyn/reach/presentation/feature/auth/AuthScreen.kt:327:65 Unresolved reference 'dp'.
e: file:///home/rhyn/ITD103/tawi-tawi-frontend/android/app/src/main/kotlin/com/rhyn/reach/presentation/feature/auth/AuthScreen.kt:328:45 Unresolved reference 'MaterialTheme'.
e: file:///home/rhyn/ITD103/tawi-tawi-frontend/android/app/src/main/kotlin/com/rhyn/reach/presentation/feature/auth/AuthScreen.kt:329:53 Unresolved reference 'dp'.
e: file:///home/rhyn/ITD103/tawi-tawi-frontend/android/app/src/main/kotlin/com/rhyn/reach/presentation/feature/auth/AuthScreen.kt:332:33 Unresolved reference 'Text'.
e: file:///home/rhyn/ITD103/tawi-tawi-frontend/android/app/src/main/kotlin/com/rhyn/reach/presentation/feature/auth/AuthScreen.kt:334:51 Unresolved reference 'sp'.
e: file:///home/rhyn/ITD103/tawi-tawi-frontend/android/app/src/main/kotlin/com/rhyn/reach/presentation/feature/auth/AuthScreen.kt:335:50 Unresolved reference 'FontWeight'.
e: file:///home/rhyn/ITD103/tawi-tawi-frontend/android/app/src/main/kotlin/com/rhyn/reach/presentation/feature/auth/AuthScreen.kt:340:25 Unresolved reference 'Spacer'.
e: file:///home/rhyn/ITD103/tawi-tawi-frontend/android/app/src/main/kotlin/com/rhyn/reach/presentation/feature/auth/AuthScreen.kt:340:43 Unresolved reference 'Modifier'.
e: file:///home/rhyn/ITD103/tawi-tawi-frontend/android/app/src/main/kotlin/com/rhyn/reach/presentation/feature/auth/AuthScreen.kt:340:62 Unresolved reference 'dp'.
e: file:///home/rhyn/ITD103/tawi-tawi-frontend/android/app/src/main/kotlin/com/rhyn/reach/presentation/feature/auth/AuthScreen.kt:342:25 Unresolved reference 'Row'.
e: file:///home/rhyn/ITD103/tawi-tawi-frontend/android/app/src/main/kotlin/com/rhyn/reach/presentation/feature/auth/AuthScreen.kt:343:40 Unresolved reference 'Modifier'.
e: file:///home/rhyn/ITD103/tawi-tawi-frontend/android/app/src/main/kotlin/com/rhyn/reach/presentation/feature/auth/AuthScreen.kt:344:49 Unresolved reference 'Alignment'.
e: file:///home/rhyn/ITD103/tawi-tawi-frontend/android/app/src/main/kotlin/com/rhyn/reach/presentation/feature/auth/AuthScreen.kt:346:29 Unresolved reference 'HorizontalDivider'.
e: file:///home/rhyn/ITD103/tawi-tawi-frontend/android/app/src/main/kotlin/com/rhyn/reach/presentation/feature/auth/AuthScreen.kt:347:44 Unresolved reference 'Modifier'.
e: file:///home/rhyn/ITD103/tawi-tawi-frontend/android/app/src/main/kotlin/com/rhyn/reach/presentation/feature/auth/AuthScreen.kt:348:41 Unresolved reference 'MaterialTheme'.
e: file:///home/rhyn/ITD103/tawi-tawi-frontend/android/app/src/main/kotlin/com/rhyn/reach/presentation/feature/auth/AuthScreen.kt:350:29 Unresolved reference 'Text'.
e: file:///home/rhyn/ITD103/tawi-tawi-frontend/android/app/src/main/kotlin/com/rhyn/reach/presentation/feature/auth/AuthScreen.kt:352:44 Unresolved reference 'Modifier'.
e: file:///home/rhyn/ITD103/tawi-tawi-frontend/android/app/src/main/kotlin/com/rhyn/reach/presentation/feature/auth/AuthScreen.kt:352:77 Unresolved reference 'dp'.
e: file:///home/rhyn/ITD103/tawi-tawi-frontend/android/app/src/main/kotlin/com/rhyn/reach/presentation/feature/auth/AuthScreen.kt:353:41 Unresolved reference 'MaterialTheme'.
e: file:///home/rhyn/ITD103/tawi-tawi-frontend/android/app/src/main/kotlin/com/rhyn/reach/presentation/feature/auth/AuthScreen.kt:354:41 Unresolved reference 'MaterialTheme'.
e: file:///home/rhyn/ITD103/tawi-tawi-frontend/android/app/src/main/kotlin/com/rhyn/reach/presentation/feature/auth/AuthScreen.kt:356:29 Unresolved reference 'HorizontalDivider'.
e: file:///home/rhyn/ITD103/tawi-tawi-frontend/android/app/src/main/kotlin/com/rhyn/reach/presentation/feature/auth/AuthScreen.kt:357:44 Unresolved reference 'Modifier'.
e: file:///home/rhyn/ITD103/tawi-tawi-frontend/android/app/src/main/kotlin/com/rhyn/reach/presentation/feature/auth/AuthScreen.kt:358:41 Unresolved reference 'MaterialTheme'.
e: file:///home/rhyn/ITD103/tawi-tawi-frontend/android/app/src/main/kotlin/com/rhyn/reach/presentation/feature/auth/AuthScreen.kt:362:25 Unresolved reference 'Spacer'.
e: file:///home/rhyn/ITD103/tawi-tawi-frontend/android/app/src/main/kotlin/com/rhyn/reach/presentation/feature/auth/AuthScreen.kt:362:43 Unresolved reference 'Modifier'.
e: file:///home/rhyn/ITD103/tawi-tawi-frontend/android/app/src/main/kotlin/com/rhyn/reach/presentation/feature/auth/AuthScreen.kt:362:62 Unresolved reference 'dp'.
e: file:///home/rhyn/ITD103/tawi-tawi-frontend/android/app/src/main/kotlin/com/rhyn/reach/presentation/feature/auth/AuthScreen.kt:365:25 Unresolved reference 'OutlinedButton'.
e: file:///home/rhyn/ITD103/tawi-tawi-frontend/android/app/src/main/kotlin/com/rhyn/reach/presentation/feature/auth/AuthScreen.kt:367:40 Unresolved reference 'Modifier'.
e: file:///home/rhyn/ITD103/tawi-tawi-frontend/android/app/src/main/kotlin/com/rhyn/reach/presentation/feature/auth/AuthScreen.kt:369:44 Unresolved reference 'dp'.
e: file:///home/rhyn/ITD103/tawi-tawi-frontend/android/app/src/main/kotlin/com/rhyn/reach/presentation/feature/auth/AuthScreen.kt:370:37 Unresolved reference 'RoundedCornerShape'.
e: file:///home/rhyn/ITD103/tawi-tawi-frontend/android/app/src/main/kotlin/com/rhyn/reach/presentation/feature/auth/AuthScreen.kt:370:59 Unresolved reference 'dp'.
e: file:///home/rhyn/ITD103/tawi-tawi-frontend/android/app/src/main/kotlin/com/rhyn/reach/presentation/feature/auth/AuthScreen.kt:371:39 Unresolved reference 'not' for operator '!'.
e: file:///home/rhyn/ITD103/tawi-tawi-frontend/android/app/src/main/kotlin/com/rhyn/reach/presentation/feature/auth/AuthScreen.kt:372:38 Unresolved reference 'BorderStroke'.
e: file:///home/rhyn/ITD103/tawi-tawi-frontend/android/app/src/main/kotlin/com/rhyn/reach/presentation/feature/auth/AuthScreen.kt:372:53 Unresolved reference 'dp'.
e: file:///home/rhyn/ITD103/tawi-tawi-frontend/android/app/src/main/kotlin/com/rhyn/reach/presentation/feature/auth/AuthScreen.kt:372:57 Unresolved reference 'MaterialTheme'.
e: file:///home/rhyn/ITD103/tawi-tawi-frontend/android/app/src/main/kotlin/com/rhyn/reach/presentation/feature/auth/AuthScreen.kt:373:38 Unresolved reference 'ButtonDefaults'.
e: file:///home/rhyn/ITD103/tawi-tawi-frontend/android/app/src/main/kotlin/com/rhyn/reach/presentation/feature/auth/AuthScreen.kt:374:50 Unresolved reference 'MaterialTheme'.
e: file:///home/rhyn/ITD103/tawi-tawi-frontend/android/app/src/main/kotlin/com/rhyn/reach/presentation/feature/auth/AuthScreen.kt:375:48 Unresolved reference 'MaterialTheme'.
e: file:///home/rhyn/ITD103/tawi-tawi-frontend/android/app/src/main/kotlin/com/rhyn/reach/presentation/feature/auth/AuthScreen.kt:378:29 Unresolved reference 'Icon'.
e: file:///home/rhyn/ITD103/tawi-tawi-frontend/android/app/src/main/kotlin/com/rhyn/reach/presentation/feature/auth/AuthScreen.kt:379:43 Unresolved reference 'painterResource'.
e: file:///home/rhyn/ITD103/tawi-tawi-frontend/android/app/src/main/kotlin/com/rhyn/reach/presentation/feature/auth/AuthScreen.kt:379:64 Unresolved reference 'R'.
e: file:///home/rhyn/ITD103/tawi-tawi-frontend/android/app/src/main/kotlin/com/rhyn/reach/presentation/feature/auth/AuthScreen.kt:381:40 Unresolved reference 'Color'.
e: file:///home/rhyn/ITD103/tawi-tawi-frontend/android/app/src/main/kotlin/com/rhyn/reach/presentation/feature/auth/AuthScreen.kt:382:44 Unresolved reference 'Modifier'.
e: file:///home/rhyn/ITD103/tawi-tawi-frontend/android/app/src/main/kotlin/com/rhyn/reach/presentation/feature/auth/AuthScreen.kt:383:46 Unresolved reference 'dp'.
e: file:///home/rhyn/ITD103/tawi-tawi-frontend/android/app/src/main/kotlin/com/rhyn/reach/presentation/feature/auth/AuthScreen.kt:386:29 Unresolved reference 'Spacer'.
e: file:///home/rhyn/ITD103/tawi-tawi-frontend/android/app/src/main/kotlin/com/rhyn/reach/presentation/feature/auth/AuthScreen.kt:386:47 Unresolved reference 'Modifier'.
e: file:///home/rhyn/ITD103/tawi-tawi-frontend/android/app/src/main/kotlin/com/rhyn/reach/presentation/feature/auth/AuthScreen.kt:386:65 Unresolved reference 'dp'.
e: file:///home/rhyn/ITD103/tawi-tawi-frontend/android/app/src/main/kotlin/com/rhyn/reach/presentation/feature/auth/AuthScreen.kt:387:29 Unresolved reference 'Text'.
e: file:///home/rhyn/ITD103/tawi-tawi-frontend/android/app/src/main/kotlin/com/rhyn/reach/presentation/feature/auth/AuthScreen.kt:389:47 Unresolved reference 'sp'.
e: file:///home/rhyn/ITD103/tawi-tawi-frontend/android/app/src/main/kotlin/com/rhyn/reach/presentation/feature/auth/AuthScreen.kt:390:46 Unresolved reference 'FontWeight'.
e: file:///home/rhyn/ITD103/tawi-tawi-frontend/android/app/src/main/kotlin/com/rhyn/reach/presentation/feature/auth/AuthScreen.kt:401:1 Conflicting overloads:
fun isInternetAvailable(context: Context): Boolean
e: file:///home/rhyn/ITD103/tawi-tawi-frontend/android/app/src/main/kotlin/com/rhyn/reach/presentation/feature/auth/AuthScreen.kt:413:9 Conflicting overloads:
suspend fun fetchGoogleIdToken(context: Context): String
e: file:///home/rhyn/ITD103/tawi-tawi-frontend/android/app/src/main/kotlin/com/rhyn/reach/presentation/feature/auth/AuthScreen.kt:414:29 Unresolved reference 'CredentialManager'.
e: file:///home/rhyn/ITD103/tawi-tawi-frontend/android/app/src/main/kotlin/com/rhyn/reach/presentation/feature/auth/AuthScreen.kt:416:26 Unresolved reference 'GetGoogleIdOption'.
e: file:///home/rhyn/ITD103/tawi-tawi-frontend/android/app/src/main/kotlin/com/rhyn/reach/presentation/feature/auth/AuthScreen.kt:422:19 Unresolved reference 'GetCredentialRequest'.
e: file:///home/rhyn/ITD103/tawi-tawi-frontend/android/app/src/main/kotlin/com/rhyn/reach/presentation/feature/auth/AuthScreen.kt:429:23 Unresolved reference 'CustomCredential'.
e: file:///home/rhyn/ITD103/tawi-tawi-frontend/android/app/src/main/kotlin/com/rhyn/reach/presentation/feature/auth/AuthScreen.kt:429:54 Unresolved reference 'type'.
e: file:///home/rhyn/ITD103/tawi-tawi-frontend/android/app/src/main/kotlin/com/rhyn/reach/presentation/feature/auth/AuthScreen.kt:429:62 Unresolved reference 'GoogleIdTokenCredential'.
e: file:///home/rhyn/ITD103/tawi-tawi-frontend/android/app/src/main/kotlin/com/rhyn/reach/presentation/feature/auth/AuthScreen.kt:430:39 Unresolved reference 'GoogleIdTokenCredential'.
e: file:///home/rhyn/ITD103/tawi-tawi-frontend/android/app/src/main/kotlin/com/rhyn/reach/presentation/feature/auth/AuthScreen.kt:430:85 Unresolved reference 'data'.
e: file:///home/rhyn/ITD103/tawi-tawi-frontend/android/app/src/main/kotlin/com/rhyn/reach/presentation/feature/auth/AuthViewModel.kt:4:17 Unresolved reference 'compose'.
e: file:///home/rhyn/ITD103/tawi-tawi-frontend/android/app/src/main/kotlin/com/rhyn/reach/presentation/feature/auth/AuthViewModel.kt:5:17 Unresolved reference 'compose'.
e: file:///home/rhyn/ITD103/tawi-tawi-frontend/android/app/src/main/kotlin/com/rhyn/reach/presentation/feature/auth/AuthViewModel.kt:6:17 Unresolved reference 'compose'.
e: file:///home/rhyn/ITD103/tawi-tawi-frontend/android/app/src/main/kotlin/com/rhyn/reach/presentation/feature/auth/AuthViewModel.kt:8:27 Unresolved reference 'viewModelScope'.
e: file:///home/rhyn/ITD103/tawi-tawi-frontend/android/app/src/main/kotlin/com/rhyn/reach/presentation/feature/auth/AuthViewModel.kt:10:8 Unresolved reference 'dagger'.
e: file:///home/rhyn/ITD103/tawi-tawi-frontend/android/app/src/main/kotlin/com/rhyn/reach/presentation/feature/auth/AuthViewModel.kt:12:14 Unresolved reference 'inject'.
e: file:///home/rhyn/ITD103/tawi-tawi-frontend/android/app/src/main/kotlin/com/rhyn/reach/presentation/feature/auth/AuthViewModel.kt:14:2 Unresolved reference 'HiltViewModel'.
e: file:///home/rhyn/ITD103/tawi-tawi-frontend/android/app/src/main/kotlin/com/rhyn/reach/presentation/feature/auth/AuthViewModel.kt:15:7 Redeclaration:
class AuthViewModel : ViewModel
e: file:///home/rhyn/ITD103/tawi-tawi-frontend/android/app/src/main/kotlin/com/rhyn/reach/presentation/feature/auth/AuthViewModel.kt:15:22 Unresolved reference 'Inject'.
e: file:///home/rhyn/ITD103/tawi-tawi-frontend/android/app/src/main/kotlin/com/rhyn/reach/presentation/feature/auth/AuthViewModel.kt:22:33 Unresolved reference 'mutableStateOf'.
e: file:///home/rhyn/ITD103/tawi-tawi-frontend/android/app/src/main/kotlin/com/rhyn/reach/presentation/feature/auth/AuthViewModel.kt:25:26 Unresolved reference 'mutableStateOf'.
e: file:///home/rhyn/ITD103/tawi-tawi-frontend/android/app/src/main/kotlin/com/rhyn/reach/presentation/feature/auth/AuthViewModel.kt:39:9 Unresolved reference 'viewModelScope'.
e: file:///home/rhyn/ITD103/tawi-tawi-frontend/android/app/src/main/kotlin/com/rhyn/reach/presentation/feature/auth/AuthViewModel.kt:96:9 Unresolved reference 'viewModelScope'.
e: file:///home/rhyn/ITD103/tawi-tawi-frontend/android/app/src/main/kotlin/com/rhyn/reach/presentation/feature/auth/AuthViewModel.kt:99:64 Argument type mismatch: actual type is 'kotlin.Any', but 'kotlin.String' was expected.
e: file:///home/rhyn/ITD103/tawi-tawi-frontend/android/app/src/main/kotlin/com/rhyn/reach/presentation/feature/chat/ChatScreen.kt:9:26 Unresolved reference 'compose'.
e: file:///home/rhyn/ITD103/tawi-tawi-frontend/android/app/src/main/kotlin/com/rhyn/reach/presentation/feature/chat/ChatScreen.kt:12:17 Unresolved reference 'compose'.
e: file:///home/rhyn/ITD103/tawi-tawi-frontend/android/app/src/main/kotlin/com/rhyn/reach/presentation/feature/chat/ChatScreen.kt:13:17 Unresolved reference 'compose'.
e: file:///home/rhyn/ITD103/tawi-tawi-frontend/android/app/src/main/kotlin/com/rhyn/reach/presentation/feature/chat/ChatScreen.kt:14:17 Unresolved reference 'compose'.
e: file:///home/rhyn/ITD103/tawi-tawi-frontend/android/app/src/main/kotlin/com/rhyn/reach/presentation/feature/chat/ChatScreen.kt:15:17 Unresolved reference 'compose'.
e: file:///home/rhyn/ITD103/tawi-tawi-frontend/android/app/src/main/kotlin/com/rhyn/reach/presentation/feature/chat/ChatScreen.kt:16:17 Unresolved reference 'compose'.
e: file:///home/rhyn/ITD103/tawi-tawi-frontend/android/app/src/main/kotlin/com/rhyn/reach/presentation/feature/chat/ChatScreen.kt:17:17 Unresolved reference 'compose'.
e: file:///home/rhyn/ITD103/tawi-tawi-frontend/android/app/src/main/kotlin/com/rhyn/reach/presentation/feature/chat/ChatScreen.kt:18:17 Unresolved reference 'compose'.
e: file:///home/rhyn/ITD103/tawi-tawi-frontend/android/app/src/main/kotlin/com/rhyn/reach/presentation/feature/chat/ChatScreen.kt:19:17 Unresolved reference 'compose'.
e: file:///home/rhyn/ITD103/tawi-tawi-frontend/android/app/src/main/kotlin/com/rhyn/reach/presentation/feature/chat/ChatScreen.kt:20:17 Unresolved reference 'compose'.
e: file:///home/rhyn/ITD103/tawi-tawi-frontend/android/app/src/main/kotlin/com/rhyn/reach/presentation/feature/chat/ChatScreen.kt:21:17 Unresolved reference 'compose'.
e: file:///home/rhyn/ITD103/tawi-tawi-frontend/android/app/src/main/kotlin/com/rhyn/reach/presentation/feature/chat/ChatScreen.kt:22:17 Unresolved reference 'compose'.
e: file:///home/rhyn/ITD103/tawi-tawi-frontend/android/app/src/main/kotlin/com/rhyn/reach/presentation/feature/chat/ChatScreen.kt:23:17 Unresolved reference 'compose'.
e: file:///home/rhyn/ITD103/tawi-tawi-frontend/android/app/src/main/kotlin/com/rhyn/reach/presentation/feature/chat/ChatScreen.kt:24:17 Unresolved reference 'compose'.
e: file:///home/rhyn/ITD103/tawi-tawi-frontend/android/app/src/main/kotlin/com/rhyn/reach/presentation/feature/chat/ChatScreen.kt:25:17 Unresolved reference 'compose'.
e: file:///home/rhyn/ITD103/tawi-tawi-frontend/android/app/src/main/kotlin/com/rhyn/reach/presentation/feature/chat/ChatScreen.kt:26:17 Unresolved reference 'compose'.
e: file:///home/rhyn/ITD103/tawi-tawi-frontend/android/app/src/main/kotlin/com/rhyn/reach/presentation/feature/chat/ChatScreen.kt:27:17 Unresolved reference 'compose'.
e: file:///home/rhyn/ITD103/tawi-tawi-frontend/android/app/src/main/kotlin/com/rhyn/reach/presentation/feature/chat/ChatScreen.kt:28:17 Unresolved reference 'compose'.
e: file:///home/rhyn/ITD103/tawi-tawi-frontend/android/app/src/main/kotlin/com/rhyn/reach/presentation/feature/chat/ChatScreen.kt:29:17 Unresolved reference 'compose'.
e: file:///home/rhyn/ITD103/tawi-tawi-frontend/android/app/src/main/kotlin/com/rhyn/reach/presentation/feature/chat/ChatScreen.kt:30:17 Unresolved reference 'compose'.
e: file:///home/rhyn/ITD103/tawi-tawi-frontend/android/app/src/main/kotlin/com/rhyn/reach/presentation/feature/chat/ChatScreen.kt:31:17 Unresolved reference 'compose'.
e: file:///home/rhyn/ITD103/tawi-tawi-frontend/android/app/src/main/kotlin/com/rhyn/reach/presentation/feature/chat/ChatScreen.kt:32:17 Unresolved reference 'compose'.
e: file:///home/rhyn/ITD103/tawi-tawi-frontend/android/app/src/main/kotlin/com/rhyn/reach/presentation/feature/chat/ChatScreen.kt:33:17 Unresolved reference 'compose'.
e: file:///home/rhyn/ITD103/tawi-tawi-frontend/android/app/src/main/kotlin/com/rhyn/reach/presentation/feature/chat/ChatScreen.kt:34:17 Unresolved reference 'compose'.
e: file:///home/rhyn/ITD103/tawi-tawi-frontend/android/app/src/main/kotlin/com/rhyn/reach/presentation/feature/chat/ChatScreen.kt:35:17 Unresolved reference 'compose'.
e: file:///home/rhyn/ITD103/tawi-tawi-frontend/android/app/src/main/kotlin/com/rhyn/reach/presentation/feature/chat/ChatScreen.kt:36:17 Unresolved reference 'compose'.
e: file:///home/rhyn/ITD103/tawi-tawi-frontend/android/app/src/main/kotlin/com/rhyn/reach/presentation/feature/chat/ChatScreen.kt:37:17 Unresolved reference 'compose'.
e: file:///home/rhyn/ITD103/tawi-tawi-frontend/android/app/src/main/kotlin/com/rhyn/reach/presentation/feature/chat/ChatScreen.kt:38:17 Unresolved reference 'compose'.
e: file:///home/rhyn/ITD103/tawi-tawi-frontend/android/app/src/main/kotlin/com/rhyn/reach/presentation/feature/chat/ChatScreen.kt:39:17 Unresolved reference 'compose'.
e: file:///home/rhyn/ITD103/tawi-tawi-frontend/android/app/src/main/kotlin/com/rhyn/reach/presentation/feature/chat/ChatScreen.kt:40:17 Unresolved reference 'compose'.
e: file:///home/rhyn/ITD103/tawi-tawi-frontend/android/app/src/main/kotlin/com/rhyn/reach/presentation/feature/chat/ChatScreen.kt:41:17 Unresolved reference 'compose'.
e: file:///home/rhyn/ITD103/tawi-tawi-frontend/android/app/src/main/kotlin/com/rhyn/reach/presentation/feature/chat/ChatScreen.kt:42:17 Unresolved reference 'compose'.
e: file:///home/rhyn/ITD103/tawi-tawi-frontend/android/app/src/main/kotlin/com/rhyn/reach/presentation/feature/chat/ChatScreen.kt:43:17 Unresolved reference 'compose'.
e: file:///home/rhyn/ITD103/tawi-tawi-frontend/android/app/src/main/kotlin/com/rhyn/reach/presentation/feature/chat/ChatScreen.kt:44:17 Unresolved reference 'compose'.
e: file:///home/rhyn/ITD103/tawi-tawi-frontend/android/app/src/main/kotlin/com/rhyn/reach/presentation/feature/chat/ChatScreen.kt:45:17 Unresolved reference 'compose'.
e: file:///home/rhyn/ITD103/tawi-tawi-frontend/android/app/src/main/kotlin/com/rhyn/reach/presentation/feature/chat/ChatScreen.kt:46:17 Unresolved reference 'compose'.
e: file:///home/rhyn/ITD103/tawi-tawi-frontend/android/app/src/main/kotlin/com/rhyn/reach/presentation/feature/chat/ChatScreen.kt:47:17 Unresolved reference 'compose'.
e: file:///home/rhyn/ITD103/tawi-tawi-frontend/android/app/src/main/kotlin/com/rhyn/reach/presentation/feature/chat/ChatScreen.kt:48:17 Unresolved reference 'compose'.
e: file:///home/rhyn/ITD103/tawi-tawi-frontend/android/app/src/main/kotlin/com/rhyn/reach/presentation/feature/chat/ChatScreen.kt:49:17 Unresolved reference 'compose'.
e: file:///home/rhyn/ITD103/tawi-tawi-frontend/android/app/src/main/kotlin/com/rhyn/reach/presentation/feature/chat/ChatScreen.kt:50:17 Unresolved reference 'compose'.
e: file:///home/rhyn/ITD103/tawi-tawi-frontend/android/app/src/main/kotlin/com/rhyn/reach/presentation/feature/chat/ChatScreen.kt:51:17 Unresolved reference 'compose'.
e: file:///home/rhyn/ITD103/tawi-tawi-frontend/android/app/src/main/kotlin/com/rhyn/reach/presentation/feature/chat/ChatScreen.kt:52:17 Unresolved reference 'compose'.
e: file:///home/rhyn/ITD103/tawi-tawi-frontend/android/app/src/main/kotlin/com/rhyn/reach/presentation/feature/chat/ChatScreen.kt:53:17 Unresolved reference 'compose'.
e: file:///home/rhyn/ITD103/tawi-tawi-frontend/android/app/src/main/kotlin/com/rhyn/reach/presentation/feature/chat/ChatScreen.kt:54:17 Unresolved reference 'compose'.
e: file:///home/rhyn/ITD103/tawi-tawi-frontend/android/app/src/main/kotlin/com/rhyn/reach/presentation/feature/chat/ChatScreen.kt:55:17 Unresolved reference 'compose'.
e: file:///home/rhyn/ITD103/tawi-tawi-frontend/android/app/src/main/kotlin/com/rhyn/reach/presentation/feature/chat/ChatScreen.kt:56:8 Unresolved reference 'coil'.
e: file:///home/rhyn/ITD103/tawi-tawi-frontend/android/app/src/main/kotlin/com/rhyn/reach/presentation/feature/chat/ChatScreen.kt:65:8 Unresolved reference 'ExperimentalMaterial3Api'.
e: file:///home/rhyn/ITD103/tawi-tawi-frontend/android/app/src/main/kotlin/com/rhyn/reach/presentation/feature/chat/ChatScreen.kt:65:8 Annotation argument must be a compile-time constant.
e: file:///home/rhyn/ITD103/tawi-tawi-frontend/android/app/src/main/kotlin/com/rhyn/reach/presentation/feature/chat/ChatScreen.kt:65:41 Unresolved reference 'ExperimentalLayoutApi'.
e: file:///home/rhyn/ITD103/tawi-tawi-frontend/android/app/src/main/kotlin/com/rhyn/reach/presentation/feature/chat/ChatScreen.kt:65:41 Annotation argument must be a compile-time constant.
e: file:///home/rhyn/ITD103/tawi-tawi-frontend/android/app/src/main/kotlin/com/rhyn/reach/presentation/feature/chat/ChatScreen.kt:66:2 Unresolved reference 'Composable'.
e: file:///home/rhyn/ITD103/tawi-tawi-frontend/android/app/src/main/kotlin/com/rhyn/reach/presentation/feature/chat/ChatScreen.kt:67:1 Conflicting overloads:
fun ChatScreen(viewModel: ChatViewModel, targetUserId: String, onNavigateBack: () -> Unit): Unit
e: file:///home/rhyn/ITD103/tawi-tawi-frontend/android/app/src/main/kotlin/com/rhyn/reach/presentation/feature/chat/ChatScreen.kt:72:40 Unresolved reference 'collectAsState'.
e: file:///home/rhyn/ITD103/tawi-tawi-frontend/android/app/src/main/kotlin/com/rhyn/reach/presentation/feature/chat/ChatScreen.kt:73:36 Unresolved reference 'collectAsState'.
e: file:///home/rhyn/ITD103/tawi-tawi-frontend/android/app/src/main/kotlin/com/rhyn/reach/presentation/feature/chat/ChatScreen.kt:75:54 Unresolved reference 'collectAsState'.
e: file:///home/rhyn/ITD103/tawi-tawi-frontend/android/app/src/main/kotlin/com/rhyn/reach/presentation/feature/chat/ChatScreen.kt:76:51 Unresolved reference 'it'.
e: file:///home/rhyn/ITD103/tawi-tawi-frontend/android/app/src/main/kotlin/com/rhyn/reach/presentation/feature/chat/ChatScreen.kt:77:21 Unresolved reference 'remember'.
e: file:///home/rhyn/ITD103/tawi-tawi-frontend/android/app/src/main/kotlin/com/rhyn/reach/presentation/feature/chat/ChatScreen.kt:77:32 Unresolved reference 'mutableStateOf'.
e: file:///home/rhyn/ITD103/tawi-tawi-frontend/android/app/src/main/kotlin/com/rhyn/reach/presentation/feature/chat/ChatScreen.kt:78:45 Unresolved reference 'isBackupEnabled'.
e: file:///home/rhyn/ITD103/tawi-tawi-frontend/android/app/src/main/kotlin/com/rhyn/reach/presentation/feature/chat/ChatScreen.kt:80:21 Unresolved reference 'rememberLazyListState'.
e: file:///home/rhyn/ITD103/tawi-tawi-frontend/android/app/src/main/kotlin/com/rhyn/reach/presentation/feature/chat/ChatScreen.kt:81:26 Unresolved reference 'rememberCoroutineScope'.
e: file:///home/rhyn/ITD103/tawi-tawi-frontend/android/app/src/main/kotlin/com/rhyn/reach/presentation/feature/chat/ChatScreen.kt:83:24 Unresolved reference 'WindowInsets'.
e: file:///home/rhyn/ITD103/tawi-tawi-frontend/android/app/src/main/kotlin/com/rhyn/reach/presentation/feature/chat/ChatScreen.kt:85:5 Unresolved reference 'LaunchedEffect'.
e: file:///home/rhyn/ITD103/tawi-tawi-frontend/android/app/src/main/kotlin/com/rhyn/reach/presentation/feature/chat/ChatScreen.kt:89:5 Unresolved reference 'LaunchedEffect'.
e: file:///home/rhyn/ITD103/tawi-tawi-frontend/android/app/src/main/kotlin/com/rhyn/reach/presentation/feature/chat/ChatScreen.kt:89:29 Unresolved reference 'size'.
e: file:///home/rhyn/ITD103/tawi-tawi-frontend/android/app/src/main/kotlin/com/rhyn/reach/presentation/feature/chat/ChatScreen.kt:95:5 Unresolved reference 'LaunchedEffect'.
e: file:///home/rhyn/ITD103/tawi-tawi-frontend/android/app/src/main/kotlin/com/rhyn/reach/presentation/feature/chat/ChatScreen.kt:101:5 Unresolved reference 'Scaffold'.
e: file:///home/rhyn/ITD103/tawi-tawi-frontend/android/app/src/main/kotlin/com/rhyn/reach/presentation/feature/chat/ChatScreen.kt:102:20 Unresolved reference 'Modifier'.
e: file:///home/rhyn/ITD103/tawi-tawi-frontend/android/app/src/main/kotlin/com/rhyn/reach/presentation/feature/chat/ChatScreen.kt:103:26 Unresolved reference 'MaterialTheme'.
e: file:///home/rhyn/ITD103/tawi-tawi-frontend/android/app/src/main/kotlin/com/rhyn/reach/presentation/feature/chat/ChatScreen.kt:105:13 Unresolved reference 'TopAppBar'.
e: file:///home/rhyn/ITD103/tawi-tawi-frontend/android/app/src/main/kotlin/com/rhyn/reach/presentation/feature/chat/ChatScreen.kt:107:21 Unresolved reference 'Row'.
e: file:///home/rhyn/ITD103/tawi-tawi-frontend/android/app/src/main/kotlin/com/rhyn/reach/presentation/feature/chat/ChatScreen.kt:107:45 Unresolved reference 'Alignment'.
e: file:///home/rhyn/ITD103/tawi-tawi-frontend/android/app/src/main/kotlin/com/rhyn/reach/presentation/feature/chat/ChatScreen.kt:108:25 None of the following candidates is applicable:
fun ChatAvatar(name: String, size: <ERROR TYPE REF: Symbol not found for androidx.compose> = ...): Unit
fun ChatAvatar(name: String, size: <ERROR TYPE REF: Symbol not found for androidx.compose> = ...): Unit
e: file:///home/rhyn/ITD103/tawi-tawi-frontend/android/app/src/main/kotlin/com/rhyn/reach/presentation/feature/chat/ChatScreen.kt:109:25 Unresolved reference 'Spacer'.
e: file:///home/rhyn/ITD103/tawi-tawi-frontend/android/app/src/main/kotlin/com/rhyn/reach/presentation/feature/chat/ChatScreen.kt:109:43 Unresolved reference 'Modifier'.
e: file:///home/rhyn/ITD103/tawi-tawi-frontend/android/app/src/main/kotlin/com/rhyn/reach/presentation/feature/chat/ChatScreen.kt:109:61 Unresolved reference 'dp'.
e: file:///home/rhyn/ITD103/tawi-tawi-frontend/android/app/src/main/kotlin/com/rhyn/reach/presentation/feature/chat/ChatScreen.kt:110:25 Unresolved reference 'Text'.
e: file:///home/rhyn/ITD103/tawi-tawi-frontend/android/app/src/main/kotlin/com/rhyn/reach/presentation/feature/chat/ChatScreen.kt:110:57 Unresolved reference 'FontWeight'.
e: file:///home/rhyn/ITD103/tawi-tawi-frontend/android/app/src/main/kotlin/com/rhyn/reach/presentation/feature/chat/ChatScreen.kt:110:92 Unresolved reference 'sp'.
e: file:///home/rhyn/ITD103/tawi-tawi-frontend/android/app/src/main/kotlin/com/rhyn/reach/presentation/feature/chat/ChatScreen.kt:114:21 Unresolved reference 'IconButton'.
e: file:///home/rhyn/ITD103/tawi-tawi-frontend/android/app/src/main/kotlin/com/rhyn/reach/presentation/feature/chat/ChatScreen.kt:115:25 Unresolved reference 'Icon'.
e: file:///home/rhyn/ITD103/tawi-tawi-frontend/android/app/src/main/kotlin/com/rhyn/reach/presentation/feature/chat/ChatScreen.kt:115:30 Unresolved reference 'Icons'.
e: file:///home/rhyn/ITD103/tawi-tawi-frontend/android/app/src/main/kotlin/com/rhyn/reach/presentation/feature/chat/ChatScreen.kt:119:21 Unresolved reference 'IconButton'.
e: file:///home/rhyn/ITD103/tawi-tawi-frontend/android/app/src/main/kotlin/com/rhyn/reach/presentation/feature/chat/ChatScreen.kt:119:55 Unresolved reference 'not' for operator '!'.
e: file:///home/rhyn/ITD103/tawi-tawi-frontend/android/app/src/main/kotlin/com/rhyn/reach/presentation/feature/chat/ChatScreen.kt:120:25 Unresolved reference 'Icon'.
e: file:///home/rhyn/ITD103/tawi-tawi-frontend/android/app/src/main/kotlin/com/rhyn/reach/presentation/feature/chat/ChatScreen.kt:120:30 Unresolved reference 'Icons'.
e: file:///home/rhyn/ITD103/tawi-tawi-frontend/android/app/src/main/kotlin/com/rhyn/reach/presentation/feature/chat/ChatScreen.kt:122:21 Unresolved reference 'DropdownMenu'.
e: file:///home/rhyn/ITD103/tawi-tawi-frontend/android/app/src/main/kotlin/com/rhyn/reach/presentation/feature/chat/ChatScreen.kt:125:36 Unresolved reference 'Modifier'.
e: file:///home/rhyn/ITD103/tawi-tawi-frontend/android/app/src/main/kotlin/com/rhyn/reach/presentation/feature/chat/ChatScreen.kt:125:56 Unresolved reference 'MaterialTheme'.
e: file:///home/rhyn/ITD103/tawi-tawi-frontend/android/app/src/main/kotlin/com/rhyn/reach/presentation/feature/chat/ChatScreen.kt:127:25 Unresolved reference 'DropdownMenuItem'.
e: file:///home/rhyn/ITD103/tawi-tawi-frontend/android/app/src/main/kotlin/com/rhyn/reach/presentation/feature/chat/ChatScreen.kt:128:38 Unresolved reference 'Text'.
e: file:///home/rhyn/ITD103/tawi-tawi-frontend/android/app/src/main/kotlin/com/rhyn/reach/presentation/feature/chat/ChatScreen.kt:130:33 Unresolved reference 'Switch'.
e: file:///home/rhyn/ITD103/tawi-tawi-frontend/android/app/src/main/kotlin/com/rhyn/reach/presentation/feature/chat/ChatScreen.kt:132:57 Cannot infer type for this parameter. Please specify it explicitly.
e: file:///home/rhyn/ITD103/tawi-tawi-frontend/android/app/src/main/kotlin/com/rhyn/reach/presentation/feature/chat/ChatScreen.kt:143:26 Unresolved reference 'TopAppBarDefaults'.
e: file:///home/rhyn/ITD103/tawi-tawi-frontend/android/app/src/main/kotlin/com/rhyn/reach/presentation/feature/chat/ChatScreen.kt:144:38 Unresolved reference 'MaterialTheme'.
e: file:///home/rhyn/ITD103/tawi-tawi-frontend/android/app/src/main/kotlin/com/rhyn/reach/presentation/feature/chat/ChatScreen.kt:145:41 Unresolved reference 'MaterialTheme'.
e: file:///home/rhyn/ITD103/tawi-tawi-frontend/android/app/src/main/kotlin/com/rhyn/reach/presentation/feature/chat/ChatScreen.kt:146:50 Unresolved reference 'MaterialTheme'.
e: file:///home/rhyn/ITD103/tawi-tawi-frontend/android/app/src/main/kotlin/com/rhyn/reach/presentation/feature/chat/ChatScreen.kt:152:35 Cannot infer type for this parameter. Please specify it explicitly.
e: file:///home/rhyn/ITD103/tawi-tawi-frontend/android/app/src/main/kotlin/com/rhyn/reach/presentation/feature/chat/ChatScreen.kt:160:33 Cannot infer type for this parameter. Please specify it explicitly.
e: file:///home/rhyn/ITD103/tawi-tawi-frontend/android/app/src/main/kotlin/com/rhyn/reach/presentation/feature/chat/ChatScreen.kt:168:32 Cannot infer type for this parameter. Please specify it explicitly.
e: file:///home/rhyn/ITD103/tawi-tawi-frontend/android/app/src/main/kotlin/com/rhyn/reach/presentation/feature/chat/ChatScreen.kt:178:9 Cannot infer type for this parameter. Please specify it explicitly.
e: file:///home/rhyn/ITD103/tawi-tawi-frontend/android/app/src/main/kotlin/com/rhyn/reach/presentation/feature/chat/ChatScreen.kt:179:9 Unresolved reference 'LazyColumn'.
e: file:///home/rhyn/ITD103/tawi-tawi-frontend/android/app/src/main/kotlin/com/rhyn/reach/presentation/feature/chat/ChatScreen.kt:181:24 Unresolved reference 'Modifier'.
e: file:///home/rhyn/ITD103/tawi-tawi-frontend/android/app/src/main/kotlin/com/rhyn/reach/presentation/feature/chat/ChatScreen.kt:184:29 Unresolved reference 'MaterialTheme'.
e: file:///home/rhyn/ITD103/tawi-tawi-frontend/android/app/src/main/kotlin/com/rhyn/reach/presentation/feature/chat/ChatScreen.kt:185:30 Unresolved reference 'PaddingValues'.
e: file:///home/rhyn/ITD103/tawi-tawi-frontend/android/app/src/main/kotlin/com/rhyn/reach/presentation/feature/chat/ChatScreen.kt:185:60 Unresolved reference 'dp'.
e: file:///home/rhyn/ITD103/tawi-tawi-frontend/android/app/src/main/kotlin/com/rhyn/reach/presentation/feature/chat/ChatScreen.kt:185:78 Unresolved reference 'dp'.
e: file:///home/rhyn/ITD103/tawi-tawi-frontend/android/app/src/main/kotlin/com/rhyn/reach/presentation/feature/chat/ChatScreen.kt:188:13 Unresolved reference 'items'.
e: file:///home/rhyn/ITD103/tawi-tawi-frontend/android/app/src/main/kotlin/com/rhyn/reach/presentation/feature/chat/ChatScreen.kt:190:25 Unresolved reference 'it'.
e: file:///home/rhyn/ITD103/tawi-tawi-frontend/android/app/src/main/kotlin/com/rhyn/reach/presentation/feature/chat/ChatScreen.kt:191:17 Cannot infer type for this parameter. Please specify it explicitly.
e: file:///home/rhyn/ITD103/tawi-tawi-frontend/android/app/src/main/kotlin/com/rhyn/reach/presentation/feature/chat/ChatScreen.kt:195:66 Unresolved reference 'messageId'.
e: file:///home/rhyn/ITD103/tawi-tawi-frontend/android/app/src/main/kotlin/com/rhyn/reach/presentation/feature/chat/ChatScreen.kt:202:8 Unresolved reference 'ExperimentalFoundationApi'.
e: file:///home/rhyn/ITD103/tawi-tawi-frontend/android/app/src/main/kotlin/com/rhyn/reach/presentation/feature/chat/ChatScreen.kt:202:8 Annotation argument must be a compile-time constant.
e: file:///home/rhyn/ITD103/tawi-tawi-frontend/android/app/src/main/kotlin/com/rhyn/reach/presentation/feature/chat/ChatScreen.kt:203:2 Unresolved reference 'Composable'.
e: file:///home/rhyn/ITD103/tawi-tawi-frontend/android/app/src/main/kotlin/com/rhyn/reach/presentation/feature/chat/ChatScreen.kt:204:1 Conflicting overloads:
fun MessageBubble(message: LocalMessageEntity, users: Map<String, String>, onDelete: () -> Unit): Unit
e: file:///home/rhyn/ITD103/tawi-tawi-frontend/android/app/src/main/kotlin/com/rhyn/reach/presentation/feature/chat/ChatScreen.kt:209:19 Unresolved reference 'LocalContext'.
e: file:///home/rhyn/ITD103/tawi-tawi-frontend/android/app/src/main/kotlin/com/rhyn/reach/presentation/feature/chat/ChatScreen.kt:211:31 Unresolved reference 'Alignment'.
e: file:///home/rhyn/ITD103/tawi-tawi-frontend/android/app/src/main/kotlin/com/rhyn/reach/presentation/feature/chat/ChatScreen.kt:211:50 Unresolved reference 'Alignment'.
e: file:///home/rhyn/ITD103/tawi-tawi-frontend/android/app/src/main/kotlin/com/rhyn/reach/presentation/feature/chat/ChatScreen.kt:218:9 Unresolved reference 'RoundedCornerShape'.
e: file:///home/rhyn/ITD103/tawi-tawi-frontend/android/app/src/main/kotlin/com/rhyn/reach/presentation/feature/chat/ChatScreen.kt:218:31 Unresolved reference 'dp'.
e: file:///home/rhyn/ITD103/tawi-tawi-frontend/android/app/src/main/kotlin/com/rhyn/reach/presentation/feature/chat/ChatScreen.kt:218:38 Unresolved reference 'dp'.
e: file:///home/rhyn/ITD103/tawi-tawi-frontend/android/app/src/main/kotlin/com/rhyn/reach/presentation/feature/chat/ChatScreen.kt:218:44 Unresolved reference 'dp'.
e: file:///home/rhyn/ITD103/tawi-tawi-frontend/android/app/src/main/kotlin/com/rhyn/reach/presentation/feature/chat/ChatScreen.kt:218:51 Unresolved reference 'dp'.
e: file:///home/rhyn/ITD103/tawi-tawi-frontend/android/app/src/main/kotlin/com/rhyn/reach/presentation/feature/chat/ChatScreen.kt:220:9 Unresolved reference 'RoundedCornerShape'.
e: file:///home/rhyn/ITD103/tawi-tawi-frontend/android/app/src/main/kotlin/com/rhyn/reach/presentation/feature/chat/ChatScreen.kt:220:31 Unresolved reference 'dp'.
e: file:///home/rhyn/ITD103/tawi-tawi-frontend/android/app/src/main/kotlin/com/rhyn/reach/presentation/feature/chat/ChatScreen.kt:220:38 Unresolved reference 'dp'.
e: file:///home/rhyn/ITD103/tawi-tawi-frontend/android/app/src/main/kotlin/com/rhyn/reach/presentation/feature/chat/ChatScreen.kt:220:45 Unresolved reference 'dp'.
e: file:///home/rhyn/ITD103/tawi-tawi-frontend/android/app/src/main/kotlin/com/rhyn/reach/presentation/feature/chat/ChatScreen.kt:220:51 Unresolved reference 'dp'.
e: file:///home/rhyn/ITD103/tawi-tawi-frontend/android/app/src/main/kotlin/com/rhyn/reach/presentation/feature/chat/ChatScreen.kt:223:37 Unresolved reference 'MaterialTheme'.
e: file:///home/rhyn/ITD103/tawi-tawi-frontend/android/app/src/main/kotlin/com/rhyn/reach/presentation/feature/chat/ChatScreen.kt:223:76 Unresolved reference 'MaterialTheme'.
e: file:///home/rhyn/ITD103/tawi-tawi-frontend/android/app/src/main/kotlin/com/rhyn/reach/presentation/feature/chat/ChatScreen.kt:224:34 Unresolved reference 'MaterialTheme'.
e: file:///home/rhyn/ITD103/tawi-tawi-frontend/android/app/src/main/kotlin/com/rhyn/reach/presentation/feature/chat/ChatScreen.kt:224:75 Unresolved reference 'MaterialTheme'.
e: file:///home/rhyn/ITD103/tawi-tawi-frontend/android/app/src/main/kotlin/com/rhyn/reach/presentation/feature/chat/ChatScreen.kt:226:28 Unresolved reference 'remember'.
e: file:///home/rhyn/ITD103/tawi-tawi-frontend/android/app/src/main/kotlin/com/rhyn/reach/presentation/feature/chat/ChatScreen.kt:226:39 Unresolved reference 'mutableStateOf'.
e: file:///home/rhyn/ITD103/tawi-tawi-frontend/android/app/src/main/kotlin/com/rhyn/reach/presentation/feature/chat/ChatScreen.kt:227:26 Unresolved reference 'remember'.
e: file:///home/rhyn/ITD103/tawi-tawi-frontend/android/app/src/main/kotlin/com/rhyn/reach/presentation/feature/chat/ChatScreen.kt:227:37 Unresolved reference 'mutableStateOf'.
e: file:///home/rhyn/ITD103/tawi-tawi-frontend/android/app/src/main/kotlin/com/rhyn/reach/presentation/feature/chat/ChatScreen.kt:229:5 Unresolved reference 'Column'.
e: file:///home/rhyn/ITD103/tawi-tawi-frontend/android/app/src/main/kotlin/com/rhyn/reach/presentation/feature/chat/ChatScreen.kt:230:20 Unresolved reference 'Modifier'.
e: file:///home/rhyn/ITD103/tawi-tawi-frontend/android/app/src/main/kotlin/com/rhyn/reach/presentation/feature/chat/ChatScreen.kt:232:35 Unresolved reference 'dp'.
e: file:///home/rhyn/ITD103/tawi-tawi-frontend/android/app/src/main/kotlin/com/rhyn/reach/presentation/feature/chat/ChatScreen.kt:235:9 Unresolved reference 'Row'.
e: file:///home/rhyn/ITD103/tawi-tawi-frontend/android/app/src/main/kotlin/com/rhyn/reach/presentation/feature/chat/ChatScreen.kt:236:33 Unresolved reference 'Alignment'.
e: file:///home/rhyn/ITD103/tawi-tawi-frontend/android/app/src/main/kotlin/com/rhyn/reach/presentation/feature/chat/ChatScreen.kt:237:47 Unresolved reference 'Arrangement'.
e: file:///home/rhyn/ITD103/tawi-tawi-frontend/android/app/src/main/kotlin/com/rhyn/reach/presentation/feature/chat/ChatScreen.kt:237:68 Unresolved reference 'Arrangement'.
e: file:///home/rhyn/ITD103/tawi-tawi-frontend/android/app/src/main/kotlin/com/rhyn/reach/presentation/feature/chat/ChatScreen.kt:238:24 Unresolved reference 'Modifier'.
e: file:///home/rhyn/ITD103/tawi-tawi-frontend/android/app/src/main/kotlin/com/rhyn/reach/presentation/feature/chat/ChatScreen.kt:241:57 Unresolved reference 'dp'.
e: file:///home/rhyn/ITD103/tawi-tawi-frontend/android/app/src/main/kotlin/com/rhyn/reach/presentation/feature/chat/ChatScreen.kt:242:17 Unresolved reference 'Spacer'.
e: file:///home/rhyn/ITD103/tawi-tawi-frontend/android/app/src/main/kotlin/com/rhyn/reach/presentation/feature/chat/ChatScreen.kt:242:35 Unresolved reference 'Modifier'.
e: file:///home/rhyn/ITD103/tawi-tawi-frontend/android/app/src/main/kotlin/com/rhyn/reach/presentation/feature/chat/ChatScreen.kt:242:52 Unresolved reference 'dp'.
e: file:///home/rhyn/ITD103/tawi-tawi-frontend/android/app/src/main/kotlin/com/rhyn/reach/presentation/feature/chat/ChatScreen.kt:245:13 Unresolved reference 'Column'.
e: file:///home/rhyn/ITD103/tawi-tawi-frontend/android/app/src/main/kotlin/com/rhyn/reach/presentation/feature/chat/ChatScreen.kt:246:17 Unresolved reference 'Box'.
e: file:///home/rhyn/ITD103/tawi-tawi-frontend/android/app/src/main/kotlin/com/rhyn/reach/presentation/feature/chat/ChatScreen.kt:247:21 Unresolved reference 'Box'.
e: file:///home/rhyn/ITD103/tawi-tawi-frontend/android/app/src/main/kotlin/com/rhyn/reach/presentation/feature/chat/ChatScreen.kt:248:36 Unresolved reference 'Modifier'.
e: file:///home/rhyn/ITD103/tawi-tawi-frontend/android/app/src/main/kotlin/com/rhyn/reach/presentation/feature/chat/ChatScreen.kt:249:48 Unresolved reference 'dp'.
e: file:///home/rhyn/ITD103/tawi-tawi-frontend/android/app/src/main/kotlin/com/rhyn/reach/presentation/feature/chat/ChatScreen.kt:261:25 Unresolved reference 'Column'.
e: file:///home/rhyn/ITD103/tawi-tawi-frontend/android/app/src/main/kotlin/com/rhyn/reach/presentation/feature/chat/ChatScreen.kt:264:33 Unresolved reference 'AsyncImage'.
e: file:///home/rhyn/ITD103/tawi-tawi-frontend/android/app/src/main/kotlin/com/rhyn/reach/presentation/feature/chat/ChatScreen.kt:267:48 Unresolved reference 'Modifier'.
e: file:///home/rhyn/ITD103/tawi-tawi-frontend/android/app/src/main/kotlin/com/rhyn/reach/presentation/feature/chat/ChatScreen.kt:269:61 Unresolved reference 'dp'.
e: file:///home/rhyn/ITD103/tawi-tawi-frontend/android/app/src/main/kotlin/com/rhyn/reach/presentation/feature/chat/ChatScreen.kt:270:53 Unresolved reference 'Color'.
e: file:///home/rhyn/ITD103/tawi-tawi-frontend/android/app/src/main/kotlin/com/rhyn/reach/presentation/feature/chat/ChatScreen.kt:271:52 Unresolved reference 'ContentScale'.
e: file:///home/rhyn/ITD103/tawi-tawi-frontend/android/app/src/main/kotlin/com/rhyn/reach/presentation/feature/chat/ChatScreen.kt:277:33 Unresolved reference 'Row'.
e: file:///home/rhyn/ITD103/tawi-tawi-frontend/android/app/src/main/kotlin/com/rhyn/reach/presentation/feature/chat/ChatScreen.kt:278:48 Unresolved reference 'Modifier'.
e: file:///home/rhyn/ITD103/tawi-tawi-frontend/android/app/src/main/kotlin/com/rhyn/reach/presentation/feature/chat/ChatScreen.kt:280:53 Unresolved reference 'Color'.
e: file:///home/rhyn/ITD103/tawi-tawi-frontend/android/app/src/main/kotlin/com/rhyn/reach/presentation/feature/chat/ChatScreen.kt:281:53 Unresolved reference 'dp'.
e: file:///home/rhyn/ITD103/tawi-tawi-frontend/android/app/src/main/kotlin/com/rhyn/reach/presentation/feature/chat/ChatScreen.kt:282:57 Unresolved reference 'Alignment'.
e: file:///home/rhyn/ITD103/tawi-tawi-frontend/android/app/src/main/kotlin/com/rhyn/reach/presentation/feature/chat/ChatScreen.kt:284:37 Unresolved reference 'Icon'.
e: file:///home/rhyn/ITD103/tawi-tawi-frontend/android/app/src/main/kotlin/com/rhyn/reach/presentation/feature/chat/ChatScreen.kt:285:55 Unresolved reference 'Icons'.
e: file:///home/rhyn/ITD103/tawi-tawi-frontend/android/app/src/main/kotlin/com/rhyn/reach/presentation/feature/chat/ChatScreen.kt:288:52 Unresolved reference 'Modifier'.
e: file:///home/rhyn/ITD103/tawi-tawi-frontend/android/app/src/main/kotlin/com/rhyn/reach/presentation/feature/chat/ChatScreen.kt:288:69 Unresolved reference 'dp'.
e: file:///home/rhyn/ITD103/tawi-tawi-frontend/android/app/src/main/kotlin/com/rhyn/reach/presentation/feature/chat/ChatScreen.kt:290:37 Unresolved reference 'Spacer'.
e: file:///home/rhyn/ITD103/tawi-tawi-frontend/android/app/src/main/kotlin/com/rhyn/reach/presentation/feature/chat/ChatScreen.kt:290:55 Unresolved reference 'Modifier'.
e: file:///home/rhyn/ITD103/tawi-tawi-frontend/android/app/src/main/kotlin/com/rhyn/reach/presentation/feature/chat/ChatScreen.kt:290:72 Unresolved reference 'dp'.
e: file:///home/rhyn/ITD103/tawi-tawi-frontend/android/app/src/main/kotlin/com/rhyn/reach/presentation/feature/chat/ChatScreen.kt:291:37 Unresolved reference 'Text'.
e: file:///home/rhyn/ITD103/tawi-tawi-frontend/android/app/src/main/kotlin/com/rhyn/reach/presentation/feature/chat/ChatScreen.kt:294:49 Unresolved reference 'MaterialTheme'.
e: file:///home/rhyn/ITD103/tawi-tawi-frontend/android/app/src/main/kotlin/com/rhyn/reach/presentation/feature/chat/ChatScreen.kt:295:54 Unresolved reference 'FontWeight'.
e: file:///home/rhyn/ITD103/tawi-tawi-frontend/android/app/src/main/kotlin/com/rhyn/reach/presentation/feature/chat/ChatScreen.kt:296:52 Unresolved reference 'Modifier'.
e: file:///home/rhyn/ITD103/tawi-tawi-frontend/android/app/src/main/kotlin/com/rhyn/reach/presentation/feature/chat/ChatScreen.kt:298:52 Unresolved reference 'TextOverflow'.
e: file:///home/rhyn/ITD103/tawi-tawi-frontend/android/app/src/main/kotlin/com/rhyn/reach/presentation/feature/chat/ChatScreen.kt:300:37 Unresolved reference 'IconButton'.
e: file:///home/rhyn/ITD103/tawi-tawi-frontend/android/app/src/main/kotlin/com/rhyn/reach/presentation/feature/chat/ChatScreen.kt:304:41 Unresolved reference 'Icon'.
e: file:///home/rhyn/ITD103/tawi-tawi-frontend/android/app/src/main/kotlin/com/rhyn/reach/presentation/feature/chat/ChatScreen.kt:305:59 Unresolved reference 'Icons'.
e: file:///home/rhyn/ITD103/tawi-tawi-frontend/android/app/src/main/kotlin/com/rhyn/reach/presentation/feature/chat/ChatScreen.kt:325:21 Unresolved reference 'DropdownMenu'.
e: file:///home/rhyn/ITD103/tawi-tawi-frontend/android/app/src/main/kotlin/com/rhyn/reach/presentation/feature/chat/ChatScreen.kt:328:36 Unresolved reference 'Modifier'.
e: file:///home/rhyn/ITD103/tawi-tawi-frontend/android/app/src/main/kotlin/com/rhyn/reach/presentation/feature/chat/ChatScreen.kt:328:56 Unresolved reference 'MaterialTheme'.
e: file:///home/rhyn/ITD103/tawi-tawi-frontend/android/app/src/main/kotlin/com/rhyn/reach/presentation/feature/chat/ChatScreen.kt:330:25 Unresolved reference 'DropdownMenuItem'.
e: file:///home/rhyn/ITD103/tawi-tawi-frontend/android/app/src/main/kotlin/com/rhyn/reach/presentation/feature/chat/ChatScreen.kt:331:38 Unresolved reference 'Text'.
e: file:///home/rhyn/ITD103/tawi-tawi-frontend/android/app/src/main/kotlin/com/rhyn/reach/presentation/feature/chat/ChatScreen.kt:331:68 Unresolved reference 'MaterialTheme'.
e: file:///home/rhyn/ITD103/tawi-tawi-frontend/android/app/src/main/kotlin/com/rhyn/reach/presentation/feature/chat/ChatScreen.kt:340:17 Unresolved reference 'Row'.
e: file:///home/rhyn/ITD103/tawi-tawi-frontend/android/app/src/main/kotlin/com/rhyn/reach/presentation/feature/chat/ChatScreen.kt:341:32 Unresolved reference 'Modifier'.
e: file:///home/rhyn/ITD103/tawi-tawi-frontend/android/app/src/main/kotlin/com/rhyn/reach/presentation/feature/chat/ChatScreen.kt:341:57 Unresolved reference 'dp'.
e: file:///home/rhyn/ITD103/tawi-tawi-frontend/android/app/src/main/kotlin/com/rhyn/reach/presentation/feature/chat/ChatScreen.kt:341:71 Unresolved reference 'dp'.
e: file:///home/rhyn/ITD103/tawi-tawi-frontend/android/app/src/main/kotlin/com/rhyn/reach/presentation/feature/chat/ChatScreen.kt:341:83 Unresolved reference 'dp'.
e: file:///home/rhyn/ITD103/tawi-tawi-frontend/android/app/src/main/kotlin/com/rhyn/reach/presentation/feature/chat/ChatScreen.kt:342:41 Unresolved reference 'Alignment'.
e: file:///home/rhyn/ITD103/tawi-tawi-frontend/android/app/src/main/kotlin/com/rhyn/reach/presentation/feature/chat/ChatScreen.kt:344:21 Unresolved reference 'Text'.
e: file:///home/rhyn/ITD103/tawi-tawi-frontend/android/app/src/main/kotlin/com/rhyn/reach/presentation/feature/chat/ChatScreen.kt:346:33 Unresolved reference 'MaterialTheme'.
e: file:///home/rhyn/ITD103/tawi-tawi-frontend/android/app/src/main/kotlin/com/rhyn/reach/presentation/feature/chat/ChatScreen.kt:347:33 Unresolved reference 'MaterialTheme'.
e: file:///home/rhyn/ITD103/tawi-tawi-frontend/android/app/src/main/kotlin/com/rhyn/reach/presentation/feature/chat/ChatScreen.kt:351:25 Unresolved reference 'Spacer'.
e: file:///home/rhyn/ITD103/tawi-tawi-frontend/android/app/src/main/kotlin/com/rhyn/reach/presentation/feature/chat/ChatScreen.kt:351:43 Unresolved reference 'Modifier'.
e: file:///home/rhyn/ITD103/tawi-tawi-frontend/android/app/src/main/kotlin/com/rhyn/reach/presentation/feature/chat/ChatScreen.kt:351:60 Unresolved reference 'dp'.
e: file:///home/rhyn/ITD103/tawi-tawi-frontend/android/app/src/main/kotlin/com/rhyn/reach/presentation/feature/chat/ChatScreen.kt:352:25 Unresolved reference 'Text'.
e: file:///home/rhyn/ITD103/tawi-tawi-frontend/android/app/src/main/kotlin/com/rhyn/reach/presentation/feature/chat/ChatScreen.kt:354:37 Unresolved reference 'MaterialTheme'.
e: file:///home/rhyn/ITD103/tawi-tawi-frontend/android/app/src/main/kotlin/com/rhyn/reach/presentation/feature/chat/ChatScreen.kt:355:37 Unresolved reference 'MaterialTheme'.
e: file:///home/rhyn/ITD103/tawi-tawi-frontend/android/app/src/main/kotlin/com/rhyn/reach/presentation/feature/chat/ChatScreen.kt:357:25 Unresolved reference 'Spacer'.
e: file:///home/rhyn/ITD103/tawi-tawi-frontend/android/app/src/main/kotlin/com/rhyn/reach/presentation/feature/chat/ChatScreen.kt:357:43 Unresolved reference 'Modifier'.
e: file:///home/rhyn/ITD103/tawi-tawi-frontend/android/app/src/main/kotlin/com/rhyn/reach/presentation/feature/chat/ChatScreen.kt:357:60 Unresolved reference 'dp'.
e: file:///home/rhyn/ITD103/tawi-tawi-frontend/android/app/src/main/kotlin/com/rhyn/reach/presentation/feature/chat/ChatScreen.kt:358:25 Unresolved reference 'Text'.
e: file:///home/rhyn/ITD103/tawi-tawi-frontend/android/app/src/main/kotlin/com/rhyn/reach/presentation/feature/chat/ChatScreen.kt:360:37 Unresolved reference 'MaterialTheme'.
e: file:///home/rhyn/ITD103/tawi-tawi-frontend/android/app/src/main/kotlin/com/rhyn/reach/presentation/feature/chat/ChatScreen.kt:361:37 Unresolved reference 'MaterialTheme'.
e: file:///home/rhyn/ITD103/tawi-tawi-frontend/android/app/src/main/kotlin/com/rhyn/reach/presentation/feature/chat/ChatScreen.kt:371:9 Unresolved reference 'Dialog'.
e: file:///home/rhyn/ITD103/tawi-tawi-frontend/android/app/src/main/kotlin/com/rhyn/reach/presentation/feature/chat/ChatScreen.kt:373:26 Unresolved reference 'DialogProperties'.
e: file:///home/rhyn/ITD103/tawi-tawi-frontend/android/app/src/main/kotlin/com/rhyn/reach/presentation/feature/chat/ChatScreen.kt:379:13 Unresolved reference 'Box'.
e: file:///home/rhyn/ITD103/tawi-tawi-frontend/android/app/src/main/kotlin/com/rhyn/reach/presentation/feature/chat/ChatScreen.kt:380:28 Unresolved reference 'Modifier'.
e: file:///home/rhyn/ITD103/tawi-tawi-frontend/android/app/src/main/kotlin/com/rhyn/reach/presentation/feature/chat/ChatScreen.kt:382:33 Unresolved reference 'Color'.
e: file:///home/rhyn/ITD103/tawi-tawi-frontend/android/app/src/main/kotlin/com/rhyn/reach/presentation/feature/chat/ChatScreen.kt:384:17 Unresolved reference 'AsyncImage'.
e: file:///home/rhyn/ITD103/tawi-tawi-frontend/android/app/src/main/kotlin/com/rhyn/reach/presentation/feature/chat/ChatScreen.kt:387:32 Unresolved reference 'Modifier'.
e: file:///home/rhyn/ITD103/tawi-tawi-frontend/android/app/src/main/kotlin/com/rhyn/reach/presentation/feature/chat/ChatScreen.kt:388:36 Unresolved reference 'ContentScale'.
e: file:///home/rhyn/ITD103/tawi-tawi-frontend/android/app/src/main/kotlin/com/rhyn/reach/presentation/feature/chat/ChatScreen.kt:392:17 Unresolved reference 'Row'.
e: file:///home/rhyn/ITD103/tawi-tawi-frontend/android/app/src/main/kotlin/com/rhyn/reach/presentation/feature/chat/ChatScreen.kt:393:32 Unresolved reference 'Modifier'.
e: file:///home/rhyn/ITD103/tawi-tawi-frontend/android/app/src/main/kotlin/com/rhyn/reach/presentation/feature/chat/ChatScreen.kt:395:37 Unresolved reference 'dp'.
e: file:///home/rhyn/ITD103/tawi-tawi-frontend/android/app/src/main/kotlin/com/rhyn/reach/presentation/feature/chat/ChatScreen.kt:397:45 Unresolved reference 'Arrangement'.
e: file:///home/rhyn/ITD103/tawi-tawi-frontend/android/app/src/main/kotlin/com/rhyn/reach/presentation/feature/chat/ChatScreen.kt:398:41 Unresolved reference 'Alignment'.
e: file:///home/rhyn/ITD103/tawi-tawi-frontend/android/app/src/main/kotlin/com/rhyn/reach/presentation/feature/chat/ChatScreen.kt:400:21 Unresolved reference 'IconButton'.
e: file:///home/rhyn/ITD103/tawi-tawi-frontend/android/app/src/main/kotlin/com/rhyn/reach/presentation/feature/chat/ChatScreen.kt:402:36 Unresolved reference 'Modifier'.
e: file:///home/rhyn/ITD103/tawi-tawi-frontend/android/app/src/main/kotlin/com/rhyn/reach/presentation/feature/chat/ChatScreen.kt:403:35 Unresolved reference 'CircleShape'.
e: file:///home/rhyn/ITD103/tawi-tawi-frontend/android/app/src/main/kotlin/com/rhyn/reach/presentation/feature/chat/ChatScreen.kt:404:41 Unresolved reference 'Color'.
e: file:///home/rhyn/ITD103/tawi-tawi-frontend/android/app/src/main/kotlin/com/rhyn/reach/presentation/feature/chat/ChatScreen.kt:406:25 Unresolved reference 'Icon'.
e: file:///home/rhyn/ITD103/tawi-tawi-frontend/android/app/src/main/kotlin/com/rhyn/reach/presentation/feature/chat/ChatScreen.kt:407:43 Unresolved reference 'Icons'.
e: file:///home/rhyn/ITD103/tawi-tawi-frontend/android/app/src/main/kotlin/com/rhyn/reach/presentation/feature/chat/ChatScreen.kt:409:36 Unresolved reference 'Color'.
e: file:///home/rhyn/ITD103/tawi-tawi-frontend/android/app/src/main/kotlin/com/rhyn/reach/presentation/feature/chat/ChatScreen.kt:413:21 Unresolved reference 'IconButton'.
e: file:///home/rhyn/ITD103/tawi-tawi-frontend/android/app/src/main/kotlin/com/rhyn/reach/presentation/feature/chat/ChatScreen.kt:417:36 Unresolved reference 'Modifier'.
e: file:///home/rhyn/ITD103/tawi-tawi-frontend/android/app/src/main/kotlin/com/rhyn/reach/presentation/feature/chat/ChatScreen.kt:418:35 Unresolved reference 'CircleShape'.
e: file:///home/rhyn/ITD103/tawi-tawi-frontend/android/app/src/main/kotlin/com/rhyn/reach/presentation/feature/chat/ChatScreen.kt:419:41 Unresolved reference 'Color'.
e: file:///home/rhyn/ITD103/tawi-tawi-frontend/android/app/src/main/kotlin/com/rhyn/reach/presentation/feature/chat/ChatScreen.kt:421:25 Unresolved reference 'Icon'.
e: file:///home/rhyn/ITD103/tawi-tawi-frontend/android/app/src/main/kotlin/com/rhyn/reach/presentation/feature/chat/ChatScreen.kt:422:43 Unresolved reference 'Icons'.
e: file:///home/rhyn/ITD103/tawi-tawi-frontend/android/app/src/main/kotlin/com/rhyn/reach/presentation/feature/chat/ChatScreen.kt:424:36 Unresolved reference 'Color'.
e: file:///home/rhyn/ITD103/tawi-tawi-frontend/android/app/src/main/kotlin/com/rhyn/reach/presentation/feature/chat/ChatScreen.kt:434:2 Unresolved reference 'Composable'.
e: file:///home/rhyn/ITD103/tawi-tawi-frontend/android/app/src/main/kotlin/com/rhyn/reach/presentation/feature/chat/ChatScreen.kt:437:16 Unresolved reference 'Color'.
e: file:///home/rhyn/ITD103/tawi-tawi-frontend/android/app/src/main/kotlin/com/rhyn/reach/presentation/feature/chat/ChatScreen.kt:440:22 Unresolved reference 'LocalUriHandler'.
e: file:///home/rhyn/ITD103/tawi-tawi-frontend/android/app/src/main/kotlin/com/rhyn/reach/presentation/feature/chat/ChatScreen.kt:441:25 Unresolved reference 'remember'.
e: file:///home/rhyn/ITD103/tawi-tawi-frontend/android/app/src/main/kotlin/com/rhyn/reach/presentation/feature/chat/ChatScreen.kt:441:36 Unresolved reference 'mutableStateOf'.
e: file:///home/rhyn/ITD103/tawi-tawi-frontend/android/app/src/main/kotlin/com/rhyn/reach/presentation/feature/chat/ChatScreen.kt:441:51 Unresolved reference 'TextLayoutResult'.
e: file:///home/rhyn/ITD103/tawi-tawi-frontend/android/app/src/main/kotlin/com/rhyn/reach/presentation/feature/chat/ChatScreen.kt:443:27 Unresolved reference 'remember'.
e: file:///home/rhyn/ITD103/tawi-tawi-frontend/android/app/src/main/kotlin/com/rhyn/reach/presentation/feature/chat/ChatScreen.kt:444:9 Unresolved reference 'buildAnnotatedString'.
e: file:///home/rhyn/ITD103/tawi-tawi-frontend/android/app/src/main/kotlin/com/rhyn/reach/presentation/feature/chat/ChatScreen.kt:445:13 Unresolved reference 'append'.
e: file:///home/rhyn/ITD103/tawi-tawi-frontend/android/app/src/main/kotlin/com/rhyn/reach/presentation/feature/chat/ChatScreen.kt:452:17 Unresolved reference 'addStyle'.
e: file:///home/rhyn/ITD103/tawi-tawi-frontend/android/app/src/main/kotlin/com/rhyn/reach/presentation/feature/chat/ChatScreen.kt:453:29 Unresolved reference 'SpanStyle'.
e: file:///home/rhyn/ITD103/tawi-tawi-frontend/android/app/src/main/kotlin/com/rhyn/reach/presentation/feature/chat/ChatScreen.kt:455:42 Unresolved reference 'TextDecoration'.
e: file:///home/rhyn/ITD103/tawi-tawi-frontend/android/app/src/main/kotlin/com/rhyn/reach/presentation/feature/chat/ChatScreen.kt:456:38 Unresolved reference 'FontWeight'.
e: file:///home/rhyn/ITD103/tawi-tawi-frontend/android/app/src/main/kotlin/com/rhyn/reach/presentation/feature/chat/ChatScreen.kt:462:17 Unresolved reference 'addStringAnnotation'.
e: file:///home/rhyn/ITD103/tawi-tawi-frontend/android/app/src/main/kotlin/com/rhyn/reach/presentation/feature/chat/ChatScreen.kt:472:5 Unresolved reference 'Text'.
e: file:///home/rhyn/ITD103/tawi-tawi-frontend/android/app/src/main/kotlin/com/rhyn/reach/presentation/feature/chat/ChatScreen.kt:475:17 Unresolved reference 'MaterialTheme'.
e: file:///home/rhyn/ITD103/tawi-tawi-frontend/android/app/src/main/kotlin/com/rhyn/reach/presentation/feature/chat/ChatScreen.kt:476:20 Unresolved reference 'Modifier'.
e: file:///home/rhyn/ITD103/tawi-tawi-frontend/android/app/src/main/kotlin/com/rhyn/reach/presentation/feature/chat/ChatScreen.kt:477:38 Unresolved reference 'dp'.
e: file:///home/rhyn/ITD103/tawi-tawi-frontend/android/app/src/main/kotlin/com/rhyn/reach/presentation/feature/chat/ChatScreen.kt:477:56 Unresolved reference 'dp'.
e: file:///home/rhyn/ITD103/tawi-tawi-frontend/android/app/src/main/kotlin/com/rhyn/reach/presentation/feature/chat/ChatScreen.kt:479:17 Unresolved reference 'detectTapGestures'.
e: file:///home/rhyn/ITD103/tawi-tawi-frontend/android/app/src/main/kotlin/com/rhyn/reach/presentation/feature/chat/ChatScreen.kt:481:31 Cannot infer type for this parameter. Please specify it explicitly.
e: file:///home/rhyn/ITD103/tawi-tawi-frontend/android/app/src/main/kotlin/com/rhyn/reach/presentation/feature/chat/ChatScreen.kt:482:39 Cannot infer type for this parameter. Please specify it explicitly.
e: file:///home/rhyn/ITD103/tawi-tawi-frontend/android/app/src/main/kotlin/com/rhyn/reach/presentation/feature/chat/ChatScreen.kt:482:39 Unresolved reference. None of the following candidates is applicable because of a receiver type mismatch:
fun <T, R> T.let(block: (T) -> R): R
    [R|Contract description]
     <
        CallsInPlace(block, EXACTLY_ONCE)
    >
e: file:///home/rhyn/ITD103/tawi-tawi-frontend/android/app/src/main/kotlin/com/rhyn/reach/presentation/feature/chat/ChatScreen.kt:482:45 Cannot infer type for this parameter. Please specify it explicitly.
e: file:///home/rhyn/ITD103/tawi-tawi-frontend/android/app/src/main/kotlin/com/rhyn/reach/presentation/feature/chat/ChatScreen.kt:483:49 Unresolved reference 'getOffsetForPosition'.
e: file:///home/rhyn/ITD103/tawi-tawi-frontend/android/app/src/main/kotlin/com/rhyn/reach/presentation/feature/chat/ChatScreen.kt:485:49 Cannot infer type for this parameter. Please specify it explicitly.
e: file:///home/rhyn/ITD103/tawi-tawi-frontend/android/app/src/main/kotlin/com/rhyn/reach/presentation/feature/chat/ChatScreen.kt:485:49 Unresolved reference. None of the following candidates is applicable because of a receiver type mismatch:
fun <T, R> T.let(block: (T) -> R): R
    [R|Contract description]
     <
        CallsInPlace(block, EXACTLY_ONCE)
    >
e: file:///home/rhyn/ITD103/tawi-tawi-frontend/android/app/src/main/kotlin/com/rhyn/reach/presentation/feature/chat/ChatScreen.kt:485:55 Cannot infer type for this parameter. Please specify it explicitly.
e: file:///home/rhyn/ITD103/tawi-tawi-frontend/android/app/src/main/kotlin/com/rhyn/reach/presentation/feature/chat/ChatScreen.kt:487:71 Unresolved reference 'item'.
e: file:///home/rhyn/ITD103/tawi-tawi-frontend/android/app/src/main/kotlin/com/rhyn/reach/presentation/feature/chat/ChatScreen.kt:496:41 Unresolved reference 'it'.
e: file:///home/rhyn/ITD103/tawi-tawi-frontend/android/app/src/main/kotlin/com/rhyn/reach/presentation/feature/chat/ChatScreen.kt:501:1 Conflicting overloads:
fun saveImageToGallery(context: Context, sourceUri: Uri): Unit
e: file:///home/rhyn/ITD103/tawi-tawi-frontend/android/app/src/main/kotlin/com/rhyn/reach/presentation/feature/chat/ChatScreen.kt:529:1 Conflicting overloads:
fun saveDocumentToDownloads(context: Context, sourceUri: Uri, fileName: String): Unit
e: file:///home/rhyn/ITD103/tawi-tawi-frontend/android/app/src/main/kotlin/com/rhyn/reach/presentation/feature/chat/ChatScreen.kt:555:2 Unresolved reference 'Composable'.
e: file:///home/rhyn/ITD103/tawi-tawi-frontend/android/app/src/main/kotlin/com/rhyn/reach/presentation/feature/chat/ChatScreen.kt:556:45 Unresolved reference 'compose'.
e: file:///home/rhyn/ITD103/tawi-tawi-frontend/android/app/src/main/kotlin/com/rhyn/reach/presentation/feature/chat/ChatScreen.kt:556:69 Unresolved reference 'dp'.
e: file:///home/rhyn/ITD103/tawi-tawi-frontend/android/app/src/main/kotlin/com/rhyn/reach/presentation/feature/chat/ChatScreen.kt:558:5 Unresolved reference 'Box'.
e: file:///home/rhyn/ITD103/tawi-tawi-frontend/android/app/src/main/kotlin/com/rhyn/reach/presentation/feature/chat/ChatScreen.kt:559:20 Unresolved reference 'Modifier'.
e: file:///home/rhyn/ITD103/tawi-tawi-frontend/android/app/src/main/kotlin/com/rhyn/reach/presentation/feature/chat/ChatScreen.kt:561:19 Unresolved reference 'CircleShape'.
e: file:///home/rhyn/ITD103/tawi-tawi-frontend/android/app/src/main/kotlin/com/rhyn/reach/presentation/feature/chat/ChatScreen.kt:562:25 Unresolved reference 'MaterialTheme'.
e: file:///home/rhyn/ITD103/tawi-tawi-frontend/android/app/src/main/kotlin/com/rhyn/reach/presentation/feature/chat/ChatScreen.kt:563:28 Unresolved reference 'Alignment'.
e: file:///home/rhyn/ITD103/tawi-tawi-frontend/android/app/src/main/kotlin/com/rhyn/reach/presentation/feature/chat/ChatScreen.kt:565:9 Unresolved reference 'Text'.
e: file:///home/rhyn/ITD103/tawi-tawi-frontend/android/app/src/main/kotlin/com/rhyn/reach/presentation/feature/chat/ChatScreen.kt:567:26 Unresolved reference 'FontWeight'.
e: file:///home/rhyn/ITD103/tawi-tawi-frontend/android/app/src/main/kotlin/com/rhyn/reach/presentation/feature/chat/ChatScreen.kt:568:30 Unresolved reference 'value'.
e: file:///home/rhyn/ITD103/tawi-tawi-frontend/android/app/src/main/kotlin/com/rhyn/reach/presentation/feature/chat/ChatScreen.kt:568:44 Unresolved reference 'sp'.
e: file:///home/rhyn/ITD103/tawi-tawi-frontend/android/app/src/main/kotlin/com/rhyn/reach/presentation/feature/chat/ChatScreen.kt:569:21 Unresolved reference 'MaterialTheme'.
e: file:///home/rhyn/ITD103/tawi-tawi-frontend/android/app/src/main/kotlin/com/rhyn/reach/presentation/feature/chat/ChatScreen.kt:574:8 Unresolved reference 'ExperimentalLayoutApi'.
e: file:///home/rhyn/ITD103/tawi-tawi-frontend/android/app/src/main/kotlin/com/rhyn/reach/presentation/feature/chat/ChatScreen.kt:574:8 Annotation argument must be a compile-time constant.
e: file:///home/rhyn/ITD103/tawi-tawi-frontend/android/app/src/main/kotlin/com/rhyn/reach/presentation/feature/chat/ChatScreen.kt:575:2 Unresolved reference 'Composable'.
e: file:///home/rhyn/ITD103/tawi-tawi-frontend/android/app/src/main/kotlin/com/rhyn/reach/presentation/feature/chat/ChatScreen.kt:576:1 Conflicting overloads:
fun ChatInputBar(onSendMessage: (String) -> Unit, onSendImage: (Uri) -> Unit = ..., onSendFile: (Uri) -> Unit = ...): Unit
e: file:///home/rhyn/ITD103/tawi-tawi-frontend/android/app/src/main/kotlin/com/rhyn/reach/presentation/feature/chat/ChatScreen.kt:581:22 Unresolved reference 'remember'.
e: file:///home/rhyn/ITD103/tawi-tawi-frontend/android/app/src/main/kotlin/com/rhyn/reach/presentation/feature/chat/ChatScreen.kt:581:33 Unresolved reference 'mutableStateOf'.
e: file:///home/rhyn/ITD103/tawi-tawi-frontend/android/app/src/main/kotlin/com/rhyn/reach/presentation/feature/chat/ChatScreen.kt:584:24 Unresolved reference 'WindowInsets'.
e: file:///home/rhyn/ITD103/tawi-tawi-frontend/android/app/src/main/kotlin/com/rhyn/reach/presentation/feature/chat/ChatScreen.kt:587:31 Unresolved reference 'rememberLauncherForActivityResult'.
e: file:///home/rhyn/ITD103/tawi-tawi-frontend/android/app/src/main/kotlin/com/rhyn/reach/presentation/feature/chat/ChatScreen.kt:589:9 Cannot infer type for this parameter. Please specify it explicitly.
e: file:///home/rhyn/ITD103/tawi-tawi-frontend/android/app/src/main/kotlin/com/rhyn/reach/presentation/feature/chat/ChatScreen.kt:591:25 Argument type mismatch: actual type is 'kotlin.Any', but 'android.net.Uri' was expected.
e: file:///home/rhyn/ITD103/tawi-tawi-frontend/android/app/src/main/kotlin/com/rhyn/reach/presentation/feature/chat/ChatScreen.kt:595:34 Unresolved reference 'rememberLauncherForActivityResult'.
e: file:///home/rhyn/ITD103/tawi-tawi-frontend/android/app/src/main/kotlin/com/rhyn/reach/presentation/feature/chat/ChatScreen.kt:597:9 Cannot infer type for this parameter. Please specify it explicitly.
e: file:///home/rhyn/ITD103/tawi-tawi-frontend/android/app/src/main/kotlin/com/rhyn/reach/presentation/feature/chat/ChatScreen.kt:599:24 Argument type mismatch: actual type is 'kotlin.Any', but 'android.net.Uri' was expected.
e: file:///home/rhyn/ITD103/tawi-tawi-frontend/android/app/src/main/kotlin/com/rhyn/reach/presentation/feature/chat/ChatScreen.kt:603:5 Unresolved reference 'Surface'.
e: file:///home/rhyn/ITD103/tawi-tawi-frontend/android/app/src/main/kotlin/com/rhyn/reach/presentation/feature/chat/ChatScreen.kt:604:17 Unresolved reference 'MaterialTheme'.
e: file:///home/rhyn/ITD103/tawi-tawi-frontend/android/app/src/main/kotlin/com/rhyn/reach/presentation/feature/chat/ChatScreen.kt:605:20 Unresolved reference 'Modifier'.
e: file:///home/rhyn/ITD103/tawi-tawi-frontend/android/app/src/main/kotlin/com/rhyn/reach/presentation/feature/chat/ChatScreen.kt:607:9 Unresolved reference 'Row'.
e: file:///home/rhyn/ITD103/tawi-tawi-frontend/android/app/src/main/kotlin/com/rhyn/reach/presentation/feature/chat/ChatScreen.kt:608:24 Unresolved reference 'Modifier'.
e: file:///home/rhyn/ITD103/tawi-tawi-frontend/android/app/src/main/kotlin/com/rhyn/reach/presentation/feature/chat/ChatScreen.kt:609:42 Unresolved reference 'dp'.
e: file:///home/rhyn/ITD103/tawi-tawi-frontend/android/app/src/main/kotlin/com/rhyn/reach/presentation/feature/chat/ChatScreen.kt:609:60 Unresolved reference 'dp'.
e: file:///home/rhyn/ITD103/tawi-tawi-frontend/android/app/src/main/kotlin/com/rhyn/reach/presentation/feature/chat/ChatScreen.kt:611:33 Unresolved reference 'Alignment'.
e: file:///home/rhyn/ITD103/tawi-tawi-frontend/android/app/src/main/kotlin/com/rhyn/reach/presentation/feature/chat/ChatScreen.kt:614:13 Unresolved reference 'AnimatedVisibility'.
e: file:///home/rhyn/ITD103/tawi-tawi-frontend/android/app/src/main/kotlin/com/rhyn/reach/presentation/feature/chat/ChatScreen.kt:616:25 Unresolved reference 'expandHorizontally'.
e: file:///home/rhyn/ITD103/tawi-tawi-frontend/android/app/src/main/kotlin/com/rhyn/reach/presentation/feature/chat/ChatScreen.kt:616:48 Unresolved reference 'fadeIn'.
e: file:///home/rhyn/ITD103/tawi-tawi-frontend/android/app/src/main/kotlin/com/rhyn/reach/presentation/feature/chat/ChatScreen.kt:617:24 Unresolved reference 'shrinkHorizontally'.
e: file:///home/rhyn/ITD103/tawi-tawi-frontend/android/app/src/main/kotlin/com/rhyn/reach/presentation/feature/chat/ChatScreen.kt:617:47 Unresolved reference 'fadeOut'.
e: file:///home/rhyn/ITD103/tawi-tawi-frontend/android/app/src/main/kotlin/com/rhyn/reach/presentation/feature/chat/ChatScreen.kt:619:17 Unresolved reference 'Row'.
e: file:///home/rhyn/ITD103/tawi-tawi-frontend/android/app/src/main/kotlin/com/rhyn/reach/presentation/feature/chat/ChatScreen.kt:619:41 Unresolved reference 'Alignment'.
e: file:///home/rhyn/ITD103/tawi-tawi-frontend/android/app/src/main/kotlin/com/rhyn/reach/presentation/feature/chat/ChatScreen.kt:620:21 Unresolved reference 'IconButton'.
e: file:///home/rhyn/ITD103/tawi-tawi-frontend/android/app/src/main/kotlin/com/rhyn/reach/presentation/feature/chat/ChatScreen.kt:627:25 Unresolved reference 'Icon'.
e: file:///home/rhyn/ITD103/tawi-tawi-frontend/android/app/src/main/kotlin/com/rhyn/reach/presentation/feature/chat/ChatScreen.kt:628:43 Unresolved reference 'Icons'.
e: file:///home/rhyn/ITD103/tawi-tawi-frontend/android/app/src/main/kotlin/com/rhyn/reach/presentation/feature/chat/ChatScreen.kt:630:36 Unresolved reference 'MaterialTheme'.
e: file:///home/rhyn/ITD103/tawi-tawi-frontend/android/app/src/main/kotlin/com/rhyn/reach/presentation/feature/chat/ChatScreen.kt:634:21 Unresolved reference 'IconButton'.
e: file:///home/rhyn/ITD103/tawi-tawi-frontend/android/app/src/main/kotlin/com/rhyn/reach/presentation/feature/chat/ChatScreen.kt:639:25 Unresolved reference 'Icon'.
e: file:///home/rhyn/ITD103/tawi-tawi-frontend/android/app/src/main/kotlin/com/rhyn/reach/presentation/feature/chat/ChatScreen.kt:640:43 Unresolved reference 'Icons'.
e: file:///home/rhyn/ITD103/tawi-tawi-frontend/android/app/src/main/kotlin/com/rhyn/reach/presentation/feature/chat/ChatScreen.kt:642:36 Unresolved reference 'MaterialTheme'.
e: file:///home/rhyn/ITD103/tawi-tawi-frontend/android/app/src/main/kotlin/com/rhyn/reach/presentation/feature/chat/ChatScreen.kt:645:21 Unresolved reference 'Spacer'.
e: file:///home/rhyn/ITD103/tawi-tawi-frontend/android/app/src/main/kotlin/com/rhyn/reach/presentation/feature/chat/ChatScreen.kt:645:39 Unresolved reference 'Modifier'.
e: file:///home/rhyn/ITD103/tawi-tawi-frontend/android/app/src/main/kotlin/com/rhyn/reach/presentation/feature/chat/ChatScreen.kt:645:56 Unresolved reference 'dp'.
e: file:///home/rhyn/ITD103/tawi-tawi-frontend/android/app/src/main/kotlin/com/rhyn/reach/presentation/feature/chat/ChatScreen.kt:649:13 Unresolved reference 'TextField'.
e: file:///home/rhyn/ITD103/tawi-tawi-frontend/android/app/src/main/kotlin/com/rhyn/reach/presentation/feature/chat/ChatScreen.kt:651:47 Unresolved reference 'it'.
e: file:///home/rhyn/ITD103/tawi-tawi-frontend/android/app/src/main/kotlin/com/rhyn/reach/presentation/feature/chat/ChatScreen.kt:652:28 Unresolved reference 'Modifier'.
e: file:///home/rhyn/ITD103/tawi-tawi-frontend/android/app/src/main/kotlin/com/rhyn/reach/presentation/feature/chat/ChatScreen.kt:654:27 Unresolved reference 'RoundedCornerShape'.
e: file:///home/rhyn/ITD103/tawi-tawi-frontend/android/app/src/main/kotlin/com/rhyn/reach/presentation/feature/chat/ChatScreen.kt:654:49 Unresolved reference 'dp'.
e: file:///home/rhyn/ITD103/tawi-tawi-frontend/android/app/src/main/kotlin/com/rhyn/reach/presentation/feature/chat/ChatScreen.kt:655:33 Unresolved reference 'Text'.
e: file:///home/rhyn/ITD103/tawi-tawi-frontend/android/app/src/main/kotlin/com/rhyn/reach/presentation/feature/chat/ChatScreen.kt:655:60 Unresolved reference 'MaterialTheme'.
e: file:///home/rhyn/ITD103/tawi-tawi-frontend/android/app/src/main/kotlin/com/rhyn/reach/presentation/feature/chat/ChatScreen.kt:656:26 Unresolved reference 'TextFieldDefaults'.
e: file:///home/rhyn/ITD103/tawi-tawi-frontend/android/app/src/main/kotlin/com/rhyn/reach/presentation/feature/chat/ChatScreen.kt:657:45 Unresolved reference 'MaterialTheme'.
e: file:///home/rhyn/ITD103/tawi-tawi-frontend/android/app/src/main/kotlin/com/rhyn/reach/presentation/feature/chat/ChatScreen.kt:658:47 Unresolved reference 'MaterialTheme'.
e: file:///home/rhyn/ITD103/tawi-tawi-frontend/android/app/src/main/kotlin/com/rhyn/reach/presentation/feature/chat/ChatScreen.kt:659:45 Unresolved reference 'Color'.
e: file:///home/rhyn/ITD103/tawi-tawi-frontend/android/app/src/main/kotlin/com/rhyn/reach/presentation/feature/chat/ChatScreen.kt:660:47 Unresolved reference 'Color'.
e: file:///home/rhyn/ITD103/tawi-tawi-frontend/android/app/src/main/kotlin/com/rhyn/reach/presentation/feature/chat/ChatScreen.kt:661:40 Unresolved reference 'MaterialTheme'.
e: file:///home/rhyn/ITD103/tawi-tawi-frontend/android/app/src/main/kotlin/com/rhyn/reach/presentation/feature/chat/ChatScreen.kt:662:42 Unresolved reference 'MaterialTheme'.
e: file:///home/rhyn/ITD103/tawi-tawi-frontend/android/app/src/main/kotlin/com/rhyn/reach/presentation/feature/chat/ChatScreen.kt:667:13 Unresolved reference 'Spacer'.
e: file:///home/rhyn/ITD103/tawi-tawi-frontend/android/app/src/main/kotlin/com/rhyn/reach/presentation/feature/chat/ChatScreen.kt:667:31 Unresolved reference 'Modifier'.
e: file:///home/rhyn/ITD103/tawi-tawi-frontend/android/app/src/main/kotlin/com/rhyn/reach/presentation/feature/chat/ChatScreen.kt:667:48 Unresolved reference 'dp'.
e: file:///home/rhyn/ITD103/tawi-tawi-frontend/android/app/src/main/kotlin/com/rhyn/reach/presentation/feature/chat/ChatScreen.kt:669:13 Unresolved reference 'IconButton'.
e: file:///home/rhyn/ITD103/tawi-tawi-frontend/android/app/src/main/kotlin/com/rhyn/reach/presentation/feature/chat/ChatScreen.kt:676:28 Unresolved reference 'Modifier'.
e: file:///home/rhyn/ITD103/tawi-tawi-frontend/android/app/src/main/kotlin/com/rhyn/reach/presentation/feature/chat/ChatScreen.kt:677:30 Unresolved reference 'dp'.
e: file:///home/rhyn/ITD103/tawi-tawi-frontend/android/app/src/main/kotlin/com/rhyn/reach/presentation/feature/chat/ChatScreen.kt:678:27 Unresolved reference 'CircleShape'.
e: file:///home/rhyn/ITD103/tawi-tawi-frontend/android/app/src/main/kotlin/com/rhyn/reach/presentation/feature/chat/ChatScreen.kt:679:61 Unresolved reference 'MaterialTheme'.
e: file:///home/rhyn/ITD103/tawi-tawi-frontend/android/app/src/main/kotlin/com/rhyn/reach/presentation/feature/chat/ChatScreen.kt:679:100 Unresolved reference 'MaterialTheme'.
e: file:///home/rhyn/ITD103/tawi-tawi-frontend/android/app/src/main/kotlin/com/rhyn/reach/presentation/feature/chat/ChatScreen.kt:681:17 Unresolved reference 'Icon'.
e: file:///home/rhyn/ITD103/tawi-tawi-frontend/android/app/src/main/kotlin/com/rhyn/reach/presentation/feature/chat/ChatScreen.kt:682:35 Unresolved reference 'Icons'.
e: file:///home/rhyn/ITD103/tawi-tawi-frontend/android/app/src/main/kotlin/com/rhyn/reach/presentation/feature/chat/ChatScreen.kt:684:56 Unresolved reference 'MaterialTheme'.
e: file:///home/rhyn/ITD103/tawi-tawi-frontend/android/app/src/main/kotlin/com/rhyn/reach/presentation/feature/chat/ChatScreen.kt:684:97 Unresolved reference 'MaterialTheme'.
e: file:///home/rhyn/ITD103/tawi-tawi-frontend/android/app/src/main/kotlin/com/rhyn/reach/presentation/feature/chat/ChatScreen.kt:685:32 Unresolved reference 'Modifier'.
e: file:///home/rhyn/ITD103/tawi-tawi-frontend/android/app/src/main/kotlin/com/rhyn/reach/presentation/feature/chat/ChatScreen.kt:685:49 Unresolved reference 'dp'.
e: file:///home/rhyn/ITD103/tawi-tawi-frontend/android/app/src/main/kotlin/com/rhyn/reach/presentation/feature/chat/ChatViewModel.kt:8:27 Unresolved reference 'viewModelScope'.
e: file:///home/rhyn/ITD103/tawi-tawi-frontend/android/app/src/main/kotlin/com/rhyn/reach/presentation/feature/chat/ChatViewModel.kt:14:8 Unresolved reference 'dagger'.
e: file:///home/rhyn/ITD103/tawi-tawi-frontend/android/app/src/main/kotlin/com/rhyn/reach/presentation/feature/chat/ChatViewModel.kt:20:14 Unresolved reference 'inject'.
e: file:///home/rhyn/ITD103/tawi-tawi-frontend/android/app/src/main/kotlin/com/rhyn/reach/presentation/feature/chat/ChatViewModel.kt:22:2 Unresolved reference 'HiltViewModel'.
e: file:///home/rhyn/ITD103/tawi-tawi-frontend/android/app/src/main/kotlin/com/rhyn/reach/presentation/feature/chat/ChatViewModel.kt:23:7 Redeclaration:
class ChatViewModel : ViewModel
e: file:///home/rhyn/ITD103/tawi-tawi-frontend/android/app/src/main/kotlin/com/rhyn/reach/presentation/feature/chat/ChatViewModel.kt:23:22 Unresolved reference 'Inject'.
e: file:///home/rhyn/ITD103/tawi-tawi-frontend/android/app/src/main/kotlin/com/rhyn/reach/presentation/feature/chat/ChatViewModel.kt:58:13 Unresolved reference 'viewModelScope'.
e: file:///home/rhyn/ITD103/tawi-tawi-frontend/android/app/src/main/kotlin/com/rhyn/reach/presentation/feature/chat/ChatViewModel.kt:74:22 Unresolved reference 'viewModelScope'.
e: file:///home/rhyn/ITD103/tawi-tawi-frontend/android/app/src/main/kotlin/com/rhyn/reach/presentation/feature/chat/ChatViewModel.kt:103:9 Unresolved reference 'viewModelScope'.
e: file:///home/rhyn/ITD103/tawi-tawi-frontend/android/app/src/main/kotlin/com/rhyn/reach/presentation/feature/chat/ChatViewModel.kt:118:33 Unresolved reference 'viewModelScope'.
e: file:///home/rhyn/ITD103/tawi-tawi-frontend/android/app/src/main/kotlin/com/rhyn/reach/presentation/feature/chat/ChatViewModel.kt:133:9 Unresolved reference 'viewModelScope'.
e: file:///home/rhyn/ITD103/tawi-tawi-frontend/android/app/src/main/kotlin/com/rhyn/reach/presentation/feature/chat/ChatViewModel.kt:150:9 Unresolved reference 'viewModelScope'.
e: file:///home/rhyn/ITD103/tawi-tawi-frontend/android/app/src/main/kotlin/com/rhyn/reach/presentation/feature/chat/ChatViewModel.kt:167:9 Unresolved reference 'viewModelScope'.
e: file:///home/rhyn/ITD103/tawi-tawi-frontend/android/app/src/main/kotlin/com/rhyn/reach/presentation/feature/chat/ChatViewModel.kt:185:9 Unresolved reference 'viewModelScope'.
e: file:///home/rhyn/ITD103/tawi-tawi-frontend/android/app/src/main/kotlin/com/rhyn/reach/presentation/feature/chat/ChatViewModel.kt:215:9 Unresolved reference 'viewModelScope'.
e: file:///home/rhyn/ITD103/tawi-tawi-frontend/android/app/src/main/kotlin/com/rhyn/reach/presentation/feature/chat/ChatViewModel.kt:228:9 Unresolved reference 'viewModelScope'.
e: file:///home/rhyn/ITD103/tawi-tawi-frontend/android/app/src/main/kotlin/com/rhyn/reach/presentation/feature/chat/ChatViewModel.kt:234:9 Unresolved reference 'viewModelScope'.
e: file:///home/rhyn/ITD103/tawi-tawi-frontend/android/app/src/main/kotlin/com/rhyn/reach/presentation/feature/chat/CreateGroupScreen.kt:3:17 Unresolved reference 'compose'.
e: file:///home/rhyn/ITD103/tawi-tawi-frontend/android/app/src/main/kotlin/com/rhyn/reach/presentation/feature/chat/CreateGroupScreen.kt:4:17 Unresolved reference 'compose'.
e: file:///home/rhyn/ITD103/tawi-tawi-frontend/android/app/src/main/kotlin/com/rhyn/reach/presentation/feature/chat/CreateGroupScreen.kt:5:17 Unresolved reference 'compose'.
e: file:///home/rhyn/ITD103/tawi-tawi-frontend/android/app/src/main/kotlin/com/rhyn/reach/presentation/feature/chat/CreateGroupScreen.kt:6:17 Unresolved reference 'compose'.
e: file:///home/rhyn/ITD103/tawi-tawi-frontend/android/app/src/main/kotlin/com/rhyn/reach/presentation/feature/chat/CreateGroupScreen.kt:7:17 Unresolved reference 'compose'.
e: file:///home/rhyn/ITD103/tawi-tawi-frontend/android/app/src/main/kotlin/com/rhyn/reach/presentation/feature/chat/CreateGroupScreen.kt:8:17 Unresolved reference 'compose'.
e: file:///home/rhyn/ITD103/tawi-tawi-frontend/android/app/src/main/kotlin/com/rhyn/reach/presentation/feature/chat/CreateGroupScreen.kt:9:17 Unresolved reference 'compose'.
e: file:///home/rhyn/ITD103/tawi-tawi-frontend/android/app/src/main/kotlin/com/rhyn/reach/presentation/feature/chat/CreateGroupScreen.kt:10:17 Unresolved reference 'compose'.
e: file:///home/rhyn/ITD103/tawi-tawi-frontend/android/app/src/main/kotlin/com/rhyn/reach/presentation/feature/chat/CreateGroupScreen.kt:11:17 Unresolved reference 'compose'.
e: file:///home/rhyn/ITD103/tawi-tawi-frontend/android/app/src/main/kotlin/com/rhyn/reach/presentation/feature/chat/CreateGroupScreen.kt:12:17 Unresolved reference 'compose'.
e: file:///home/rhyn/ITD103/tawi-tawi-frontend/android/app/src/main/kotlin/com/rhyn/reach/presentation/feature/chat/CreateGroupScreen.kt:13:17 Unresolved reference 'compose'.
e: file:///home/rhyn/ITD103/tawi-tawi-frontend/android/app/src/main/kotlin/com/rhyn/reach/presentation/feature/chat/CreateGroupScreen.kt:14:17 Unresolved reference 'compose'.
e: file:///home/rhyn/ITD103/tawi-tawi-frontend/android/app/src/main/kotlin/com/rhyn/reach/presentation/feature/chat/CreateGroupScreen.kt:15:17 Unresolved reference 'compose'.
e: file:///home/rhyn/ITD103/tawi-tawi-frontend/android/app/src/main/kotlin/com/rhyn/reach/presentation/feature/chat/CreateGroupScreen.kt:16:17 Unresolved reference 'compose'.
e: file:///home/rhyn/ITD103/tawi-tawi-frontend/android/app/src/main/kotlin/com/rhyn/reach/presentation/feature/chat/CreateGroupScreen.kt:17:17 Unresolved reference 'compose'.
e: file:///home/rhyn/ITD103/tawi-tawi-frontend/android/app/src/main/kotlin/com/rhyn/reach/presentation/feature/chat/CreateGroupScreen.kt:18:17 Unresolved reference 'compose'.
e: file:///home/rhyn/ITD103/tawi-tawi-frontend/android/app/src/main/kotlin/com/rhyn/reach/presentation/feature/chat/CreateGroupScreen.kt:19:17 Unresolved reference 'compose'.
e: file:///home/rhyn/ITD103/tawi-tawi-frontend/android/app/src/main/kotlin/com/rhyn/reach/presentation/feature/chat/CreateGroupScreen.kt:20:17 Unresolved reference 'compose'.
e: file:///home/rhyn/ITD103/tawi-tawi-frontend/android/app/src/main/kotlin/com/rhyn/reach/presentation/feature/chat/CreateGroupScreen.kt:22:8 Unresolved reference 'ExperimentalMaterial3Api'.
e: file:///home/rhyn/ITD103/tawi-tawi-frontend/android/app/src/main/kotlin/com/rhyn/reach/presentation/feature/chat/CreateGroupScreen.kt:22:8 Annotation argument must be a compile-time constant.
e: file:///home/rhyn/ITD103/tawi-tawi-frontend/android/app/src/main/kotlin/com/rhyn/reach/presentation/feature/chat/CreateGroupScreen.kt:23:2 Unresolved reference 'Composable'.
e: file:///home/rhyn/ITD103/tawi-tawi-frontend/android/app/src/main/kotlin/com/rhyn/reach/presentation/feature/chat/CreateGroupScreen.kt:24:1 Conflicting overloads:
fun CreateGroupScreen(viewModel: ChatViewModel, onNavigateBack: () -> Unit, onGroupCreated: () -> Unit): Unit
e: file:///home/rhyn/ITD103/tawi-tawi-frontend/android/app/src/main/kotlin/com/rhyn/reach/presentation/feature/chat/CreateGroupScreen.kt:29:22 Unresolved reference 'remember'.
e: file:///home/rhyn/ITD103/tawi-tawi-frontend/android/app/src/main/kotlin/com/rhyn/reach/presentation/feature/chat/CreateGroupScreen.kt:29:33 Unresolved reference 'mutableStateOf'.
e: file:///home/rhyn/ITD103/tawi-tawi-frontend/android/app/src/main/kotlin/com/rhyn/reach/presentation/feature/chat/CreateGroupScreen.kt:30:28 Unresolved reference 'remember'.
e: file:///home/rhyn/ITD103/tawi-tawi-frontend/android/app/src/main/kotlin/com/rhyn/reach/presentation/feature/chat/CreateGroupScreen.kt:30:39 Unresolved reference 'mutableStateOf'.
e: file:///home/rhyn/ITD103/tawi-tawi-frontend/android/app/src/main/kotlin/com/rhyn/reach/presentation/feature/chat/CreateGroupScreen.kt:31:25 Unresolved reference 'remember'.
e: file:///home/rhyn/ITD103/tawi-tawi-frontend/android/app/src/main/kotlin/com/rhyn/reach/presentation/feature/chat/CreateGroupScreen.kt:31:36 Unresolved reference 'mutableStateOf'.
e: file:///home/rhyn/ITD103/tawi-tawi-frontend/android/app/src/main/kotlin/com/rhyn/reach/presentation/feature/chat/CreateGroupScreen.kt:32:23 Unresolved reference 'remember'.
e: file:///home/rhyn/ITD103/tawi-tawi-frontend/android/app/src/main/kotlin/com/rhyn/reach/presentation/feature/chat/CreateGroupScreen.kt:32:34 Unresolved reference 'mutableStateOf'.
e: file:///home/rhyn/ITD103/tawi-tawi-frontend/android/app/src/main/kotlin/com/rhyn/reach/presentation/feature/chat/CreateGroupScreen.kt:34:54 Unresolved reference 'collectAsState'.
e: file:///home/rhyn/ITD103/tawi-tawi-frontend/android/app/src/main/kotlin/com/rhyn/reach/presentation/feature/chat/CreateGroupScreen.kt:36:5 Unresolved reference 'Scaffold'.
e: file:///home/rhyn/ITD103/tawi-tawi-frontend/android/app/src/main/kotlin/com/rhyn/reach/presentation/feature/chat/CreateGroupScreen.kt:37:26 Unresolved reference 'MaterialTheme'.
e: file:///home/rhyn/ITD103/tawi-tawi-frontend/android/app/src/main/kotlin/com/rhyn/reach/presentation/feature/chat/CreateGroupScreen.kt:39:13 Unresolved reference 'TopAppBar'.
e: file:///home/rhyn/ITD103/tawi-tawi-frontend/android/app/src/main/kotlin/com/rhyn/reach/presentation/feature/chat/CreateGroupScreen.kt:40:27 Unresolved reference 'Text'.
e: file:///home/rhyn/ITD103/tawi-tawi-frontend/android/app/src/main/kotlin/com/rhyn/reach/presentation/feature/chat/CreateGroupScreen.kt:40:58 Unresolved reference 'FontWeight'.
e: file:///home/rhyn/ITD103/tawi-tawi-frontend/android/app/src/main/kotlin/com/rhyn/reach/presentation/feature/chat/CreateGroupScreen.kt:40:93 Unresolved reference 'sp'.
e: file:///home/rhyn/ITD103/tawi-tawi-frontend/android/app/src/main/kotlin/com/rhyn/reach/presentation/feature/chat/CreateGroupScreen.kt:42:21 Unresolved reference 'IconButton'.
e: file:///home/rhyn/ITD103/tawi-tawi-frontend/android/app/src/main/kotlin/com/rhyn/reach/presentation/feature/chat/CreateGroupScreen.kt:43:25 Unresolved reference 'Icon'.
e: file:///home/rhyn/ITD103/tawi-tawi-frontend/android/app/src/main/kotlin/com/rhyn/reach/presentation/feature/chat/CreateGroupScreen.kt:43:30 Unresolved reference 'Icons'.
e: file:///home/rhyn/ITD103/tawi-tawi-frontend/android/app/src/main/kotlin/com/rhyn/reach/presentation/feature/chat/CreateGroupScreen.kt:47:21 Unresolved reference 'TextButton'.
e: file:///home/rhyn/ITD103/tawi-tawi-frontend/android/app/src/main/kotlin/com/rhyn/reach/presentation/feature/chat/CreateGroupScreen.kt:65:93 Unresolved reference 'not' for operator '!'.
e: file:///home/rhyn/ITD103/tawi-tawi-frontend/android/app/src/main/kotlin/com/rhyn/reach/presentation/feature/chat/CreateGroupScreen.kt:68:29 Unresolved reference 'CircularProgressIndicator'.
e: file:///home/rhyn/ITD103/tawi-tawi-frontend/android/app/src/main/kotlin/com/rhyn/reach/presentation/feature/chat/CreateGroupScreen.kt:68:66 Unresolved reference 'Modifier'.
e: file:///home/rhyn/ITD103/tawi-tawi-frontend/android/app/src/main/kotlin/com/rhyn/reach/presentation/feature/chat/CreateGroupScreen.kt:68:83 Unresolved reference 'dp'.
e: file:///home/rhyn/ITD103/tawi-tawi-frontend/android/app/src/main/kotlin/com/rhyn/reach/presentation/feature/chat/CreateGroupScreen.kt:68:104 Unresolved reference 'dp'.
e: file:///home/rhyn/ITD103/tawi-tawi-frontend/android/app/src/main/kotlin/com/rhyn/reach/presentation/feature/chat/CreateGroupScreen.kt:70:29 Unresolved reference 'Text'.
e: file:///home/rhyn/ITD103/tawi-tawi-frontend/android/app/src/main/kotlin/com/rhyn/reach/presentation/feature/chat/CreateGroupScreen.kt:70:57 Unresolved reference 'FontWeight'.
e: file:///home/rhyn/ITD103/tawi-tawi-frontend/android/app/src/main/kotlin/com/rhyn/reach/presentation/feature/chat/CreateGroupScreen.kt:74:26 Unresolved reference 'TopAppBarDefaults'.
e: file:///home/rhyn/ITD103/tawi-tawi-frontend/android/app/src/main/kotlin/com/rhyn/reach/presentation/feature/chat/CreateGroupScreen.kt:75:38 Unresolved reference 'MaterialTheme'.
e: file:///home/rhyn/ITD103/tawi-tawi-frontend/android/app/src/main/kotlin/com/rhyn/reach/presentation/feature/chat/CreateGroupScreen.kt:76:41 Unresolved reference 'MaterialTheme'.
e: file:///home/rhyn/ITD103/tawi-tawi-frontend/android/app/src/main/kotlin/com/rhyn/reach/presentation/feature/chat/CreateGroupScreen.kt:77:50 Unresolved reference 'MaterialTheme'.
e: file:///home/rhyn/ITD103/tawi-tawi-frontend/android/app/src/main/kotlin/com/rhyn/reach/presentation/feature/chat/CreateGroupScreen.kt:81:9 Cannot infer type for this parameter. Please specify it explicitly.
e: file:///home/rhyn/ITD103/tawi-tawi-frontend/android/app/src/main/kotlin/com/rhyn/reach/presentation/feature/chat/CreateGroupScreen.kt:82:9 Unresolved reference 'Column'.
e: file:///home/rhyn/ITD103/tawi-tawi-frontend/android/app/src/main/kotlin/com/rhyn/reach/presentation/feature/chat/CreateGroupScreen.kt:83:24 Unresolved reference 'Modifier'.
e: file:///home/rhyn/ITD103/tawi-tawi-frontend/android/app/src/main/kotlin/com/rhyn/reach/presentation/feature/chat/CreateGroupScreen.kt:86:29 Unresolved reference 'MaterialTheme'.
e: file:///home/rhyn/ITD103/tawi-tawi-frontend/android/app/src/main/kotlin/com/rhyn/reach/presentation/feature/chat/CreateGroupScreen.kt:89:13 Unresolved reference 'Surface'.
e: file:///home/rhyn/ITD103/tawi-tawi-frontend/android/app/src/main/kotlin/com/rhyn/reach/presentation/feature/chat/CreateGroupScreen.kt:90:28 Unresolved reference 'Modifier'.
e: file:///home/rhyn/ITD103/tawi-tawi-frontend/android/app/src/main/kotlin/com/rhyn/reach/presentation/feature/chat/CreateGroupScreen.kt:92:46 Unresolved reference 'dp'.
e: file:///home/rhyn/ITD103/tawi-tawi-frontend/android/app/src/main/kotlin/com/rhyn/reach/presentation/feature/chat/CreateGroupScreen.kt:92:63 Unresolved reference 'dp'.
e: file:///home/rhyn/ITD103/tawi-tawi-frontend/android/app/src/main/kotlin/com/rhyn/reach/presentation/feature/chat/CreateGroupScreen.kt:93:25 Unresolved reference 'MaterialTheme'.
e: file:///home/rhyn/ITD103/tawi-tawi-frontend/android/app/src/main/kotlin/com/rhyn/reach/presentation/feature/chat/CreateGroupScreen.kt:95:17 Unresolved reference 'TextField'.
e: file:///home/rhyn/ITD103/tawi-tawi-frontend/android/app/src/main/kotlin/com/rhyn/reach/presentation/feature/chat/CreateGroupScreen.kt:98:37 Unresolved reference 'it'.
e: file:///home/rhyn/ITD103/tawi-tawi-frontend/android/app/src/main/kotlin/com/rhyn/reach/presentation/feature/chat/CreateGroupScreen.kt:101:32 Unresolved reference 'Modifier'.
e: file:///home/rhyn/ITD103/tawi-tawi-frontend/android/app/src/main/kotlin/com/rhyn/reach/presentation/feature/chat/CreateGroupScreen.kt:103:31 Unresolved reference 'CircleShape'.
e: file:///home/rhyn/ITD103/tawi-tawi-frontend/android/app/src/main/kotlin/com/rhyn/reach/presentation/feature/chat/CreateGroupScreen.kt:104:37 Unresolved reference 'Text'.
e: file:///home/rhyn/ITD103/tawi-tawi-frontend/android/app/src/main/kotlin/com/rhyn/reach/presentation/feature/chat/CreateGroupScreen.kt:104:67 Unresolved reference 'MaterialTheme'.
e: file:///home/rhyn/ITD103/tawi-tawi-frontend/android/app/src/main/kotlin/com/rhyn/reach/presentation/feature/chat/CreateGroupScreen.kt:105:30 Unresolved reference 'TextFieldDefaults'.
e: file:///home/rhyn/ITD103/tawi-tawi-frontend/android/app/src/main/kotlin/com/rhyn/reach/presentation/feature/chat/CreateGroupScreen.kt:106:49 Unresolved reference 'MaterialTheme'.
e: file:///home/rhyn/ITD103/tawi-tawi-frontend/android/app/src/main/kotlin/com/rhyn/reach/presentation/feature/chat/CreateGroupScreen.kt:107:51 Unresolved reference 'MaterialTheme'.
e: file:///home/rhyn/ITD103/tawi-tawi-frontend/android/app/src/main/kotlin/com/rhyn/reach/presentation/feature/chat/CreateGroupScreen.kt:108:49 Unresolved reference 'Color'.
e: file:///home/rhyn/ITD103/tawi-tawi-frontend/android/app/src/main/kotlin/com/rhyn/reach/presentation/feature/chat/CreateGroupScreen.kt:109:51 Unresolved reference 'Color'.
e: file:///home/rhyn/ITD103/tawi-tawi-frontend/android/app/src/main/kotlin/com/rhyn/reach/presentation/feature/chat/CreateGroupScreen.kt:110:44 Unresolved reference 'MaterialTheme'.
e: file:///home/rhyn/ITD103/tawi-tawi-frontend/android/app/src/main/kotlin/com/rhyn/reach/presentation/feature/chat/CreateGroupScreen.kt:111:46 Unresolved reference 'MaterialTheme'.
e: file:///home/rhyn/ITD103/tawi-tawi-frontend/android/app/src/main/kotlin/com/rhyn/reach/presentation/feature/chat/CreateGroupScreen.kt:118:17 Unresolved reference 'Text'.
e: file:///home/rhyn/ITD103/tawi-tawi-frontend/android/app/src/main/kotlin/com/rhyn/reach/presentation/feature/chat/CreateGroupScreen.kt:119:28 Smart cast to 'TypeVariable(K)?' is impossible, because 'errorMessage' is a delegated property.
e: file:///home/rhyn/ITD103/tawi-tawi-frontend/android/app/src/main/kotlin/com/rhyn/reach/presentation/feature/chat/CreateGroupScreen.kt:120:29 Unresolved reference 'MaterialTheme'.
e: file:///home/rhyn/ITD103/tawi-tawi-frontend/android/app/src/main/kotlin/com/rhyn/reach/presentation/feature/chat/CreateGroupScreen.kt:121:29 Unresolved reference 'MaterialTheme'.
e: file:///home/rhyn/ITD103/tawi-tawi-frontend/android/app/src/main/kotlin/com/rhyn/reach/presentation/feature/chat/CreateGroupScreen.kt:122:32 Unresolved reference 'Modifier'.
e: file:///home/rhyn/ITD103/tawi-tawi-frontend/android/app/src/main/kotlin/com/rhyn/reach/presentation/feature/chat/CreateGroupScreen.kt:122:65 Unresolved reference 'dp'.
e: file:///home/rhyn/ITD103/tawi-tawi-frontend/android/app/src/main/kotlin/com/rhyn/reach/presentation/feature/chat/CreateGroupScreen.kt:122:82 Unresolved reference 'dp'.
e: file:///home/rhyn/ITD103/tawi-tawi-frontend/android/app/src/main/kotlin/com/rhyn/reach/presentation/feature/chat/CreateGroupScreen.kt:127:13 Unresolved reference 'Text'.
e: file:///home/rhyn/ITD103/tawi-tawi-frontend/android/app/src/main/kotlin/com/rhyn/reach/presentation/feature/chat/CreateGroupScreen.kt:129:25 Unresolved reference 'MaterialTheme'.
e: file:///home/rhyn/ITD103/tawi-tawi-frontend/android/app/src/main/kotlin/com/rhyn/reach/presentation/feature/chat/CreateGroupScreen.kt:130:25 Unresolved reference 'MaterialTheme'.
e: file:///home/rhyn/ITD103/tawi-tawi-frontend/android/app/src/main/kotlin/com/rhyn/reach/presentation/feature/chat/CreateGroupScreen.kt:131:30 Unresolved reference 'FontWeight'.
e: file:///home/rhyn/ITD103/tawi-tawi-frontend/android/app/src/main/kotlin/com/rhyn/reach/presentation/feature/chat/CreateGroupScreen.kt:132:28 Unresolved reference 'Modifier'.
e: file:///home/rhyn/ITD103/tawi-tawi-frontend/android/app/src/main/kotlin/com/rhyn/reach/presentation/feature/chat/CreateGroupScreen.kt:132:56 Unresolved reference 'dp'.
e: file:///home/rhyn/ITD103/tawi-tawi-frontend/android/app/src/main/kotlin/com/rhyn/reach/presentation/feature/chat/CreateGroupScreen.kt:132:69 Unresolved reference 'dp'.
e: file:///home/rhyn/ITD103/tawi-tawi-frontend/android/app/src/main/kotlin/com/rhyn/reach/presentation/feature/chat/CreateGroupScreen.kt:132:84 Unresolved reference 'dp'.
e: file:///home/rhyn/ITD103/tawi-tawi-frontend/android/app/src/main/kotlin/com/rhyn/reach/presentation/feature/chat/CreateGroupScreen.kt:136:13 Unresolved reference 'LazyColumn'.
e: file:///home/rhyn/ITD103/tawi-tawi-frontend/android/app/src/main/kotlin/com/rhyn/reach/presentation/feature/chat/CreateGroupScreen.kt:137:28 Unresolved reference 'Modifier'.
e: file:///home/rhyn/ITD103/tawi-tawi-frontend/android/app/src/main/kotlin/com/rhyn/reach/presentation/feature/chat/CreateGroupScreen.kt:139:17 Unresolved reference 'items'.
e: file:///home/rhyn/ITD103/tawi-tawi-frontend/android/app/src/main/kotlin/com/rhyn/reach/presentation/feature/chat/CreateGroupScreen.kt:139:42 Cannot infer type for this parameter. Please specify it explicitly.
e: file:///home/rhyn/ITD103/tawi-tawi-frontend/android/app/src/main/kotlin/com/rhyn/reach/presentation/feature/chat/CreateGroupScreen.kt:140:68 Unresolved reference 'userId'.
e: file:///home/rhyn/ITD103/tawi-tawi-frontend/android/app/src/main/kotlin/com/rhyn/reach/presentation/feature/chat/CreateGroupScreen.kt:142:21 Unresolved reference 'ListItem'.
e: file:///home/rhyn/ITD103/tawi-tawi-frontend/android/app/src/main/kotlin/com/rhyn/reach/presentation/feature/chat/CreateGroupScreen.kt:143:34 Unresolved reference 'ListItemDefaults'.
e: file:///home/rhyn/ITD103/tawi-tawi-frontend/android/app/src/main/kotlin/com/rhyn/reach/presentation/feature/chat/CreateGroupScreen.kt:144:46 Unresolved reference 'MaterialTheme'.
e: file:///home/rhyn/ITD103/tawi-tawi-frontend/android/app/src/main/kotlin/com/rhyn/reach/presentation/feature/chat/CreateGroupScreen.kt:146:36 Unresolved reference 'Modifier'.
e: file:///home/rhyn/ITD103/tawi-tawi-frontend/android/app/src/main/kotlin/com/rhyn/reach/presentation/feature/chat/CreateGroupScreen.kt:150:56 Cannot infer type for this parameter. Please specify it explicitly.
e: file:///home/rhyn/ITD103/tawi-tawi-frontend/android/app/src/main/kotlin/com/rhyn/reach/presentation/feature/chat/CreateGroupScreen.kt:150:56 'fun <T> MutableList<T>.remove(index: Int): T' is deprecated. Use removeAt(index) instead.
e: file:///home/rhyn/ITD103/tawi-tawi-frontend/android/app/src/main/kotlin/com/rhyn/reach/presentation/feature/chat/CreateGroupScreen.kt:150:68 Unresolved reference 'userId'.
e: file:///home/rhyn/ITD103/tawi-tawi-frontend/android/app/src/main/kotlin/com/rhyn/reach/presentation/feature/chat/CreateGroupScreen.kt:150:88 Unresolved reference 'add'.
e: file:///home/rhyn/ITD103/tawi-tawi-frontend/android/app/src/main/kotlin/com/rhyn/reach/presentation/feature/chat/CreateGroupScreen.kt:150:97 Unresolved reference 'userId'.
e: file:///home/rhyn/ITD103/tawi-tawi-frontend/android/app/src/main/kotlin/com/rhyn/reach/presentation/feature/chat/CreateGroupScreen.kt:153:60 Unresolved reference 'username'.
e: file:///home/rhyn/ITD103/tawi-tawi-frontend/android/app/src/main/kotlin/com/rhyn/reach/presentation/feature/chat/CreateGroupScreen.kt:155:29 Unresolved reference 'Text'.
e: file:///home/rhyn/ITD103/tawi-tawi-frontend/android/app/src/main/kotlin/com/rhyn/reach/presentation/feature/chat/CreateGroupScreen.kt:155:39 Unresolved reference 'username'.
e: file:///home/rhyn/ITD103/tawi-tawi-frontend/android/app/src/main/kotlin/com/rhyn/reach/presentation/feature/chat/CreateGroupScreen.kt:155:62 Unresolved reference 'FontWeight'.
e: file:///home/rhyn/ITD103/tawi-tawi-frontend/android/app/src/main/kotlin/com/rhyn/reach/presentation/feature/chat/CreateGroupScreen.kt:155:89 Unresolved reference 'MaterialTheme'.
e: file:///home/rhyn/ITD103/tawi-tawi-frontend/android/app/src/main/kotlin/com/rhyn/reach/presentation/feature/chat/CreateGroupScreen.kt:159:29 Unresolved reference 'Icon'.
e: file:///home/rhyn/ITD103/tawi-tawi-frontend/android/app/src/main/kotlin/com/rhyn/reach/presentation/feature/chat/CreateGroupScreen.kt:160:63 Unresolved reference 'Icons'.
e: file:///home/rhyn/ITD103/tawi-tawi-frontend/android/app/src/main/kotlin/com/rhyn/reach/presentation/feature/chat/CreateGroupScreen.kt:160:93 Unresolved reference 'Icons'.
e: file:///home/rhyn/ITD103/tawi-tawi-frontend/android/app/src/main/kotlin/com/rhyn/reach/presentation/feature/chat/CreateGroupScreen.kt:162:56 Unresolved reference 'MaterialTheme'.
e: file:///home/rhyn/ITD103/tawi-tawi-frontend/android/app/src/main/kotlin/com/rhyn/reach/presentation/feature/chat/CreateGroupScreen.kt:162:95 Unresolved reference 'MaterialTheme'.
e: file:///home/rhyn/ITD103/tawi-tawi-frontend/android/app/src/main/kotlin/com/rhyn/reach/presentation/feature/chat/CreateGroupScreen.kt:163:44 Unresolved reference 'Modifier'.
e: file:///home/rhyn/ITD103/tawi-tawi-frontend/android/app/src/main/kotlin/com/rhyn/reach/presentation/feature/chat/CreateGroupScreen.kt:163:61 Unresolved reference 'dp'.
e: file:///home/rhyn/ITD103/tawi-tawi-frontend/android/app/src/main/kotlin/com/rhyn/reach/presentation/feature/chat/CreateGroupScreen.kt:170:21 Unresolved reference 'item'.
e: file:///home/rhyn/ITD103/tawi-tawi-frontend/android/app/src/main/kotlin/com/rhyn/reach/presentation/feature/chat/CreateGroupScreen.kt:171:25 Unresolved reference 'Text'.
e: file:///home/rhyn/ITD103/tawi-tawi-frontend/android/app/src/main/kotlin/com/rhyn/reach/presentation/feature/chat/CreateGroupScreen.kt:173:37 Unresolved reference 'MaterialTheme'.
e: file:///home/rhyn/ITD103/tawi-tawi-frontend/android/app/src/main/kotlin/com/rhyn/reach/presentation/feature/chat/CreateGroupScreen.kt:174:40 Unresolved reference 'Modifier'.
e: file:///home/rhyn/ITD103/tawi-tawi-frontend/android/app/src/main/kotlin/com/rhyn/reach/presentation/feature/chat/CreateGroupScreen.kt:174:60 Unresolved reference 'dp'.
e: file:///home/rhyn/ITD103/tawi-tawi-frontend/android/app/src/main/kotlin/com/rhyn/reach/presentation/feature/chat/InboxScreen.kt:3:17 Unresolved reference 'compose'.
e: file:///home/rhyn/ITD103/tawi-tawi-frontend/android/app/src/main/kotlin/com/rhyn/reach/presentation/feature/chat/InboxScreen.kt:4:17 Unresolved reference 'compose'.
e: file:///home/rhyn/ITD103/tawi-tawi-frontend/android/app/src/main/kotlin/com/rhyn/reach/presentation/feature/chat/InboxScreen.kt:5:17 Unresolved reference 'compose'.
e: file:///home/rhyn/ITD103/tawi-tawi-frontend/android/app/src/main/kotlin/com/rhyn/reach/presentation/feature/chat/InboxScreen.kt:6:17 Unresolved reference 'compose'.
e: file:///home/rhyn/ITD103/tawi-tawi-frontend/android/app/src/main/kotlin/com/rhyn/reach/presentation/feature/chat/InboxScreen.kt:7:17 Unresolved reference 'compose'.
e: file:///home/rhyn/ITD103/tawi-tawi-frontend/android/app/src/main/kotlin/com/rhyn/reach/presentation/feature/chat/InboxScreen.kt:8:17 Unresolved reference 'compose'.
e: file:///home/rhyn/ITD103/tawi-tawi-frontend/android/app/src/main/kotlin/com/rhyn/reach/presentation/feature/chat/InboxScreen.kt:9:17 Unresolved reference 'compose'.
e: file:///home/rhyn/ITD103/tawi-tawi-frontend/android/app/src/main/kotlin/com/rhyn/reach/presentation/feature/chat/InboxScreen.kt:10:17 Unresolved reference 'compose'.
e: file:///home/rhyn/ITD103/tawi-tawi-frontend/android/app/src/main/kotlin/com/rhyn/reach/presentation/feature/chat/InboxScreen.kt:11:17 Unresolved reference 'compose'.
e: file:///home/rhyn/ITD103/tawi-tawi-frontend/android/app/src/main/kotlin/com/rhyn/reach/presentation/feature/chat/InboxScreen.kt:12:17 Unresolved reference 'compose'.
e: file:///home/rhyn/ITD103/tawi-tawi-frontend/android/app/src/main/kotlin/com/rhyn/reach/presentation/feature/chat/InboxScreen.kt:13:17 Unresolved reference 'compose'.
e: file:///home/rhyn/ITD103/tawi-tawi-frontend/android/app/src/main/kotlin/com/rhyn/reach/presentation/feature/chat/InboxScreen.kt:14:17 Unresolved reference 'compose'.
e: file:///home/rhyn/ITD103/tawi-tawi-frontend/android/app/src/main/kotlin/com/rhyn/reach/presentation/feature/chat/InboxScreen.kt:15:17 Unresolved reference 'compose'.
e: file:///home/rhyn/ITD103/tawi-tawi-frontend/android/app/src/main/kotlin/com/rhyn/reach/presentation/feature/chat/InboxScreen.kt:16:17 Unresolved reference 'compose'.
e: file:///home/rhyn/ITD103/tawi-tawi-frontend/android/app/src/main/kotlin/com/rhyn/reach/presentation/feature/chat/InboxScreen.kt:17:17 Unresolved reference 'compose'.
e: file:///home/rhyn/ITD103/tawi-tawi-frontend/android/app/src/main/kotlin/com/rhyn/reach/presentation/feature/chat/InboxScreen.kt:18:17 Unresolved reference 'compose'.
e: file:///home/rhyn/ITD103/tawi-tawi-frontend/android/app/src/main/kotlin/com/rhyn/reach/presentation/feature/chat/InboxScreen.kt:19:17 Unresolved reference 'compose'.
e: file:///home/rhyn/ITD103/tawi-tawi-frontend/android/app/src/main/kotlin/com/rhyn/reach/presentation/feature/chat/InboxScreen.kt:20:17 Unresolved reference 'compose'.
e: file:///home/rhyn/ITD103/tawi-tawi-frontend/android/app/src/main/kotlin/com/rhyn/reach/presentation/feature/chat/InboxScreen.kt:24:8 Unresolved reference 'ExperimentalMaterial3Api'.
e: file:///home/rhyn/ITD103/tawi-tawi-frontend/android/app/src/main/kotlin/com/rhyn/reach/presentation/feature/chat/InboxScreen.kt:24:8 Annotation argument must be a compile-time constant.
e: file:///home/rhyn/ITD103/tawi-tawi-frontend/android/app/src/main/kotlin/com/rhyn/reach/presentation/feature/chat/InboxScreen.kt:25:2 Unresolved reference 'Composable'.
e: file:///home/rhyn/ITD103/tawi-tawi-frontend/android/app/src/main/kotlin/com/rhyn/reach/presentation/feature/chat/InboxScreen.kt:31:15 Unresolved reference 'Modifier'.
e: file:///home/rhyn/ITD103/tawi-tawi-frontend/android/app/src/main/kotlin/com/rhyn/reach/presentation/feature/chat/InboxScreen.kt:31:26 Unresolved reference 'Modifier'.
e: file:///home/rhyn/ITD103/tawi-tawi-frontend/android/app/src/main/kotlin/com/rhyn/reach/presentation/feature/chat/InboxScreen.kt:33:44 Unresolved reference 'collectAsState'.
e: file:///home/rhyn/ITD103/tawi-tawi-frontend/android/app/src/main/kotlin/com/rhyn/reach/presentation/feature/chat/InboxScreen.kt:34:36 Unresolved reference 'collectAsState'.
e: file:///home/rhyn/ITD103/tawi-tawi-frontend/android/app/src/main/kotlin/com/rhyn/reach/presentation/feature/chat/InboxScreen.kt:36:5 Unresolved reference 'Scaffold'.
e: file:///home/rhyn/ITD103/tawi-tawi-frontend/android/app/src/main/kotlin/com/rhyn/reach/presentation/feature/chat/InboxScreen.kt:39:26 Unresolved reference 'MaterialTheme'.
e: file:///home/rhyn/ITD103/tawi-tawi-frontend/android/app/src/main/kotlin/com/rhyn/reach/presentation/feature/chat/InboxScreen.kt:41:13 Unresolved reference 'TopAppBar'.
e: file:///home/rhyn/ITD103/tawi-tawi-frontend/android/app/src/main/kotlin/com/rhyn/reach/presentation/feature/chat/InboxScreen.kt:42:27 Unresolved reference 'Text'.
e: file:///home/rhyn/ITD103/tawi-tawi-frontend/android/app/src/main/kotlin/com/rhyn/reach/presentation/feature/chat/InboxScreen.kt:42:57 Unresolved reference 'FontWeight'.
e: file:///home/rhyn/ITD103/tawi-tawi-frontend/android/app/src/main/kotlin/com/rhyn/reach/presentation/feature/chat/InboxScreen.kt:42:92 Unresolved reference 'sp'.
e: file:///home/rhyn/ITD103/tawi-tawi-frontend/android/app/src/main/kotlin/com/rhyn/reach/presentation/feature/chat/InboxScreen.kt:43:26 Unresolved reference 'TopAppBarDefaults'.
e: file:///home/rhyn/ITD103/tawi-tawi-frontend/android/app/src/main/kotlin/com/rhyn/reach/presentation/feature/chat/InboxScreen.kt:44:38 Unresolved reference 'MaterialTheme'.
e: file:///home/rhyn/ITD103/tawi-tawi-frontend/android/app/src/main/kotlin/com/rhyn/reach/presentation/feature/chat/InboxScreen.kt:45:41 Unresolved reference 'MaterialTheme'.
e: file:///home/rhyn/ITD103/tawi-tawi-frontend/android/app/src/main/kotlin/com/rhyn/reach/presentation/feature/chat/InboxScreen.kt:46:46 Unresolved reference 'MaterialTheme'.
e: file:///home/rhyn/ITD103/tawi-tawi-frontend/android/app/src/main/kotlin/com/rhyn/reach/presentation/feature/chat/InboxScreen.kt:49:21 Unresolved reference 'IconButton'.
e: file:///home/rhyn/ITD103/tawi-tawi-frontend/android/app/src/main/kotlin/com/rhyn/reach/presentation/feature/chat/InboxScreen.kt:50:25 Unresolved reference 'Icon'.
e: file:///home/rhyn/ITD103/tawi-tawi-frontend/android/app/src/main/kotlin/com/rhyn/reach/presentation/feature/chat/InboxScreen.kt:50:30 Unresolved reference 'Icons'.
e: file:///home/rhyn/ITD103/tawi-tawi-frontend/android/app/src/main/kotlin/com/rhyn/reach/presentation/feature/chat/InboxScreen.kt:56:13 Unresolved reference 'FloatingActionButton'.
e: file:///home/rhyn/ITD103/tawi-tawi-frontend/android/app/src/main/kotlin/com/rhyn/reach/presentation/feature/chat/InboxScreen.kt:58:34 Unresolved reference 'MaterialTheme'.
e: file:///home/rhyn/ITD103/tawi-tawi-frontend/android/app/src/main/kotlin/com/rhyn/reach/presentation/feature/chat/InboxScreen.kt:59:32 Unresolved reference 'MaterialTheme'.
e: file:///home/rhyn/ITD103/tawi-tawi-frontend/android/app/src/main/kotlin/com/rhyn/reach/presentation/feature/chat/InboxScreen.kt:60:25 Unresolved reference 'CircleShape'.
e: file:///home/rhyn/ITD103/tawi-tawi-frontend/android/app/src/main/kotlin/com/rhyn/reach/presentation/feature/chat/InboxScreen.kt:62:17 Unresolved reference 'Icon'.
e: file:///home/rhyn/ITD103/tawi-tawi-frontend/android/app/src/main/kotlin/com/rhyn/reach/presentation/feature/chat/InboxScreen.kt:62:22 Unresolved reference 'Icons'.
e: file:///home/rhyn/ITD103/tawi-tawi-frontend/android/app/src/main/kotlin/com/rhyn/reach/presentation/feature/chat/InboxScreen.kt:65:9 Cannot infer type for this parameter. Please specify it explicitly.
e: file:///home/rhyn/ITD103/tawi-tawi-frontend/android/app/src/main/kotlin/com/rhyn/reach/presentation/feature/chat/InboxScreen.kt:66:9 Unresolved reference 'LazyColumn'.
e: file:///home/rhyn/ITD103/tawi-tawi-frontend/android/app/src/main/kotlin/com/rhyn/reach/presentation/feature/chat/InboxScreen.kt:67:24 Unresolved reference 'Modifier'.
e: file:///home/rhyn/ITD103/tawi-tawi-frontend/android/app/src/main/kotlin/com/rhyn/reach/presentation/feature/chat/InboxScreen.kt:71:29 Unresolved reference 'MaterialTheme'.
e: file:///home/rhyn/ITD103/tawi-tawi-frontend/android/app/src/main/kotlin/com/rhyn/reach/presentation/feature/chat/InboxScreen.kt:72:30 Unresolved reference 'PaddingValues'.
e: file:///home/rhyn/ITD103/tawi-tawi-frontend/android/app/src/main/kotlin/com/rhyn/reach/presentation/feature/chat/InboxScreen.kt:73:31 Unresolved reference 'calculateTopPadding'.
e: file:///home/rhyn/ITD103/tawi-tawi-frontend/android/app/src/main/kotlin/com/rhyn/reach/presentation/feature/chat/InboxScreen.kt:74:29 Unresolved reference 'dp'.
e: file:///home/rhyn/ITD103/tawi-tawi-frontend/android/app/src/main/kotlin/com/rhyn/reach/presentation/feature/chat/InboxScreen.kt:77:13 Unresolved reference 'items'.
e: file:///home/rhyn/ITD103/tawi-tawi-frontend/android/app/src/main/kotlin/com/rhyn/reach/presentation/feature/chat/InboxScreen.kt:77:30 Cannot infer type for this parameter. Please specify it explicitly.
e: file:///home/rhyn/ITD103/tawi-tawi-frontend/android/app/src/main/kotlin/com/rhyn/reach/presentation/feature/chat/InboxScreen.kt:78:50 Unresolved reference 'threadId'.
e: file:///home/rhyn/ITD103/tawi-tawi-frontend/android/app/src/main/kotlin/com/rhyn/reach/presentation/feature/chat/InboxScreen.kt:81:17 Unresolved reference 'ListItem'.
e: file:///home/rhyn/ITD103/tawi-tawi-frontend/android/app/src/main/kotlin/com/rhyn/reach/presentation/feature/chat/InboxScreen.kt:82:30 Unresolved reference 'ListItemDefaults'.
e: file:///home/rhyn/ITD103/tawi-tawi-frontend/android/app/src/main/kotlin/com/rhyn/reach/presentation/feature/chat/InboxScreen.kt:83:42 Unresolved reference 'MaterialTheme'.
e: file:///home/rhyn/ITD103/tawi-tawi-frontend/android/app/src/main/kotlin/com/rhyn/reach/presentation/feature/chat/InboxScreen.kt:85:40 None of the following candidates is applicable:
fun UserAvatar(name: String): Unit
fun UserAvatar(name: String): Unit
e: file:///home/rhyn/ITD103/tawi-tawi-frontend/android/app/src/main/kotlin/com/rhyn/reach/presentation/feature/chat/InboxScreen.kt:86:41 Unresolved reference 'Text'.
e: file:///home/rhyn/ITD103/tawi-tawi-frontend/android/app/src/main/kotlin/com/rhyn/reach/presentation/feature/chat/InboxScreen.kt:86:73 Unresolved reference 'FontWeight'.
e: file:///home/rhyn/ITD103/tawi-tawi-frontend/android/app/src/main/kotlin/com/rhyn/reach/presentation/feature/chat/InboxScreen.kt:86:98 Unresolved reference 'MaterialTheme'.
e: file:///home/rhyn/ITD103/tawi-tawi-frontend/android/app/src/main/kotlin/com/rhyn/reach/presentation/feature/chat/InboxScreen.kt:88:25 Unresolved reference 'Text'.
e: file:///home/rhyn/ITD103/tawi-tawi-frontend/android/app/src/main/kotlin/com/rhyn/reach/presentation/feature/chat/InboxScreen.kt:89:48 Unresolved reference 'isFromMe'.
e: file:///home/rhyn/ITD103/tawi-tawi-frontend/android/app/src/main/kotlin/com/rhyn/reach/presentation/feature/chat/InboxScreen.kt:91:40 Unresolved reference 'TextOverflow'.
e: file:///home/rhyn/ITD103/tawi-tawi-frontend/android/app/src/main/kotlin/com/rhyn/reach/presentation/feature/chat/InboxScreen.kt:92:37 Unresolved reference 'MaterialTheme'.
e: file:///home/rhyn/ITD103/tawi-tawi-frontend/android/app/src/main/kotlin/com/rhyn/reach/presentation/feature/chat/InboxScreen.kt:96:25 Unresolved reference 'Text'.
e: file:///home/rhyn/ITD103/tawi-tawi-frontend/android/app/src/main/kotlin/com/rhyn/reach/presentation/feature/chat/InboxScreen.kt:96:38 Unresolved reference 'deliveryState'.
e: file:///home/rhyn/ITD103/tawi-tawi-frontend/android/app/src/main/kotlin/com/rhyn/reach/presentation/feature/chat/InboxScreen.kt:97:37 Unresolved reference 'MaterialTheme'.
e: file:///home/rhyn/ITD103/tawi-tawi-frontend/android/app/src/main/kotlin/com/rhyn/reach/presentation/feature/chat/InboxScreen.kt:98:37 Unresolved reference 'MaterialTheme'.
e: file:///home/rhyn/ITD103/tawi-tawi-frontend/android/app/src/main/kotlin/com/rhyn/reach/presentation/feature/chat/InboxScreen.kt:100:32 Unresolved reference 'Modifier'.
e: file:///home/rhyn/ITD103/tawi-tawi-frontend/android/app/src/main/kotlin/com/rhyn/reach/presentation/feature/chat/InboxScreen.kt:100:78 Unresolved reference 'threadId'.
e: file:///home/rhyn/ITD103/tawi-tawi-frontend/android/app/src/main/kotlin/com/rhyn/reach/presentation/feature/chat/InboxScreen.kt:108:2 Unresolved reference 'Composable'.
e: file:///home/rhyn/ITD103/tawi-tawi-frontend/android/app/src/main/kotlin/com/rhyn/reach/presentation/feature/chat/InboxScreen.kt:109:1 Conflicting overloads:
fun UserAvatar(name: String): Unit
e: file:///home/rhyn/ITD103/tawi-tawi-frontend/android/app/src/main/kotlin/com/rhyn/reach/presentation/feature/chat/InboxScreen.kt:111:5 Unresolved reference 'Box'.
e: file:///home/rhyn/ITD103/tawi-tawi-frontend/android/app/src/main/kotlin/com/rhyn/reach/presentation/feature/chat/InboxScreen.kt:112:20 Unresolved reference 'Modifier'.
e: file:///home/rhyn/ITD103/tawi-tawi-frontend/android/app/src/main/kotlin/com/rhyn/reach/presentation/feature/chat/InboxScreen.kt:113:22 Unresolved reference 'dp'.
e: file:///home/rhyn/ITD103/tawi-tawi-frontend/android/app/src/main/kotlin/com/rhyn/reach/presentation/feature/chat/InboxScreen.kt:114:19 Unresolved reference 'CircleShape'.
e: file:///home/rhyn/ITD103/tawi-tawi-frontend/android/app/src/main/kotlin/com/rhyn/reach/presentation/feature/chat/InboxScreen.kt:115:25 Unresolved reference 'MaterialTheme'.
e: file:///home/rhyn/ITD103/tawi-tawi-frontend/android/app/src/main/kotlin/com/rhyn/reach/presentation/feature/chat/InboxScreen.kt:116:28 Unresolved reference 'Alignment'.
e: file:///home/rhyn/ITD103/tawi-tawi-frontend/android/app/src/main/kotlin/com/rhyn/reach/presentation/feature/chat/InboxScreen.kt:118:9 Unresolved reference 'Text'.
e: file:///home/rhyn/ITD103/tawi-tawi-frontend/android/app/src/main/kotlin/com/rhyn/reach/presentation/feature/chat/InboxScreen.kt:120:26 Unresolved reference 'FontWeight'.
e: file:///home/rhyn/ITD103/tawi-tawi-frontend/android/app/src/main/kotlin/com/rhyn/reach/presentation/feature/chat/InboxScreen.kt:121:27 Unresolved reference 'sp'.
e: file:///home/rhyn/ITD103/tawi-tawi-frontend/android/app/src/main/kotlin/com/rhyn/reach/presentation/feature/chat/InboxScreen.kt:122:21 Unresolved reference 'MaterialTheme'.
e: file:///home/rhyn/ITD103/tawi-tawi-frontend/android/app/src/main/kotlin/com/rhyn/reach/presentation/feature/chat/InboxScreen.kt:128:1 Conflicting overloads:
fun getMessagePreviewText(message: LocalMessageEntity): String
e: file:///home/rhyn/ITD103/tawi-tawi-frontend/android/app/src/main/kotlin/com/rhyn/reach/presentation/feature/chat/SearchScreen.kt:3:17 Unresolved reference 'compose'.
e: file:///home/rhyn/ITD103/tawi-tawi-frontend/android/app/src/main/kotlin/com/rhyn/reach/presentation/feature/chat/SearchScreen.kt:4:17 Unresolved reference 'compose'.
e: file:///home/rhyn/ITD103/tawi-tawi-frontend/android/app/src/main/kotlin/com/rhyn/reach/presentation/feature/chat/SearchScreen.kt:5:17 Unresolved reference 'compose'.
e: file:///home/rhyn/ITD103/tawi-tawi-frontend/android/app/src/main/kotlin/com/rhyn/reach/presentation/feature/chat/SearchScreen.kt:6:17 Unresolved reference 'compose'.
e: file:///home/rhyn/ITD103/tawi-tawi-frontend/android/app/src/main/kotlin/com/rhyn/reach/presentation/feature/chat/SearchScreen.kt:7:17 Unresolved reference 'compose'.
e: file:///home/rhyn/ITD103/tawi-tawi-frontend/android/app/src/main/kotlin/com/rhyn/reach/presentation/feature/chat/SearchScreen.kt:8:17 Unresolved reference 'compose'.
e: file:///home/rhyn/ITD103/tawi-tawi-frontend/android/app/src/main/kotlin/com/rhyn/reach/presentation/feature/chat/SearchScreen.kt:9:17 Unresolved reference 'compose'.
e: file:///home/rhyn/ITD103/tawi-tawi-frontend/android/app/src/main/kotlin/com/rhyn/reach/presentation/feature/chat/SearchScreen.kt:10:17 Unresolved reference 'compose'.
e: file:///home/rhyn/ITD103/tawi-tawi-frontend/android/app/src/main/kotlin/com/rhyn/reach/presentation/feature/chat/SearchScreen.kt:11:17 Unresolved reference 'compose'.
e: file:///home/rhyn/ITD103/tawi-tawi-frontend/android/app/src/main/kotlin/com/rhyn/reach/presentation/feature/chat/SearchScreen.kt:12:17 Unresolved reference 'compose'.
e: file:///home/rhyn/ITD103/tawi-tawi-frontend/android/app/src/main/kotlin/com/rhyn/reach/presentation/feature/chat/SearchScreen.kt:13:17 Unresolved reference 'compose'.
e: file:///home/rhyn/ITD103/tawi-tawi-frontend/android/app/src/main/kotlin/com/rhyn/reach/presentation/feature/chat/SearchScreen.kt:14:17 Unresolved reference 'compose'.
e: file:///home/rhyn/ITD103/tawi-tawi-frontend/android/app/src/main/kotlin/com/rhyn/reach/presentation/feature/chat/SearchScreen.kt:15:17 Unresolved reference 'compose'.
e: file:///home/rhyn/ITD103/tawi-tawi-frontend/android/app/src/main/kotlin/com/rhyn/reach/presentation/feature/chat/SearchScreen.kt:16:17 Unresolved reference 'compose'.
e: file:///home/rhyn/ITD103/tawi-tawi-frontend/android/app/src/main/kotlin/com/rhyn/reach/presentation/feature/chat/SearchScreen.kt:17:17 Unresolved reference 'compose'.
e: file:///home/rhyn/ITD103/tawi-tawi-frontend/android/app/src/main/kotlin/com/rhyn/reach/presentation/feature/chat/SearchScreen.kt:18:17 Unresolved reference 'compose'.
e: file:///home/rhyn/ITD103/tawi-tawi-frontend/android/app/src/main/kotlin/com/rhyn/reach/presentation/feature/chat/SearchScreen.kt:19:17 Unresolved reference 'compose'.
e: file:///home/rhyn/ITD103/tawi-tawi-frontend/android/app/src/main/kotlin/com/rhyn/reach/presentation/feature/chat/SearchScreen.kt:20:17 Unresolved reference 'compose'.
e: file:///home/rhyn/ITD103/tawi-tawi-frontend/android/app/src/main/kotlin/com/rhyn/reach/presentation/feature/chat/SearchScreen.kt:21:17 Unresolved reference 'compose'.
e: file:///home/rhyn/ITD103/tawi-tawi-frontend/android/app/src/main/kotlin/com/rhyn/reach/presentation/feature/chat/SearchScreen.kt:22:17 Unresolved reference 'compose'.
e: file:///home/rhyn/ITD103/tawi-tawi-frontend/android/app/src/main/kotlin/com/rhyn/reach/presentation/feature/chat/SearchScreen.kt:23:17 Unresolved reference 'compose'.
e: file:///home/rhyn/ITD103/tawi-tawi-frontend/android/app/src/main/kotlin/com/rhyn/reach/presentation/feature/chat/SearchScreen.kt:25:8 Unresolved reference 'ExperimentalMaterial3Api'.
e: file:///home/rhyn/ITD103/tawi-tawi-frontend/android/app/src/main/kotlin/com/rhyn/reach/presentation/feature/chat/SearchScreen.kt:25:8 Annotation argument must be a compile-time constant.
e: file:///home/rhyn/ITD103/tawi-tawi-frontend/android/app/src/main/kotlin/com/rhyn/reach/presentation/feature/chat/SearchScreen.kt:26:2 Unresolved reference 'Composable'.
e: file:///home/rhyn/ITD103/tawi-tawi-frontend/android/app/src/main/kotlin/com/rhyn/reach/presentation/feature/chat/SearchScreen.kt:27:1 Conflicting overloads:
fun SearchScreen(viewModel: ChatViewModel, onNavigateBack: () -> Unit, onNavigateToChat: (String) -> Unit): Unit
e: file:///home/rhyn/ITD103/tawi-tawi-frontend/android/app/src/main/kotlin/com/rhyn/reach/presentation/feature/chat/SearchScreen.kt:32:24 Unresolved reference 'remember'.
e: file:///home/rhyn/ITD103/tawi-tawi-frontend/android/app/src/main/kotlin/com/rhyn/reach/presentation/feature/chat/SearchScreen.kt:32:35 Unresolved reference 'mutableStateOf'.
e: file:///home/rhyn/ITD103/tawi-tawi-frontend/android/app/src/main/kotlin/com/rhyn/reach/presentation/feature/chat/SearchScreen.kt:33:24 Unresolved reference 'remember'.
e: file:///home/rhyn/ITD103/tawi-tawi-frontend/android/app/src/main/kotlin/com/rhyn/reach/presentation/feature/chat/SearchScreen.kt:33:35 Unresolved reference 'mutableStateOf'.
e: file:///home/rhyn/ITD103/tawi-tawi-frontend/android/app/src/main/kotlin/com/rhyn/reach/presentation/feature/chat/SearchScreen.kt:34:24 Unresolved reference 'remember'.
e: file:///home/rhyn/ITD103/tawi-tawi-frontend/android/app/src/main/kotlin/com/rhyn/reach/presentation/feature/chat/SearchScreen.kt:34:35 Unresolved reference 'mutableStateOf'.
e: file:///home/rhyn/ITD103/tawi-tawi-frontend/android/app/src/main/kotlin/com/rhyn/reach/presentation/feature/chat/SearchScreen.kt:36:46 Unresolved reference 'collectAsState'.
e: file:///home/rhyn/ITD103/tawi-tawi-frontend/android/app/src/main/kotlin/com/rhyn/reach/presentation/feature/chat/SearchScreen.kt:37:24 Unresolved reference 'LocalFocusManager'.
e: file:///home/rhyn/ITD103/tawi-tawi-frontend/android/app/src/main/kotlin/com/rhyn/reach/presentation/feature/chat/SearchScreen.kt:40:5 Unresolved reference 'DisposableEffect'.
e: file:///home/rhyn/ITD103/tawi-tawi-frontend/android/app/src/main/kotlin/com/rhyn/reach/presentation/feature/chat/SearchScreen.kt:41:9 Unresolved reference 'onDispose'.
e: file:///home/rhyn/ITD103/tawi-tawi-frontend/android/app/src/main/kotlin/com/rhyn/reach/presentation/feature/chat/SearchScreen.kt:44:5 Unresolved reference 'Scaffold'.
e: file:///home/rhyn/ITD103/tawi-tawi-frontend/android/app/src/main/kotlin/com/rhyn/reach/presentation/feature/chat/SearchScreen.kt:45:26 Unresolved reference 'MaterialTheme'.
e: file:///home/rhyn/ITD103/tawi-tawi-frontend/android/app/src/main/kotlin/com/rhyn/reach/presentation/feature/chat/SearchScreen.kt:47:13 Unresolved reference 'TopAppBar'.
e: file:///home/rhyn/ITD103/tawi-tawi-frontend/android/app/src/main/kotlin/com/rhyn/reach/presentation/feature/chat/SearchScreen.kt:48:27 Unresolved reference 'Text'.
e: file:///home/rhyn/ITD103/tawi-tawi-frontend/android/app/src/main/kotlin/com/rhyn/reach/presentation/feature/chat/SearchScreen.kt:48:61 Unresolved reference 'FontWeight'.
e: file:///home/rhyn/ITD103/tawi-tawi-frontend/android/app/src/main/kotlin/com/rhyn/reach/presentation/feature/chat/SearchScreen.kt:48:96 Unresolved reference 'sp'.
e: file:///home/rhyn/ITD103/tawi-tawi-frontend/android/app/src/main/kotlin/com/rhyn/reach/presentation/feature/chat/SearchScreen.kt:50:21 Unresolved reference 'IconButton'.
e: file:///home/rhyn/ITD103/tawi-tawi-frontend/android/app/src/main/kotlin/com/rhyn/reach/presentation/feature/chat/SearchScreen.kt:51:25 Unresolved reference 'Icon'.
e: file:///home/rhyn/ITD103/tawi-tawi-frontend/android/app/src/main/kotlin/com/rhyn/reach/presentation/feature/chat/SearchScreen.kt:51:30 Unresolved reference 'Icons'.
e: file:///home/rhyn/ITD103/tawi-tawi-frontend/android/app/src/main/kotlin/com/rhyn/reach/presentation/feature/chat/SearchScreen.kt:54:26 Unresolved reference 'TopAppBarDefaults'.
e: file:///home/rhyn/ITD103/tawi-tawi-frontend/android/app/src/main/kotlin/com/rhyn/reach/presentation/feature/chat/SearchScreen.kt:55:38 Unresolved reference 'MaterialTheme'.
e: file:///home/rhyn/ITD103/tawi-tawi-frontend/android/app/src/main/kotlin/com/rhyn/reach/presentation/feature/chat/SearchScreen.kt:56:41 Unresolved reference 'MaterialTheme'.
e: file:///home/rhyn/ITD103/tawi-tawi-frontend/android/app/src/main/kotlin/com/rhyn/reach/presentation/feature/chat/SearchScreen.kt:57:50 Unresolved reference 'MaterialTheme'.
e: file:///home/rhyn/ITD103/tawi-tawi-frontend/android/app/src/main/kotlin/com/rhyn/reach/presentation/feature/chat/SearchScreen.kt:61:9 Cannot infer type for this parameter. Please specify it explicitly.
e: file:///home/rhyn/ITD103/tawi-tawi-frontend/android/app/src/main/kotlin/com/rhyn/reach/presentation/feature/chat/SearchScreen.kt:62:9 Unresolved reference 'Column'.
e: file:///home/rhyn/ITD103/tawi-tawi-frontend/android/app/src/main/kotlin/com/rhyn/reach/presentation/feature/chat/SearchScreen.kt:63:24 Unresolved reference 'Modifier'.
e: file:///home/rhyn/ITD103/tawi-tawi-frontend/android/app/src/main/kotlin/com/rhyn/reach/presentation/feature/chat/SearchScreen.kt:66:29 Unresolved reference 'MaterialTheme'.
e: file:///home/rhyn/ITD103/tawi-tawi-frontend/android/app/src/main/kotlin/com/rhyn/reach/presentation/feature/chat/SearchScreen.kt:69:13 Unresolved reference 'Surface'.
e: file:///home/rhyn/ITD103/tawi-tawi-frontend/android/app/src/main/kotlin/com/rhyn/reach/presentation/feature/chat/SearchScreen.kt:70:28 Unresolved reference 'Modifier'.
e: file:///home/rhyn/ITD103/tawi-tawi-frontend/android/app/src/main/kotlin/com/rhyn/reach/presentation/feature/chat/SearchScreen.kt:72:46 Unresolved reference 'dp'.
e: file:///home/rhyn/ITD103/tawi-tawi-frontend/android/app/src/main/kotlin/com/rhyn/reach/presentation/feature/chat/SearchScreen.kt:72:63 Unresolved reference 'dp'.
e: file:///home/rhyn/ITD103/tawi-tawi-frontend/android/app/src/main/kotlin/com/rhyn/reach/presentation/feature/chat/SearchScreen.kt:73:25 Unresolved reference 'MaterialTheme'.
e: file:///home/rhyn/ITD103/tawi-tawi-frontend/android/app/src/main/kotlin/com/rhyn/reach/presentation/feature/chat/SearchScreen.kt:75:17 Unresolved reference 'TextField'.
e: file:///home/rhyn/ITD103/tawi-tawi-frontend/android/app/src/main/kotlin/com/rhyn/reach/presentation/feature/chat/SearchScreen.kt:78:39 Unresolved reference 'it'.
e: file:///home/rhyn/ITD103/tawi-tawi-frontend/android/app/src/main/kotlin/com/rhyn/reach/presentation/feature/chat/SearchScreen.kt:82:32 Unresolved reference 'Modifier'.
e: file:///home/rhyn/ITD103/tawi-tawi-frontend/android/app/src/main/kotlin/com/rhyn/reach/presentation/feature/chat/SearchScreen.kt:84:31 Unresolved reference 'CircleShape'.
e: file:///home/rhyn/ITD103/tawi-tawi-frontend/android/app/src/main/kotlin/com/rhyn/reach/presentation/feature/chat/SearchScreen.kt:85:37 Unresolved reference 'Text'.
e: file:///home/rhyn/ITD103/tawi-tawi-frontend/android/app/src/main/kotlin/com/rhyn/reach/presentation/feature/chat/SearchScreen.kt:85:77 Unresolved reference 'MaterialTheme'.
e: file:///home/rhyn/ITD103/tawi-tawi-frontend/android/app/src/main/kotlin/com/rhyn/reach/presentation/feature/chat/SearchScreen.kt:87:25 Unresolved reference 'Icon'.
e: file:///home/rhyn/ITD103/tawi-tawi-frontend/android/app/src/main/kotlin/com/rhyn/reach/presentation/feature/chat/SearchScreen.kt:87:30 Unresolved reference 'Icons'.
e: file:///home/rhyn/ITD103/tawi-tawi-frontend/android/app/src/main/kotlin/com/rhyn/reach/presentation/feature/chat/SearchScreen.kt:87:90 Unresolved reference 'MaterialTheme'.
e: file:///home/rhyn/ITD103/tawi-tawi-frontend/android/app/src/main/kotlin/com/rhyn/reach/presentation/feature/chat/SearchScreen.kt:91:29 Unresolved reference 'IconButton'.
e: file:///home/rhyn/ITD103/tawi-tawi-frontend/android/app/src/main/kotlin/com/rhyn/reach/presentation/feature/chat/SearchScreen.kt:96:33 Unresolved reference 'Icon'.
e: file:///home/rhyn/ITD103/tawi-tawi-frontend/android/app/src/main/kotlin/com/rhyn/reach/presentation/feature/chat/SearchScreen.kt:96:38 Unresolved reference 'Icons'.
e: file:///home/rhyn/ITD103/tawi-tawi-frontend/android/app/src/main/kotlin/com/rhyn/reach/presentation/feature/chat/SearchScreen.kt:96:96 Unresolved reference 'MaterialTheme'.
e: file:///home/rhyn/ITD103/tawi-tawi-frontend/android/app/src/main/kotlin/com/rhyn/reach/presentation/feature/chat/SearchScreen.kt:100:30 Unresolved reference 'TextFieldDefaults'.
e: file:///home/rhyn/ITD103/tawi-tawi-frontend/android/app/src/main/kotlin/com/rhyn/reach/presentation/feature/chat/SearchScreen.kt:101:49 Unresolved reference 'MaterialTheme'.
e: file:///home/rhyn/ITD103/tawi-tawi-frontend/android/app/src/main/kotlin/com/rhyn/reach/presentation/feature/chat/SearchScreen.kt:102:51 Unresolved reference 'MaterialTheme'.
e: file:///home/rhyn/ITD103/tawi-tawi-frontend/android/app/src/main/kotlin/com/rhyn/reach/presentation/feature/chat/SearchScreen.kt:103:49 Unresolved reference 'Color'.
e: file:///home/rhyn/ITD103/tawi-tawi-frontend/android/app/src/main/kotlin/com/rhyn/reach/presentation/feature/chat/SearchScreen.kt:104:51 Unresolved reference 'Color'.
e: file:///home/rhyn/ITD103/tawi-tawi-frontend/android/app/src/main/kotlin/com/rhyn/reach/presentation/feature/chat/SearchScreen.kt:105:44 Unresolved reference 'MaterialTheme'.
e: file:///home/rhyn/ITD103/tawi-tawi-frontend/android/app/src/main/kotlin/com/rhyn/reach/presentation/feature/chat/SearchScreen.kt:106:46 Unresolved reference 'MaterialTheme'.
e: file:///home/rhyn/ITD103/tawi-tawi-frontend/android/app/src/main/kotlin/com/rhyn/reach/presentation/feature/chat/SearchScreen.kt:108:39 Unresolved reference 'KeyboardOptions'.
e: file:///home/rhyn/ITD103/tawi-tawi-frontend/android/app/src/main/kotlin/com/rhyn/reach/presentation/feature/chat/SearchScreen.kt:108:67 Unresolved reference 'ImeAction'.
e: file:///home/rhyn/ITD103/tawi-tawi-frontend/android/app/src/main/kotlin/com/rhyn/reach/presentation/feature/chat/SearchScreen.kt:109:39 Unresolved reference 'KeyboardActions'.
e: file:///home/rhyn/ITD103/tawi-tawi-frontend/android/app/src/main/kotlin/com/rhyn/reach/presentation/feature/chat/SearchScreen.kt:127:13 Unresolved reference 'Box'.
e: file:///home/rhyn/ITD103/tawi-tawi-frontend/android/app/src/main/kotlin/com/rhyn/reach/presentation/feature/chat/SearchScreen.kt:128:28 Unresolved reference 'Modifier'.
e: file:///home/rhyn/ITD103/tawi-tawi-frontend/android/app/src/main/kotlin/com/rhyn/reach/presentation/feature/chat/SearchScreen.kt:130:33 Unresolved reference 'dp'.
e: file:///home/rhyn/ITD103/tawi-tawi-frontend/android/app/src/main/kotlin/com/rhyn/reach/presentation/feature/chat/SearchScreen.kt:134:25 Unresolved reference 'CircularProgressIndicator'.
e: file:///home/rhyn/ITD103/tawi-tawi-frontend/android/app/src/main/kotlin/com/rhyn/reach/presentation/feature/chat/SearchScreen.kt:135:37 Unresolved reference 'MaterialTheme'.
e: file:///home/rhyn/ITD103/tawi-tawi-frontend/android/app/src/main/kotlin/com/rhyn/reach/presentation/feature/chat/SearchScreen.kt:136:40 Unresolved reference 'Modifier'.
e: file:///home/rhyn/ITD103/tawi-tawi-frontend/android/app/src/main/kotlin/com/rhyn/reach/presentation/feature/chat/SearchScreen.kt:136:55 Unresolved reference 'Alignment'.
e: file:///home/rhyn/ITD103/tawi-tawi-frontend/android/app/src/main/kotlin/com/rhyn/reach/presentation/feature/chat/SearchScreen.kt:136:93 Unresolved reference 'dp'.
e: file:///home/rhyn/ITD103/tawi-tawi-frontend/android/app/src/main/kotlin/com/rhyn/reach/presentation/feature/chat/SearchScreen.kt:140:25 Unresolved reference 'Text'.
e: file:///home/rhyn/ITD103/tawi-tawi-frontend/android/app/src/main/kotlin/com/rhyn/reach/presentation/feature/chat/SearchScreen.kt:141:36 Smart cast to 'TypeVariable(K)?' is impossible, because 'searchError' is a delegated property.
e: file:///home/rhyn/ITD103/tawi-tawi-frontend/android/app/src/main/kotlin/com/rhyn/reach/presentation/feature/chat/SearchScreen.kt:142:37 Unresolved reference 'MaterialTheme'.
e: file:///home/rhyn/ITD103/tawi-tawi-frontend/android/app/src/main/kotlin/com/rhyn/reach/presentation/feature/chat/SearchScreen.kt:143:37 Unresolved reference 'MaterialTheme'.
e: file:///home/rhyn/ITD103/tawi-tawi-frontend/android/app/src/main/kotlin/com/rhyn/reach/presentation/feature/chat/SearchScreen.kt:144:40 Unresolved reference 'Modifier'.
e: file:///home/rhyn/ITD103/tawi-tawi-frontend/android/app/src/main/kotlin/com/rhyn/reach/presentation/feature/chat/SearchScreen.kt:144:55 Unresolved reference 'Alignment'.
e: file:///home/rhyn/ITD103/tawi-tawi-frontend/android/app/src/main/kotlin/com/rhyn/reach/presentation/feature/chat/SearchScreen.kt:144:93 Unresolved reference 'dp'.
e: file:///home/rhyn/ITD103/tawi-tawi-frontend/android/app/src/main/kotlin/com/rhyn/reach/presentation/feature/chat/SearchScreen.kt:147:59 Unresolved reference 'username'.
e: file:///home/rhyn/ITD103/tawi-tawi-frontend/android/app/src/main/kotlin/com/rhyn/reach/presentation/feature/chat/SearchScreen.kt:149:25 Unresolved reference 'ListItem'.
e: file:///home/rhyn/ITD103/tawi-tawi-frontend/android/app/src/main/kotlin/com/rhyn/reach/presentation/feature/chat/SearchScreen.kt:150:38 Unresolved reference 'ListItemDefaults'.
e: file:///home/rhyn/ITD103/tawi-tawi-frontend/android/app/src/main/kotlin/com/rhyn/reach/presentation/feature/chat/SearchScreen.kt:151:50 Unresolved reference 'MaterialTheme'.
e: file:///home/rhyn/ITD103/tawi-tawi-frontend/android/app/src/main/kotlin/com/rhyn/reach/presentation/feature/chat/SearchScreen.kt:153:40 Unresolved reference 'Modifier'.
e: file:///home/rhyn/ITD103/tawi-tawi-frontend/android/app/src/main/kotlin/com/rhyn/reach/presentation/feature/chat/SearchScreen.kt:155:39 Unresolved reference 'MaterialTheme'.
e: file:///home/rhyn/ITD103/tawi-tawi-frontend/android/app/src/main/kotlin/com/rhyn/reach/presentation/feature/chat/SearchScreen.kt:156:63 Smart cast to 'TypeVariable(K)?' is impossible, because 'searchedUser' is a delegated property.
e: file:///home/rhyn/ITD103/tawi-tawi-frontend/android/app/src/main/kotlin/com/rhyn/reach/presentation/feature/chat/SearchScreen.kt:156:78 Unresolved reference 'user_id'.
e: file:///home/rhyn/ITD103/tawi-tawi-frontend/android/app/src/main/kotlin/com/rhyn/reach/presentation/feature/chat/SearchScreen.kt:157:59 Smart cast to 'TypeVariable(K)?' is impossible, because 'searchedUser' is a delegated property.
e: file:///home/rhyn/ITD103/tawi-tawi-frontend/android/app/src/main/kotlin/com/rhyn/reach/presentation/feature/chat/SearchScreen.kt:157:74 Unresolved reference 'username'.
e: file:///home/rhyn/ITD103/tawi-tawi-frontend/android/app/src/main/kotlin/com/rhyn/reach/presentation/feature/chat/SearchScreen.kt:158:49 Unresolved reference 'Text'.
e: file:///home/rhyn/ITD103/tawi-tawi-frontend/android/app/src/main/kotlin/com/rhyn/reach/presentation/feature/chat/SearchScreen.kt:158:54 Smart cast to 'TypeVariable(K)?' is impossible, because 'searchedUser' is a delegated property.
e: file:///home/rhyn/ITD103/tawi-tawi-frontend/android/app/src/main/kotlin/com/rhyn/reach/presentation/feature/chat/SearchScreen.kt:158:69 Unresolved reference 'username'.
e: file:///home/rhyn/ITD103/tawi-tawi-frontend/android/app/src/main/kotlin/com/rhyn/reach/presentation/feature/chat/SearchScreen.kt:158:92 Unresolved reference 'FontWeight'.
e: file:///home/rhyn/ITD103/tawi-tawi-frontend/android/app/src/main/kotlin/com/rhyn/reach/presentation/feature/chat/SearchScreen.kt:158:117 Unresolved reference 'MaterialTheme'.
e: file:///home/rhyn/ITD103/tawi-tawi-frontend/android/app/src/main/kotlin/com/rhyn/reach/presentation/feature/chat/SearchScreen.kt:160:33 Unresolved reference 'Text'.
e: file:///home/rhyn/ITD103/tawi-tawi-frontend/android/app/src/main/kotlin/com/rhyn/reach/presentation/feature/chat/SearchScreen.kt:161:48 Smart cast to 'TypeVariable(K)?' is impossible, because 'searchedUser' is a delegated property.
e: file:///home/rhyn/ITD103/tawi-tawi-frontend/android/app/src/main/kotlin/com/rhyn/reach/presentation/feature/chat/SearchScreen.kt:161:63 Unresolved reference 'is_online'.
e: file:///home/rhyn/ITD103/tawi-tawi-frontend/android/app/src/main/kotlin/com/rhyn/reach/presentation/feature/chat/SearchScreen.kt:162:49 Smart cast to 'TypeVariable(K)?' is impossible, because 'searchedUser' is a delegated property.
e: file:///home/rhyn/ITD103/tawi-tawi-frontend/android/app/src/main/kotlin/com/rhyn/reach/presentation/feature/chat/SearchScreen.kt:162:64 Unresolved reference 'is_online'.
e: file:///home/rhyn/ITD103/tawi-tawi-frontend/android/app/src/main/kotlin/com/rhyn/reach/presentation/feature/chat/SearchScreen.kt:162:75 Unresolved reference 'MaterialTheme'.
e: file:///home/rhyn/ITD103/tawi-tawi-frontend/android/app/src/main/kotlin/com/rhyn/reach/presentation/feature/chat/SearchScreen.kt:162:114 Unresolved reference 'MaterialTheme'.
e: file:///home/rhyn/ITD103/tawi-tawi-frontend/android/app/src/main/kotlin/com/rhyn/reach/presentation/feature/chat/SearchScreen.kt:166:33 Unresolved reference 'Button'.
e: file:///home/rhyn/ITD103/tawi-tawi-frontend/android/app/src/main/kotlin/com/rhyn/reach/presentation/feature/chat/SearchScreen.kt:167:66 Smart cast to 'TypeVariable(K)?' is impossible, because 'searchedUser' is a delegated property.
e: file:///home/rhyn/ITD103/tawi-tawi-frontend/android/app/src/main/kotlin/com/rhyn/reach/presentation/feature/chat/SearchScreen.kt:167:81 Unresolved reference 'user_id'.
e: file:///home/rhyn/ITD103/tawi-tawi-frontend/android/app/src/main/kotlin/com/rhyn/reach/presentation/feature/chat/SearchScreen.kt:168:46 Unresolved reference 'ButtonDefaults'.
e: file:///home/rhyn/ITD103/tawi-tawi-frontend/android/app/src/main/kotlin/com/rhyn/reach/presentation/feature/chat/SearchScreen.kt:169:58 Unresolved reference 'MaterialTheme'.
e: file:///home/rhyn/ITD103/tawi-tawi-frontend/android/app/src/main/kotlin/com/rhyn/reach/presentation/feature/chat/SearchScreen.kt:170:56 Unresolved reference 'MaterialTheme'.
e: file:///home/rhyn/ITD103/tawi-tawi-frontend/android/app/src/main/kotlin/com/rhyn/reach/presentation/feature/chat/SearchScreen.kt:173:37 Unresolved reference 'Text'.
e: file:///home/rhyn/ITD103/tawi-tawi-frontend/android/app/src/main/kotlin/com/rhyn/reach/presentation/feature/chat/SearchScreen.kt:180:25 Unresolved reference 'Text'.
e: file:///home/rhyn/ITD103/tawi-tawi-frontend/android/app/src/main/kotlin/com/rhyn/reach/presentation/feature/chat/SearchScreen.kt:182:37 Unresolved reference 'MaterialTheme'.
e: file:///home/rhyn/ITD103/tawi-tawi-frontend/android/app/src/main/kotlin/com/rhyn/reach/presentation/feature/chat/SearchScreen.kt:183:37 Unresolved reference 'MaterialTheme'.
e: file:///home/rhyn/ITD103/tawi-tawi-frontend/android/app/src/main/kotlin/com/rhyn/reach/presentation/feature/chat/SearchScreen.kt:184:40 Unresolved reference 'Modifier'.
e: file:///home/rhyn/ITD103/tawi-tawi-frontend/android/app/src/main/kotlin/com/rhyn/reach/presentation/feature/chat/SearchScreen.kt:184:55 Unresolved reference 'Alignment'.
e: file:///home/rhyn/ITD103/tawi-tawi-frontend/android/app/src/main/kotlin/com/rhyn/reach/presentation/feature/chat/SearchScreen.kt:184:93 Unresolved reference 'dp'.
e: file:///home/rhyn/ITD103/tawi-tawi-frontend/android/app/src/main/kotlin/com/rhyn/reach/presentation/feature/home/MainScreen.kt:3:17 Unresolved reference 'compose'.
e: file:///home/rhyn/ITD103/tawi-tawi-frontend/android/app/src/main/kotlin/com/rhyn/reach/presentation/feature/home/MainScreen.kt:4:17 Unresolved reference 'compose'.
e: file:///home/rhyn/ITD103/tawi-tawi-frontend/android/app/src/main/kotlin/com/rhyn/reach/presentation/feature/home/MainScreen.kt:5:17 Unresolved reference 'compose'.
e: file:///home/rhyn/ITD103/tawi-tawi-frontend/android/app/src/main/kotlin/com/rhyn/reach/presentation/feature/home/MainScreen.kt:6:17 Unresolved reference 'compose'.
e: file:///home/rhyn/ITD103/tawi-tawi-frontend/android/app/src/main/kotlin/com/rhyn/reach/presentation/feature/home/MainScreen.kt:7:17 Unresolved reference 'compose'.
e: file:///home/rhyn/ITD103/tawi-tawi-frontend/android/app/src/main/kotlin/com/rhyn/reach/presentation/feature/home/MainScreen.kt:8:17 Unresolved reference 'compose'.
e: file:///home/rhyn/ITD103/tawi-tawi-frontend/android/app/src/main/kotlin/com/rhyn/reach/presentation/feature/home/MainScreen.kt:9:17 Unresolved reference 'compose'.
e: file:///home/rhyn/ITD103/tawi-tawi-frontend/android/app/src/main/kotlin/com/rhyn/reach/presentation/feature/home/MainScreen.kt:10:17 Unresolved reference 'compose'.
e: file:///home/rhyn/ITD103/tawi-tawi-frontend/android/app/src/main/kotlin/com/rhyn/reach/presentation/feature/home/MainScreen.kt:11:17 Unresolved reference 'compose'.
e: file:///home/rhyn/ITD103/tawi-tawi-frontend/android/app/src/main/kotlin/com/rhyn/reach/presentation/feature/home/MainScreen.kt:12:17 Unresolved reference 'compose'.
e: file:///home/rhyn/ITD103/tawi-tawi-frontend/android/app/src/main/kotlin/com/rhyn/reach/presentation/feature/home/MainScreen.kt:13:17 Unresolved reference 'compose'.
e: file:///home/rhyn/ITD103/tawi-tawi-frontend/android/app/src/main/kotlin/com/rhyn/reach/presentation/feature/home/MainScreen.kt:14:17 Unresolved reference 'compose'.
e: file:///home/rhyn/ITD103/tawi-tawi-frontend/android/app/src/main/kotlin/com/rhyn/reach/presentation/feature/home/MainScreen.kt:15:17 Unresolved reference 'compose'.
e: file:///home/rhyn/ITD103/tawi-tawi-frontend/android/app/src/main/kotlin/com/rhyn/reach/presentation/feature/home/MainScreen.kt:21:12 Redeclaration:
enum class HomeTab : Enum<HomeTab>
e: file:///home/rhyn/ITD103/tawi-tawi-frontend/android/app/src/main/kotlin/com/rhyn/reach/presentation/feature/home/MainScreen.kt:21:49 Unresolved reference 'ImageVector'.
e: file:///home/rhyn/ITD103/tawi-tawi-frontend/android/app/src/main/kotlin/com/rhyn/reach/presentation/feature/home/MainScreen.kt:22:22 Unresolved reference 'Icons'.
e: file:///home/rhyn/ITD103/tawi-tawi-frontend/android/app/src/main/kotlin/com/rhyn/reach/presentation/feature/home/MainScreen.kt:23:20 Unresolved reference 'Icons'.
e: file:///home/rhyn/ITD103/tawi-tawi-frontend/android/app/src/main/kotlin/com/rhyn/reach/presentation/feature/home/MainScreen.kt:24:24 Unresolved reference 'Icons'.
e: file:///home/rhyn/ITD103/tawi-tawi-frontend/android/app/src/main/kotlin/com/rhyn/reach/presentation/feature/home/MainScreen.kt:27:8 Unresolved reference 'ExperimentalMaterial3Api'.
e: file:///home/rhyn/ITD103/tawi-tawi-frontend/android/app/src/main/kotlin/com/rhyn/reach/presentation/feature/home/MainScreen.kt:27:8 Annotation argument must be a compile-time constant.
e: file:///home/rhyn/ITD103/tawi-tawi-frontend/android/app/src/main/kotlin/com/rhyn/reach/presentation/feature/home/MainScreen.kt:28:2 Unresolved reference 'Composable'.
e: file:///home/rhyn/ITD103/tawi-tawi-frontend/android/app/src/main/kotlin/com/rhyn/reach/presentation/feature/home/MainScreen.kt:29:1 Conflicting overloads:
fun MainScreen(viewModel: ChatViewModel, onNavigateToChat: (String) -> Unit, onNavigateToCreateGroup: () -> Unit, onNavigateToSearch: () -> Unit, onLogoutClick: () -> Unit): Unit
e: file:///home/rhyn/ITD103/tawi-tawi-frontend/android/app/src/main/kotlin/com/rhyn/reach/presentation/feature/home/MainScreen.kt:36:24 Unresolved reference 'remember'.
e: file:///home/rhyn/ITD103/tawi-tawi-frontend/android/app/src/main/kotlin/com/rhyn/reach/presentation/feature/home/MainScreen.kt:36:35 Unresolved reference 'mutableStateOf'.
e: file:///home/rhyn/ITD103/tawi-tawi-frontend/android/app/src/main/kotlin/com/rhyn/reach/presentation/feature/home/MainScreen.kt:39:46 Unresolved reference 'collectAsState'.
e: file:///home/rhyn/ITD103/tawi-tawi-frontend/android/app/src/main/kotlin/com/rhyn/reach/presentation/feature/home/MainScreen.kt:41:5 Unresolved reference 'Scaffold'.
e: file:///home/rhyn/ITD103/tawi-tawi-frontend/android/app/src/main/kotlin/com/rhyn/reach/presentation/feature/home/MainScreen.kt:43:13 Unresolved reference 'NavigationBar'.
e: file:///home/rhyn/ITD103/tawi-tawi-frontend/android/app/src/main/kotlin/com/rhyn/reach/presentation/feature/home/MainScreen.kt:44:34 Unresolved reference 'MaterialTheme'.
e: file:///home/rhyn/ITD103/tawi-tawi-frontend/android/app/src/main/kotlin/com/rhyn/reach/presentation/feature/home/MainScreen.kt:45:32 Unresolved reference 'MaterialTheme'.
e: file:///home/rhyn/ITD103/tawi-tawi-frontend/android/app/src/main/kotlin/com/rhyn/reach/presentation/feature/home/MainScreen.kt:48:21 Unresolved reference 'NavigationBarItem'.
e: file:///home/rhyn/ITD103/tawi-tawi-frontend/android/app/src/main/kotlin/com/rhyn/reach/presentation/feature/home/MainScreen.kt:51:69 'operator' modifier is required on 'FirNamedFunctionSymbol kotlin/compareTo' in 'compareTo'.
e: file:///home/rhyn/ITD103/tawi-tawi-frontend/android/app/src/main/kotlin/com/rhyn/reach/presentation/feature/home/MainScreen.kt:52:33 Unresolved reference 'BadgedBox'.
e: file:///home/rhyn/ITD103/tawi-tawi-frontend/android/app/src/main/kotlin/com/rhyn/reach/presentation/feature/home/MainScreen.kt:54:41 Unresolved reference 'Badge'.
e: file:///home/rhyn/ITD103/tawi-tawi-frontend/android/app/src/main/kotlin/com/rhyn/reach/presentation/feature/home/MainScreen.kt:55:45 Unresolved reference 'Text'.
e: file:///home/rhyn/ITD103/tawi-tawi-frontend/android/app/src/main/kotlin/com/rhyn/reach/presentation/feature/home/MainScreen.kt:59:37 Unresolved reference 'Icon'.
e: file:///home/rhyn/ITD103/tawi-tawi-frontend/android/app/src/main/kotlin/com/rhyn/reach/presentation/feature/home/MainScreen.kt:62:33 Unresolved reference 'Icon'.
e: file:///home/rhyn/ITD103/tawi-tawi-frontend/android/app/src/main/kotlin/com/rhyn/reach/presentation/feature/home/MainScreen.kt:65:35 Unresolved reference 'Text'.
e: file:///home/rhyn/ITD103/tawi-tawi-frontend/android/app/src/main/kotlin/com/rhyn/reach/presentation/feature/home/MainScreen.kt:68:34 Unresolved reference 'NavigationBarItemDefaults'.
e: file:///home/rhyn/ITD103/tawi-tawi-frontend/android/app/src/main/kotlin/com/rhyn/reach/presentation/feature/home/MainScreen.kt:69:49 Unresolved reference 'MaterialTheme'.
e: file:///home/rhyn/ITD103/tawi-tawi-frontend/android/app/src/main/kotlin/com/rhyn/reach/presentation/feature/home/MainScreen.kt:70:49 Unresolved reference 'MaterialTheme'.
e: file:///home/rhyn/ITD103/tawi-tawi-frontend/android/app/src/main/kotlin/com/rhyn/reach/presentation/feature/home/MainScreen.kt:71:46 Unresolved reference 'MaterialTheme'.
e: file:///home/rhyn/ITD103/tawi-tawi-frontend/android/app/src/main/kotlin/com/rhyn/reach/presentation/feature/home/MainScreen.kt:72:51 Unresolved reference 'MaterialTheme'.
e: file:///home/rhyn/ITD103/tawi-tawi-frontend/android/app/src/main/kotlin/com/rhyn/reach/presentation/feature/home/MainScreen.kt:73:51 Unresolved reference 'MaterialTheme'.
e: file:///home/rhyn/ITD103/tawi-tawi-frontend/android/app/src/main/kotlin/com/rhyn/reach/presentation/feature/home/MainScreen.kt:79:9 Cannot infer type for this parameter. Please specify it explicitly.
e: file:///home/rhyn/ITD103/tawi-tawi-frontend/android/app/src/main/kotlin/com/rhyn/reach/presentation/feature/home/MainScreen.kt:81:27 Unresolved reference 'Modifier'.
e: file:///home/rhyn/ITD103/tawi-tawi-frontend/android/app/src/main/kotlin/com/rhyn/reach/presentation/feature/home/MainScreen.kt:83:44 Unresolved reference 'calculateBottomPadding'.
e: file:///home/rhyn/ITD103/tawi-tawi-frontend/android/app/src/main/kotlin/com/rhyn/reach/presentation/feature/home/MainScreen.kt:85:9 Unresolved reference 'Crossfade'.
e: file:///home/rhyn/ITD103/tawi-tawi-frontend/android/app/src/main/kotlin/com/rhyn/reach/presentation/feature/home/MainScreen.kt:87:29 Unresolved reference 'tween'.
e: file:///home/rhyn/ITD103/tawi-tawi-frontend/android/app/src/main/kotlin/com/rhyn/reach/presentation/feature/home/MainScreen.kt:89:13 Cannot infer type for this parameter. Please specify it explicitly.
e: file:///home/rhyn/ITD103/tawi-tawi-frontend/android/app/src/main/kotlin/com/rhyn/reach/presentation/feature/home/MainScreen.kt:91:35 Unresolved reference 'Box'.
e: file:///home/rhyn/ITD103/tawi-tawi-frontend/android/app/src/main/kotlin/com/rhyn/reach/presentation/feature/home/MainScreen.kt:92:21 Overload resolution ambiguity between candidates:
fun NearbyScreen(viewModel: NearbyViewModel = ..., onNavigateToChat: (String) -> Unit): Unit
fun NearbyScreen(viewModel: NearbyViewModel = ..., onNavigateToChat: (String) -> Unit): Unit
e: file:///home/rhyn/ITD103/tawi-tawi-frontend/android/app/src/main/kotlin/com/rhyn/reach/presentation/feature/home/MainScreen.kt:102:36 Unresolved reference 'Box'.
e: file:///home/rhyn/ITD103/tawi-tawi-frontend/android/app/src/main/kotlin/com/rhyn/reach/presentation/feature/home/MainScreen.kt:103:21 Overload resolution ambiguity between candidates:
fun AccountScreen(viewModel: AccountViewModel = ..., onLogoutClick: () -> Unit): Unit
fun AccountScreen(viewModel: AccountViewModel = ..., onLogoutClick: () -> Unit): Unit
e: file:///home/rhyn/ITD103/tawi-tawi-frontend/android/app/src/main/kotlin/com/rhyn/reach/presentation/feature/nearby/LanManager.kt:11:8 Unresolved reference 'dagger'.
e: file:///home/rhyn/ITD103/tawi-tawi-frontend/android/app/src/main/kotlin/com/rhyn/reach/presentation/feature/nearby/LanManager.kt:12:11 Unresolved reference 'ktor'.
e: file:///home/rhyn/ITD103/tawi-tawi-frontend/android/app/src/main/kotlin/com/rhyn/reach/presentation/feature/nearby/LanManager.kt:13:11 Unresolved reference 'ktor'.
e: file:///home/rhyn/ITD103/tawi-tawi-frontend/android/app/src/main/kotlin/com/rhyn/reach/presentation/feature/nearby/LanManager.kt:14:11 Unresolved reference 'ktor'.
e: file:///home/rhyn/ITD103/tawi-tawi-frontend/android/app/src/main/kotlin/com/rhyn/reach/presentation/feature/nearby/LanManager.kt:15:11 Unresolved reference 'ktor'.
e: file:///home/rhyn/ITD103/tawi-tawi-frontend/android/app/src/main/kotlin/com/rhyn/reach/presentation/feature/nearby/LanManager.kt:25:14 Unresolved reference 'inject'.
e: file:///home/rhyn/ITD103/tawi-tawi-frontend/android/app/src/main/kotlin/com/rhyn/reach/presentation/feature/nearby/LanManager.kt:26:14 Unresolved reference 'inject'.
e: file:///home/rhyn/ITD103/tawi-tawi-frontend/android/app/src/main/kotlin/com/rhyn/reach/presentation/feature/nearby/LanManager.kt:28:2 Unresolved reference 'Singleton'.
e: file:///home/rhyn/ITD103/tawi-tawi-frontend/android/app/src/main/kotlin/com/rhyn/reach/presentation/feature/nearby/LanManager.kt:29:7 Redeclaration:
class LanManager : Any
e: file:///home/rhyn/ITD103/tawi-tawi-frontend/android/app/src/main/kotlin/com/rhyn/reach/presentation/feature/nearby/LanManager.kt:29:19 Unresolved reference 'Inject'.
e: file:///home/rhyn/ITD103/tawi-tawi-frontend/android/app/src/main/kotlin/com/rhyn/reach/presentation/feature/nearby/LanManager.kt:30:6 Unresolved reference 'ApplicationContext'.
e: file:///home/rhyn/ITD103/tawi-tawi-frontend/android/app/src/main/kotlin/com/rhyn/reach/presentation/feature/nearby/LanManager.kt:32:29 Unresolved reference 'HttpClient'.
e: file:///home/rhyn/ITD103/tawi-tawi-frontend/android/app/src/main/kotlin/com/rhyn/reach/presentation/feature/nearby/LanManager.kt:147:32 Cannot infer type for this parameter. Please specify it explicitly.
e: file:///home/rhyn/ITD103/tawi-tawi-frontend/android/app/src/main/kotlin/com/rhyn/reach/presentation/feature/nearby/LanManager.kt:148:32 Unresolved reference 'post'.
e: file:///home/rhyn/ITD103/tawi-tawi-frontend/android/app/src/main/kotlin/com/rhyn/reach/presentation/feature/nearby/LanManager.kt:149:25 Unresolved reference 'contentType'.
e: file:///home/rhyn/ITD103/tawi-tawi-frontend/android/app/src/main/kotlin/com/rhyn/reach/presentation/feature/nearby/LanManager.kt:149:37 Unresolved reference 'ContentType'.
e: file:///home/rhyn/ITD103/tawi-tawi-frontend/android/app/src/main/kotlin/com/rhyn/reach/presentation/feature/nearby/LanManager.kt:150:25 Unresolved reference 'setBody'.
e: file:///home/rhyn/ITD103/tawi-tawi-frontend/android/app/src/main/kotlin/com/rhyn/reach/presentation/feature/nearby/LanManager.kt:154:31 Unresolved reference 'status'.
e: file:///home/rhyn/ITD103/tawi-tawi-frontend/android/app/src/main/kotlin/com/rhyn/reach/presentation/feature/nearby/LanManager.kt:185:32 Cannot infer type for this parameter. Please specify it explicitly.
e: file:///home/rhyn/ITD103/tawi-tawi-frontend/android/app/src/main/kotlin/com/rhyn/reach/presentation/feature/nearby/LanManager.kt:186:32 Unresolved reference 'post'.
e: file:///home/rhyn/ITD103/tawi-tawi-frontend/android/app/src/main/kotlin/com/rhyn/reach/presentation/feature/nearby/LanManager.kt:187:25 Unresolved reference 'setBody'.
e: file:///home/rhyn/ITD103/tawi-tawi-frontend/android/app/src/main/kotlin/com/rhyn/reach/presentation/feature/nearby/LanManager.kt:188:29 Unresolved reference 'MultiPartFormDataContent'.
e: file:///home/rhyn/ITD103/tawi-tawi-frontend/android/app/src/main/kotlin/com/rhyn/reach/presentation/feature/nearby/LanManager.kt:189:33 Unresolved reference 'formData'.
e: file:///home/rhyn/ITD103/tawi-tawi-frontend/android/app/src/main/kotlin/com/rhyn/reach/presentation/feature/nearby/LanManager.kt:190:37 Unresolved reference. None of the following candidates is applicable because of a receiver type mismatch:
fun <T : Appendable> T.append(vararg value: CharSequence?): T
e: file:///home/rhyn/ITD103/tawi-tawi-frontend/android/app/src/main/kotlin/com/rhyn/reach/presentation/feature/nearby/LanManager.kt:191:37 Unresolved reference. None of the following candidates is applicable because of a receiver type mismatch:
fun <T : Appendable> T.append(vararg value: CharSequence?): T
e: file:///home/rhyn/ITD103/tawi-tawi-frontend/android/app/src/main/kotlin/com/rhyn/reach/presentation/feature/nearby/LanManager.kt:191:70 Unresolved reference 'Headers'.
e: file:///home/rhyn/ITD103/tawi-tawi-frontend/android/app/src/main/kotlin/com/rhyn/reach/presentation/feature/nearby/LanManager.kt:192:41 Unresolved reference. None of the following candidates is applicable because of a receiver type mismatch:
fun <T : Appendable> T.append(vararg value: CharSequence?): T
e: file:///home/rhyn/ITD103/tawi-tawi-frontend/android/app/src/main/kotlin/com/rhyn/reach/presentation/feature/nearby/LanManager.kt:192:48 Unresolved reference 'HttpHeaders'.
e: file:///home/rhyn/ITD103/tawi-tawi-frontend/android/app/src/main/kotlin/com/rhyn/reach/presentation/feature/nearby/LanManager.kt:200:31 Unresolved reference 'status'.
e: file:///home/rhyn/ITD103/tawi-tawi-frontend/android/app/src/main/kotlin/com/rhyn/reach/presentation/feature/nearby/LanServer.kt:5:8 Unresolved reference 'dagger'.
e: file:///home/rhyn/ITD103/tawi-tawi-frontend/android/app/src/main/kotlin/com/rhyn/reach/presentation/feature/nearby/LanServer.kt:6:11 Unresolved reference 'ktor'.
e: file:///home/rhyn/ITD103/tawi-tawi-frontend/android/app/src/main/kotlin/com/rhyn/reach/presentation/feature/nearby/LanServer.kt:7:11 Unresolved reference 'ktor'.
e: file:///home/rhyn/ITD103/tawi-tawi-frontend/android/app/src/main/kotlin/com/rhyn/reach/presentation/feature/nearby/LanServer.kt:8:11 Unresolved reference 'ktor'.
e: file:///home/rhyn/ITD103/tawi-tawi-frontend/android/app/src/main/kotlin/com/rhyn/reach/presentation/feature/nearby/LanServer.kt:9:11 Unresolved reference 'ktor'.
e: file:///home/rhyn/ITD103/tawi-tawi-frontend/android/app/src/main/kotlin/com/rhyn/reach/presentation/feature/nearby/LanServer.kt:10:11 Unresolved reference 'ktor'.
e: file:///home/rhyn/ITD103/tawi-tawi-frontend/android/app/src/main/kotlin/com/rhyn/reach/presentation/feature/nearby/LanServer.kt:11:11 Unresolved reference 'ktor'.
e: file:///home/rhyn/ITD103/tawi-tawi-frontend/android/app/src/main/kotlin/com/rhyn/reach/presentation/feature/nearby/LanServer.kt:12:11 Unresolved reference 'ktor'.
e: file:///home/rhyn/ITD103/tawi-tawi-frontend/android/app/src/main/kotlin/com/rhyn/reach/presentation/feature/nearby/LanServer.kt:13:11 Unresolved reference 'ktor'.
e: file:///home/rhyn/ITD103/tawi-tawi-frontend/android/app/src/main/kotlin/com/rhyn/reach/presentation/feature/nearby/LanServer.kt:14:11 Unresolved reference 'ktor'.
e: file:///home/rhyn/ITD103/tawi-tawi-frontend/android/app/src/main/kotlin/com/rhyn/reach/presentation/feature/nearby/LanServer.kt:15:11 Unresolved reference 'ktor'.
e: file:///home/rhyn/ITD103/tawi-tawi-frontend/android/app/src/main/kotlin/com/rhyn/reach/presentation/feature/nearby/LanServer.kt:22:14 Unresolved reference 'inject'.
e: file:///home/rhyn/ITD103/tawi-tawi-frontend/android/app/src/main/kotlin/com/rhyn/reach/presentation/feature/nearby/LanServer.kt:23:14 Unresolved reference 'inject'.
e: file:///home/rhyn/ITD103/tawi-tawi-frontend/android/app/src/main/kotlin/com/rhyn/reach/presentation/feature/nearby/LanServer.kt:25:2 Unresolved reference 'Singleton'.
e: file:///home/rhyn/ITD103/tawi-tawi-frontend/android/app/src/main/kotlin/com/rhyn/reach/presentation/feature/nearby/LanServer.kt:26:7 Redeclaration:
class LanServer : Any
e: file:///home/rhyn/ITD103/tawi-tawi-frontend/android/app/src/main/kotlin/com/rhyn/reach/presentation/feature/nearby/LanServer.kt:26:18 Unresolved reference 'Inject'.
e: file:///home/rhyn/ITD103/tawi-tawi-frontend/android/app/src/main/kotlin/com/rhyn/reach/presentation/feature/nearby/LanServer.kt:28:6 Unresolved reference 'ApplicationContext'.
e: file:///home/rhyn/ITD103/tawi-tawi-frontend/android/app/src/main/kotlin/com/rhyn/reach/presentation/feature/nearby/LanServer.kt:30:25 Unresolved reference 'ApplicationEngine'.
e: file:///home/rhyn/ITD103/tawi-tawi-frontend/android/app/src/main/kotlin/com/rhyn/reach/presentation/feature/nearby/LanServer.kt:55:26 Unresolved reference 'embeddedServer'.
e: file:///home/rhyn/ITD103/tawi-tawi-frontend/android/app/src/main/kotlin/com/rhyn/reach/presentation/feature/nearby/LanServer.kt:55:41 Unresolved reference 'CIO'.
e: file:///home/rhyn/ITD103/tawi-tawi-frontend/android/app/src/main/kotlin/com/rhyn/reach/presentation/feature/nearby/LanServer.kt:56:21 Unresolved reference 'routing'.
e: file:///home/rhyn/ITD103/tawi-tawi-frontend/android/app/src/main/kotlin/com/rhyn/reach/presentation/feature/nearby/LanServer.kt:57:25 Unresolved reference 'post'.
e: file:///home/rhyn/ITD103/tawi-tawi-frontend/android/app/src/main/kotlin/com/rhyn/reach/presentation/feature/nearby/LanServer.kt:58:43 Unresolved reference 'call'.
e: file:///home/rhyn/ITD103/tawi-tawi-frontend/android/app/src/main/kotlin/com/rhyn/reach/presentation/feature/nearby/LanServer.kt:63:29 Unresolved reference 'call'.
e: file:///home/rhyn/ITD103/tawi-tawi-frontend/android/app/src/main/kotlin/com/rhyn/reach/presentation/feature/nearby/LanServer.kt:66:25 Unresolved reference 'post'.
e: file:///home/rhyn/ITD103/tawi-tawi-frontend/android/app/src/main/kotlin/com/rhyn/reach/presentation/feature/nearby/LanServer.kt:71:49 Unresolved reference 'call'.
e: file:///home/rhyn/ITD103/tawi-tawi-frontend/android/app/src/main/kotlin/com/rhyn/reach/presentation/feature/nearby/LanServer.kt:73:57 Cannot infer type for this parameter. Please specify it explicitly.
e: file:///home/rhyn/ITD103/tawi-tawi-frontend/android/app/src/main/kotlin/com/rhyn/reach/presentation/feature/nearby/LanServer.kt:75:44 Unresolved reference 'PartData'.
e: file:///home/rhyn/ITD103/tawi-tawi-frontend/android/app/src/main/kotlin/com/rhyn/reach/presentation/feature/nearby/LanServer.kt:76:54 Unresolved reference 'name'.
e: file:///home/rhyn/ITD103/tawi-tawi-frontend/android/app/src/main/kotlin/com/rhyn/reach/presentation/feature/nearby/LanServer.kt:77:69 Unresolved reference 'value'.
e: file:///home/rhyn/ITD103/tawi-tawi-frontend/android/app/src/main/kotlin/com/rhyn/reach/presentation/feature/nearby/LanServer.kt:80:44 Unresolved reference 'PartData'.
e: file:///home/rhyn/ITD103/tawi-tawi-frontend/android/app/src/main/kotlin/com/rhyn/reach/presentation/feature/nearby/LanServer.kt:81:54 Unresolved reference 'name'.
e: file:///home/rhyn/ITD103/tawi-tawi-frontend/android/app/src/main/kotlin/com/rhyn/reach/presentation/feature/nearby/LanServer.kt:82:70 Unresolved reference 'streamProvider'.
e: file:///home/rhyn/ITD103/tawi-tawi-frontend/android/app/src/main/kotlin/com/rhyn/reach/presentation/feature/nearby/LanServer.kt:92:42 Unresolved reference 'dispose'.
e: file:///home/rhyn/ITD103/tawi-tawi-frontend/android/app/src/main/kotlin/com/rhyn/reach/presentation/feature/nearby/LanServer.kt:98:37 Unresolved reference 'call'.
e: file:///home/rhyn/ITD103/tawi-tawi-frontend/android/app/src/main/kotlin/com/rhyn/reach/presentation/feature/nearby/LanServer.kt:101:37 Unresolved reference 'call'.
e: file:///home/rhyn/ITD103/tawi-tawi-frontend/android/app/src/main/kotlin/com/rhyn/reach/presentation/feature/nearby/LanServer.kt:101:104 Unresolved reference 'HttpStatusCode'.
e: file:///home/rhyn/ITD103/tawi-tawi-frontend/android/app/src/main/kotlin/com/rhyn/reach/presentation/feature/nearby/LanServer.kt:106:33 Unresolved reference 'call'.
e: file:///home/rhyn/ITD103/tawi-tawi-frontend/android/app/src/main/kotlin/com/rhyn/reach/presentation/feature/nearby/LanServer.kt:106:77 Unresolved reference 'HttpStatusCode'.
e: file:///home/rhyn/ITD103/tawi-tawi-frontend/android/app/src/main/kotlin/com/rhyn/reach/presentation/feature/nearby/LanServer.kt:122:21 Unresolved reference 'stop'.
e: file:///home/rhyn/ITD103/tawi-tawi-frontend/android/app/src/main/kotlin/com/rhyn/reach/presentation/feature/nearby/NearbyManager.kt:10:31 Unresolved reference 'nearby'.
e: file:///home/rhyn/ITD103/tawi-tawi-frontend/android/app/src/main/kotlin/com/rhyn/reach/presentation/feature/nearby/NearbyManager.kt:11:31 Unresolved reference 'nearby'.
e: file:///home/rhyn/ITD103/tawi-tawi-frontend/android/app/src/main/kotlin/com/rhyn/reach/presentation/feature/nearby/NearbyManager.kt:28:8 Unresolved reference 'dagger'.
e: file:///home/rhyn/ITD103/tawi-tawi-frontend/android/app/src/main/kotlin/com/rhyn/reach/presentation/feature/nearby/NearbyManager.kt:38:16 Unresolved reference 'serialization'.
e: file:///home/rhyn/ITD103/tawi-tawi-frontend/android/app/src/main/kotlin/com/rhyn/reach/presentation/feature/nearby/NearbyManager.kt:39:16 Unresolved reference 'serialization'.
e: file:///home/rhyn/ITD103/tawi-tawi-frontend/android/app/src/main/kotlin/com/rhyn/reach/presentation/feature/nearby/NearbyManager.kt:46:14 Unresolved reference 'inject'.
e: file:///home/rhyn/ITD103/tawi-tawi-frontend/android/app/src/main/kotlin/com/rhyn/reach/presentation/feature/nearby/NearbyManager.kt:47:14 Unresolved reference 'inject'.
e: file:///home/rhyn/ITD103/tawi-tawi-frontend/android/app/src/main/kotlin/com/rhyn/reach/presentation/feature/nearby/NearbyManager.kt:49:2 Unresolved reference 'Singleton'.
e: file:///home/rhyn/ITD103/tawi-tawi-frontend/android/app/src/main/kotlin/com/rhyn/reach/presentation/feature/nearby/NearbyManager.kt:50:7 Redeclaration:
class NearbyManager : Any
e: file:///home/rhyn/ITD103/tawi-tawi-frontend/android/app/src/main/kotlin/com/rhyn/reach/presentation/feature/nearby/NearbyManager.kt:50:22 Unresolved reference 'Inject'.
e: file:///home/rhyn/ITD103/tawi-tawi-frontend/android/app/src/main/kotlin/com/rhyn/reach/presentation/feature/nearby/NearbyManager.kt:51:6 Unresolved reference 'ApplicationContext'.
e: file:///home/rhyn/ITD103/tawi-tawi-frontend/android/app/src/main/kotlin/com/rhyn/reach/presentation/feature/nearby/NearbyManager.kt:59:36 Unresolved reference 'dagger'.
e: file:///home/rhyn/ITD103/tawi-tawi-frontend/android/app/src/main/kotlin/com/rhyn/reach/presentation/feature/nearby/NearbyManager.kt:60:43 Unresolved reference 'dagger'.
e: file:///home/rhyn/ITD103/tawi-tawi-frontend/android/app/src/main/kotlin/com/rhyn/reach/presentation/feature/nearby/NearbyManager.kt:62:37 Unresolved reference 'Nearby'.
e: file:///home/rhyn/ITD103/tawi-tawi-frontend/android/app/src/main/kotlin/com/rhyn/reach/presentation/feature/nearby/NearbyManager.kt:65:30 Unresolved reference 'Json'.
e: file:///home/rhyn/ITD103/tawi-tawi-frontend/android/app/src/main/kotlin/com/rhyn/reach/presentation/feature/nearby/NearbyManager.kt:65:37 Unresolved reference 'ignoreUnknownKeys'.
e: file:///home/rhyn/ITD103/tawi-tawi-frontend/android/app/src/main/kotlin/com/rhyn/reach/presentation/feature/nearby/NearbyManager.kt:79:77 Unresolved reference 'Payload'.
e: file:///home/rhyn/ITD103/tawi-tawi-frontend/android/app/src/main/kotlin/com/rhyn/reach/presentation/feature/nearby/NearbyManager.kt:152:35 Unresolved reference 'DiscoveryOptions'.
e: file:///home/rhyn/ITD103/tawi-tawi-frontend/android/app/src/main/kotlin/com/rhyn/reach/presentation/feature/nearby/NearbyManager.kt:153:38 Unresolved reference 'Strategy'.
e: file:///home/rhyn/ITD103/tawi-tawi-frontend/android/app/src/main/kotlin/com/rhyn/reach/presentation/feature/nearby/NearbyManager.kt:177:43 Unresolved reference 'Payload'.
e: file:///home/rhyn/ITD103/tawi-tawi-frontend/android/app/src/main/kotlin/com/rhyn/reach/presentation/feature/nearby/NearbyManager.kt:277:54 Unresolved reference 'EndpointDiscoveryCallback'.
e: file:///home/rhyn/ITD103/tawi-tawi-frontend/android/app/src/main/kotlin/com/rhyn/reach/presentation/feature/nearby/NearbyManager.kt:278:9 'onEndpointFound' overrides nothing.
e: file:///home/rhyn/ITD103/tawi-tawi-frontend/android/app/src/main/kotlin/com/rhyn/reach/presentation/feature/nearby/NearbyManager.kt:278:64 Unresolved reference 'DiscoveredEndpointInfo'.
e: file:///home/rhyn/ITD103/tawi-tawi-frontend/android/app/src/main/kotlin/com/rhyn/reach/presentation/feature/nearby/NearbyManager.kt:279:30 Unresolved reference 'endpointName'.
e: file:///home/rhyn/ITD103/tawi-tawi-frontend/android/app/src/main/kotlin/com/rhyn/reach/presentation/feature/nearby/NearbyManager.kt:281:64 Unresolved reference 'endpointName'.
e: file:///home/rhyn/ITD103/tawi-tawi-frontend/android/app/src/main/kotlin/com/rhyn/reach/presentation/feature/nearby/NearbyManager.kt:316:9 'onEndpointLost' overrides nothing.
e: file:///home/rhyn/ITD103/tawi-tawi-frontend/android/app/src/main/kotlin/com/rhyn/reach/presentation/feature/nearby/NearbyManager.kt:326:56 Unresolved reference 'ConnectionLifecycleCallback'.
e: file:///home/rhyn/ITD103/tawi-tawi-frontend/android/app/src/main/kotlin/com/rhyn/reach/presentation/feature/nearby/NearbyManager.kt:327:9 'onConnectionInitiated' overrides nothing.
e: file:///home/rhyn/ITD103/tawi-tawi-frontend/android/app/src/main/kotlin/com/rhyn/reach/presentation/feature/nearby/NearbyManager.kt:327:70 Unresolved reference 'ConnectionInfo'.
e: file:///home/rhyn/ITD103/tawi-tawi-frontend/android/app/src/main/kotlin/com/rhyn/reach/presentation/feature/nearby/NearbyManager.kt:328:30 Unresolved reference 'endpointName'.
e: file:///home/rhyn/ITD103/tawi-tawi-frontend/android/app/src/main/kotlin/com/rhyn/reach/presentation/feature/nearby/NearbyManager.kt:330:64 Unresolved reference 'endpointName'.
e: file:///home/rhyn/ITD103/tawi-tawi-frontend/android/app/src/main/kotlin/com/rhyn/reach/presentation/feature/nearby/NearbyManager.kt:358:9 'onConnectionResult' overrides nothing.
e: file:///home/rhyn/ITD103/tawi-tawi-frontend/android/app/src/main/kotlin/com/rhyn/reach/presentation/feature/nearby/NearbyManager.kt:358:69 Unresolved reference 'ConnectionResolution'.
e: file:///home/rhyn/ITD103/tawi-tawi-frontend/android/app/src/main/kotlin/com/rhyn/reach/presentation/feature/nearby/NearbyManager.kt:359:24 Unresolved reference 'status'.
e: file:///home/rhyn/ITD103/tawi-tawi-frontend/android/app/src/main/kotlin/com/rhyn/reach/presentation/feature/nearby/NearbyManager.kt:384:42 No value passed for parameter 'name'.
e: file:///home/rhyn/ITD103/tawi-tawi-frontend/android/app/src/main/kotlin/com/rhyn/reach/presentation/feature/nearby/NearbyManager.kt:384:45 Unresolved reference 'syncEpidemicRelaysToNewNeighbor'.
e: file:///home/rhyn/ITD103/tawi-tawi-frontend/android/app/src/main/kotlin/com/rhyn/reach/presentation/feature/nearby/NearbyManager.kt:387:42 No value passed for parameter 'name'.
e: file:///home/rhyn/ITD103/tawi-tawi-frontend/android/app/src/main/kotlin/com/rhyn/reach/presentation/feature/nearby/NearbyManager.kt:387:45 Unresolved reference 'routeAllPendingMessages'.
e: file:///home/rhyn/ITD103/tawi-tawi-frontend/android/app/src/main/kotlin/com/rhyn/reach/presentation/feature/nearby/NearbyManager.kt:395:9 'onDisconnected' overrides nothing.
e: file:///home/rhyn/ITD103/tawi-tawi-frontend/android/app/src/main/kotlin/com/rhyn/reach/presentation/feature/nearby/NearbyManager.kt:408:44 Unresolved reference 'PayloadCallback'.
e: file:///home/rhyn/ITD103/tawi-tawi-frontend/android/app/src/main/kotlin/com/rhyn/reach/presentation/feature/nearby/NearbyManager.kt:409:9 'onPayloadReceived' overrides nothing.
e: file:///home/rhyn/ITD103/tawi-tawi-frontend/android/app/src/main/kotlin/com/rhyn/reach/presentation/feature/nearby/NearbyManager.kt:409:69 Unresolved reference 'Payload'.
e: file:///home/rhyn/ITD103/tawi-tawi-frontend/android/app/src/main/kotlin/com/rhyn/reach/presentation/feature/nearby/NearbyManager.kt:410:27 Unresolved reference 'type'.
e: file:///home/rhyn/ITD103/tawi-tawi-frontend/android/app/src/main/kotlin/com/rhyn/reach/presentation/feature/nearby/NearbyManager.kt:411:17 Unresolved reference 'Payload'.
e: file:///home/rhyn/ITD103/tawi-tawi-frontend/android/app/src/main/kotlin/com/rhyn/reach/presentation/feature/nearby/NearbyManager.kt:412:56 Unresolved reference 'asBytes'.
e: file:///home/rhyn/ITD103/tawi-tawi-frontend/android/app/src/main/kotlin/com/rhyn/reach/presentation/feature/nearby/NearbyManager.kt:467:54 No value passed for parameter 'name'.
e: file:///home/rhyn/ITD103/tawi-tawi-frontend/android/app/src/main/kotlin/com/rhyn/reach/presentation/feature/nearby/NearbyManager.kt:467:57 Unresolved reference 'routeAllPendingMessages'.
e: file:///home/rhyn/ITD103/tawi-tawi-frontend/android/app/src/main/kotlin/com/rhyn/reach/presentation/feature/nearby/NearbyManager.kt:532:58 No value passed for parameter 'name'.
e: file:///home/rhyn/ITD103/tawi-tawi-frontend/android/app/src/main/kotlin/com/rhyn/reach/presentation/feature/nearby/NearbyManager.kt:532:61 Unresolved reference 'routeAllPendingMessages'.
e: file:///home/rhyn/ITD103/tawi-tawi-frontend/android/app/src/main/kotlin/com/rhyn/reach/presentation/feature/nearby/NearbyManager.kt:568:61 No value passed for parameter 'name'.
e: file:///home/rhyn/ITD103/tawi-tawi-frontend/android/app/src/main/kotlin/com/rhyn/reach/presentation/feature/nearby/NearbyManager.kt:568:64 Unresolved reference 'processIncomingRelay'.
e: file:///home/rhyn/ITD103/tawi-tawi-frontend/android/app/src/main/kotlin/com/rhyn/reach/presentation/feature/nearby/NearbyManager.kt:575:17 Unresolved reference 'Payload'.
e: file:///home/rhyn/ITD103/tawi-tawi-frontend/android/app/src/main/kotlin/com/rhyn/reach/presentation/feature/nearby/NearbyManager.kt:577:47 Unresolved reference 'asFile'.
e: file:///home/rhyn/ITD103/tawi-tawi-frontend/android/app/src/main/kotlin/com/rhyn/reach/presentation/feature/nearby/NearbyManager.kt:580:53 Unresolved reference 'id'.
e: file:///home/rhyn/ITD103/tawi-tawi-frontend/android/app/src/main/kotlin/com/rhyn/reach/presentation/feature/nearby/NearbyManager.kt:586:9 'onPayloadTransferUpdate' overrides nothing.
e: file:///home/rhyn/ITD103/tawi-tawi-frontend/android/app/src/main/kotlin/com/rhyn/reach/presentation/feature/nearby/NearbyManager.kt:586:74 Unresolved reference 'PayloadTransferUpdate'.
e: file:///home/rhyn/ITD103/tawi-tawi-frontend/android/app/src/main/kotlin/com/rhyn/reach/presentation/feature/nearby/NearbyManager.kt:587:36 Unresolved reference 'payloadId'.
e: file:///home/rhyn/ITD103/tawi-tawi-frontend/android/app/src/main/kotlin/com/rhyn/reach/presentation/feature/nearby/NearbyManager.kt:589:24 Unresolved reference 'status'.
e: file:///home/rhyn/ITD103/tawi-tawi-frontend/android/app/src/main/kotlin/com/rhyn/reach/presentation/feature/nearby/NearbyManager.kt:589:34 Unresolved reference 'PayloadTransferUpdate'.
e: file:///home/rhyn/ITD103/tawi-tawi-frontend/android/app/src/main/kotlin/com/rhyn/reach/presentation/feature/nearby/NearbyManager.kt:590:24 Unresolved reference 'status'.
e: file:///home/rhyn/ITD103/tawi-tawi-frontend/android/app/src/main/kotlin/com/rhyn/reach/presentation/feature/nearby/NearbyManager.kt:590:34 Unresolved reference 'PayloadTransferUpdate'.
e: file:///home/rhyn/ITD103/tawi-tawi-frontend/android/app/src/main/kotlin/com/rhyn/reach/presentation/feature/nearby/NearbyManager.kt:591:24 Unresolved reference 'status'.
e: file:///home/rhyn/ITD103/tawi-tawi-frontend/android/app/src/main/kotlin/com/rhyn/reach/presentation/feature/nearby/NearbyManager.kt:591:34 Unresolved reference 'PayloadTransferUpdate'.
e: file:///home/rhyn/ITD103/tawi-tawi-frontend/android/app/src/main/kotlin/com/rhyn/reach/presentation/feature/nearby/NearbyManager.kt:596:26 Unresolved reference 'status'.
e: file:///home/rhyn/ITD103/tawi-tawi-frontend/android/app/src/main/kotlin/com/rhyn/reach/presentation/feature/nearby/NearbyManager.kt:597:17 Unresolved reference 'PayloadTransferUpdate'.
e: file:///home/rhyn/ITD103/tawi-tawi-frontend/android/app/src/main/kotlin/com/rhyn/reach/presentation/feature/nearby/NearbyManager.kt:612:59 Unresolved reference 'asParcelFileDescriptor'.
e: file:///home/rhyn/ITD103/tawi-tawi-frontend/android/app/src/main/kotlin/com/rhyn/reach/presentation/feature/nearby/NearbyManager.kt:614:53 Unresolved reference 'asUri'.
e: file:///home/rhyn/ITD103/tawi-tawi-frontend/android/app/src/main/kotlin/com/rhyn/reach/presentation/feature/nearby/NearbyManager.kt:614:124 Unresolved reference 'asUri'.
e: file:///home/rhyn/ITD103/tawi-tawi-frontend/android/app/src/main/kotlin/com/rhyn/reach/presentation/feature/nearby/NearbyManager.kt:616:53 Unresolved reference 'asJavaFile'.
e: file:///home/rhyn/ITD103/tawi-tawi-frontend/android/app/src/main/kotlin/com/rhyn/reach/presentation/feature/nearby/NearbyManager.kt:616:105 Unresolved reference 'asJavaFile'.
e: file:///home/rhyn/ITD103/tawi-tawi-frontend/android/app/src/main/kotlin/com/rhyn/reach/presentation/feature/nearby/NearbyManager.kt:617:98 Argument type mismatch: actual type is 'kotlin.Any', but 'android.os.ParcelFileDescriptor!' was expected.
e: file:///home/rhyn/ITD103/tawi-tawi-frontend/android/app/src/main/kotlin/com/rhyn/reach/presentation/feature/nearby/NearbyManager.kt:632:49 Unresolved reference 'asJavaFile'.
e: file:///home/rhyn/ITD103/tawi-tawi-frontend/android/app/src/main/kotlin/com/rhyn/reach/presentation/feature/nearby/NearbyManager.kt:634:49 Unresolved reference 'asJavaFile'.
e: file:///home/rhyn/ITD103/tawi-tawi-frontend/android/app/src/main/kotlin/com/rhyn/reach/presentation/feature/nearby/NearbyManager.kt:642:17 Unresolved reference 'PayloadTransferUpdate'.
e: file:///home/rhyn/ITD103/tawi-tawi-frontend/android/app/src/main/kotlin/com/rhyn/reach/presentation/feature/nearby/NearbyManager.kt:642:55 Unresolved reference 'PayloadTransferUpdate'.
e: file:///home/rhyn/ITD103/tawi-tawi-frontend/android/app/src/main/kotlin/com/rhyn/reach/presentation/feature/nearby/NearbyManager.kt:670:23 Unresolved reference 'AdvertisingOptions'.
e: file:///home/rhyn/ITD103/tawi-tawi-frontend/android/app/src/main/kotlin/com/rhyn/reach/presentation/feature/nearby/NearbyManager.kt:671:26 Unresolved reference 'Strategy'.
e: file:///home/rhyn/ITD103/tawi-tawi-frontend/android/app/src/main/kotlin/com/rhyn/reach/presentation/feature/nearby/NearbyManager.kt:690:37 Cannot infer type for this parameter. Please specify it explicitly.
e: file:///home/rhyn/ITD103/tawi-tawi-frontend/android/app/src/main/kotlin/com/rhyn/reach/presentation/feature/nearby/NearbyManager.kt:691:56 Unresolved reference 'api'.
e: file:///home/rhyn/ITD103/tawi-tawi-frontend/android/app/src/main/kotlin/com/rhyn/reach/presentation/feature/nearby/NearbyManager.kt:692:29 Unresolved reference 'statusCode'.
e: file:///home/rhyn/ITD103/tawi-tawi-frontend/android/app/src/main/kotlin/com/rhyn/reach/presentation/feature/nearby/NearbyManager.kt:693:25 Unresolved reference 'ConnectionsStatusCodes'.
e: file:///home/rhyn/ITD103/tawi-tawi-frontend/android/app/src/main/kotlin/com/rhyn/reach/presentation/feature/nearby/NearbyManager.kt:698:31 Unresolved reference 'ConnectionsStatusCodes'.
e: file:///home/rhyn/ITD103/tawi-tawi-frontend/android/app/src/main/kotlin/com/rhyn/reach/presentation/feature/nearby/NearbyManager.kt:704:25 Unresolved reference 'ConnectionsStatusCodes'.
e: file:///home/rhyn/ITD103/tawi-tawi-frontend/android/app/src/main/kotlin/com/rhyn/reach/presentation/feature/nearby/NearbyManager.kt:721:73 Unresolved reference 'statusCode'.
e: file:///home/rhyn/ITD103/tawi-tawi-frontend/android/app/src/main/kotlin/com/rhyn/reach/presentation/feature/nearby/NearbyManager.kt:759:35 Unresolved reference 'Payload'.
e: file:///home/rhyn/ITD103/tawi-tawi-frontend/android/app/src/main/kotlin/com/rhyn/reach/presentation/feature/nearby/NearbyManager.kt:770:35 Unresolved reference 'Payload'.
e: file:///home/rhyn/ITD103/tawi-tawi-frontend/android/app/src/main/kotlin/com/rhyn/reach/presentation/feature/nearby/NearbyManager.kt:789:23 Unresolved reference 'DiscoveryOptions'.
e: file:///home/rhyn/ITD103/tawi-tawi-frontend/android/app/src/main/kotlin/com/rhyn/reach/presentation/feature/nearby/NearbyManager.kt:790:26 Unresolved reference 'Strategy'.
e: file:///home/rhyn/ITD103/tawi-tawi-frontend/android/app/src/main/kotlin/com/rhyn/reach/presentation/feature/nearby/NearbyManager.kt:802:37 Cannot infer type for this parameter. Please specify it explicitly.
e: file:///home/rhyn/ITD103/tawi-tawi-frontend/android/app/src/main/kotlin/com/rhyn/reach/presentation/feature/nearby/NearbyManager.kt:803:56 Unresolved reference 'api'.
e: file:///home/rhyn/ITD103/tawi-tawi-frontend/android/app/src/main/kotlin/com/rhyn/reach/presentation/feature/nearby/NearbyManager.kt:804:29 Unresolved reference 'statusCode'.
e: file:///home/rhyn/ITD103/tawi-tawi-frontend/android/app/src/main/kotlin/com/rhyn/reach/presentation/feature/nearby/NearbyManager.kt:805:25 Unresolved reference 'ConnectionsStatusCodes'.
e: file:///home/rhyn/ITD103/tawi-tawi-frontend/android/app/src/main/kotlin/com/rhyn/reach/presentation/feature/nearby/NearbyManager.kt:809:31 Unresolved reference 'ConnectionsStatusCodes'.
e: file:///home/rhyn/ITD103/tawi-tawi-frontend/android/app/src/main/kotlin/com/rhyn/reach/presentation/feature/nearby/NearbyManager.kt:815:25 Unresolved reference 'ConnectionsStatusCodes'.
e: file:///home/rhyn/ITD103/tawi-tawi-frontend/android/app/src/main/kotlin/com/rhyn/reach/presentation/feature/nearby/NearbyManager.kt:832:71 Unresolved reference 'statusCode'.
e: file:///home/rhyn/ITD103/tawi-tawi-frontend/android/app/src/main/kotlin/com/rhyn/reach/presentation/feature/nearby/NearbyManager.kt:836:75 Unresolved reference 'message'.
e: file:///home/rhyn/ITD103/tawi-tawi-frontend/android/app/src/main/kotlin/com/rhyn/reach/presentation/feature/nearby/NearbyManager.kt:843:33 Unresolved reference 'ConnectionOptions'.
e: file:///home/rhyn/ITD103/tawi-tawi-frontend/android/app/src/main/kotlin/com/rhyn/reach/presentation/feature/nearby/NearbyManager.kt:851:37 Cannot infer type for this parameter. Please specify it explicitly.
e: file:///home/rhyn/ITD103/tawi-tawi-frontend/android/app/src/main/kotlin/com/rhyn/reach/presentation/feature/nearby/NearbyManager.kt:852:56 Unresolved reference 'api'.
e: file:///home/rhyn/ITD103/tawi-tawi-frontend/android/app/src/main/kotlin/com/rhyn/reach/presentation/feature/nearby/NearbyManager.kt:852:78 Unresolved reference 'statusCode'.
e: file:///home/rhyn/ITD103/tawi-tawi-frontend/android/app/src/main/kotlin/com/rhyn/reach/presentation/feature/nearby/NearbyManager.kt:852:92 Unresolved reference 'ConnectionsStatusCodes'.
e: file:///home/rhyn/ITD103/tawi-tawi-frontend/android/app/src/main/kotlin/com/rhyn/reach/presentation/feature/nearby/NearbyManager.kt:865:46 No value passed for parameter 'name'.
e: file:///home/rhyn/ITD103/tawi-tawi-frontend/android/app/src/main/kotlin/com/rhyn/reach/presentation/feature/nearby/NearbyManager.kt:865:49 Unresolved reference 'routeAllPendingMessages'.
e: file:///home/rhyn/ITD103/tawi-tawi-frontend/android/app/src/main/kotlin/com/rhyn/reach/presentation/feature/nearby/NearbyManager.kt:875:23 Unresolved reference 'Payload'.
e: file:///home/rhyn/ITD103/tawi-tawi-frontend/android/app/src/main/kotlin/com/rhyn/reach/presentation/feature/nearby/NearbyManager.kt:906:23 Unresolved reference 'Payload'.
e: file:///home/rhyn/ITD103/tawi-tawi-frontend/android/app/src/main/kotlin/com/rhyn/reach/presentation/feature/nearby/NearbyManager.kt:913:23 Unresolved reference 'Payload'.
e: file:///home/rhyn/ITD103/tawi-tawi-frontend/android/app/src/main/kotlin/com/rhyn/reach/presentation/feature/nearby/NearbyScreen.kt:7:26 Unresolved reference 'compose'.
e: file:///home/rhyn/ITD103/tawi-tawi-frontend/android/app/src/main/kotlin/com/rhyn/reach/presentation/feature/nearby/NearbyScreen.kt:9:17 Unresolved reference 'compose'.
e: file:///home/rhyn/ITD103/tawi-tawi-frontend/android/app/src/main/kotlin/com/rhyn/reach/presentation/feature/nearby/NearbyScreen.kt:10:17 Unresolved reference 'compose'.
e: file:///home/rhyn/ITD103/tawi-tawi-frontend/android/app/src/main/kotlin/com/rhyn/reach/presentation/feature/nearby/NearbyScreen.kt:11:17 Unresolved reference 'compose'.
e: file:///home/rhyn/ITD103/tawi-tawi-frontend/android/app/src/main/kotlin/com/rhyn/reach/presentation/feature/nearby/NearbyScreen.kt:12:17 Unresolved reference 'compose'.
e: file:///home/rhyn/ITD103/tawi-tawi-frontend/android/app/src/main/kotlin/com/rhyn/reach/presentation/feature/nearby/NearbyScreen.kt:13:17 Unresolved reference 'compose'.
e: file:///home/rhyn/ITD103/tawi-tawi-frontend/android/app/src/main/kotlin/com/rhyn/reach/presentation/feature/nearby/NearbyScreen.kt:14:17 Unresolved reference 'compose'.
e: file:///home/rhyn/ITD103/tawi-tawi-frontend/android/app/src/main/kotlin/com/rhyn/reach/presentation/feature/nearby/NearbyScreen.kt:15:17 Unresolved reference 'compose'.
e: file:///home/rhyn/ITD103/tawi-tawi-frontend/android/app/src/main/kotlin/com/rhyn/reach/presentation/feature/nearby/NearbyScreen.kt:16:17 Unresolved reference 'compose'.
e: file:///home/rhyn/ITD103/tawi-tawi-frontend/android/app/src/main/kotlin/com/rhyn/reach/presentation/feature/nearby/NearbyScreen.kt:17:17 Unresolved reference 'compose'.
e: file:///home/rhyn/ITD103/tawi-tawi-frontend/android/app/src/main/kotlin/com/rhyn/reach/presentation/feature/nearby/NearbyScreen.kt:18:17 Unresolved reference 'compose'.
e: file:///home/rhyn/ITD103/tawi-tawi-frontend/android/app/src/main/kotlin/com/rhyn/reach/presentation/feature/nearby/NearbyScreen.kt:19:17 Unresolved reference 'compose'.
e: file:///home/rhyn/ITD103/tawi-tawi-frontend/android/app/src/main/kotlin/com/rhyn/reach/presentation/feature/nearby/NearbyScreen.kt:20:17 Unresolved reference 'compose'.
e: file:///home/rhyn/ITD103/tawi-tawi-frontend/android/app/src/main/kotlin/com/rhyn/reach/presentation/feature/nearby/NearbyScreen.kt:21:17 Unresolved reference 'compose'.
e: file:///home/rhyn/ITD103/tawi-tawi-frontend/android/app/src/main/kotlin/com/rhyn/reach/presentation/feature/nearby/NearbyScreen.kt:22:17 Unresolved reference 'compose'.
e: file:///home/rhyn/ITD103/tawi-tawi-frontend/android/app/src/main/kotlin/com/rhyn/reach/presentation/feature/nearby/NearbyScreen.kt:23:17 Unresolved reference 'compose'.
e: file:///home/rhyn/ITD103/tawi-tawi-frontend/android/app/src/main/kotlin/com/rhyn/reach/presentation/feature/nearby/NearbyScreen.kt:24:17 Unresolved reference 'compose'.
e: file:///home/rhyn/ITD103/tawi-tawi-frontend/android/app/src/main/kotlin/com/rhyn/reach/presentation/feature/nearby/NearbyScreen.kt:25:17 Unresolved reference 'compose'.
e: file:///home/rhyn/ITD103/tawi-tawi-frontend/android/app/src/main/kotlin/com/rhyn/reach/presentation/feature/nearby/NearbyScreen.kt:26:17 Unresolved reference 'compose'.
e: file:///home/rhyn/ITD103/tawi-tawi-frontend/android/app/src/main/kotlin/com/rhyn/reach/presentation/feature/nearby/NearbyScreen.kt:27:17 Unresolved reference 'compose'.
e: file:///home/rhyn/ITD103/tawi-tawi-frontend/android/app/src/main/kotlin/com/rhyn/reach/presentation/feature/nearby/NearbyScreen.kt:28:17 Unresolved reference 'compose'.
e: file:///home/rhyn/ITD103/tawi-tawi-frontend/android/app/src/main/kotlin/com/rhyn/reach/presentation/feature/nearby/NearbyScreen.kt:29:17 Unresolved reference 'compose'.
e: file:///home/rhyn/ITD103/tawi-tawi-frontend/android/app/src/main/kotlin/com/rhyn/reach/presentation/feature/nearby/NearbyScreen.kt:30:17 Unresolved reference 'compose'.
e: file:///home/rhyn/ITD103/tawi-tawi-frontend/android/app/src/main/kotlin/com/rhyn/reach/presentation/feature/nearby/NearbyScreen.kt:31:17 Unresolved reference 'compose'.
e: file:///home/rhyn/ITD103/tawi-tawi-frontend/android/app/src/main/kotlin/com/rhyn/reach/presentation/feature/nearby/NearbyScreen.kt:33:17 Unresolved reference 'hilt'.
e: file:///home/rhyn/ITD103/tawi-tawi-frontend/android/app/src/main/kotlin/com/rhyn/reach/presentation/feature/nearby/NearbyScreen.kt:34:12 Unresolved reference 'journeyapps'.
e: file:///home/rhyn/ITD103/tawi-tawi-frontend/android/app/src/main/kotlin/com/rhyn/reach/presentation/feature/nearby/NearbyScreen.kt:35:12 Unresolved reference 'journeyapps'.
e: file:///home/rhyn/ITD103/tawi-tawi-frontend/android/app/src/main/kotlin/com/rhyn/reach/presentation/feature/nearby/NearbyScreen.kt:39:8 Unresolved reference 'ExperimentalMaterial3Api'.
e: file:///home/rhyn/ITD103/tawi-tawi-frontend/android/app/src/main/kotlin/com/rhyn/reach/presentation/feature/nearby/NearbyScreen.kt:39:8 Annotation argument must be a compile-time constant.
e: file:///home/rhyn/ITD103/tawi-tawi-frontend/android/app/src/main/kotlin/com/rhyn/reach/presentation/feature/nearby/NearbyScreen.kt:40:2 Unresolved reference 'Composable'.
e: file:///home/rhyn/ITD103/tawi-tawi-frontend/android/app/src/main/kotlin/com/rhyn/reach/presentation/feature/nearby/NearbyScreen.kt:41:1 Conflicting overloads:
fun NearbyScreen(viewModel: NearbyViewModel = ..., onNavigateToChat: (String) -> Unit): Unit
e: file:///home/rhyn/ITD103/tawi-tawi-frontend/android/app/src/main/kotlin/com/rhyn/reach/presentation/feature/nearby/NearbyScreen.kt:42:34 Unresolved reference 'hiltViewModel'.
e: file:///home/rhyn/ITD103/tawi-tawi-frontend/android/app/src/main/kotlin/com/rhyn/reach/presentation/feature/nearby/NearbyScreen.kt:45:44 Unresolved reference 'collectAsState'.
e: file:///home/rhyn/ITD103/tawi-tawi-frontend/android/app/src/main/kotlin/com/rhyn/reach/presentation/feature/nearby/NearbyScreen.kt:46:50 Unresolved reference 'collectAsState'.
e: file:///home/rhyn/ITD103/tawi-tawi-frontend/android/app/src/main/kotlin/com/rhyn/reach/presentation/feature/nearby/NearbyScreen.kt:47:56 Unresolved reference 'collectAsState'.
e: file:///home/rhyn/ITD103/tawi-tawi-frontend/android/app/src/main/kotlin/com/rhyn/reach/presentation/feature/nearby/NearbyScreen.kt:48:44 Unresolved reference 'collectAsState'.
e: file:///home/rhyn/ITD103/tawi-tawi-frontend/android/app/src/main/kotlin/com/rhyn/reach/presentation/feature/nearby/NearbyScreen.kt:49:19 Unresolved reference 'LocalContext'.
e: file:///home/rhyn/ITD103/tawi-tawi-frontend/android/app/src/main/kotlin/com/rhyn/reach/presentation/feature/nearby/NearbyScreen.kt:50:26 Unresolved reference 'rememberCoroutineScope'.
e: file:///home/rhyn/ITD103/tawi-tawi-frontend/android/app/src/main/kotlin/com/rhyn/reach/presentation/feature/nearby/NearbyScreen.kt:53:31 Unresolved reference 'remember'.
e: file:///home/rhyn/ITD103/tawi-tawi-frontend/android/app/src/main/kotlin/com/rhyn/reach/presentation/feature/nearby/NearbyScreen.kt:80:30 Unresolved reference 'rememberLauncherForActivityResult'.
e: file:///home/rhyn/ITD103/tawi-tawi-frontend/android/app/src/main/kotlin/com/rhyn/reach/presentation/feature/nearby/NearbyScreen.kt:82:9 Cannot infer type for this parameter. Please specify it explicitly.
e: file:///home/rhyn/ITD103/tawi-tawi-frontend/android/app/src/main/kotlin/com/rhyn/reach/presentation/feature/nearby/NearbyScreen.kt:83:38 Unresolved reference 'values'.
e: file:///home/rhyn/ITD103/tawi-tawi-frontend/android/app/src/main/kotlin/com/rhyn/reach/presentation/feature/nearby/NearbyScreen.kt:83:51 Unresolved reference 'it'.
e: file:///home/rhyn/ITD103/tawi-tawi-frontend/android/app/src/main/kotlin/com/rhyn/reach/presentation/feature/nearby/NearbyScreen.kt:90:29 Unresolved reference 'rememberLauncherForActivityResult'.
e: file:///home/rhyn/ITD103/tawi-tawi-frontend/android/app/src/main/kotlin/com/rhyn/reach/presentation/feature/nearby/NearbyScreen.kt:90:63 Unresolved reference 'ScanContract'.
e: file:///home/rhyn/ITD103/tawi-tawi-frontend/android/app/src/main/kotlin/com/rhyn/reach/presentation/feature/nearby/NearbyScreen.kt:90:81 Cannot infer type for this parameter. Please specify it explicitly.
e: file:///home/rhyn/ITD103/tawi-tawi-frontend/android/app/src/main/kotlin/com/rhyn/reach/presentation/feature/nearby/NearbyScreen.kt:91:20 Unresolved reference 'contents'.
e: file:///home/rhyn/ITD103/tawi-tawi-frontend/android/app/src/main/kotlin/com/rhyn/reach/presentation/feature/nearby/NearbyScreen.kt:93:73 Unresolved reference 'contents'.
e: file:///home/rhyn/ITD103/tawi-tawi-frontend/android/app/src/main/kotlin/com/rhyn/reach/presentation/feature/nearby/NearbyScreen.kt:103:5 Unresolved reference 'Scaffold'.
e: file:///home/rhyn/ITD103/tawi-tawi-frontend/android/app/src/main/kotlin/com/rhyn/reach/presentation/feature/nearby/NearbyScreen.kt:104:26 Unresolved reference 'MaterialTheme'.
e: file:///home/rhyn/ITD103/tawi-tawi-frontend/android/app/src/main/kotlin/com/rhyn/reach/presentation/feature/nearby/NearbyScreen.kt:106:13 Unresolved reference 'TopAppBar'.
e: file:///home/rhyn/ITD103/tawi-tawi-frontend/android/app/src/main/kotlin/com/rhyn/reach/presentation/feature/nearby/NearbyScreen.kt:107:27 Unresolved reference 'Text'.
e: file:///home/rhyn/ITD103/tawi-tawi-frontend/android/app/src/main/kotlin/com/rhyn/reach/presentation/feature/nearby/NearbyScreen.kt:107:54 Unresolved reference 'FontWeight'.
e: file:///home/rhyn/ITD103/tawi-tawi-frontend/android/app/src/main/kotlin/com/rhyn/reach/presentation/feature/nearby/NearbyScreen.kt:107:89 Unresolved reference 'sp'.
e: file:///home/rhyn/ITD103/tawi-tawi-frontend/android/app/src/main/kotlin/com/rhyn/reach/presentation/feature/nearby/NearbyScreen.kt:108:26 Unresolved reference 'TopAppBarDefaults'.
e: file:///home/rhyn/ITD103/tawi-tawi-frontend/android/app/src/main/kotlin/com/rhyn/reach/presentation/feature/nearby/NearbyScreen.kt:109:38 Unresolved reference 'MaterialTheme'.
e: file:///home/rhyn/ITD103/tawi-tawi-frontend/android/app/src/main/kotlin/com/rhyn/reach/presentation/feature/nearby/NearbyScreen.kt:110:41 Unresolved reference 'MaterialTheme'.
e: file:///home/rhyn/ITD103/tawi-tawi-frontend/android/app/src/main/kotlin/com/rhyn/reach/presentation/feature/nearby/NearbyScreen.kt:114:21 Unresolved reference 'IconButton'.
e: file:///home/rhyn/ITD103/tawi-tawi-frontend/android/app/src/main/kotlin/com/rhyn/reach/presentation/feature/nearby/NearbyScreen.kt:116:43 Unresolved reference 'ScanOptions'.
e: file:///home/rhyn/ITD103/tawi-tawi-frontend/android/app/src/main/kotlin/com/rhyn/reach/presentation/feature/nearby/NearbyScreen.kt:117:62 Unresolved reference 'ScanOptions'.
e: file:///home/rhyn/ITD103/tawi-tawi-frontend/android/app/src/main/kotlin/com/rhyn/reach/presentation/feature/nearby/NearbyScreen.kt:128:25 Unresolved reference 'Icon'.
e: file:///home/rhyn/ITD103/tawi-tawi-frontend/android/app/src/main/kotlin/com/rhyn/reach/presentation/feature/nearby/NearbyScreen.kt:129:43 Unresolved reference 'Icons'.
e: file:///home/rhyn/ITD103/tawi-tawi-frontend/android/app/src/main/kotlin/com/rhyn/reach/presentation/feature/nearby/NearbyScreen.kt:131:36 Unresolved reference 'MaterialTheme'.
e: file:///home/rhyn/ITD103/tawi-tawi-frontend/android/app/src/main/kotlin/com/rhyn/reach/presentation/feature/nearby/NearbyScreen.kt:136:21 Unresolved reference 'Button'.
e: file:///home/rhyn/ITD103/tawi-tawi-frontend/android/app/src/main/kotlin/com/rhyn/reach/presentation/feature/nearby/NearbyScreen.kt:139:76 Unresolved reference 'it'.
e: file:///home/rhyn/ITD103/tawi-tawi-frontend/android/app/src/main/kotlin/com/rhyn/reach/presentation/feature/nearby/NearbyScreen.kt:148:34 Unresolved reference 'ButtonDefaults'.
e: file:///home/rhyn/ITD103/tawi-tawi-frontend/android/app/src/main/kotlin/com/rhyn/reach/presentation/feature/nearby/NearbyScreen.kt:149:62 Unresolved reference 'MaterialTheme'.
e: file:///home/rhyn/ITD103/tawi-tawi-frontend/android/app/src/main/kotlin/com/rhyn/reach/presentation/feature/nearby/NearbyScreen.kt:149:108 Unresolved reference 'MaterialTheme'.
e: file:///home/rhyn/ITD103/tawi-tawi-frontend/android/app/src/main/kotlin/com/rhyn/reach/presentation/feature/nearby/NearbyScreen.kt:150:60 Unresolved reference 'MaterialTheme'.
e: file:///home/rhyn/ITD103/tawi-tawi-frontend/android/app/src/main/kotlin/com/rhyn/reach/presentation/feature/nearby/NearbyScreen.kt:150:108 Unresolved reference 'MaterialTheme'.
e: file:///home/rhyn/ITD103/tawi-tawi-frontend/android/app/src/main/kotlin/com/rhyn/reach/presentation/feature/nearby/NearbyScreen.kt:152:36 Unresolved reference 'Modifier'.
e: file:///home/rhyn/ITD103/tawi-tawi-frontend/android/app/src/main/kotlin/com/rhyn/reach/presentation/feature/nearby/NearbyScreen.kt:152:62 Unresolved reference 'dp'.
e: file:///home/rhyn/ITD103/tawi-tawi-frontend/android/app/src/main/kotlin/com/rhyn/reach/presentation/feature/nearby/NearbyScreen.kt:152:76 Unresolved reference 'dp'.
e: file:///home/rhyn/ITD103/tawi-tawi-frontend/android/app/src/main/kotlin/com/rhyn/reach/presentation/feature/nearby/NearbyScreen.kt:154:25 Unresolved reference 'Text'.
e: file:///home/rhyn/ITD103/tawi-tawi-frontend/android/app/src/main/kotlin/com/rhyn/reach/presentation/feature/nearby/NearbyScreen.kt:159:9 Cannot infer type for this parameter. Please specify it explicitly.
e: file:///home/rhyn/ITD103/tawi-tawi-frontend/android/app/src/main/kotlin/com/rhyn/reach/presentation/feature/nearby/NearbyScreen.kt:160:9 Unresolved reference 'Column'.
e: file:///home/rhyn/ITD103/tawi-tawi-frontend/android/app/src/main/kotlin/com/rhyn/reach/presentation/feature/nearby/NearbyScreen.kt:161:24 Unresolved reference 'Modifier'.
e: file:///home/rhyn/ITD103/tawi-tawi-frontend/android/app/src/main/kotlin/com/rhyn/reach/presentation/feature/nearby/NearbyScreen.kt:166:34 Unresolved reference 'not' for operator '!'.
e: file:///home/rhyn/ITD103/tawi-tawi-frontend/android/app/src/main/kotlin/com/rhyn/reach/presentation/feature/nearby/NearbyScreen.kt:167:17 Unresolved reference 'Card'.
e: file:///home/rhyn/ITD103/tawi-tawi-frontend/android/app/src/main/kotlin/com/rhyn/reach/presentation/feature/nearby/NearbyScreen.kt:168:30 Unresolved reference 'CardDefaults'.
e: file:///home/rhyn/ITD103/tawi-tawi-frontend/android/app/src/main/kotlin/com/rhyn/reach/presentation/feature/nearby/NearbyScreen.kt:169:42 Unresolved reference 'MaterialTheme'.
e: file:///home/rhyn/ITD103/tawi-tawi-frontend/android/app/src/main/kotlin/com/rhyn/reach/presentation/feature/nearby/NearbyScreen.kt:170:40 Unresolved reference 'MaterialTheme'.
e: file:///home/rhyn/ITD103/tawi-tawi-frontend/android/app/src/main/kotlin/com/rhyn/reach/presentation/feature/nearby/NearbyScreen.kt:172:32 Unresolved reference 'Modifier'.
e: file:///home/rhyn/ITD103/tawi-tawi-frontend/android/app/src/main/kotlin/com/rhyn/reach/presentation/feature/nearby/NearbyScreen.kt:174:37 Unresolved reference 'dp'.
e: file:///home/rhyn/ITD103/tawi-tawi-frontend/android/app/src/main/kotlin/com/rhyn/reach/presentation/feature/nearby/NearbyScreen.kt:176:21 Unresolved reference 'Row'.
e: file:///home/rhyn/ITD103/tawi-tawi-frontend/android/app/src/main/kotlin/com/rhyn/reach/presentation/feature/nearby/NearbyScreen.kt:177:36 Unresolved reference 'Modifier'.
e: file:///home/rhyn/ITD103/tawi-tawi-frontend/android/app/src/main/kotlin/com/rhyn/reach/presentation/feature/nearby/NearbyScreen.kt:177:56 Unresolved reference 'dp'.
e: file:///home/rhyn/ITD103/tawi-tawi-frontend/android/app/src/main/kotlin/com/rhyn/reach/presentation/feature/nearby/NearbyScreen.kt:178:45 Unresolved reference 'Alignment'.
e: file:///home/rhyn/ITD103/tawi-tawi-frontend/android/app/src/main/kotlin/com/rhyn/reach/presentation/feature/nearby/NearbyScreen.kt:180:25 Unresolved reference 'Icon'.
e: file:///home/rhyn/ITD103/tawi-tawi-frontend/android/app/src/main/kotlin/com/rhyn/reach/presentation/feature/nearby/NearbyScreen.kt:181:43 Unresolved reference 'Icons'.
e: file:///home/rhyn/ITD103/tawi-tawi-frontend/android/app/src/main/kotlin/com/rhyn/reach/presentation/feature/nearby/NearbyScreen.kt:183:40 Unresolved reference 'Modifier'.
e: file:///home/rhyn/ITD103/tawi-tawi-frontend/android/app/src/main/kotlin/com/rhyn/reach/presentation/feature/nearby/NearbyScreen.kt:183:57 Unresolved reference 'dp'.
e: file:///home/rhyn/ITD103/tawi-tawi-frontend/android/app/src/main/kotlin/com/rhyn/reach/presentation/feature/nearby/NearbyScreen.kt:185:25 Unresolved reference 'Spacer'.
e: file:///home/rhyn/ITD103/tawi-tawi-frontend/android/app/src/main/kotlin/com/rhyn/reach/presentation/feature/nearby/NearbyScreen.kt:185:43 Unresolved reference 'Modifier'.
e: file:///home/rhyn/ITD103/tawi-tawi-frontend/android/app/src/main/kotlin/com/rhyn/reach/presentation/feature/nearby/NearbyScreen.kt:185:61 Unresolved reference 'dp'.
e: file:///home/rhyn/ITD103/tawi-tawi-frontend/android/app/src/main/kotlin/com/rhyn/reach/presentation/feature/nearby/NearbyScreen.kt:186:25 Unresolved reference 'Text'.
e: file:///home/rhyn/ITD103/tawi-tawi-frontend/android/app/src/main/kotlin/com/rhyn/reach/presentation/feature/nearby/NearbyScreen.kt:188:37 Unresolved reference 'MaterialTheme'.
e: file:///home/rhyn/ITD103/tawi-tawi-frontend/android/app/src/main/kotlin/com/rhyn/reach/presentation/feature/nearby/NearbyScreen.kt:189:42 Unresolved reference 'FontWeight'.
e: file:///home/rhyn/ITD103/tawi-tawi-frontend/android/app/src/main/kotlin/com/rhyn/reach/presentation/feature/nearby/NearbyScreen.kt:196:13 Unresolved reference 'Box'.
e: file:///home/rhyn/ITD103/tawi-tawi-frontend/android/app/src/main/kotlin/com/rhyn/reach/presentation/feature/nearby/NearbyScreen.kt:197:28 Unresolved reference 'Modifier'.
e: file:///home/rhyn/ITD103/tawi-tawi-frontend/android/app/src/main/kotlin/com/rhyn/reach/presentation/feature/nearby/NearbyScreen.kt:199:33 Unresolved reference 'dp'.
e: file:///home/rhyn/ITD103/tawi-tawi-frontend/android/app/src/main/kotlin/com/rhyn/reach/presentation/feature/nearby/NearbyScreen.kt:200:33 Unresolved reference 'MaterialTheme'.
e: file:///home/rhyn/ITD103/tawi-tawi-frontend/android/app/src/main/kotlin/com/rhyn/reach/presentation/feature/nearby/NearbyScreen.kt:201:36 Unresolved reference 'Alignment'.
e: file:///home/rhyn/ITD103/tawi-tawi-frontend/android/app/src/main/kotlin/com/rhyn/reach/presentation/feature/nearby/NearbyScreen.kt:204:21 Overload resolution ambiguity between candidates:
fun RadarAnimation(): Unit
fun RadarAnimation(): Unit
e: file:///home/rhyn/ITD103/tawi-tawi-frontend/android/app/src/main/kotlin/com/rhyn/reach/presentation/feature/nearby/NearbyScreen.kt:206:21 Unresolved reference 'Icon'.
e: file:///home/rhyn/ITD103/tawi-tawi-frontend/android/app/src/main/kotlin/com/rhyn/reach/presentation/feature/nearby/NearbyScreen.kt:207:39 Unresolved reference 'Icons'.
e: file:///home/rhyn/ITD103/tawi-tawi-frontend/android/app/src/main/kotlin/com/rhyn/reach/presentation/feature/nearby/NearbyScreen.kt:209:36 Unresolved reference 'Modifier'.
e: file:///home/rhyn/ITD103/tawi-tawi-frontend/android/app/src/main/kotlin/com/rhyn/reach/presentation/feature/nearby/NearbyScreen.kt:209:53 Unresolved reference 'dp'.
e: file:///home/rhyn/ITD103/tawi-tawi-frontend/android/app/src/main/kotlin/com/rhyn/reach/presentation/feature/nearby/NearbyScreen.kt:210:32 Unresolved reference 'MaterialTheme'.
e: file:///home/rhyn/ITD103/tawi-tawi-frontend/android/app/src/main/kotlin/com/rhyn/reach/presentation/feature/nearby/NearbyScreen.kt:216:17 Unresolved reference 'Card'.
e: file:///home/rhyn/ITD103/tawi-tawi-frontend/android/app/src/main/kotlin/com/rhyn/reach/presentation/feature/nearby/NearbyScreen.kt:217:30 Unresolved reference 'CardDefaults'.
e: file:///home/rhyn/ITD103/tawi-tawi-frontend/android/app/src/main/kotlin/com/rhyn/reach/presentation/feature/nearby/NearbyScreen.kt:218:42 Unresolved reference 'MaterialTheme'.
e: file:///home/rhyn/ITD103/tawi-tawi-frontend/android/app/src/main/kotlin/com/rhyn/reach/presentation/feature/nearby/NearbyScreen.kt:220:32 Unresolved reference 'Modifier'.
e: file:///home/rhyn/ITD103/tawi-tawi-frontend/android/app/src/main/kotlin/com/rhyn/reach/presentation/feature/nearby/NearbyScreen.kt:222:50 Unresolved reference 'dp'.
e: file:///home/rhyn/ITD103/tawi-tawi-frontend/android/app/src/main/kotlin/com/rhyn/reach/presentation/feature/nearby/NearbyScreen.kt:222:67 Unresolved reference 'dp'.
e: file:///home/rhyn/ITD103/tawi-tawi-frontend/android/app/src/main/kotlin/com/rhyn/reach/presentation/feature/nearby/NearbyScreen.kt:224:21 Unresolved reference 'Row'.
e: file:///home/rhyn/ITD103/tawi-tawi-frontend/android/app/src/main/kotlin/com/rhyn/reach/presentation/feature/nearby/NearbyScreen.kt:225:36 Unresolved reference 'Modifier'.
e: file:///home/rhyn/ITD103/tawi-tawi-frontend/android/app/src/main/kotlin/com/rhyn/reach/presentation/feature/nearby/NearbyScreen.kt:227:41 Unresolved reference 'dp'.
e: file:///home/rhyn/ITD103/tawi-tawi-frontend/android/app/src/main/kotlin/com/rhyn/reach/presentation/feature/nearby/NearbyScreen.kt:228:49 Unresolved reference 'Arrangement'.
e: file:///home/rhyn/ITD103/tawi-tawi-frontend/android/app/src/main/kotlin/com/rhyn/reach/presentation/feature/nearby/NearbyScreen.kt:229:45 Unresolved reference 'Alignment'.
e: file:///home/rhyn/ITD103/tawi-tawi-frontend/android/app/src/main/kotlin/com/rhyn/reach/presentation/feature/nearby/NearbyScreen.kt:231:25 Unresolved reference 'Text'.
e: file:///home/rhyn/ITD103/tawi-tawi-frontend/android/app/src/main/kotlin/com/rhyn/reach/presentation/feature/nearby/NearbyScreen.kt:233:37 Unresolved reference 'MaterialTheme'.
e: file:///home/rhyn/ITD103/tawi-tawi-frontend/android/app/src/main/kotlin/com/rhyn/reach/presentation/feature/nearby/NearbyScreen.kt:234:37 Unresolved reference 'MaterialTheme'.
e: file:///home/rhyn/ITD103/tawi-tawi-frontend/android/app/src/main/kotlin/com/rhyn/reach/presentation/feature/nearby/NearbyScreen.kt:236:25 Unresolved reference 'Text'.
e: file:///home/rhyn/ITD103/tawi-tawi-frontend/android/app/src/main/kotlin/com/rhyn/reach/presentation/feature/nearby/NearbyScreen.kt:238:37 Unresolved reference 'MaterialTheme'.
e: file:///home/rhyn/ITD103/tawi-tawi-frontend/android/app/src/main/kotlin/com/rhyn/reach/presentation/feature/nearby/NearbyScreen.kt:239:42 Unresolved reference 'FontWeight'.
e: file:///home/rhyn/ITD103/tawi-tawi-frontend/android/app/src/main/kotlin/com/rhyn/reach/presentation/feature/nearby/NearbyScreen.kt:240:37 Unresolved reference 'MaterialTheme'.
e: file:///home/rhyn/ITD103/tawi-tawi-frontend/android/app/src/main/kotlin/com/rhyn/reach/presentation/feature/nearby/NearbyScreen.kt:247:13 Unresolved reference 'Text'.
e: file:///home/rhyn/ITD103/tawi-tawi-frontend/android/app/src/main/kotlin/com/rhyn/reach/presentation/feature/nearby/NearbyScreen.kt:248:51 Unresolved reference 'size'.
e: file:///home/rhyn/ITD103/tawi-tawi-frontend/android/app/src/main/kotlin/com/rhyn/reach/presentation/feature/nearby/NearbyScreen.kt:249:25 Unresolved reference 'MaterialTheme'.
e: file:///home/rhyn/ITD103/tawi-tawi-frontend/android/app/src/main/kotlin/com/rhyn/reach/presentation/feature/nearby/NearbyScreen.kt:250:25 Unresolved reference 'MaterialTheme'.
e: file:///home/rhyn/ITD103/tawi-tawi-frontend/android/app/src/main/kotlin/com/rhyn/reach/presentation/feature/nearby/NearbyScreen.kt:251:30 Unresolved reference 'FontWeight'.
e: file:///home/rhyn/ITD103/tawi-tawi-frontend/android/app/src/main/kotlin/com/rhyn/reach/presentation/feature/nearby/NearbyScreen.kt:252:28 Unresolved reference 'Modifier'.
e: file:///home/rhyn/ITD103/tawi-tawi-frontend/android/app/src/main/kotlin/com/rhyn/reach/presentation/feature/nearby/NearbyScreen.kt:252:56 Unresolved reference 'dp'.
e: file:///home/rhyn/ITD103/tawi-tawi-frontend/android/app/src/main/kotlin/com/rhyn/reach/presentation/feature/nearby/NearbyScreen.kt:252:69 Unresolved reference 'dp'.
e: file:///home/rhyn/ITD103/tawi-tawi-frontend/android/app/src/main/kotlin/com/rhyn/reach/presentation/feature/nearby/NearbyScreen.kt:252:84 Unresolved reference 'dp'.
e: file:///home/rhyn/ITD103/tawi-tawi-frontend/android/app/src/main/kotlin/com/rhyn/reach/presentation/feature/nearby/NearbyScreen.kt:255:13 Unresolved reference 'LazyColumn'.
e: file:///home/rhyn/ITD103/tawi-tawi-frontend/android/app/src/main/kotlin/com/rhyn/reach/presentation/feature/nearby/NearbyScreen.kt:256:28 Unresolved reference 'Modifier'.
e: file:///home/rhyn/ITD103/tawi-tawi-frontend/android/app/src/main/kotlin/com/rhyn/reach/presentation/feature/nearby/NearbyScreen.kt:257:34 Unresolved reference 'PaddingValues'.
e: file:///home/rhyn/ITD103/tawi-tawi-frontend/android/app/src/main/kotlin/com/rhyn/reach/presentation/feature/nearby/NearbyScreen.kt:257:60 Unresolved reference 'dp'.
e: file:///home/rhyn/ITD103/tawi-tawi-frontend/android/app/src/main/kotlin/com/rhyn/reach/presentation/feature/nearby/NearbyScreen.kt:259:17 Unresolved reference 'items'.
e: file:///home/rhyn/ITD103/tawi-tawi-frontend/android/app/src/main/kotlin/com/rhyn/reach/presentation/feature/nearby/NearbyScreen.kt:259:32 Cannot infer type for this parameter. Please specify it explicitly.
e: file:///home/rhyn/ITD103/tawi-tawi-frontend/android/app/src/main/kotlin/com/rhyn/reach/presentation/feature/nearby/NearbyScreen.kt:260:21 Unresolved reference 'ListItem'.
e: file:///home/rhyn/ITD103/tawi-tawi-frontend/android/app/src/main/kotlin/com/rhyn/reach/presentation/feature/nearby/NearbyScreen.kt:261:34 Unresolved reference 'ListItemDefaults'.
e: file:///home/rhyn/ITD103/tawi-tawi-frontend/android/app/src/main/kotlin/com/rhyn/reach/presentation/feature/nearby/NearbyScreen.kt:262:46 Unresolved reference 'MaterialTheme'.
e: file:///home/rhyn/ITD103/tawi-tawi-frontend/android/app/src/main/kotlin/com/rhyn/reach/presentation/feature/nearby/NearbyScreen.kt:264:36 Unresolved reference 'Modifier'.
e: file:///home/rhyn/ITD103/tawi-tawi-frontend/android/app/src/main/kotlin/com/rhyn/reach/presentation/feature/nearby/NearbyScreen.kt:267:62 Unresolved reference 'endpointId'.
e: file:///home/rhyn/ITD103/tawi-tawi-frontend/android/app/src/main/kotlin/com/rhyn/reach/presentation/feature/nearby/NearbyScreen.kt:267:79 Unresolved reference 'stableUserId'.
e: file:///home/rhyn/ITD103/tawi-tawi-frontend/android/app/src/main/kotlin/com/rhyn/reach/presentation/feature/nearby/NearbyScreen.kt:267:98 Unresolved reference 'username'.
e: file:///home/rhyn/ITD103/tawi-tawi-frontend/android/app/src/main/kotlin/com/rhyn/reach/presentation/feature/nearby/NearbyScreen.kt:268:55 Unresolved reference 'stableUserId'.
e: file:///home/rhyn/ITD103/tawi-tawi-frontend/android/app/src/main/kotlin/com/rhyn/reach/presentation/feature/nearby/NearbyScreen.kt:270:67 Unresolved reference 'username'.
e: file:///home/rhyn/ITD103/tawi-tawi-frontend/android/app/src/main/kotlin/com/rhyn/reach/presentation/feature/nearby/NearbyScreen.kt:272:29 Unresolved reference 'Text'.
e: file:///home/rhyn/ITD103/tawi-tawi-frontend/android/app/src/main/kotlin/com/rhyn/reach/presentation/feature/nearby/NearbyScreen.kt:272:39 Unresolved reference 'username'.
e: file:///home/rhyn/ITD103/tawi-tawi-frontend/android/app/src/main/kotlin/com/rhyn/reach/presentation/feature/nearby/NearbyScreen.kt:272:62 Unresolved reference 'FontWeight'.
e: file:///home/rhyn/ITD103/tawi-tawi-frontend/android/app/src/main/kotlin/com/rhyn/reach/presentation/feature/nearby/NearbyScreen.kt:272:87 Unresolved reference 'MaterialTheme'.
e: file:///home/rhyn/ITD103/tawi-tawi-frontend/android/app/src/main/kotlin/com/rhyn/reach/presentation/feature/nearby/NearbyScreen.kt:275:29 Unresolved reference 'Text'.
e: file:///home/rhyn/ITD103/tawi-tawi-frontend/android/app/src/main/kotlin/com/rhyn/reach/presentation/feature/nearby/NearbyScreen.kt:275:39 Unresolved reference 'connectionType'.
e: file:///home/rhyn/ITD103/tawi-tawi-frontend/android/app/src/main/kotlin/com/rhyn/reach/presentation/feature/nearby/NearbyScreen.kt:275:63 Unresolved reference 'MaterialTheme'.
e: file:///home/rhyn/ITD103/tawi-tawi-frontend/android/app/src/main/kotlin/com/rhyn/reach/presentation/feature/nearby/NearbyScreen.kt:278:29 Unresolved reference 'Row'.
e: file:///home/rhyn/ITD103/tawi-tawi-frontend/android/app/src/main/kotlin/com/rhyn/reach/presentation/feature/nearby/NearbyScreen.kt:278:53 Unresolved reference 'Alignment'.
e: file:///home/rhyn/ITD103/tawi-tawi-frontend/android/app/src/main/kotlin/com/rhyn/reach/presentation/feature/nearby/NearbyScreen.kt:279:42 Unresolved reference 'connectionType'.
e: file:///home/rhyn/ITD103/tawi-tawi-frontend/android/app/src/main/kotlin/com/rhyn/reach/presentation/feature/nearby/NearbyScreen.kt:279:81 Unresolved reference 'connectionType'.
e: file:///home/rhyn/ITD103/tawi-tawi-frontend/android/app/src/main/kotlin/com/rhyn/reach/presentation/feature/nearby/NearbyScreen.kt:280:37 Unresolved reference 'Icon'.
e: file:///home/rhyn/ITD103/tawi-tawi-frontend/android/app/src/main/kotlin/com/rhyn/reach/presentation/feature/nearby/NearbyScreen.kt:281:55 Unresolved reference 'Icons'.
e: file:///home/rhyn/ITD103/tawi-tawi-frontend/android/app/src/main/kotlin/com/rhyn/reach/presentation/feature/nearby/NearbyScreen.kt:283:48 Unresolved reference 'MaterialTheme'.
e: file:///home/rhyn/ITD103/tawi-tawi-frontend/android/app/src/main/kotlin/com/rhyn/reach/presentation/feature/nearby/NearbyScreen.kt:284:52 Unresolved reference 'Modifier'.
e: file:///home/rhyn/ITD103/tawi-tawi-frontend/android/app/src/main/kotlin/com/rhyn/reach/presentation/feature/nearby/NearbyScreen.kt:284:84 Unresolved reference 'connectionType'.
e: file:///home/rhyn/ITD103/tawi-tawi-frontend/android/app/src/main/kotlin/com/rhyn/reach/presentation/feature/nearby/NearbyScreen.kt:284:123 Unresolved reference 'dp'.
e: file:///home/rhyn/ITD103/tawi-tawi-frontend/android/app/src/main/kotlin/com/rhyn/reach/presentation/feature/nearby/NearbyScreen.kt:284:133 Unresolved reference 'dp'.
e: file:///home/rhyn/ITD103/tawi-tawi-frontend/android/app/src/main/kotlin/com/rhyn/reach/presentation/feature/nearby/NearbyScreen.kt:287:42 Unresolved reference 'connectionType'.
e: file:///home/rhyn/ITD103/tawi-tawi-frontend/android/app/src/main/kotlin/com/rhyn/reach/presentation/feature/nearby/NearbyScreen.kt:288:37 Unresolved reference 'Icon'.
e: file:///home/rhyn/ITD103/tawi-tawi-frontend/android/app/src/main/kotlin/com/rhyn/reach/presentation/feature/nearby/NearbyScreen.kt:289:55 Unresolved reference 'Icons'.
e: file:///home/rhyn/ITD103/tawi-tawi-frontend/android/app/src/main/kotlin/com/rhyn/reach/presentation/feature/nearby/NearbyScreen.kt:291:48 Unresolved reference 'MaterialTheme'.
e: file:///home/rhyn/ITD103/tawi-tawi-frontend/android/app/src/main/kotlin/com/rhyn/reach/presentation/feature/nearby/NearbyScreen.kt:299:40 Unresolved reference 'not' for operator '!'.
e: file:///home/rhyn/ITD103/tawi-tawi-frontend/android/app/src/main/kotlin/com/rhyn/reach/presentation/feature/nearby/NearbyScreen.kt:300:21 Unresolved reference 'item'.
e: file:///home/rhyn/ITD103/tawi-tawi-frontend/android/app/src/main/kotlin/com/rhyn/reach/presentation/feature/nearby/NearbyScreen.kt:301:25 Unresolved reference 'Text'.
e: file:///home/rhyn/ITD103/tawi-tawi-frontend/android/app/src/main/kotlin/com/rhyn/reach/presentation/feature/nearby/NearbyScreen.kt:303:37 Unresolved reference 'MaterialTheme'.
e: file:///home/rhyn/ITD103/tawi-tawi-frontend/android/app/src/main/kotlin/com/rhyn/reach/presentation/feature/nearby/NearbyScreen.kt:304:40 Unresolved reference 'Modifier'.
e: file:///home/rhyn/ITD103/tawi-tawi-frontend/android/app/src/main/kotlin/com/rhyn/reach/presentation/feature/nearby/NearbyScreen.kt:304:60 Unresolved reference 'dp'.
e: file:///home/rhyn/ITD103/tawi-tawi-frontend/android/app/src/main/kotlin/com/rhyn/reach/presentation/feature/nearby/NearbyScreen.kt:313:2 Unresolved reference 'Composable'.
e: file:///home/rhyn/ITD103/tawi-tawi-frontend/android/app/src/main/kotlin/com/rhyn/reach/presentation/feature/nearby/NearbyScreen.kt:314:1 Conflicting overloads:
fun RadarAnimation(): Unit
e: file:///home/rhyn/ITD103/tawi-tawi-frontend/android/app/src/main/kotlin/com/rhyn/reach/presentation/feature/nearby/NearbyScreen.kt:315:30 Unresolved reference 'rememberInfiniteTransition'.
e: file:///home/rhyn/ITD103/tawi-tawi-frontend/android/app/src/main/kotlin/com/rhyn/reach/presentation/feature/nearby/NearbyScreen.kt:321:25 Unresolved reference 'infiniteRepeatable'.
e: file:///home/rhyn/ITD103/tawi-tawi-frontend/android/app/src/main/kotlin/com/rhyn/reach/presentation/feature/nearby/NearbyScreen.kt:322:25 Unresolved reference 'tween'.
e: file:///home/rhyn/ITD103/tawi-tawi-frontend/android/app/src/main/kotlin/com/rhyn/reach/presentation/feature/nearby/NearbyScreen.kt:322:46 Unresolved reference 'LinearOutSlowInEasing'.
e: file:///home/rhyn/ITD103/tawi-tawi-frontend/android/app/src/main/kotlin/com/rhyn/reach/presentation/feature/nearby/NearbyScreen.kt:323:26 Unresolved reference 'RepeatMode'.
e: file:///home/rhyn/ITD103/tawi-tawi-frontend/android/app/src/main/kotlin/com/rhyn/reach/presentation/feature/nearby/NearbyScreen.kt:331:25 Unresolved reference 'infiniteRepeatable'.
e: file:///home/rhyn/ITD103/tawi-tawi-frontend/android/app/src/main/kotlin/com/rhyn/reach/presentation/feature/nearby/NearbyScreen.kt:332:25 Unresolved reference 'tween'.
e: file:///home/rhyn/ITD103/tawi-tawi-frontend/android/app/src/main/kotlin/com/rhyn/reach/presentation/feature/nearby/NearbyScreen.kt:332:46 Unresolved reference 'LinearOutSlowInEasing'.
e: file:///home/rhyn/ITD103/tawi-tawi-frontend/android/app/src/main/kotlin/com/rhyn/reach/presentation/feature/nearby/NearbyScreen.kt:333:26 Unresolved reference 'RepeatMode'.
e: file:///home/rhyn/ITD103/tawi-tawi-frontend/android/app/src/main/kotlin/com/rhyn/reach/presentation/feature/nearby/NearbyScreen.kt:337:5 Unresolved reference 'Box'.
e: file:///home/rhyn/ITD103/tawi-tawi-frontend/android/app/src/main/kotlin/com/rhyn/reach/presentation/feature/nearby/NearbyScreen.kt:337:28 Unresolved reference 'Alignment'.
e: file:///home/rhyn/ITD103/tawi-tawi-frontend/android/app/src/main/kotlin/com/rhyn/reach/presentation/feature/nearby/NearbyScreen.kt:339:9 Unresolved reference 'Box'.
e: file:///home/rhyn/ITD103/tawi-tawi-frontend/android/app/src/main/kotlin/com/rhyn/reach/presentation/feature/nearby/NearbyScreen.kt:340:24 Unresolved reference 'Modifier'.
e: file:///home/rhyn/ITD103/tawi-tawi-frontend/android/app/src/main/kotlin/com/rhyn/reach/presentation/feature/nearby/NearbyScreen.kt:341:27 Unresolved reference 'dp'.
e: file:///home/rhyn/ITD103/tawi-tawi-frontend/android/app/src/main/kotlin/com/rhyn/reach/presentation/feature/nearby/NearbyScreen.kt:343:23 Unresolved reference 'CircleShape'.
e: file:///home/rhyn/ITD103/tawi-tawi-frontend/android/app/src/main/kotlin/com/rhyn/reach/presentation/feature/nearby/NearbyScreen.kt:344:29 Unresolved reference 'MaterialTheme'.
e: file:///home/rhyn/ITD103/tawi-tawi-frontend/android/app/src/main/kotlin/com/rhyn/reach/presentation/feature/nearby/NearbyScreen.kt:347:9 Unresolved reference 'Box'.
e: file:///home/rhyn/ITD103/tawi-tawi-frontend/android/app/src/main/kotlin/com/rhyn/reach/presentation/feature/nearby/NearbyScreen.kt:348:24 Unresolved reference 'Modifier'.
e: file:///home/rhyn/ITD103/tawi-tawi-frontend/android/app/src/main/kotlin/com/rhyn/reach/presentation/feature/nearby/NearbyScreen.kt:349:26 Unresolved reference 'dp'.
e: file:///home/rhyn/ITD103/tawi-tawi-frontend/android/app/src/main/kotlin/com/rhyn/reach/presentation/feature/nearby/NearbyScreen.kt:350:23 Unresolved reference 'CircleShape'.
e: file:///home/rhyn/ITD103/tawi-tawi-frontend/android/app/src/main/kotlin/com/rhyn/reach/presentation/feature/nearby/NearbyScreen.kt:351:29 Unresolved reference 'MaterialTheme'.
e: file:///home/rhyn/ITD103/tawi-tawi-frontend/android/app/src/main/kotlin/com/rhyn/reach/presentation/feature/nearby/NearbyScreen.kt:352:32 Unresolved reference 'Alignment'.
e: file:///home/rhyn/ITD103/tawi-tawi-frontend/android/app/src/main/kotlin/com/rhyn/reach/presentation/feature/nearby/NearbyScreen.kt:354:13 Unresolved reference 'Icon'.
e: file:///home/rhyn/ITD103/tawi-tawi-frontend/android/app/src/main/kotlin/com/rhyn/reach/presentation/feature/nearby/NearbyScreen.kt:355:31 Unresolved reference 'Icons'.
e: file:///home/rhyn/ITD103/tawi-tawi-frontend/android/app/src/main/kotlin/com/rhyn/reach/presentation/feature/nearby/NearbyScreen.kt:357:24 Unresolved reference 'MaterialTheme'.
e: file:///home/rhyn/ITD103/tawi-tawi-frontend/android/app/src/main/kotlin/com/rhyn/reach/presentation/feature/nearby/NearbyScreen.kt:358:28 Unresolved reference 'Modifier'.
e: file:///home/rhyn/ITD103/tawi-tawi-frontend/android/app/src/main/kotlin/com/rhyn/reach/presentation/feature/nearby/NearbyScreen.kt:358:45 Unresolved reference 'dp'.
e: file:///home/rhyn/ITD103/tawi-tawi-frontend/android/app/src/main/kotlin/com/rhyn/reach/presentation/feature/nearby/NearbyViewModel.kt:9:27 Unresolved reference 'viewModelScope'.
e: file:///home/rhyn/ITD103/tawi-tawi-frontend/android/app/src/main/kotlin/com/rhyn/reach/presentation/feature/nearby/NearbyViewModel.kt:14:8 Unresolved reference 'dagger'.
e: file:///home/rhyn/ITD103/tawi-tawi-frontend/android/app/src/main/kotlin/com/rhyn/reach/presentation/feature/nearby/NearbyViewModel.kt:18:14 Unresolved reference 'inject'.
e: file:///home/rhyn/ITD103/tawi-tawi-frontend/android/app/src/main/kotlin/com/rhyn/reach/presentation/feature/nearby/NearbyViewModel.kt:22:12 Redeclaration:
data class NearbyPeer : Any
e: file:///home/rhyn/ITD103/tawi-tawi-frontend/android/app/src/main/kotlin/com/rhyn/reach/presentation/feature/nearby/NearbyViewModel.kt:30:2 Unresolved reference 'HiltViewModel'.
e: file:///home/rhyn/ITD103/tawi-tawi-frontend/android/app/src/main/kotlin/com/rhyn/reach/presentation/feature/nearby/NearbyViewModel.kt:31:7 Redeclaration:
class NearbyViewModel : ViewModel
e: file:///home/rhyn/ITD103/tawi-tawi-frontend/android/app/src/main/kotlin/com/rhyn/reach/presentation/feature/nearby/NearbyViewModel.kt:31:24 Unresolved reference 'Inject'.
e: file:///home/rhyn/ITD103/tawi-tawi-frontend/android/app/src/main/kotlin/com/rhyn/reach/presentation/feature/nearby/NearbyViewModel.kt:83:15 Unresolved reference 'viewModelScope'.
e: file:///home/rhyn/ITD103/tawi-tawi-frontend/android/app/src/main/kotlin/com/rhyn/reach/presentation/feature/nearby/NearbyViewModel.kt:103:9 Unresolved reference 'viewModelScope'.
e: file:///home/rhyn/ITD103/tawi-tawi-frontend/android/app/src/main/kotlin/com/rhyn/reach/presentation/navigation/ReachApp.kt:3:17 Unresolved reference 'compose'.
e: file:///home/rhyn/ITD103/tawi-tawi-frontend/android/app/src/main/kotlin/com/rhyn/reach/presentation/navigation/ReachApp.kt:4:17 Unresolved reference 'compose'.
e: file:///home/rhyn/ITD103/tawi-tawi-frontend/android/app/src/main/kotlin/com/rhyn/reach/presentation/navigation/ReachApp.kt:5:17 Unresolved reference 'compose'.
e: file:///home/rhyn/ITD103/tawi-tawi-frontend/android/app/src/main/kotlin/com/rhyn/reach/presentation/navigation/ReachApp.kt:6:17 Unresolved reference 'compose'.
e: file:///home/rhyn/ITD103/tawi-tawi-frontend/android/app/src/main/kotlin/com/rhyn/reach/presentation/navigation/ReachApp.kt:7:17 Unresolved reference 'compose'.
e: file:///home/rhyn/ITD103/tawi-tawi-frontend/android/app/src/main/kotlin/com/rhyn/reach/presentation/navigation/ReachApp.kt:8:17 Unresolved reference 'hilt'.
e: file:///home/rhyn/ITD103/tawi-tawi-frontend/android/app/src/main/kotlin/com/rhyn/reach/presentation/navigation/ReachApp.kt:9:17 Unresolved reference 'navigation'.
e: file:///home/rhyn/ITD103/tawi-tawi-frontend/android/app/src/main/kotlin/com/rhyn/reach/presentation/navigation/ReachApp.kt:10:17 Unresolved reference 'navigation'.
e: file:///home/rhyn/ITD103/tawi-tawi-frontend/android/app/src/main/kotlin/com/rhyn/reach/presentation/navigation/ReachApp.kt:11:17 Unresolved reference 'navigation'.
e: file:///home/rhyn/ITD103/tawi-tawi-frontend/android/app/src/main/kotlin/com/rhyn/reach/presentation/navigation/ReachApp.kt:12:17 Unresolved reference 'navigation'.
e: file:///home/rhyn/ITD103/tawi-tawi-frontend/android/app/src/main/kotlin/com/rhyn/reach/presentation/navigation/ReachApp.kt:22:2 Unresolved reference 'Composable'.
e: file:///home/rhyn/ITD103/tawi-tawi-frontend/android/app/src/main/kotlin/com/rhyn/reach/presentation/navigation/ReachApp.kt:24:20 Unresolved reference 'NavHostController'.
e: file:///home/rhyn/ITD103/tawi-tawi-frontend/android/app/src/main/kotlin/com/rhyn/reach/presentation/navigation/ReachApp.kt:24:40 Unresolved reference 'rememberNavController'.
e: file:///home/rhyn/ITD103/tawi-tawi-frontend/android/app/src/main/kotlin/com/rhyn/reach/presentation/navigation/ReachApp.kt:26:36 Unresolved reference 'hiltViewModel'.
e: file:///home/rhyn/ITD103/tawi-tawi-frontend/android/app/src/main/kotlin/com/rhyn/reach/presentation/navigation/ReachApp.kt:27:36 Unresolved reference 'hiltViewModel'.
e: file:///home/rhyn/ITD103/tawi-tawi-frontend/android/app/src/main/kotlin/com/rhyn/reach/presentation/navigation/ReachApp.kt:28:42 Unresolved reference 'hiltViewModel'.
e: file:///home/rhyn/ITD103/tawi-tawi-frontend/android/app/src/main/kotlin/com/rhyn/reach/presentation/navigation/ReachApp.kt:32:19 Unresolved reference 'LocalContext'.
e: file:///home/rhyn/ITD103/tawi-tawi-frontend/android/app/src/main/kotlin/com/rhyn/reach/presentation/navigation/ReachApp.kt:34:5 Unresolved reference 'LaunchedEffect'.
e: file:///home/rhyn/ITD103/tawi-tawi-frontend/android/app/src/main/kotlin/com/rhyn/reach/presentation/navigation/ReachApp.kt:38:24 Unresolved reference 'compose'.
e: file:///home/rhyn/ITD103/tawi-tawi-frontend/android/app/src/main/kotlin/com/rhyn/reach/presentation/navigation/ReachApp.kt:42:5 Unresolved reference 'NavHost'.
e: file:///home/rhyn/ITD103/tawi-tawi-frontend/android/app/src/main/kotlin/com/rhyn/reach/presentation/navigation/ReachApp.kt:46:13 Unresolved reference 'slideIntoContainer'.
e: file:///home/rhyn/ITD103/tawi-tawi-frontend/android/app/src/main/kotlin/com/rhyn/reach/presentation/navigation/ReachApp.kt:46:32 Unresolved reference 'AnimatedContentTransitionScope'.
e: file:///home/rhyn/ITD103/tawi-tawi-frontend/android/app/src/main/kotlin/com/rhyn/reach/presentation/navigation/ReachApp.kt:46:84 Unresolved reference 'tween'.
e: file:///home/rhyn/ITD103/tawi-tawi-frontend/android/app/src/main/kotlin/com/rhyn/reach/presentation/navigation/ReachApp.kt:49:13 Unresolved reference 'slideOutOfContainer'.
e: file:///home/rhyn/ITD103/tawi-tawi-frontend/android/app/src/main/kotlin/com/rhyn/reach/presentation/navigation/ReachApp.kt:49:33 Unresolved reference 'AnimatedContentTransitionScope'.
e: file:///home/rhyn/ITD103/tawi-tawi-frontend/android/app/src/main/kotlin/com/rhyn/reach/presentation/navigation/ReachApp.kt:49:85 Unresolved reference 'tween'.
e: file:///home/rhyn/ITD103/tawi-tawi-frontend/android/app/src/main/kotlin/com/rhyn/reach/presentation/navigation/ReachApp.kt:52:13 Unresolved reference 'slideIntoContainer'.
e: file:///home/rhyn/ITD103/tawi-tawi-frontend/android/app/src/main/kotlin/com/rhyn/reach/presentation/navigation/ReachApp.kt:52:32 Unresolved reference 'AnimatedContentTransitionScope'.
e: file:///home/rhyn/ITD103/tawi-tawi-frontend/android/app/src/main/kotlin/com/rhyn/reach/presentation/navigation/ReachApp.kt:52:85 Unresolved reference 'tween'.
e: file:///home/rhyn/ITD103/tawi-tawi-frontend/android/app/src/main/kotlin/com/rhyn/reach/presentation/navigation/ReachApp.kt:55:13 Unresolved reference 'slideOutOfContainer'.
e: file:///home/rhyn/ITD103/tawi-tawi-frontend/android/app/src/main/kotlin/com/rhyn/reach/presentation/navigation/ReachApp.kt:55:33 Unresolved reference 'AnimatedContentTransitionScope'.
e: file:///home/rhyn/ITD103/tawi-tawi-frontend/android/app/src/main/kotlin/com/rhyn/reach/presentation/navigation/ReachApp.kt:55:86 Unresolved reference 'tween'.
e: file:///home/rhyn/ITD103/tawi-tawi-frontend/android/app/src/main/kotlin/com/rhyn/reach/presentation/navigation/ReachApp.kt:59:9 Unresolved reference 'composable'.
e: file:///home/rhyn/ITD103/tawi-tawi-frontend/android/app/src/main/kotlin/com/rhyn/reach/presentation/navigation/ReachApp.kt:66:35 Unresolved reference 'navigate'.
e: file:///home/rhyn/ITD103/tawi-tawi-frontend/android/app/src/main/kotlin/com/rhyn/reach/presentation/navigation/ReachApp.kt:67:25 Unresolved reference 'popUpTo'.
e: file:///home/rhyn/ITD103/tawi-tawi-frontend/android/app/src/main/kotlin/com/rhyn/reach/presentation/navigation/ReachApp.kt:67:43 Unresolved reference 'inclusive'.
e: file:///home/rhyn/ITD103/tawi-tawi-frontend/android/app/src/main/kotlin/com/rhyn/reach/presentation/navigation/ReachApp.kt:73:9 Unresolved reference 'composable'.
e: file:///home/rhyn/ITD103/tawi-tawi-frontend/android/app/src/main/kotlin/com/rhyn/reach/presentation/navigation/ReachApp.kt:76:38 Cannot infer type for this parameter. Please specify it explicitly.
e: file:///home/rhyn/ITD103/tawi-tawi-frontend/android/app/src/main/kotlin/com/rhyn/reach/presentation/navigation/ReachApp.kt:77:35 Unresolved reference 'navigate'.
e: file:///home/rhyn/ITD103/tawi-tawi-frontend/android/app/src/main/kotlin/com/rhyn/reach/presentation/navigation/ReachApp.kt:80:35 Unresolved reference 'navigate'.
e: file:///home/rhyn/ITD103/tawi-tawi-frontend/android/app/src/main/kotlin/com/rhyn/reach/presentation/navigation/ReachApp.kt:83:35 Unresolved reference 'navigate'.
e: file:///home/rhyn/ITD103/tawi-tawi-frontend/android/app/src/main/kotlin/com/rhyn/reach/presentation/navigation/ReachApp.kt:90:43 Unresolved reference 'navigate'.
e: file:///home/rhyn/ITD103/tawi-tawi-frontend/android/app/src/main/kotlin/com/rhyn/reach/presentation/navigation/ReachApp.kt:91:33 Unresolved reference 'popUpTo'.
e: file:///home/rhyn/ITD103/tawi-tawi-frontend/android/app/src/main/kotlin/com/rhyn/reach/presentation/navigation/ReachApp.kt:91:55 Unresolved reference 'graph'.
e: file:///home/rhyn/ITD103/tawi-tawi-frontend/android/app/src/main/kotlin/com/rhyn/reach/presentation/navigation/ReachApp.kt:92:37 Unresolved reference 'inclusive'.
e: file:///home/rhyn/ITD103/tawi-tawi-frontend/android/app/src/main/kotlin/com/rhyn/reach/presentation/navigation/ReachApp.kt:101:9 Unresolved reference 'composable'.
e: file:///home/rhyn/ITD103/tawi-tawi-frontend/android/app/src/main/kotlin/com/rhyn/reach/presentation/navigation/ReachApp.kt:105:35 Unresolved reference 'popBackStack'.
e: file:///home/rhyn/ITD103/tawi-tawi-frontend/android/app/src/main/kotlin/com/rhyn/reach/presentation/navigation/ReachApp.kt:107:38 Cannot infer type for this parameter. Please specify it explicitly.
e: file:///home/rhyn/ITD103/tawi-tawi-frontend/android/app/src/main/kotlin/com/rhyn/reach/presentation/navigation/ReachApp.kt:108:35 Unresolved reference 'popBackStack'.
e: file:///home/rhyn/ITD103/tawi-tawi-frontend/android/app/src/main/kotlin/com/rhyn/reach/presentation/navigation/ReachApp.kt:109:35 Unresolved reference 'navigate'.
e: file:///home/rhyn/ITD103/tawi-tawi-frontend/android/app/src/main/kotlin/com/rhyn/reach/presentation/navigation/ReachApp.kt:114:9 Unresolved reference 'composable'.
e: file:///home/rhyn/ITD103/tawi-tawi-frontend/android/app/src/main/kotlin/com/rhyn/reach/presentation/navigation/ReachApp.kt:118:35 Unresolved reference 'popBackStack'.
e: file:///home/rhyn/ITD103/tawi-tawi-frontend/android/app/src/main/kotlin/com/rhyn/reach/presentation/navigation/ReachApp.kt:121:35 Unresolved reference 'popBackStack'.
e: file:///home/rhyn/ITD103/tawi-tawi-frontend/android/app/src/main/kotlin/com/rhyn/reach/presentation/navigation/ReachApp.kt:126:9 Unresolved reference 'composable'.
e: file:///home/rhyn/ITD103/tawi-tawi-frontend/android/app/src/main/kotlin/com/rhyn/reach/presentation/navigation/ReachApp.kt:126:39 Cannot infer type for this parameter. Please specify it explicitly.
e: file:///home/rhyn/ITD103/tawi-tawi-frontend/android/app/src/main/kotlin/com/rhyn/reach/presentation/navigation/ReachApp.kt:127:41 Unresolved reference 'arguments'.
e: file:///home/rhyn/ITD103/tawi-tawi-frontend/android/app/src/main/kotlin/com/rhyn/reach/presentation/navigation/ReachApp.kt:127:75 Return type mismatch: expected 'ERROR CLASS: Cannot infer type variable TypeVariable(_L)', actual 'kotlin.Unit'.
e: file:///home/rhyn/ITD103/tawi-tawi-frontend/android/app/src/main/kotlin/com/rhyn/reach/presentation/navigation/ReachApp.kt:134:35 Unresolved reference 'popBackStack'.
e: file:///home/rhyn/ITD103/tawi-tawi-frontend/android/app/src/main/kotlin/com/rhyn/reach/ui/theme/Color.kt:3:17 Unresolved reference 'compose'.
e: file:///home/rhyn/ITD103/tawi-tawi-frontend/android/app/src/main/kotlin/com/rhyn/reach/ui/theme/Color.kt:5:5 Conflicting declarations:
val Purple80: <ERROR TYPE REF: Unresolved name: Color>
e: file:///home/rhyn/ITD103/tawi-tawi-frontend/android/app/src/main/kotlin/com/rhyn/reach/ui/theme/Color.kt:5:16 Unresolved reference 'Color'.
e: file:///home/rhyn/ITD103/tawi-tawi-frontend/android/app/src/main/kotlin/com/rhyn/reach/ui/theme/Color.kt:6:5 Conflicting declarations:
val PurpleGrey80: <ERROR TYPE REF: Unresolved name: Color>
e: file:///home/rhyn/ITD103/tawi-tawi-frontend/android/app/src/main/kotlin/com/rhyn/reach/ui/theme/Color.kt:6:20 Unresolved reference 'Color'.
e: file:///home/rhyn/ITD103/tawi-tawi-frontend/android/app/src/main/kotlin/com/rhyn/reach/ui/theme/Color.kt:7:5 Conflicting declarations:
val Pink80: <ERROR TYPE REF: Unresolved name: Color>
e: file:///home/rhyn/ITD103/tawi-tawi-frontend/android/app/src/main/kotlin/com/rhyn/reach/ui/theme/Color.kt:7:14 Unresolved reference 'Color'.
e: file:///home/rhyn/ITD103/tawi-tawi-frontend/android/app/src/main/kotlin/com/rhyn/reach/ui/theme/Color.kt:9:5 Conflicting declarations:
val Purple40: <ERROR TYPE REF: Unresolved name: Color>
e: file:///home/rhyn/ITD103/tawi-tawi-frontend/android/app/src/main/kotlin/com/rhyn/reach/ui/theme/Color.kt:9:16 Unresolved reference 'Color'.
e: file:///home/rhyn/ITD103/tawi-tawi-frontend/android/app/src/main/kotlin/com/rhyn/reach/ui/theme/Color.kt:10:5 Conflicting declarations:
val PurpleGrey40: <ERROR TYPE REF: Unresolved name: Color>
e: file:///home/rhyn/ITD103/tawi-tawi-frontend/android/app/src/main/kotlin/com/rhyn/reach/ui/theme/Color.kt:10:20 Unresolved reference 'Color'.
e: file:///home/rhyn/ITD103/tawi-tawi-frontend/android/app/src/main/kotlin/com/rhyn/reach/ui/theme/Color.kt:11:5 Conflicting declarations:
val Pink40: <ERROR TYPE REF: Unresolved name: Color>
e: file:///home/rhyn/ITD103/tawi-tawi-frontend/android/app/src/main/kotlin/com/rhyn/reach/ui/theme/Color.kt:11:14 Unresolved reference 'Color'.
e: file:///home/rhyn/ITD103/tawi-tawi-frontend/android/app/src/main/kotlin/com/rhyn/reach/ui/theme/Color.kt:14:5 Conflicting declarations:
val Black: <ERROR TYPE REF: Unresolved name: Color>
e: file:///home/rhyn/ITD103/tawi-tawi-frontend/android/app/src/main/kotlin/com/rhyn/reach/ui/theme/Color.kt:14:13 Unresolved reference 'Color'.
e: file:///home/rhyn/ITD103/tawi-tawi-frontend/android/app/src/main/kotlin/com/rhyn/reach/ui/theme/Color.kt:15:5 Conflicting declarations:
val White: <ERROR TYPE REF: Unresolved name: Color>
e: file:///home/rhyn/ITD103/tawi-tawi-frontend/android/app/src/main/kotlin/com/rhyn/reach/ui/theme/Color.kt:15:13 Unresolved reference 'Color'.
e: file:///home/rhyn/ITD103/tawi-tawi-frontend/android/app/src/main/kotlin/com/rhyn/reach/ui/theme/Color.kt:17:5 Conflicting declarations:
val Grey900: <ERROR TYPE REF: Unresolved name: Color>
e: file:///home/rhyn/ITD103/tawi-tawi-frontend/android/app/src/main/kotlin/com/rhyn/reach/ui/theme/Color.kt:17:15 Unresolved reference 'Color'.
e: file:///home/rhyn/ITD103/tawi-tawi-frontend/android/app/src/main/kotlin/com/rhyn/reach/ui/theme/Color.kt:18:5 Conflicting declarations:
val Grey800: <ERROR TYPE REF: Unresolved name: Color>
e: file:///home/rhyn/ITD103/tawi-tawi-frontend/android/app/src/main/kotlin/com/rhyn/reach/ui/theme/Color.kt:18:15 Unresolved reference 'Color'.
e: file:///home/rhyn/ITD103/tawi-tawi-frontend/android/app/src/main/kotlin/com/rhyn/reach/ui/theme/Color.kt:19:5 Conflicting declarations:
val Grey500: <ERROR TYPE REF: Unresolved name: Color>
e: file:///home/rhyn/ITD103/tawi-tawi-frontend/android/app/src/main/kotlin/com/rhyn/reach/ui/theme/Color.kt:19:15 Unresolved reference 'Color'.
e: file:///home/rhyn/ITD103/tawi-tawi-frontend/android/app/src/main/kotlin/com/rhyn/reach/ui/theme/Color.kt:20:5 Conflicting declarations:
val Grey300: <ERROR TYPE REF: Unresolved name: Color>
e: file:///home/rhyn/ITD103/tawi-tawi-frontend/android/app/src/main/kotlin/com/rhyn/reach/ui/theme/Color.kt:20:15 Unresolved reference 'Color'.
e: file:///home/rhyn/ITD103/tawi-tawi-frontend/android/app/src/main/kotlin/com/rhyn/reach/ui/theme/Color.kt:21:5 Conflicting declarations:
val Grey100: <ERROR TYPE REF: Unresolved name: Color>
e: file:///home/rhyn/ITD103/tawi-tawi-frontend/android/app/src/main/kotlin/com/rhyn/reach/ui/theme/Color.kt:21:15 Unresolved reference 'Color'.
e: file:///home/rhyn/ITD103/tawi-tawi-frontend/android/app/src/main/kotlin/com/rhyn/reach/ui/theme/Theme.kt:4:17 Unresolved reference 'compose'.
e: file:///home/rhyn/ITD103/tawi-tawi-frontend/android/app/src/main/kotlin/com/rhyn/reach/ui/theme/Theme.kt:5:17 Unresolved reference 'compose'.
e: file:///home/rhyn/ITD103/tawi-tawi-frontend/android/app/src/main/kotlin/com/rhyn/reach/ui/theme/Theme.kt:6:17 Unresolved reference 'compose'.
e: file:///home/rhyn/ITD103/tawi-tawi-frontend/android/app/src/main/kotlin/com/rhyn/reach/ui/theme/Theme.kt:7:17 Unresolved reference 'compose'.
e: file:///home/rhyn/ITD103/tawi-tawi-frontend/android/app/src/main/kotlin/com/rhyn/reach/ui/theme/Theme.kt:8:17 Unresolved reference 'compose'.
e: file:///home/rhyn/ITD103/tawi-tawi-frontend/android/app/src/main/kotlin/com/rhyn/reach/ui/theme/Theme.kt:9:17 Unresolved reference 'compose'.
e: file:///home/rhyn/ITD103/tawi-tawi-frontend/android/app/src/main/kotlin/com/rhyn/reach/ui/theme/Theme.kt:10:17 Unresolved reference 'compose'.
e: file:///home/rhyn/ITD103/tawi-tawi-frontend/android/app/src/main/kotlin/com/rhyn/reach/ui/theme/Theme.kt:11:17 Unresolved reference 'compose'.
e: file:///home/rhyn/ITD103/tawi-tawi-frontend/android/app/src/main/kotlin/com/rhyn/reach/ui/theme/Theme.kt:13:31 Unresolved reference 'darkColorScheme'.
e: file:///home/rhyn/ITD103/tawi-tawi-frontend/android/app/src/main/kotlin/com/rhyn/reach/ui/theme/Theme.kt:14:15 Overload resolution ambiguity between candidates:
val Grey300: <ERROR TYPE REF: Unresolved name: Color>
val Grey300: <ERROR TYPE REF: Unresolved name: Color>
e: file:///home/rhyn/ITD103/tawi-tawi-frontend/android/app/src/main/kotlin/com/rhyn/reach/ui/theme/Theme.kt:15:17 Overload resolution ambiguity between candidates:
val Black: <ERROR TYPE REF: Unresolved name: Color>
val Black: <ERROR TYPE REF: Unresolved name: Color>
e: file:///home/rhyn/ITD103/tawi-tawi-frontend/android/app/src/main/kotlin/com/rhyn/reach/ui/theme/Theme.kt:16:17 Overload resolution ambiguity between candidates:
val Grey300: <ERROR TYPE REF: Unresolved name: Color>
val Grey300: <ERROR TYPE REF: Unresolved name: Color>
e: file:///home/rhyn/ITD103/tawi-tawi-frontend/android/app/src/main/kotlin/com/rhyn/reach/ui/theme/Theme.kt:17:19 Overload resolution ambiguity between candidates:
val Black: <ERROR TYPE REF: Unresolved name: Color>
val Black: <ERROR TYPE REF: Unresolved name: Color>
e: file:///home/rhyn/ITD103/tawi-tawi-frontend/android/app/src/main/kotlin/com/rhyn/reach/ui/theme/Theme.kt:18:18 Overload resolution ambiguity between candidates:
val Grey900: <ERROR TYPE REF: Unresolved name: Color>
val Grey900: <ERROR TYPE REF: Unresolved name: Color>
e: file:///home/rhyn/ITD103/tawi-tawi-frontend/android/app/src/main/kotlin/com/rhyn/reach/ui/theme/Theme.kt:19:20 Overload resolution ambiguity between candidates:
val White: <ERROR TYPE REF: Unresolved name: Color>
val White: <ERROR TYPE REF: Unresolved name: Color>
e: file:///home/rhyn/ITD103/tawi-tawi-frontend/android/app/src/main/kotlin/com/rhyn/reach/ui/theme/Theme.kt:20:15 Overload resolution ambiguity between candidates:
val Grey800: <ERROR TYPE REF: Unresolved name: Color>
val Grey800: <ERROR TYPE REF: Unresolved name: Color>
e: file:///home/rhyn/ITD103/tawi-tawi-frontend/android/app/src/main/kotlin/com/rhyn/reach/ui/theme/Theme.kt:21:17 Overload resolution ambiguity between candidates:
val White: <ERROR TYPE REF: Unresolved name: Color>
val White: <ERROR TYPE REF: Unresolved name: Color>
e: file:///home/rhyn/ITD103/tawi-tawi-frontend/android/app/src/main/kotlin/com/rhyn/reach/ui/theme/Theme.kt:22:22 Overload resolution ambiguity between candidates:
val Grey900: <ERROR TYPE REF: Unresolved name: Color>
val Grey900: <ERROR TYPE REF: Unresolved name: Color>
e: file:///home/rhyn/ITD103/tawi-tawi-frontend/android/app/src/main/kotlin/com/rhyn/reach/ui/theme/Theme.kt:23:24 Overload resolution ambiguity between candidates:
val Grey300: <ERROR TYPE REF: Unresolved name: Color>
val Grey300: <ERROR TYPE REF: Unresolved name: Color>
e: file:///home/rhyn/ITD103/tawi-tawi-frontend/android/app/src/main/kotlin/com/rhyn/reach/ui/theme/Theme.kt:26:32 Unresolved reference 'lightColorScheme'.
e: file:///home/rhyn/ITD103/tawi-tawi-frontend/android/app/src/main/kotlin/com/rhyn/reach/ui/theme/Theme.kt:27:15 Overload resolution ambiguity between candidates:
val Black: <ERROR TYPE REF: Unresolved name: Color>
val Black: <ERROR TYPE REF: Unresolved name: Color>
e: file:///home/rhyn/ITD103/tawi-tawi-frontend/android/app/src/main/kotlin/com/rhyn/reach/ui/theme/Theme.kt:28:17 Overload resolution ambiguity between candidates:
val White: <ERROR TYPE REF: Unresolved name: Color>
val White: <ERROR TYPE REF: Unresolved name: Color>
e: file:///home/rhyn/ITD103/tawi-tawi-frontend/android/app/src/main/kotlin/com/rhyn/reach/ui/theme/Theme.kt:29:17 Overload resolution ambiguity between candidates:
val Grey800: <ERROR TYPE REF: Unresolved name: Color>
val Grey800: <ERROR TYPE REF: Unresolved name: Color>
e: file:///home/rhyn/ITD103/tawi-tawi-frontend/android/app/src/main/kotlin/com/rhyn/reach/ui/theme/Theme.kt:30:19 Overload resolution ambiguity between candidates:
val White: <ERROR TYPE REF: Unresolved name: Color>
val White: <ERROR TYPE REF: Unresolved name: Color>
e: file:///home/rhyn/ITD103/tawi-tawi-frontend/android/app/src/main/kotlin/com/rhyn/reach/ui/theme/Theme.kt:31:18 Overload resolution ambiguity between candidates:
val White: <ERROR TYPE REF: Unresolved name: Color>
val White: <ERROR TYPE REF: Unresolved name: Color>
e: file:///home/rhyn/ITD103/tawi-tawi-frontend/android/app/src/main/kotlin/com/rhyn/reach/ui/theme/Theme.kt:32:20 Overload resolution ambiguity between candidates:
val Black: <ERROR TYPE REF: Unresolved name: Color>
val Black: <ERROR TYPE REF: Unresolved name: Color>
e: file:///home/rhyn/ITD103/tawi-tawi-frontend/android/app/src/main/kotlin/com/rhyn/reach/ui/theme/Theme.kt:33:15 Overload resolution ambiguity between candidates:
val Grey100: <ERROR TYPE REF: Unresolved name: Color>
val Grey100: <ERROR TYPE REF: Unresolved name: Color>
e: file:///home/rhyn/ITD103/tawi-tawi-frontend/android/app/src/main/kotlin/com/rhyn/reach/ui/theme/Theme.kt:34:17 Overload resolution ambiguity between candidates:
val Black: <ERROR TYPE REF: Unresolved name: Color>
val Black: <ERROR TYPE REF: Unresolved name: Color>
e: file:///home/rhyn/ITD103/tawi-tawi-frontend/android/app/src/main/kotlin/com/rhyn/reach/ui/theme/Theme.kt:35:22 Overload resolution ambiguity between candidates:
val White: <ERROR TYPE REF: Unresolved name: Color>
val White: <ERROR TYPE REF: Unresolved name: Color>
e: file:///home/rhyn/ITD103/tawi-tawi-frontend/android/app/src/main/kotlin/com/rhyn/reach/ui/theme/Theme.kt:36:24 Overload resolution ambiguity between candidates:
val Grey500: <ERROR TYPE REF: Unresolved name: Color>
val Grey500: <ERROR TYPE REF: Unresolved name: Color>
e: file:///home/rhyn/ITD103/tawi-tawi-frontend/android/app/src/main/kotlin/com/rhyn/reach/ui/theme/Theme.kt:39:2 Unresolved reference 'Composable'.
e: file:///home/rhyn/ITD103/tawi-tawi-frontend/android/app/src/main/kotlin/com/rhyn/reach/ui/theme/Theme.kt:40:1 Conflicting overloads:
fun ReachTheme(darkTheme: Boolean, content: @<ERROR TYPE REF: Symbol not found for Composable>() () -> Unit): Unit
e: file:///home/rhyn/ITD103/tawi-tawi-frontend/android/app/src/main/kotlin/com/rhyn/reach/ui/theme/Theme.kt:42:15 Unresolved reference 'Composable'.
e: file:///home/rhyn/ITD103/tawi-tawi-frontend/android/app/src/main/kotlin/com/rhyn/reach/ui/theme/Theme.kt:47:5 Unresolved reference 'MaterialTheme'.
e: file:///home/rhyn/ITD103/tawi-tawi-frontend/android/app/src/main/kotlin/com/rhyn/reach/ui/theme/Theme.kt:49:22 Overload resolution ambiguity between candidates:
val Typography: <ERROR TYPE REF: HIDDEN: kotlin/text/Typography.Typography is deprecated with DeprecationLevel.HIDDEN>
val Typography: <ERROR TYPE REF: HIDDEN: kotlin/text/Typography.Typography is deprecated with DeprecationLevel.HIDDEN>
e: file:///home/rhyn/ITD103/tawi-tawi-frontend/android/app/src/main/kotlin/com/rhyn/reach/ui/theme/Type.kt:3:17 Unresolved reference 'compose'.
e: file:///home/rhyn/ITD103/tawi-tawi-frontend/android/app/src/main/kotlin/com/rhyn/reach/ui/theme/Type.kt:4:17 Unresolved reference 'compose'.
e: file:///home/rhyn/ITD103/tawi-tawi-frontend/android/app/src/main/kotlin/com/rhyn/reach/ui/theme/Type.kt:5:17 Unresolved reference 'compose'.
e: file:///home/rhyn/ITD103/tawi-tawi-frontend/android/app/src/main/kotlin/com/rhyn/reach/ui/theme/Type.kt:6:17 Unresolved reference 'compose'.
e: file:///home/rhyn/ITD103/tawi-tawi-frontend/android/app/src/main/kotlin/com/rhyn/reach/ui/theme/Type.kt:7:17 Unresolved reference 'compose'.
e: file:///home/rhyn/ITD103/tawi-tawi-frontend/android/app/src/main/kotlin/com/rhyn/reach/ui/theme/Type.kt:10:5 Conflicting declarations:
val Typography: <ERROR TYPE REF: HIDDEN: kotlin/text/Typography.Typography is deprecated with DeprecationLevel.HIDDEN>
e: file:///home/rhyn/ITD103/tawi-tawi-frontend/android/app/src/main/kotlin/com/rhyn/reach/ui/theme/Type.kt:10:18 Unresolved reference 'Typography'.
e: file:///home/rhyn/ITD103/tawi-tawi-frontend/android/app/src/main/kotlin/com/rhyn/reach/ui/theme/Type.kt:11:17 Unresolved reference 'TextStyle'.
e: file:///home/rhyn/ITD103/tawi-tawi-frontend/android/app/src/main/kotlin/com/rhyn/reach/ui/theme/Type.kt:12:22 Unresolved reference 'FontFamily'.
e: file:///home/rhyn/ITD103/tawi-tawi-frontend/android/app/src/main/kotlin/com/rhyn/reach/ui/theme/Type.kt:13:22 Unresolved reference 'FontWeight'.
e: file:///home/rhyn/ITD103/tawi-tawi-frontend/android/app/src/main/kotlin/com/rhyn/reach/ui/theme/Type.kt:14:23 Unresolved reference 'sp'.
e: file:///home/rhyn/ITD103/tawi-tawi-frontend/android/app/src/main/kotlin/com/rhyn/reach/ui/theme/Type.kt:15:25 Unresolved reference 'sp'.
e: file:///home/rhyn/ITD103/tawi-tawi-frontend/android/app/src/main/kotlin/com/rhyn/reach/ui/theme/Type.kt:16:29 Unresolved reference 'sp'.
e: file:///home/rhyn/ITD103/tawi-tawi-frontend/android/app/src/main/kotlin/com/rhyn/ui/theme/Color.kt:3:17 Unresolved reference 'compose'.
e: file:///home/rhyn/ITD103/tawi-tawi-frontend/android/app/src/main/kotlin/com/rhyn/ui/theme/Color.kt:5:5 Conflicting declarations:
val Purple80: <ERROR TYPE REF: Unresolved name: Color>
e: file:///home/rhyn/ITD103/tawi-tawi-frontend/android/app/src/main/kotlin/com/rhyn/ui/theme/Color.kt:5:16 Unresolved reference 'Color'.
e: file:///home/rhyn/ITD103/tawi-tawi-frontend/android/app/src/main/kotlin/com/rhyn/ui/theme/Color.kt:6:5 Conflicting declarations:
val PurpleGrey80: <ERROR TYPE REF: Unresolved name: Color>
e: file:///home/rhyn/ITD103/tawi-tawi-frontend/android/app/src/main/kotlin/com/rhyn/ui/theme/Color.kt:6:20 Unresolved reference 'Color'.
e: file:///home/rhyn/ITD103/tawi-tawi-frontend/android/app/src/main/kotlin/com/rhyn/ui/theme/Color.kt:7:5 Conflicting declarations:
val Pink80: <ERROR TYPE REF: Unresolved name: Color>
e: file:///home/rhyn/ITD103/tawi-tawi-frontend/android/app/src/main/kotlin/com/rhyn/ui/theme/Color.kt:7:14 Unresolved reference 'Color'.
e: file:///home/rhyn/ITD103/tawi-tawi-frontend/android/app/src/main/kotlin/com/rhyn/ui/theme/Color.kt:9:5 Conflicting declarations:
val Purple40: <ERROR TYPE REF: Unresolved name: Color>
e: file:///home/rhyn/ITD103/tawi-tawi-frontend/android/app/src/main/kotlin/com/rhyn/ui/theme/Color.kt:9:16 Unresolved reference 'Color'.
e: file:///home/rhyn/ITD103/tawi-tawi-frontend/android/app/src/main/kotlin/com/rhyn/ui/theme/Color.kt:10:5 Conflicting declarations:
val PurpleGrey40: <ERROR TYPE REF: Unresolved name: Color>
e: file:///home/rhyn/ITD103/tawi-tawi-frontend/android/app/src/main/kotlin/com/rhyn/ui/theme/Color.kt:10:20 Unresolved reference 'Color'.
e: file:///home/rhyn/ITD103/tawi-tawi-frontend/android/app/src/main/kotlin/com/rhyn/ui/theme/Color.kt:11:5 Conflicting declarations:
val Pink40: <ERROR TYPE REF: Unresolved name: Color>
e: file:///home/rhyn/ITD103/tawi-tawi-frontend/android/app/src/main/kotlin/com/rhyn/ui/theme/Color.kt:11:14 Unresolved reference 'Color'.
e: file:///home/rhyn/ITD103/tawi-tawi-frontend/android/app/src/main/kotlin/com/rhyn/ui/theme/Color.kt:14:5 Conflicting declarations:
val Black: <ERROR TYPE REF: Unresolved name: Color>
e: file:///home/rhyn/ITD103/tawi-tawi-frontend/android/app/src/main/kotlin/com/rhyn/ui/theme/Color.kt:14:13 Unresolved reference 'Color'.
e: file:///home/rhyn/ITD103/tawi-tawi-frontend/android/app/src/main/kotlin/com/rhyn/ui/theme/Color.kt:15:5 Conflicting declarations:
val White: <ERROR TYPE REF: Unresolved name: Color>
e: file:///home/rhyn/ITD103/tawi-tawi-frontend/android/app/src/main/kotlin/com/rhyn/ui/theme/Color.kt:15:13 Unresolved reference 'Color'.
e: file:///home/rhyn/ITD103/tawi-tawi-frontend/android/app/src/main/kotlin/com/rhyn/ui/theme/Color.kt:17:5 Conflicting declarations:
val Grey900: <ERROR TYPE REF: Unresolved name: Color>
e: file:///home/rhyn/ITD103/tawi-tawi-frontend/android/app/src/main/kotlin/com/rhyn/ui/theme/Color.kt:17:15 Unresolved reference 'Color'.
e: file:///home/rhyn/ITD103/tawi-tawi-frontend/android/app/src/main/kotlin/com/rhyn/ui/theme/Color.kt:18:5 Conflicting declarations:
val Grey800: <ERROR TYPE REF: Unresolved name: Color>
e: file:///home/rhyn/ITD103/tawi-tawi-frontend/android/app/src/main/kotlin/com/rhyn/ui/theme/Color.kt:18:15 Unresolved reference 'Color'.
e: file:///home/rhyn/ITD103/tawi-tawi-frontend/android/app/src/main/kotlin/com/rhyn/ui/theme/Color.kt:19:5 Conflicting declarations:
val Grey500: <ERROR TYPE REF: Unresolved name: Color>
e: file:///home/rhyn/ITD103/tawi-tawi-frontend/android/app/src/main/kotlin/com/rhyn/ui/theme/Color.kt:19:15 Unresolved reference 'Color'.
e: file:///home/rhyn/ITD103/tawi-tawi-frontend/android/app/src/main/kotlin/com/rhyn/ui/theme/Color.kt:20:5 Conflicting declarations:
val Grey300: <ERROR TYPE REF: Unresolved name: Color>
e: file:///home/rhyn/ITD103/tawi-tawi-frontend/android/app/src/main/kotlin/com/rhyn/ui/theme/Color.kt:20:15 Unresolved reference 'Color'.
e: file:///home/rhyn/ITD103/tawi-tawi-frontend/android/app/src/main/kotlin/com/rhyn/ui/theme/Color.kt:21:5 Conflicting declarations:
val Grey100: <ERROR TYPE REF: Unresolved name: Color>
e: file:///home/rhyn/ITD103/tawi-tawi-frontend/android/app/src/main/kotlin/com/rhyn/ui/theme/Color.kt:21:15 Unresolved reference 'Color'.
e: file:///home/rhyn/ITD103/tawi-tawi-frontend/android/app/src/main/kotlin/com/rhyn/ui/theme/Theme.kt:4:17 Unresolved reference 'compose'.
e: file:///home/rhyn/ITD103/tawi-tawi-frontend/android/app/src/main/kotlin/com/rhyn/ui/theme/Theme.kt:5:17 Unresolved reference 'compose'.
e: file:///home/rhyn/ITD103/tawi-tawi-frontend/android/app/src/main/kotlin/com/rhyn/ui/theme/Theme.kt:6:17 Unresolved reference 'compose'.
e: file:///home/rhyn/ITD103/tawi-tawi-frontend/android/app/src/main/kotlin/com/rhyn/ui/theme/Theme.kt:7:17 Unresolved reference 'compose'.
e: file:///home/rhyn/ITD103/tawi-tawi-frontend/android/app/src/main/kotlin/com/rhyn/ui/theme/Theme.kt:8:17 Unresolved reference 'compose'.
e: file:///home/rhyn/ITD103/tawi-tawi-frontend/android/app/src/main/kotlin/com/rhyn/ui/theme/Theme.kt:9:17 Unresolved reference 'compose'.
e: file:///home/rhyn/ITD103/tawi-tawi-frontend/android/app/src/main/kotlin/com/rhyn/ui/theme/Theme.kt:10:17 Unresolved reference 'compose'.
e: file:///home/rhyn/ITD103/tawi-tawi-frontend/android/app/src/main/kotlin/com/rhyn/ui/theme/Theme.kt:11:17 Unresolved reference 'compose'.
e: file:///home/rhyn/ITD103/tawi-tawi-frontend/android/app/src/main/kotlin/com/rhyn/ui/theme/Theme.kt:13:31 Unresolved reference 'darkColorScheme'.
e: file:///home/rhyn/ITD103/tawi-tawi-frontend/android/app/src/main/kotlin/com/rhyn/ui/theme/Theme.kt:14:15 Overload resolution ambiguity between candidates:
val Grey300: <ERROR TYPE REF: Unresolved name: Color>
val Grey300: <ERROR TYPE REF: Unresolved name: Color>
e: file:///home/rhyn/ITD103/tawi-tawi-frontend/android/app/src/main/kotlin/com/rhyn/ui/theme/Theme.kt:15:17 Overload resolution ambiguity between candidates:
val Black: <ERROR TYPE REF: Unresolved name: Color>
val Black: <ERROR TYPE REF: Unresolved name: Color>
e: file:///home/rhyn/ITD103/tawi-tawi-frontend/android/app/src/main/kotlin/com/rhyn/ui/theme/Theme.kt:16:17 Overload resolution ambiguity between candidates:
val Grey300: <ERROR TYPE REF: Unresolved name: Color>
val Grey300: <ERROR TYPE REF: Unresolved name: Color>
e: file:///home/rhyn/ITD103/tawi-tawi-frontend/android/app/src/main/kotlin/com/rhyn/ui/theme/Theme.kt:17:19 Overload resolution ambiguity between candidates:
val Black: <ERROR TYPE REF: Unresolved name: Color>
val Black: <ERROR TYPE REF: Unresolved name: Color>
e: file:///home/rhyn/ITD103/tawi-tawi-frontend/android/app/src/main/kotlin/com/rhyn/ui/theme/Theme.kt:18:18 Overload resolution ambiguity between candidates:
val Grey900: <ERROR TYPE REF: Unresolved name: Color>
val Grey900: <ERROR TYPE REF: Unresolved name: Color>
e: file:///home/rhyn/ITD103/tawi-tawi-frontend/android/app/src/main/kotlin/com/rhyn/ui/theme/Theme.kt:19:20 Overload resolution ambiguity between candidates:
val White: <ERROR TYPE REF: Unresolved name: Color>
val White: <ERROR TYPE REF: Unresolved name: Color>
e: file:///home/rhyn/ITD103/tawi-tawi-frontend/android/app/src/main/kotlin/com/rhyn/ui/theme/Theme.kt:20:15 Overload resolution ambiguity between candidates:
val Grey800: <ERROR TYPE REF: Unresolved name: Color>
val Grey800: <ERROR TYPE REF: Unresolved name: Color>
e: file:///home/rhyn/ITD103/tawi-tawi-frontend/android/app/src/main/kotlin/com/rhyn/ui/theme/Theme.kt:21:17 Overload resolution ambiguity between candidates:
val White: <ERROR TYPE REF: Unresolved name: Color>
val White: <ERROR TYPE REF: Unresolved name: Color>
e: file:///home/rhyn/ITD103/tawi-tawi-frontend/android/app/src/main/kotlin/com/rhyn/ui/theme/Theme.kt:22:22 Overload resolution ambiguity between candidates:
val Grey900: <ERROR TYPE REF: Unresolved name: Color>
val Grey900: <ERROR TYPE REF: Unresolved name: Color>
e: file:///home/rhyn/ITD103/tawi-tawi-frontend/android/app/src/main/kotlin/com/rhyn/ui/theme/Theme.kt:23:24 Overload resolution ambiguity between candidates:
val Grey300: <ERROR TYPE REF: Unresolved name: Color>
val Grey300: <ERROR TYPE REF: Unresolved name: Color>
e: file:///home/rhyn/ITD103/tawi-tawi-frontend/android/app/src/main/kotlin/com/rhyn/ui/theme/Theme.kt:26:32 Unresolved reference 'lightColorScheme'.
e: file:///home/rhyn/ITD103/tawi-tawi-frontend/android/app/src/main/kotlin/com/rhyn/ui/theme/Theme.kt:27:15 Overload resolution ambiguity between candidates:
val Black: <ERROR TYPE REF: Unresolved name: Color>
val Black: <ERROR TYPE REF: Unresolved name: Color>
e: file:///home/rhyn/ITD103/tawi-tawi-frontend/android/app/src/main/kotlin/com/rhyn/ui/theme/Theme.kt:28:17 Overload resolution ambiguity between candidates:
val White: <ERROR TYPE REF: Unresolved name: Color>
val White: <ERROR TYPE REF: Unresolved name: Color>
e: file:///home/rhyn/ITD103/tawi-tawi-frontend/android/app/src/main/kotlin/com/rhyn/ui/theme/Theme.kt:29:17 Overload resolution ambiguity between candidates:
val Grey800: <ERROR TYPE REF: Unresolved name: Color>
val Grey800: <ERROR TYPE REF: Unresolved name: Color>
e: file:///home/rhyn/ITD103/tawi-tawi-frontend/android/app/src/main/kotlin/com/rhyn/ui/theme/Theme.kt:30:19 Overload resolution ambiguity between candidates:
val White: <ERROR TYPE REF: Unresolved name: Color>
val White: <ERROR TYPE REF: Unresolved name: Color>
e: file:///home/rhyn/ITD103/tawi-tawi-frontend/android/app/src/main/kotlin/com/rhyn/ui/theme/Theme.kt:31:18 Overload resolution ambiguity between candidates:
val White: <ERROR TYPE REF: Unresolved name: Color>
val White: <ERROR TYPE REF: Unresolved name: Color>
e: file:///home/rhyn/ITD103/tawi-tawi-frontend/android/app/src/main/kotlin/com/rhyn/ui/theme/Theme.kt:32:20 Overload resolution ambiguity between candidates:
val Black: <ERROR TYPE REF: Unresolved name: Color>
val Black: <ERROR TYPE REF: Unresolved name: Color>
e: file:///home/rhyn/ITD103/tawi-tawi-frontend/android/app/src/main/kotlin/com/rhyn/ui/theme/Theme.kt:33:15 Overload resolution ambiguity between candidates:
val Grey100: <ERROR TYPE REF: Unresolved name: Color>
val Grey100: <ERROR TYPE REF: Unresolved name: Color>
e: file:///home/rhyn/ITD103/tawi-tawi-frontend/android/app/src/main/kotlin/com/rhyn/ui/theme/Theme.kt:34:17 Overload resolution ambiguity between candidates:
val Black: <ERROR TYPE REF: Unresolved name: Color>
val Black: <ERROR TYPE REF: Unresolved name: Color>
e: file:///home/rhyn/ITD103/tawi-tawi-frontend/android/app/src/main/kotlin/com/rhyn/ui/theme/Theme.kt:35:22 Overload resolution ambiguity between candidates:
val White: <ERROR TYPE REF: Unresolved name: Color>
val White: <ERROR TYPE REF: Unresolved name: Color>
e: file:///home/rhyn/ITD103/tawi-tawi-frontend/android/app/src/main/kotlin/com/rhyn/ui/theme/Theme.kt:36:24 Overload resolution ambiguity between candidates:
val Grey500: <ERROR TYPE REF: Unresolved name: Color>
val Grey500: <ERROR TYPE REF: Unresolved name: Color>
e: file:///home/rhyn/ITD103/tawi-tawi-frontend/android/app/src/main/kotlin/com/rhyn/ui/theme/Theme.kt:39:2 Unresolved reference 'Composable'.
e: file:///home/rhyn/ITD103/tawi-tawi-frontend/android/app/src/main/kotlin/com/rhyn/ui/theme/Theme.kt:40:1 Conflicting overloads:
fun ReachTheme(darkTheme: Boolean, content: @<ERROR TYPE REF: Symbol not found for Composable>() () -> Unit): Unit
e: file:///home/rhyn/ITD103/tawi-tawi-frontend/android/app/src/main/kotlin/com/rhyn/ui/theme/Theme.kt:42:15 Unresolved reference 'Composable'.
e: file:///home/rhyn/ITD103/tawi-tawi-frontend/android/app/src/main/kotlin/com/rhyn/ui/theme/Theme.kt:47:5 Unresolved reference 'MaterialTheme'.
e: file:///home/rhyn/ITD103/tawi-tawi-frontend/android/app/src/main/kotlin/com/rhyn/ui/theme/Theme.kt:49:22 Overload resolution ambiguity between candidates:
val Typography: <ERROR TYPE REF: HIDDEN: kotlin/text/Typography.Typography is deprecated with DeprecationLevel.HIDDEN>
val Typography: <ERROR TYPE REF: HIDDEN: kotlin/text/Typography.Typography is deprecated with DeprecationLevel.HIDDEN>
e: file:///home/rhyn/ITD103/tawi-tawi-frontend/android/app/src/main/kotlin/com/rhyn/ui/theme/Type.kt:3:17 Unresolved reference 'compose'.
e: file:///home/rhyn/ITD103/tawi-tawi-frontend/android/app/src/main/kotlin/com/rhyn/ui/theme/Type.kt:4:17 Unresolved reference 'compose'.
e: file:///home/rhyn/ITD103/tawi-tawi-frontend/android/app/src/main/kotlin/com/rhyn/ui/theme/Type.kt:5:17 Unresolved reference 'compose'.
e: file:///home/rhyn/ITD103/tawi-tawi-frontend/android/app/src/main/kotlin/com/rhyn/ui/theme/Type.kt:6:17 Unresolved reference 'compose'.
e: file:///home/rhyn/ITD103/tawi-tawi-frontend/android/app/src/main/kotlin/com/rhyn/ui/theme/Type.kt:7:17 Unresolved reference 'compose'.
e: file:///home/rhyn/ITD103/tawi-tawi-frontend/android/app/src/main/kotlin/com/rhyn/ui/theme/Type.kt:10:5 Conflicting declarations:
val Typography: <ERROR TYPE REF: HIDDEN: kotlin/text/Typography.Typography is deprecated with DeprecationLevel.HIDDEN>
e: file:///home/rhyn/ITD103/tawi-tawi-frontend/android/app/src/main/kotlin/com/rhyn/ui/theme/Type.kt:10:18 Unresolved reference 'Typography'.
e: file:///home/rhyn/ITD103/tawi-tawi-frontend/android/app/src/main/kotlin/com/rhyn/ui/theme/Type.kt:11:17 Unresolved reference 'TextStyle'.
e: file:///home/rhyn/ITD103/tawi-tawi-frontend/android/app/src/main/kotlin/com/rhyn/ui/theme/Type.kt:12:22 Unresolved reference 'FontFamily'.
e: file:///home/rhyn/ITD103/tawi-tawi-frontend/android/app/src/main/kotlin/com/rhyn/ui/theme/Type.kt:13:22 Unresolved reference 'FontWeight'.
e: file:///home/rhyn/ITD103/tawi-tawi-frontend/android/app/src/main/kotlin/com/rhyn/ui/theme/Type.kt:14:23 Unresolved reference 'sp'.
e: file:///home/rhyn/ITD103/tawi-tawi-frontend/android/app/src/main/kotlin/com/rhyn/ui/theme/Type.kt:15:25 Unresolved reference 'sp'.
e: file:///home/rhyn/ITD103/tawi-tawi-frontend/android/app/src/main/kotlin/com/rhyn/ui/theme/Type.kt:16:29 Unresolved reference 'sp'.

FAILURE: Build failed with an exception.

* What went wrong:
Execution failed for task ':app:compileDebugKotlin'.
> A failure occurred while executing org.jetbrains.kotlin.compilerRunner.GradleCompilerRunnerWithWorkers$GradleKotlinCompilerWorkAction
   > Compilation error. See log for more details

* Try:
> Run with --stacktrace option to get the stack trace.
> Run with --info or --debug option to get more log output.
> Run with --scan to get full insights.
> Get more help at https://help.gradle.org.

BUILD FAILED in 10s
Running Gradle task 'assembleDebug'...                             10.7s
Gradle task assembleDebug failed with exit code 1
